

================================================================
== Vitis HLS Report for 'relu_ap_fixed_16_6_5_3_0_ap_fixed_16_6_5_3_0_relu_config10_s'
================================================================
* Date:           Fri Oct 17 10:56:23 2025

* Version:        2023.2 (Build 4023990 on Oct 11 2023)
* Project:        myproject_prj
* Solution:       solution1 (Vivado IP Flow Target)
* Product family: virtexuplus
* Target device:  xcu250-figd2104-2L-e


================================================================
== Performance Estimates
================================================================
+ Timing: 
    * Summary: 
    +--------+---------+----------+------------+
    |  Clock |  Target | Estimated| Uncertainty|
    +--------+---------+----------+------------+
    |ap_clk  |  5.00 ns|  1.078 ns|     1.35 ns|
    +--------+---------+----------+------------+

+ Latency: 
    * Summary: 
    +---------+---------+----------+----------+-----+-----+---------+
    |  Latency (cycles) |  Latency (absolute) |  Interval | Pipeline|
    |   min   |   max   |    min   |    max   | min | max |   Type  |
    +---------+---------+----------+----------+-----+-----+---------+
    |        0|        0|      0 ns|      0 ns|    1|    1|      yes|
    +---------+---------+----------+----------+-----+-----+---------+

    + Detail: 
        * Instance: 
        N/A

        * Loop: 
        N/A

============================================================
+ Verbose Summary: Synthesis Manager
============================================================
InlineROM: 1
ExposeGlobal: 0
============================================================
+ Verbose Summary: CDFG Model
============================================================
IsTopModel: 0
ResetActiveHigh: 1
IsCombinational: 0
IsDatapathOnly: 0
HasWiredReturn: 1
HasMFsm: 2
HasVarLatency: 0
IsPipeline: 1
IsRtlPipelined: 0
IsInstanceOverlapped: 0
IsDontTouch: 0
HasImplIP: 0
IsGatedGlobalClock: 0

+ Individual pipeline summary: 
  * Pipeline-0: initiation interval (II) = 1, depth = 1


============================================================
+ Verbose Summary: Schedule
============================================================
* Number of FSM states : 1
* Pipeline : 1
  Pipeline-0 : II = 1, D = 1, States = { 1 }
* Dataflow Pipeline: 0

* FSM state transitions: 
1 --> 

* FSM state operations: 

State 1 <SV = 0> <Delay = 1.07>
ST_1 : Operation 2 [1/1] (0.00ns)   --->   "%data_31_val_read = read i16 @_ssdm_op_Read.ap_auto.i16, i16 %data_31_val" [firmware/nnet_utils/nnet_activation.h:42]   --->   Operation 2 'read' 'data_31_val_read' <Predicate = true> <Delay = 0.00>
ST_1 : Operation 3 [1/1] (0.00ns)   --->   "%data_30_val_read = read i16 @_ssdm_op_Read.ap_auto.i16, i16 %data_30_val" [firmware/nnet_utils/nnet_activation.h:42]   --->   Operation 3 'read' 'data_30_val_read' <Predicate = true> <Delay = 0.00>
ST_1 : Operation 4 [1/1] (0.00ns)   --->   "%data_29_val_read = read i16 @_ssdm_op_Read.ap_auto.i16, i16 %data_29_val" [firmware/nnet_utils/nnet_activation.h:42]   --->   Operation 4 'read' 'data_29_val_read' <Predicate = true> <Delay = 0.00>
ST_1 : Operation 5 [1/1] (0.00ns)   --->   "%data_28_val_read = read i16 @_ssdm_op_Read.ap_auto.i16, i16 %data_28_val" [firmware/nnet_utils/nnet_activation.h:42]   --->   Operation 5 'read' 'data_28_val_read' <Predicate = true> <Delay = 0.00>
ST_1 : Operation 6 [1/1] (0.00ns)   --->   "%data_26_val_read = read i16 @_ssdm_op_Read.ap_auto.i16, i16 %data_26_val" [firmware/nnet_utils/nnet_activation.h:42]   --->   Operation 6 'read' 'data_26_val_read' <Predicate = true> <Delay = 0.00>
ST_1 : Operation 7 [1/1] (0.00ns)   --->   "%data_25_val_read = read i16 @_ssdm_op_Read.ap_auto.i16, i16 %data_25_val" [firmware/nnet_utils/nnet_activation.h:42]   --->   Operation 7 'read' 'data_25_val_read' <Predicate = true> <Delay = 0.00>
ST_1 : Operation 8 [1/1] (0.00ns)   --->   "%data_24_val_read = read i16 @_ssdm_op_Read.ap_auto.i16, i16 %data_24_val" [firmware/nnet_utils/nnet_activation.h:42]   --->   Operation 8 'read' 'data_24_val_read' <Predicate = true> <Delay = 0.00>
ST_1 : Operation 9 [1/1] (0.00ns)   --->   "%data_23_val_read = read i16 @_ssdm_op_Read.ap_auto.i16, i16 %data_23_val" [firmware/nnet_utils/nnet_activation.h:42]   --->   Operation 9 'read' 'data_23_val_read' <Predicate = true> <Delay = 0.00>
ST_1 : Operation 10 [1/1] (0.00ns)   --->   "%data_20_val_read = read i16 @_ssdm_op_Read.ap_auto.i16, i16 %data_20_val" [firmware/nnet_utils/nnet_activation.h:42]   --->   Operation 10 'read' 'data_20_val_read' <Predicate = true> <Delay = 0.00>
ST_1 : Operation 11 [1/1] (0.00ns)   --->   "%data_19_val_read = read i16 @_ssdm_op_Read.ap_auto.i16, i16 %data_19_val" [firmware/nnet_utils/nnet_activation.h:42]   --->   Operation 11 'read' 'data_19_val_read' <Predicate = true> <Delay = 0.00>
ST_1 : Operation 12 [1/1] (0.00ns)   --->   "%data_18_val_read = read i16 @_ssdm_op_Read.ap_auto.i16, i16 %data_18_val" [firmware/nnet_utils/nnet_activation.h:42]   --->   Operation 12 'read' 'data_18_val_read' <Predicate = true> <Delay = 0.00>
ST_1 : Operation 13 [1/1] (0.00ns)   --->   "%data_17_val_read = read i16 @_ssdm_op_Read.ap_auto.i16, i16 %data_17_val" [firmware/nnet_utils/nnet_activation.h:42]   --->   Operation 13 'read' 'data_17_val_read' <Predicate = true> <Delay = 0.00>
ST_1 : Operation 14 [1/1] (0.00ns)   --->   "%data_14_val_read = read i16 @_ssdm_op_Read.ap_auto.i16, i16 %data_14_val" [firmware/nnet_utils/nnet_activation.h:42]   --->   Operation 14 'read' 'data_14_val_read' <Predicate = true> <Delay = 0.00>
ST_1 : Operation 15 [1/1] (0.00ns)   --->   "%data_13_val_read = read i16 @_ssdm_op_Read.ap_auto.i16, i16 %data_13_val" [firmware/nnet_utils/nnet_activation.h:42]   --->   Operation 15 'read' 'data_13_val_read' <Predicate = true> <Delay = 0.00>
ST_1 : Operation 16 [1/1] (0.00ns)   --->   "%data_12_val_read = read i16 @_ssdm_op_Read.ap_auto.i16, i16 %data_12_val" [firmware/nnet_utils/nnet_activation.h:42]   --->   Operation 16 'read' 'data_12_val_read' <Predicate = true> <Delay = 0.00>
ST_1 : Operation 17 [1/1] (0.00ns)   --->   "%data_11_val_read = read i16 @_ssdm_op_Read.ap_auto.i16, i16 %data_11_val" [firmware/nnet_utils/nnet_activation.h:42]   --->   Operation 17 'read' 'data_11_val_read' <Predicate = true> <Delay = 0.00>
ST_1 : Operation 18 [1/1] (0.00ns)   --->   "%data_10_val_read = read i16 @_ssdm_op_Read.ap_auto.i16, i16 %data_10_val" [firmware/nnet_utils/nnet_activation.h:42]   --->   Operation 18 'read' 'data_10_val_read' <Predicate = true> <Delay = 0.00>
ST_1 : Operation 19 [1/1] (0.00ns)   --->   "%data_9_val_read = read i16 @_ssdm_op_Read.ap_auto.i16, i16 %data_9_val" [firmware/nnet_utils/nnet_activation.h:42]   --->   Operation 19 'read' 'data_9_val_read' <Predicate = true> <Delay = 0.00>
ST_1 : Operation 20 [1/1] (0.00ns)   --->   "%data_8_val_read = read i16 @_ssdm_op_Read.ap_auto.i16, i16 %data_8_val" [firmware/nnet_utils/nnet_activation.h:42]   --->   Operation 20 'read' 'data_8_val_read' <Predicate = true> <Delay = 0.00>
ST_1 : Operation 21 [1/1] (0.00ns)   --->   "%data_7_val_read = read i16 @_ssdm_op_Read.ap_auto.i16, i16 %data_7_val" [firmware/nnet_utils/nnet_activation.h:42]   --->   Operation 21 'read' 'data_7_val_read' <Predicate = true> <Delay = 0.00>
ST_1 : Operation 22 [1/1] (0.00ns)   --->   "%data_6_val_read = read i16 @_ssdm_op_Read.ap_auto.i16, i16 %data_6_val" [firmware/nnet_utils/nnet_activation.h:42]   --->   Operation 22 'read' 'data_6_val_read' <Predicate = true> <Delay = 0.00>
ST_1 : Operation 23 [1/1] (0.00ns)   --->   "%data_5_val_read = read i16 @_ssdm_op_Read.ap_auto.i16, i16 %data_5_val" [firmware/nnet_utils/nnet_activation.h:42]   --->   Operation 23 'read' 'data_5_val_read' <Predicate = true> <Delay = 0.00>
ST_1 : Operation 24 [1/1] (0.00ns)   --->   "%data_4_val_read = read i16 @_ssdm_op_Read.ap_auto.i16, i16 %data_4_val" [firmware/nnet_utils/nnet_activation.h:42]   --->   Operation 24 'read' 'data_4_val_read' <Predicate = true> <Delay = 0.00>
ST_1 : Operation 25 [1/1] (0.00ns)   --->   "%data_2_val_read = read i16 @_ssdm_op_Read.ap_auto.i16, i16 %data_2_val" [firmware/nnet_utils/nnet_activation.h:42]   --->   Operation 25 'read' 'data_2_val_read' <Predicate = true> <Delay = 0.00>
ST_1 : Operation 26 [1/1] (0.00ns)   --->   "%data_1_val_read = read i16 @_ssdm_op_Read.ap_auto.i16, i16 %data_1_val" [firmware/nnet_utils/nnet_activation.h:42]   --->   Operation 26 'read' 'data_1_val_read' <Predicate = true> <Delay = 0.00>
ST_1 : Operation 27 [1/1] (0.00ns)   --->   "%trunc_ln42 = trunc i16 %data_31_val_read" [firmware/nnet_utils/nnet_activation.h:42]   --->   Operation 27 'trunc' 'trunc_ln42' <Predicate = (icmp_ln45_115)> <Delay = 0.00>
ST_1 : Operation 28 [1/1] (0.00ns)   --->   "%trunc_ln42_92 = trunc i16 %data_30_val_read" [firmware/nnet_utils/nnet_activation.h:42]   --->   Operation 28 'trunc' 'trunc_ln42_92' <Predicate = (icmp_ln45_114)> <Delay = 0.00>
ST_1 : Operation 29 [1/1] (0.00ns)   --->   "%trunc_ln42_93 = trunc i16 %data_29_val_read" [firmware/nnet_utils/nnet_activation.h:42]   --->   Operation 29 'trunc' 'trunc_ln42_93' <Predicate = (icmp_ln45_113)> <Delay = 0.00>
ST_1 : Operation 30 [1/1] (0.00ns)   --->   "%trunc_ln42_94 = trunc i16 %data_28_val_read" [firmware/nnet_utils/nnet_activation.h:42]   --->   Operation 30 'trunc' 'trunc_ln42_94' <Predicate = (icmp_ln45_112)> <Delay = 0.00>
ST_1 : Operation 31 [1/1] (0.00ns)   --->   "%trunc_ln42_95 = trunc i16 %data_26_val_read" [firmware/nnet_utils/nnet_activation.h:42]   --->   Operation 31 'trunc' 'trunc_ln42_95' <Predicate = (icmp_ln45_111)> <Delay = 0.00>
ST_1 : Operation 32 [1/1] (0.00ns)   --->   "%trunc_ln42_96 = trunc i16 %data_25_val_read" [firmware/nnet_utils/nnet_activation.h:42]   --->   Operation 32 'trunc' 'trunc_ln42_96' <Predicate = (icmp_ln45_110)> <Delay = 0.00>
ST_1 : Operation 33 [1/1] (0.00ns)   --->   "%trunc_ln42_97 = trunc i16 %data_24_val_read" [firmware/nnet_utils/nnet_activation.h:42]   --->   Operation 33 'trunc' 'trunc_ln42_97' <Predicate = (icmp_ln45_109)> <Delay = 0.00>
ST_1 : Operation 34 [1/1] (0.00ns)   --->   "%trunc_ln42_98 = trunc i16 %data_23_val_read" [firmware/nnet_utils/nnet_activation.h:42]   --->   Operation 34 'trunc' 'trunc_ln42_98' <Predicate = (icmp_ln45_108)> <Delay = 0.00>
ST_1 : Operation 35 [1/1] (0.00ns)   --->   "%trunc_ln42_99 = trunc i16 %data_20_val_read" [firmware/nnet_utils/nnet_activation.h:42]   --->   Operation 35 'trunc' 'trunc_ln42_99' <Predicate = (icmp_ln45_107)> <Delay = 0.00>
ST_1 : Operation 36 [1/1] (0.00ns)   --->   "%trunc_ln42_100 = trunc i16 %data_19_val_read" [firmware/nnet_utils/nnet_activation.h:42]   --->   Operation 36 'trunc' 'trunc_ln42_100' <Predicate = (icmp_ln45_106)> <Delay = 0.00>
ST_1 : Operation 37 [1/1] (0.00ns)   --->   "%trunc_ln42_101 = trunc i16 %data_18_val_read" [firmware/nnet_utils/nnet_activation.h:42]   --->   Operation 37 'trunc' 'trunc_ln42_101' <Predicate = (icmp_ln45_105)> <Delay = 0.00>
ST_1 : Operation 38 [1/1] (0.00ns)   --->   "%trunc_ln42_102 = trunc i16 %data_17_val_read" [firmware/nnet_utils/nnet_activation.h:42]   --->   Operation 38 'trunc' 'trunc_ln42_102' <Predicate = (icmp_ln45_104)> <Delay = 0.00>
ST_1 : Operation 39 [1/1] (0.00ns)   --->   "%trunc_ln42_103 = trunc i16 %data_14_val_read" [firmware/nnet_utils/nnet_activation.h:42]   --->   Operation 39 'trunc' 'trunc_ln42_103' <Predicate = (icmp_ln45_103)> <Delay = 0.00>
ST_1 : Operation 40 [1/1] (0.00ns)   --->   "%trunc_ln42_104 = trunc i16 %data_13_val_read" [firmware/nnet_utils/nnet_activation.h:42]   --->   Operation 40 'trunc' 'trunc_ln42_104' <Predicate = (icmp_ln45_102)> <Delay = 0.00>
ST_1 : Operation 41 [1/1] (0.00ns)   --->   "%trunc_ln42_105 = trunc i16 %data_12_val_read" [firmware/nnet_utils/nnet_activation.h:42]   --->   Operation 41 'trunc' 'trunc_ln42_105' <Predicate = (icmp_ln45_101)> <Delay = 0.00>
ST_1 : Operation 42 [1/1] (0.00ns)   --->   "%trunc_ln42_106 = trunc i16 %data_11_val_read" [firmware/nnet_utils/nnet_activation.h:42]   --->   Operation 42 'trunc' 'trunc_ln42_106' <Predicate = (icmp_ln45_100)> <Delay = 0.00>
ST_1 : Operation 43 [1/1] (0.00ns)   --->   "%trunc_ln42_107 = trunc i16 %data_10_val_read" [firmware/nnet_utils/nnet_activation.h:42]   --->   Operation 43 'trunc' 'trunc_ln42_107' <Predicate = (icmp_ln45_99)> <Delay = 0.00>
ST_1 : Operation 44 [1/1] (0.00ns)   --->   "%trunc_ln42_108 = trunc i16 %data_9_val_read" [firmware/nnet_utils/nnet_activation.h:42]   --->   Operation 44 'trunc' 'trunc_ln42_108' <Predicate = (icmp_ln45_98)> <Delay = 0.00>
ST_1 : Operation 45 [1/1] (0.00ns)   --->   "%trunc_ln42_109 = trunc i16 %data_8_val_read" [firmware/nnet_utils/nnet_activation.h:42]   --->   Operation 45 'trunc' 'trunc_ln42_109' <Predicate = (icmp_ln45_97)> <Delay = 0.00>
ST_1 : Operation 46 [1/1] (0.00ns)   --->   "%trunc_ln42_110 = trunc i16 %data_7_val_read" [firmware/nnet_utils/nnet_activation.h:42]   --->   Operation 46 'trunc' 'trunc_ln42_110' <Predicate = (icmp_ln45_96)> <Delay = 0.00>
ST_1 : Operation 47 [1/1] (0.00ns)   --->   "%trunc_ln42_111 = trunc i16 %data_6_val_read" [firmware/nnet_utils/nnet_activation.h:42]   --->   Operation 47 'trunc' 'trunc_ln42_111' <Predicate = (icmp_ln45_95)> <Delay = 0.00>
ST_1 : Operation 48 [1/1] (0.00ns)   --->   "%trunc_ln42_112 = trunc i16 %data_5_val_read" [firmware/nnet_utils/nnet_activation.h:42]   --->   Operation 48 'trunc' 'trunc_ln42_112' <Predicate = (icmp_ln45_94)> <Delay = 0.00>
ST_1 : Operation 49 [1/1] (0.00ns)   --->   "%trunc_ln42_113 = trunc i16 %data_4_val_read" [firmware/nnet_utils/nnet_activation.h:42]   --->   Operation 49 'trunc' 'trunc_ln42_113' <Predicate = (icmp_ln45_93)> <Delay = 0.00>
ST_1 : Operation 50 [1/1] (0.00ns)   --->   "%trunc_ln42_114 = trunc i16 %data_2_val_read" [firmware/nnet_utils/nnet_activation.h:42]   --->   Operation 50 'trunc' 'trunc_ln42_114' <Predicate = (icmp_ln45_92)> <Delay = 0.00>
ST_1 : Operation 51 [1/1] (0.00ns)   --->   "%trunc_ln42_115 = trunc i16 %data_1_val_read" [firmware/nnet_utils/nnet_activation.h:42]   --->   Operation 51 'trunc' 'trunc_ln42_115' <Predicate = (icmp_ln45)> <Delay = 0.00>
ST_1 : Operation 52 [1/1] (0.00ns)   --->   "%specpipeline_ln42 = specpipeline void @_ssdm_op_SpecPipeline, i32 4294967295, i32 0, i32 0, i32 0, void @empty_0" [firmware/nnet_utils/nnet_activation.h:42]   --->   Operation 52 'specpipeline' 'specpipeline_ln42' <Predicate = true> <Delay = 0.00>
ST_1 : Operation 53 [1/1] (0.78ns)   --->   "%icmp_ln45 = icmp_sgt  i16 %data_1_val_read, i16 0" [firmware/nnet_utils/nnet_activation.h:45]   --->   Operation 53 'icmp' 'icmp_ln45' <Predicate = true> <Delay = 0.78> <CoreInst = "Cmp">   --->   Core 9 'Cmp' <Latency = 0> <II = 1> <Delay = 0.78> <FuncUnit> <Opcode : 'icmp'> <InPorts = 2> <OutPorts = 1>
ST_1 : Operation 54 [1/1] (0.29ns)   --->   "%datareg = select i1 %icmp_ln45, i15 %trunc_ln42_115, i15 0" [firmware/nnet_utils/nnet_activation.h:45]   --->   Operation 54 'select' 'datareg' <Predicate = true> <Delay = 0.29> <CoreInst = "Sel">   --->   Core 73 'Sel' <Latency = 0> <II = 1> <Delay = 0.29> <FuncUnit> <Opcode : 'select'> <InPorts = 3> <OutPorts = 1>
ST_1 : Operation 55 [1/1] (0.00ns)   --->   "%zext_ln45 = zext i15 %datareg" [firmware/nnet_utils/nnet_activation.h:45]   --->   Operation 55 'zext' 'zext_ln45' <Predicate = true> <Delay = 0.00>
ST_1 : Operation 56 [1/1] (0.78ns)   --->   "%icmp_ln45_92 = icmp_sgt  i16 %data_2_val_read, i16 0" [firmware/nnet_utils/nnet_activation.h:45]   --->   Operation 56 'icmp' 'icmp_ln45_92' <Predicate = true> <Delay = 0.78> <CoreInst = "Cmp">   --->   Core 9 'Cmp' <Latency = 0> <II = 1> <Delay = 0.78> <FuncUnit> <Opcode : 'icmp'> <InPorts = 2> <OutPorts = 1>
ST_1 : Operation 57 [1/1] (0.29ns)   --->   "%datareg_92 = select i1 %icmp_ln45_92, i15 %trunc_ln42_114, i15 0" [firmware/nnet_utils/nnet_activation.h:45]   --->   Operation 57 'select' 'datareg_92' <Predicate = true> <Delay = 0.29> <CoreInst = "Sel">   --->   Core 73 'Sel' <Latency = 0> <II = 1> <Delay = 0.29> <FuncUnit> <Opcode : 'select'> <InPorts = 3> <OutPorts = 1>
ST_1 : Operation 58 [1/1] (0.00ns)   --->   "%zext_ln45_92 = zext i15 %datareg_92" [firmware/nnet_utils/nnet_activation.h:45]   --->   Operation 58 'zext' 'zext_ln45_92' <Predicate = true> <Delay = 0.00>
ST_1 : Operation 59 [1/1] (0.78ns)   --->   "%icmp_ln45_93 = icmp_sgt  i16 %data_4_val_read, i16 0" [firmware/nnet_utils/nnet_activation.h:45]   --->   Operation 59 'icmp' 'icmp_ln45_93' <Predicate = true> <Delay = 0.78> <CoreInst = "Cmp">   --->   Core 9 'Cmp' <Latency = 0> <II = 1> <Delay = 0.78> <FuncUnit> <Opcode : 'icmp'> <InPorts = 2> <OutPorts = 1>
ST_1 : Operation 60 [1/1] (0.29ns)   --->   "%datareg_93 = select i1 %icmp_ln45_93, i15 %trunc_ln42_113, i15 0" [firmware/nnet_utils/nnet_activation.h:45]   --->   Operation 60 'select' 'datareg_93' <Predicate = true> <Delay = 0.29> <CoreInst = "Sel">   --->   Core 73 'Sel' <Latency = 0> <II = 1> <Delay = 0.29> <FuncUnit> <Opcode : 'select'> <InPorts = 3> <OutPorts = 1>
ST_1 : Operation 61 [1/1] (0.00ns)   --->   "%zext_ln45_93 = zext i15 %datareg_93" [firmware/nnet_utils/nnet_activation.h:45]   --->   Operation 61 'zext' 'zext_ln45_93' <Predicate = true> <Delay = 0.00>
ST_1 : Operation 62 [1/1] (0.78ns)   --->   "%icmp_ln45_94 = icmp_sgt  i16 %data_5_val_read, i16 0" [firmware/nnet_utils/nnet_activation.h:45]   --->   Operation 62 'icmp' 'icmp_ln45_94' <Predicate = true> <Delay = 0.78> <CoreInst = "Cmp">   --->   Core 9 'Cmp' <Latency = 0> <II = 1> <Delay = 0.78> <FuncUnit> <Opcode : 'icmp'> <InPorts = 2> <OutPorts = 1>
ST_1 : Operation 63 [1/1] (0.29ns)   --->   "%datareg_94 = select i1 %icmp_ln45_94, i15 %trunc_ln42_112, i15 0" [firmware/nnet_utils/nnet_activation.h:45]   --->   Operation 63 'select' 'datareg_94' <Predicate = true> <Delay = 0.29> <CoreInst = "Sel">   --->   Core 73 'Sel' <Latency = 0> <II = 1> <Delay = 0.29> <FuncUnit> <Opcode : 'select'> <InPorts = 3> <OutPorts = 1>
ST_1 : Operation 64 [1/1] (0.00ns)   --->   "%zext_ln45_94 = zext i15 %datareg_94" [firmware/nnet_utils/nnet_activation.h:45]   --->   Operation 64 'zext' 'zext_ln45_94' <Predicate = true> <Delay = 0.00>
ST_1 : Operation 65 [1/1] (0.78ns)   --->   "%icmp_ln45_95 = icmp_sgt  i16 %data_6_val_read, i16 0" [firmware/nnet_utils/nnet_activation.h:45]   --->   Operation 65 'icmp' 'icmp_ln45_95' <Predicate = true> <Delay = 0.78> <CoreInst = "Cmp">   --->   Core 9 'Cmp' <Latency = 0> <II = 1> <Delay = 0.78> <FuncUnit> <Opcode : 'icmp'> <InPorts = 2> <OutPorts = 1>
ST_1 : Operation 66 [1/1] (0.29ns)   --->   "%datareg_95 = select i1 %icmp_ln45_95, i15 %trunc_ln42_111, i15 0" [firmware/nnet_utils/nnet_activation.h:45]   --->   Operation 66 'select' 'datareg_95' <Predicate = true> <Delay = 0.29> <CoreInst = "Sel">   --->   Core 73 'Sel' <Latency = 0> <II = 1> <Delay = 0.29> <FuncUnit> <Opcode : 'select'> <InPorts = 3> <OutPorts = 1>
ST_1 : Operation 67 [1/1] (0.00ns)   --->   "%zext_ln45_95 = zext i15 %datareg_95" [firmware/nnet_utils/nnet_activation.h:45]   --->   Operation 67 'zext' 'zext_ln45_95' <Predicate = true> <Delay = 0.00>
ST_1 : Operation 68 [1/1] (0.78ns)   --->   "%icmp_ln45_96 = icmp_sgt  i16 %data_7_val_read, i16 0" [firmware/nnet_utils/nnet_activation.h:45]   --->   Operation 68 'icmp' 'icmp_ln45_96' <Predicate = true> <Delay = 0.78> <CoreInst = "Cmp">   --->   Core 9 'Cmp' <Latency = 0> <II = 1> <Delay = 0.78> <FuncUnit> <Opcode : 'icmp'> <InPorts = 2> <OutPorts = 1>
ST_1 : Operation 69 [1/1] (0.29ns)   --->   "%datareg_96 = select i1 %icmp_ln45_96, i15 %trunc_ln42_110, i15 0" [firmware/nnet_utils/nnet_activation.h:45]   --->   Operation 69 'select' 'datareg_96' <Predicate = true> <Delay = 0.29> <CoreInst = "Sel">   --->   Core 73 'Sel' <Latency = 0> <II = 1> <Delay = 0.29> <FuncUnit> <Opcode : 'select'> <InPorts = 3> <OutPorts = 1>
ST_1 : Operation 70 [1/1] (0.00ns)   --->   "%zext_ln45_96 = zext i15 %datareg_96" [firmware/nnet_utils/nnet_activation.h:45]   --->   Operation 70 'zext' 'zext_ln45_96' <Predicate = true> <Delay = 0.00>
ST_1 : Operation 71 [1/1] (0.78ns)   --->   "%icmp_ln45_97 = icmp_sgt  i16 %data_8_val_read, i16 0" [firmware/nnet_utils/nnet_activation.h:45]   --->   Operation 71 'icmp' 'icmp_ln45_97' <Predicate = true> <Delay = 0.78> <CoreInst = "Cmp">   --->   Core 9 'Cmp' <Latency = 0> <II = 1> <Delay = 0.78> <FuncUnit> <Opcode : 'icmp'> <InPorts = 2> <OutPorts = 1>
ST_1 : Operation 72 [1/1] (0.29ns)   --->   "%datareg_97 = select i1 %icmp_ln45_97, i15 %trunc_ln42_109, i15 0" [firmware/nnet_utils/nnet_activation.h:45]   --->   Operation 72 'select' 'datareg_97' <Predicate = true> <Delay = 0.29> <CoreInst = "Sel">   --->   Core 73 'Sel' <Latency = 0> <II = 1> <Delay = 0.29> <FuncUnit> <Opcode : 'select'> <InPorts = 3> <OutPorts = 1>
ST_1 : Operation 73 [1/1] (0.00ns)   --->   "%zext_ln45_97 = zext i15 %datareg_97" [firmware/nnet_utils/nnet_activation.h:45]   --->   Operation 73 'zext' 'zext_ln45_97' <Predicate = true> <Delay = 0.00>
ST_1 : Operation 74 [1/1] (0.78ns)   --->   "%icmp_ln45_98 = icmp_sgt  i16 %data_9_val_read, i16 0" [firmware/nnet_utils/nnet_activation.h:45]   --->   Operation 74 'icmp' 'icmp_ln45_98' <Predicate = true> <Delay = 0.78> <CoreInst = "Cmp">   --->   Core 9 'Cmp' <Latency = 0> <II = 1> <Delay = 0.78> <FuncUnit> <Opcode : 'icmp'> <InPorts = 2> <OutPorts = 1>
ST_1 : Operation 75 [1/1] (0.29ns)   --->   "%datareg_98 = select i1 %icmp_ln45_98, i15 %trunc_ln42_108, i15 0" [firmware/nnet_utils/nnet_activation.h:45]   --->   Operation 75 'select' 'datareg_98' <Predicate = true> <Delay = 0.29> <CoreInst = "Sel">   --->   Core 73 'Sel' <Latency = 0> <II = 1> <Delay = 0.29> <FuncUnit> <Opcode : 'select'> <InPorts = 3> <OutPorts = 1>
ST_1 : Operation 76 [1/1] (0.00ns)   --->   "%zext_ln45_98 = zext i15 %datareg_98" [firmware/nnet_utils/nnet_activation.h:45]   --->   Operation 76 'zext' 'zext_ln45_98' <Predicate = true> <Delay = 0.00>
ST_1 : Operation 77 [1/1] (0.78ns)   --->   "%icmp_ln45_99 = icmp_sgt  i16 %data_10_val_read, i16 0" [firmware/nnet_utils/nnet_activation.h:45]   --->   Operation 77 'icmp' 'icmp_ln45_99' <Predicate = true> <Delay = 0.78> <CoreInst = "Cmp">   --->   Core 9 'Cmp' <Latency = 0> <II = 1> <Delay = 0.78> <FuncUnit> <Opcode : 'icmp'> <InPorts = 2> <OutPorts = 1>
ST_1 : Operation 78 [1/1] (0.29ns)   --->   "%datareg_99 = select i1 %icmp_ln45_99, i15 %trunc_ln42_107, i15 0" [firmware/nnet_utils/nnet_activation.h:45]   --->   Operation 78 'select' 'datareg_99' <Predicate = true> <Delay = 0.29> <CoreInst = "Sel">   --->   Core 73 'Sel' <Latency = 0> <II = 1> <Delay = 0.29> <FuncUnit> <Opcode : 'select'> <InPorts = 3> <OutPorts = 1>
ST_1 : Operation 79 [1/1] (0.00ns)   --->   "%zext_ln45_99 = zext i15 %datareg_99" [firmware/nnet_utils/nnet_activation.h:45]   --->   Operation 79 'zext' 'zext_ln45_99' <Predicate = true> <Delay = 0.00>
ST_1 : Operation 80 [1/1] (0.78ns)   --->   "%icmp_ln45_100 = icmp_sgt  i16 %data_11_val_read, i16 0" [firmware/nnet_utils/nnet_activation.h:45]   --->   Operation 80 'icmp' 'icmp_ln45_100' <Predicate = true> <Delay = 0.78> <CoreInst = "Cmp">   --->   Core 9 'Cmp' <Latency = 0> <II = 1> <Delay = 0.78> <FuncUnit> <Opcode : 'icmp'> <InPorts = 2> <OutPorts = 1>
ST_1 : Operation 81 [1/1] (0.29ns)   --->   "%datareg_100 = select i1 %icmp_ln45_100, i15 %trunc_ln42_106, i15 0" [firmware/nnet_utils/nnet_activation.h:45]   --->   Operation 81 'select' 'datareg_100' <Predicate = true> <Delay = 0.29> <CoreInst = "Sel">   --->   Core 73 'Sel' <Latency = 0> <II = 1> <Delay = 0.29> <FuncUnit> <Opcode : 'select'> <InPorts = 3> <OutPorts = 1>
ST_1 : Operation 82 [1/1] (0.00ns)   --->   "%zext_ln45_100 = zext i15 %datareg_100" [firmware/nnet_utils/nnet_activation.h:45]   --->   Operation 82 'zext' 'zext_ln45_100' <Predicate = true> <Delay = 0.00>
ST_1 : Operation 83 [1/1] (0.78ns)   --->   "%icmp_ln45_101 = icmp_sgt  i16 %data_12_val_read, i16 0" [firmware/nnet_utils/nnet_activation.h:45]   --->   Operation 83 'icmp' 'icmp_ln45_101' <Predicate = true> <Delay = 0.78> <CoreInst = "Cmp">   --->   Core 9 'Cmp' <Latency = 0> <II = 1> <Delay = 0.78> <FuncUnit> <Opcode : 'icmp'> <InPorts = 2> <OutPorts = 1>
ST_1 : Operation 84 [1/1] (0.29ns)   --->   "%datareg_101 = select i1 %icmp_ln45_101, i15 %trunc_ln42_105, i15 0" [firmware/nnet_utils/nnet_activation.h:45]   --->   Operation 84 'select' 'datareg_101' <Predicate = true> <Delay = 0.29> <CoreInst = "Sel">   --->   Core 73 'Sel' <Latency = 0> <II = 1> <Delay = 0.29> <FuncUnit> <Opcode : 'select'> <InPorts = 3> <OutPorts = 1>
ST_1 : Operation 85 [1/1] (0.00ns)   --->   "%zext_ln45_101 = zext i15 %datareg_101" [firmware/nnet_utils/nnet_activation.h:45]   --->   Operation 85 'zext' 'zext_ln45_101' <Predicate = true> <Delay = 0.00>
ST_1 : Operation 86 [1/1] (0.78ns)   --->   "%icmp_ln45_102 = icmp_sgt  i16 %data_13_val_read, i16 0" [firmware/nnet_utils/nnet_activation.h:45]   --->   Operation 86 'icmp' 'icmp_ln45_102' <Predicate = true> <Delay = 0.78> <CoreInst = "Cmp">   --->   Core 9 'Cmp' <Latency = 0> <II = 1> <Delay = 0.78> <FuncUnit> <Opcode : 'icmp'> <InPorts = 2> <OutPorts = 1>
ST_1 : Operation 87 [1/1] (0.29ns)   --->   "%datareg_102 = select i1 %icmp_ln45_102, i15 %trunc_ln42_104, i15 0" [firmware/nnet_utils/nnet_activation.h:45]   --->   Operation 87 'select' 'datareg_102' <Predicate = true> <Delay = 0.29> <CoreInst = "Sel">   --->   Core 73 'Sel' <Latency = 0> <II = 1> <Delay = 0.29> <FuncUnit> <Opcode : 'select'> <InPorts = 3> <OutPorts = 1>
ST_1 : Operation 88 [1/1] (0.00ns)   --->   "%zext_ln45_102 = zext i15 %datareg_102" [firmware/nnet_utils/nnet_activation.h:45]   --->   Operation 88 'zext' 'zext_ln45_102' <Predicate = true> <Delay = 0.00>
ST_1 : Operation 89 [1/1] (0.78ns)   --->   "%icmp_ln45_103 = icmp_sgt  i16 %data_14_val_read, i16 0" [firmware/nnet_utils/nnet_activation.h:45]   --->   Operation 89 'icmp' 'icmp_ln45_103' <Predicate = true> <Delay = 0.78> <CoreInst = "Cmp">   --->   Core 9 'Cmp' <Latency = 0> <II = 1> <Delay = 0.78> <FuncUnit> <Opcode : 'icmp'> <InPorts = 2> <OutPorts = 1>
ST_1 : Operation 90 [1/1] (0.29ns)   --->   "%datareg_103 = select i1 %icmp_ln45_103, i15 %trunc_ln42_103, i15 0" [firmware/nnet_utils/nnet_activation.h:45]   --->   Operation 90 'select' 'datareg_103' <Predicate = true> <Delay = 0.29> <CoreInst = "Sel">   --->   Core 73 'Sel' <Latency = 0> <II = 1> <Delay = 0.29> <FuncUnit> <Opcode : 'select'> <InPorts = 3> <OutPorts = 1>
ST_1 : Operation 91 [1/1] (0.00ns)   --->   "%zext_ln45_103 = zext i15 %datareg_103" [firmware/nnet_utils/nnet_activation.h:45]   --->   Operation 91 'zext' 'zext_ln45_103' <Predicate = true> <Delay = 0.00>
ST_1 : Operation 92 [1/1] (0.78ns)   --->   "%icmp_ln45_104 = icmp_sgt  i16 %data_17_val_read, i16 0" [firmware/nnet_utils/nnet_activation.h:45]   --->   Operation 92 'icmp' 'icmp_ln45_104' <Predicate = true> <Delay = 0.78> <CoreInst = "Cmp">   --->   Core 9 'Cmp' <Latency = 0> <II = 1> <Delay = 0.78> <FuncUnit> <Opcode : 'icmp'> <InPorts = 2> <OutPorts = 1>
ST_1 : Operation 93 [1/1] (0.29ns)   --->   "%datareg_104 = select i1 %icmp_ln45_104, i15 %trunc_ln42_102, i15 0" [firmware/nnet_utils/nnet_activation.h:45]   --->   Operation 93 'select' 'datareg_104' <Predicate = true> <Delay = 0.29> <CoreInst = "Sel">   --->   Core 73 'Sel' <Latency = 0> <II = 1> <Delay = 0.29> <FuncUnit> <Opcode : 'select'> <InPorts = 3> <OutPorts = 1>
ST_1 : Operation 94 [1/1] (0.00ns)   --->   "%zext_ln45_104 = zext i15 %datareg_104" [firmware/nnet_utils/nnet_activation.h:45]   --->   Operation 94 'zext' 'zext_ln45_104' <Predicate = true> <Delay = 0.00>
ST_1 : Operation 95 [1/1] (0.78ns)   --->   "%icmp_ln45_105 = icmp_sgt  i16 %data_18_val_read, i16 0" [firmware/nnet_utils/nnet_activation.h:45]   --->   Operation 95 'icmp' 'icmp_ln45_105' <Predicate = true> <Delay = 0.78> <CoreInst = "Cmp">   --->   Core 9 'Cmp' <Latency = 0> <II = 1> <Delay = 0.78> <FuncUnit> <Opcode : 'icmp'> <InPorts = 2> <OutPorts = 1>
ST_1 : Operation 96 [1/1] (0.29ns)   --->   "%datareg_105 = select i1 %icmp_ln45_105, i15 %trunc_ln42_101, i15 0" [firmware/nnet_utils/nnet_activation.h:45]   --->   Operation 96 'select' 'datareg_105' <Predicate = true> <Delay = 0.29> <CoreInst = "Sel">   --->   Core 73 'Sel' <Latency = 0> <II = 1> <Delay = 0.29> <FuncUnit> <Opcode : 'select'> <InPorts = 3> <OutPorts = 1>
ST_1 : Operation 97 [1/1] (0.00ns)   --->   "%zext_ln45_105 = zext i15 %datareg_105" [firmware/nnet_utils/nnet_activation.h:45]   --->   Operation 97 'zext' 'zext_ln45_105' <Predicate = true> <Delay = 0.00>
ST_1 : Operation 98 [1/1] (0.78ns)   --->   "%icmp_ln45_106 = icmp_sgt  i16 %data_19_val_read, i16 0" [firmware/nnet_utils/nnet_activation.h:45]   --->   Operation 98 'icmp' 'icmp_ln45_106' <Predicate = true> <Delay = 0.78> <CoreInst = "Cmp">   --->   Core 9 'Cmp' <Latency = 0> <II = 1> <Delay = 0.78> <FuncUnit> <Opcode : 'icmp'> <InPorts = 2> <OutPorts = 1>
ST_1 : Operation 99 [1/1] (0.29ns)   --->   "%datareg_106 = select i1 %icmp_ln45_106, i15 %trunc_ln42_100, i15 0" [firmware/nnet_utils/nnet_activation.h:45]   --->   Operation 99 'select' 'datareg_106' <Predicate = true> <Delay = 0.29> <CoreInst = "Sel">   --->   Core 73 'Sel' <Latency = 0> <II = 1> <Delay = 0.29> <FuncUnit> <Opcode : 'select'> <InPorts = 3> <OutPorts = 1>
ST_1 : Operation 100 [1/1] (0.00ns)   --->   "%zext_ln45_106 = zext i15 %datareg_106" [firmware/nnet_utils/nnet_activation.h:45]   --->   Operation 100 'zext' 'zext_ln45_106' <Predicate = true> <Delay = 0.00>
ST_1 : Operation 101 [1/1] (0.78ns)   --->   "%icmp_ln45_107 = icmp_sgt  i16 %data_20_val_read, i16 0" [firmware/nnet_utils/nnet_activation.h:45]   --->   Operation 101 'icmp' 'icmp_ln45_107' <Predicate = true> <Delay = 0.78> <CoreInst = "Cmp">   --->   Core 9 'Cmp' <Latency = 0> <II = 1> <Delay = 0.78> <FuncUnit> <Opcode : 'icmp'> <InPorts = 2> <OutPorts = 1>
ST_1 : Operation 102 [1/1] (0.29ns)   --->   "%datareg_107 = select i1 %icmp_ln45_107, i15 %trunc_ln42_99, i15 0" [firmware/nnet_utils/nnet_activation.h:45]   --->   Operation 102 'select' 'datareg_107' <Predicate = true> <Delay = 0.29> <CoreInst = "Sel">   --->   Core 73 'Sel' <Latency = 0> <II = 1> <Delay = 0.29> <FuncUnit> <Opcode : 'select'> <InPorts = 3> <OutPorts = 1>
ST_1 : Operation 103 [1/1] (0.00ns)   --->   "%zext_ln45_107 = zext i15 %datareg_107" [firmware/nnet_utils/nnet_activation.h:45]   --->   Operation 103 'zext' 'zext_ln45_107' <Predicate = true> <Delay = 0.00>
ST_1 : Operation 104 [1/1] (0.78ns)   --->   "%icmp_ln45_108 = icmp_sgt  i16 %data_23_val_read, i16 0" [firmware/nnet_utils/nnet_activation.h:45]   --->   Operation 104 'icmp' 'icmp_ln45_108' <Predicate = true> <Delay = 0.78> <CoreInst = "Cmp">   --->   Core 9 'Cmp' <Latency = 0> <II = 1> <Delay = 0.78> <FuncUnit> <Opcode : 'icmp'> <InPorts = 2> <OutPorts = 1>
ST_1 : Operation 105 [1/1] (0.29ns)   --->   "%datareg_108 = select i1 %icmp_ln45_108, i15 %trunc_ln42_98, i15 0" [firmware/nnet_utils/nnet_activation.h:45]   --->   Operation 105 'select' 'datareg_108' <Predicate = true> <Delay = 0.29> <CoreInst = "Sel">   --->   Core 73 'Sel' <Latency = 0> <II = 1> <Delay = 0.29> <FuncUnit> <Opcode : 'select'> <InPorts = 3> <OutPorts = 1>
ST_1 : Operation 106 [1/1] (0.00ns)   --->   "%zext_ln45_108 = zext i15 %datareg_108" [firmware/nnet_utils/nnet_activation.h:45]   --->   Operation 106 'zext' 'zext_ln45_108' <Predicate = true> <Delay = 0.00>
ST_1 : Operation 107 [1/1] (0.78ns)   --->   "%icmp_ln45_109 = icmp_sgt  i16 %data_24_val_read, i16 0" [firmware/nnet_utils/nnet_activation.h:45]   --->   Operation 107 'icmp' 'icmp_ln45_109' <Predicate = true> <Delay = 0.78> <CoreInst = "Cmp">   --->   Core 9 'Cmp' <Latency = 0> <II = 1> <Delay = 0.78> <FuncUnit> <Opcode : 'icmp'> <InPorts = 2> <OutPorts = 1>
ST_1 : Operation 108 [1/1] (0.29ns)   --->   "%datareg_109 = select i1 %icmp_ln45_109, i15 %trunc_ln42_97, i15 0" [firmware/nnet_utils/nnet_activation.h:45]   --->   Operation 108 'select' 'datareg_109' <Predicate = true> <Delay = 0.29> <CoreInst = "Sel">   --->   Core 73 'Sel' <Latency = 0> <II = 1> <Delay = 0.29> <FuncUnit> <Opcode : 'select'> <InPorts = 3> <OutPorts = 1>
ST_1 : Operation 109 [1/1] (0.00ns)   --->   "%zext_ln45_109 = zext i15 %datareg_109" [firmware/nnet_utils/nnet_activation.h:45]   --->   Operation 109 'zext' 'zext_ln45_109' <Predicate = true> <Delay = 0.00>
ST_1 : Operation 110 [1/1] (0.78ns)   --->   "%icmp_ln45_110 = icmp_sgt  i16 %data_25_val_read, i16 0" [firmware/nnet_utils/nnet_activation.h:45]   --->   Operation 110 'icmp' 'icmp_ln45_110' <Predicate = true> <Delay = 0.78> <CoreInst = "Cmp">   --->   Core 9 'Cmp' <Latency = 0> <II = 1> <Delay = 0.78> <FuncUnit> <Opcode : 'icmp'> <InPorts = 2> <OutPorts = 1>
ST_1 : Operation 111 [1/1] (0.29ns)   --->   "%datareg_110 = select i1 %icmp_ln45_110, i15 %trunc_ln42_96, i15 0" [firmware/nnet_utils/nnet_activation.h:45]   --->   Operation 111 'select' 'datareg_110' <Predicate = true> <Delay = 0.29> <CoreInst = "Sel">   --->   Core 73 'Sel' <Latency = 0> <II = 1> <Delay = 0.29> <FuncUnit> <Opcode : 'select'> <InPorts = 3> <OutPorts = 1>
ST_1 : Operation 112 [1/1] (0.00ns)   --->   "%zext_ln45_110 = zext i15 %datareg_110" [firmware/nnet_utils/nnet_activation.h:45]   --->   Operation 112 'zext' 'zext_ln45_110' <Predicate = true> <Delay = 0.00>
ST_1 : Operation 113 [1/1] (0.78ns)   --->   "%icmp_ln45_111 = icmp_sgt  i16 %data_26_val_read, i16 0" [firmware/nnet_utils/nnet_activation.h:45]   --->   Operation 113 'icmp' 'icmp_ln45_111' <Predicate = true> <Delay = 0.78> <CoreInst = "Cmp">   --->   Core 9 'Cmp' <Latency = 0> <II = 1> <Delay = 0.78> <FuncUnit> <Opcode : 'icmp'> <InPorts = 2> <OutPorts = 1>
ST_1 : Operation 114 [1/1] (0.29ns)   --->   "%datareg_111 = select i1 %icmp_ln45_111, i15 %trunc_ln42_95, i15 0" [firmware/nnet_utils/nnet_activation.h:45]   --->   Operation 114 'select' 'datareg_111' <Predicate = true> <Delay = 0.29> <CoreInst = "Sel">   --->   Core 73 'Sel' <Latency = 0> <II = 1> <Delay = 0.29> <FuncUnit> <Opcode : 'select'> <InPorts = 3> <OutPorts = 1>
ST_1 : Operation 115 [1/1] (0.00ns)   --->   "%zext_ln45_111 = zext i15 %datareg_111" [firmware/nnet_utils/nnet_activation.h:45]   --->   Operation 115 'zext' 'zext_ln45_111' <Predicate = true> <Delay = 0.00>
ST_1 : Operation 116 [1/1] (0.78ns)   --->   "%icmp_ln45_112 = icmp_sgt  i16 %data_28_val_read, i16 0" [firmware/nnet_utils/nnet_activation.h:45]   --->   Operation 116 'icmp' 'icmp_ln45_112' <Predicate = true> <Delay = 0.78> <CoreInst = "Cmp">   --->   Core 9 'Cmp' <Latency = 0> <II = 1> <Delay = 0.78> <FuncUnit> <Opcode : 'icmp'> <InPorts = 2> <OutPorts = 1>
ST_1 : Operation 117 [1/1] (0.29ns)   --->   "%datareg_112 = select i1 %icmp_ln45_112, i15 %trunc_ln42_94, i15 0" [firmware/nnet_utils/nnet_activation.h:45]   --->   Operation 117 'select' 'datareg_112' <Predicate = true> <Delay = 0.29> <CoreInst = "Sel">   --->   Core 73 'Sel' <Latency = 0> <II = 1> <Delay = 0.29> <FuncUnit> <Opcode : 'select'> <InPorts = 3> <OutPorts = 1>
ST_1 : Operation 118 [1/1] (0.00ns)   --->   "%zext_ln45_112 = zext i15 %datareg_112" [firmware/nnet_utils/nnet_activation.h:45]   --->   Operation 118 'zext' 'zext_ln45_112' <Predicate = true> <Delay = 0.00>
ST_1 : Operation 119 [1/1] (0.78ns)   --->   "%icmp_ln45_113 = icmp_sgt  i16 %data_29_val_read, i16 0" [firmware/nnet_utils/nnet_activation.h:45]   --->   Operation 119 'icmp' 'icmp_ln45_113' <Predicate = true> <Delay = 0.78> <CoreInst = "Cmp">   --->   Core 9 'Cmp' <Latency = 0> <II = 1> <Delay = 0.78> <FuncUnit> <Opcode : 'icmp'> <InPorts = 2> <OutPorts = 1>
ST_1 : Operation 120 [1/1] (0.29ns)   --->   "%datareg_113 = select i1 %icmp_ln45_113, i15 %trunc_ln42_93, i15 0" [firmware/nnet_utils/nnet_activation.h:45]   --->   Operation 120 'select' 'datareg_113' <Predicate = true> <Delay = 0.29> <CoreInst = "Sel">   --->   Core 73 'Sel' <Latency = 0> <II = 1> <Delay = 0.29> <FuncUnit> <Opcode : 'select'> <InPorts = 3> <OutPorts = 1>
ST_1 : Operation 121 [1/1] (0.00ns)   --->   "%zext_ln45_113 = zext i15 %datareg_113" [firmware/nnet_utils/nnet_activation.h:45]   --->   Operation 121 'zext' 'zext_ln45_113' <Predicate = true> <Delay = 0.00>
ST_1 : Operation 122 [1/1] (0.78ns)   --->   "%icmp_ln45_114 = icmp_sgt  i16 %data_30_val_read, i16 0" [firmware/nnet_utils/nnet_activation.h:45]   --->   Operation 122 'icmp' 'icmp_ln45_114' <Predicate = true> <Delay = 0.78> <CoreInst = "Cmp">   --->   Core 9 'Cmp' <Latency = 0> <II = 1> <Delay = 0.78> <FuncUnit> <Opcode : 'icmp'> <InPorts = 2> <OutPorts = 1>
ST_1 : Operation 123 [1/1] (0.29ns)   --->   "%datareg_114 = select i1 %icmp_ln45_114, i15 %trunc_ln42_92, i15 0" [firmware/nnet_utils/nnet_activation.h:45]   --->   Operation 123 'select' 'datareg_114' <Predicate = true> <Delay = 0.29> <CoreInst = "Sel">   --->   Core 73 'Sel' <Latency = 0> <II = 1> <Delay = 0.29> <FuncUnit> <Opcode : 'select'> <InPorts = 3> <OutPorts = 1>
ST_1 : Operation 124 [1/1] (0.00ns)   --->   "%zext_ln45_114 = zext i15 %datareg_114" [firmware/nnet_utils/nnet_activation.h:45]   --->   Operation 124 'zext' 'zext_ln45_114' <Predicate = true> <Delay = 0.00>
ST_1 : Operation 125 [1/1] (0.78ns)   --->   "%icmp_ln45_115 = icmp_sgt  i16 %data_31_val_read, i16 0" [firmware/nnet_utils/nnet_activation.h:45]   --->   Operation 125 'icmp' 'icmp_ln45_115' <Predicate = true> <Delay = 0.78> <CoreInst = "Cmp">   --->   Core 9 'Cmp' <Latency = 0> <II = 1> <Delay = 0.78> <FuncUnit> <Opcode : 'icmp'> <InPorts = 2> <OutPorts = 1>
ST_1 : Operation 126 [1/1] (0.29ns)   --->   "%datareg_115 = select i1 %icmp_ln45_115, i15 %trunc_ln42, i15 0" [firmware/nnet_utils/nnet_activation.h:45]   --->   Operation 126 'select' 'datareg_115' <Predicate = true> <Delay = 0.29> <CoreInst = "Sel">   --->   Core 73 'Sel' <Latency = 0> <II = 1> <Delay = 0.29> <FuncUnit> <Opcode : 'select'> <InPorts = 3> <OutPorts = 1>
ST_1 : Operation 127 [1/1] (0.00ns)   --->   "%zext_ln45_115 = zext i15 %datareg_115" [firmware/nnet_utils/nnet_activation.h:45]   --->   Operation 127 'zext' 'zext_ln45_115' <Predicate = true> <Delay = 0.00>
ST_1 : Operation 128 [1/1] (0.00ns)   --->   "%newret = insertvalue i400 <undef>, i16 %zext_ln45" [firmware/nnet_utils/nnet_activation.h:45]   --->   Operation 128 'insertvalue' 'newret' <Predicate = true> <Delay = 0.00>
ST_1 : Operation 129 [1/1] (0.00ns)   --->   "%newret2 = insertvalue i400 %newret, i16 %zext_ln45_92" [firmware/nnet_utils/nnet_activation.h:45]   --->   Operation 129 'insertvalue' 'newret2' <Predicate = true> <Delay = 0.00>
ST_1 : Operation 130 [1/1] (0.00ns)   --->   "%newret4 = insertvalue i400 %newret2, i16 %zext_ln45_93" [firmware/nnet_utils/nnet_activation.h:45]   --->   Operation 130 'insertvalue' 'newret4' <Predicate = true> <Delay = 0.00>
ST_1 : Operation 131 [1/1] (0.00ns)   --->   "%newret6 = insertvalue i400 %newret4, i16 %zext_ln45_94" [firmware/nnet_utils/nnet_activation.h:45]   --->   Operation 131 'insertvalue' 'newret6' <Predicate = true> <Delay = 0.00>
ST_1 : Operation 132 [1/1] (0.00ns)   --->   "%newret8 = insertvalue i400 %newret6, i16 %zext_ln45_95" [firmware/nnet_utils/nnet_activation.h:45]   --->   Operation 132 'insertvalue' 'newret8' <Predicate = true> <Delay = 0.00>
ST_1 : Operation 133 [1/1] (0.00ns)   --->   "%newret10 = insertvalue i400 %newret8, i16 %zext_ln45_96" [firmware/nnet_utils/nnet_activation.h:45]   --->   Operation 133 'insertvalue' 'newret10' <Predicate = true> <Delay = 0.00>
ST_1 : Operation 134 [1/1] (0.00ns)   --->   "%newret12 = insertvalue i400 %newret10, i16 %zext_ln45_97" [firmware/nnet_utils/nnet_activation.h:45]   --->   Operation 134 'insertvalue' 'newret12' <Predicate = true> <Delay = 0.00>
ST_1 : Operation 135 [1/1] (0.00ns)   --->   "%newret14 = insertvalue i400 %newret12, i16 %zext_ln45_98" [firmware/nnet_utils/nnet_activation.h:45]   --->   Operation 135 'insertvalue' 'newret14' <Predicate = true> <Delay = 0.00>
ST_1 : Operation 136 [1/1] (0.00ns)   --->   "%newret16 = insertvalue i400 %newret14, i16 %zext_ln45_99" [firmware/nnet_utils/nnet_activation.h:45]   --->   Operation 136 'insertvalue' 'newret16' <Predicate = true> <Delay = 0.00>
ST_1 : Operation 137 [1/1] (0.00ns)   --->   "%newret18 = insertvalue i400 %newret16, i16 %zext_ln45_100" [firmware/nnet_utils/nnet_activation.h:45]   --->   Operation 137 'insertvalue' 'newret18' <Predicate = true> <Delay = 0.00>
ST_1 : Operation 138 [1/1] (0.00ns)   --->   "%newret20 = insertvalue i400 %newret18, i16 %zext_ln45_101" [firmware/nnet_utils/nnet_activation.h:45]   --->   Operation 138 'insertvalue' 'newret20' <Predicate = true> <Delay = 0.00>
ST_1 : Operation 139 [1/1] (0.00ns)   --->   "%newret22 = insertvalue i400 %newret20, i16 %zext_ln45_102" [firmware/nnet_utils/nnet_activation.h:45]   --->   Operation 139 'insertvalue' 'newret22' <Predicate = true> <Delay = 0.00>
ST_1 : Operation 140 [1/1] (0.00ns)   --->   "%newret24 = insertvalue i400 %newret22, i16 %zext_ln45_103" [firmware/nnet_utils/nnet_activation.h:45]   --->   Operation 140 'insertvalue' 'newret24' <Predicate = true> <Delay = 0.00>
ST_1 : Operation 141 [1/1] (0.00ns)   --->   "%newret26 = insertvalue i400 %newret24, i16 %zext_ln45_104" [firmware/nnet_utils/nnet_activation.h:45]   --->   Operation 141 'insertvalue' 'newret26' <Predicate = true> <Delay = 0.00>
ST_1 : Operation 142 [1/1] (0.00ns)   --->   "%newret28 = insertvalue i400 %newret26, i16 %zext_ln45_105" [firmware/nnet_utils/nnet_activation.h:45]   --->   Operation 142 'insertvalue' 'newret28' <Predicate = true> <Delay = 0.00>
ST_1 : Operation 143 [1/1] (0.00ns)   --->   "%newret30 = insertvalue i400 %newret28, i16 %zext_ln45_106" [firmware/nnet_utils/nnet_activation.h:45]   --->   Operation 143 'insertvalue' 'newret30' <Predicate = true> <Delay = 0.00>
ST_1 : Operation 144 [1/1] (0.00ns)   --->   "%newret32 = insertvalue i400 %newret30, i16 %zext_ln45_107" [firmware/nnet_utils/nnet_activation.h:45]   --->   Operation 144 'insertvalue' 'newret32' <Predicate = true> <Delay = 0.00>
ST_1 : Operation 145 [1/1] (0.00ns)   --->   "%newret34 = insertvalue i400 %newret32, i16 %zext_ln45_108" [firmware/nnet_utils/nnet_activation.h:45]   --->   Operation 145 'insertvalue' 'newret34' <Predicate = true> <Delay = 0.00>
ST_1 : Operation 146 [1/1] (0.00ns)   --->   "%newret36 = insertvalue i400 %newret34, i16 %zext_ln45_109" [firmware/nnet_utils/nnet_activation.h:45]   --->   Operation 146 'insertvalue' 'newret36' <Predicate = true> <Delay = 0.00>
ST_1 : Operation 147 [1/1] (0.00ns)   --->   "%newret38 = insertvalue i400 %newret36, i16 %zext_ln45_110" [firmware/nnet_utils/nnet_activation.h:45]   --->   Operation 147 'insertvalue' 'newret38' <Predicate = true> <Delay = 0.00>
ST_1 : Operation 148 [1/1] (0.00ns)   --->   "%newret40 = insertvalue i400 %newret38, i16 %zext_ln45_111" [firmware/nnet_utils/nnet_activation.h:45]   --->   Operation 148 'insertvalue' 'newret40' <Predicate = true> <Delay = 0.00>
ST_1 : Operation 149 [1/1] (0.00ns)   --->   "%newret42 = insertvalue i400 %newret40, i16 %zext_ln45_112" [firmware/nnet_utils/nnet_activation.h:45]   --->   Operation 149 'insertvalue' 'newret42' <Predicate = true> <Delay = 0.00>
ST_1 : Operation 150 [1/1] (0.00ns)   --->   "%newret44 = insertvalue i400 %newret42, i16 %zext_ln45_113" [firmware/nnet_utils/nnet_activation.h:45]   --->   Operation 150 'insertvalue' 'newret44' <Predicate = true> <Delay = 0.00>
ST_1 : Operation 151 [1/1] (0.00ns)   --->   "%newret46 = insertvalue i400 %newret44, i16 %zext_ln45_114" [firmware/nnet_utils/nnet_activation.h:45]   --->   Operation 151 'insertvalue' 'newret46' <Predicate = true> <Delay = 0.00>
ST_1 : Operation 152 [1/1] (0.00ns)   --->   "%newret48 = insertvalue i400 %newret46, i16 %zext_ln45_115" [firmware/nnet_utils/nnet_activation.h:45]   --->   Operation 152 'insertvalue' 'newret48' <Predicate = true> <Delay = 0.00>
ST_1 : Operation 153 [1/1] (0.00ns)   --->   "%ret_ln45 = ret i400 %newret48" [firmware/nnet_utils/nnet_activation.h:45]   --->   Operation 153 'ret' 'ret_ln45' <Predicate = true> <Delay = 0.00>


============================================================
+ Verbose Summary: Timing violations
============================================================
Target clock period: 5.000ns, clock uncertainty: 1.350ns.

 <State 1>: 1.078ns
The critical path consists of the following:
	wire read operation ('data_1_val_read', firmware/nnet_utils/nnet_activation.h:42) on port 'data_1_val' (firmware/nnet_utils/nnet_activation.h:42) [50]  (0.000 ns)
	'icmp' operation 1 bit ('icmp_ln45', firmware/nnet_utils/nnet_activation.h:45) [77]  (0.785 ns)
	'select' operation 15 bit ('datareg', firmware/nnet_utils/nnet_activation.h:45) [78]  (0.292 ns)


============================================================
+ Verbose Summary: Binding
============================================================
N/A
* FSMD analyzer results:
  - Output states:
 - Input state : 
  - Chain level:
	State 1


============================================================
+ Verbose Summary: Datapath Resource usage 
============================================================
N/A
