

================================================================
== Vitis HLS Report for 'dense_latency_ap_fixed_16_6_5_3_0_ap_fixed_16_6_5_3_0_config11_s'
================================================================
* Date:           Tue Oct 14 14:45:54 2025

* Version:        2024.2 (Build 5238294 on Nov  8 2024)
* Project:        myproject_prj
* Solution:       solution1 (Vivado IP Flow Target)
* Product family: virtexuplus
* Target device:  xcu250-figd2104-2L-e


================================================================
== Performance Estimates
================================================================
+ Timing: 
    * Summary: 
    +--------+---------+----------+------------+
    |  Clock |  Target | Estimated| Uncertainty|
    +--------+---------+----------+------------+
    |ap_clk  |  5.00 ns|  3.400 ns|     1.35 ns|
    +--------+---------+----------+------------+

+ Latency: 
    * Summary: 
    +---------+---------+----------+----------+-----+-----+---------+
    |  Latency (cycles) |  Latency (absolute) |  Interval | Pipeline|
    |   min   |   max   |    min   |    max   | min | max |   Type  |
    +---------+---------+----------+----------+-----+-----+---------+
    |        1|        1|  5.000 ns|  5.000 ns|    1|    1|      yes|
    +---------+---------+----------+----------+-----+-----+---------+

    + Detail: 
        * Instance: 
        N/A

        * Loop: 
        N/A



================================================================
== Utilization Estimates
================================================================
* Summary: 
+---------------------+---------+-------+---------+---------+------+
|         Name        | BRAM_18K|  DSP  |    FF   |   LUT   | URAM |
+---------------------+---------+-------+---------+---------+------+
|DSP                  |        -|      -|        -|        -|     -|
|Expression           |        -|      -|        0|     3558|     -|
|FIFO                 |        -|      -|        -|        -|     -|
|Instance             |        -|    125|        0|      625|     -|
|Memory               |        -|      -|        -|        -|     -|
|Multiplexer          |        -|      -|        -|        -|     -|
|Register             |        -|      -|      823|        -|     -|
+---------------------+---------+-------+---------+---------+------+
|Total                |        0|    125|      823|     4183|     0|
+---------------------+---------+-------+---------+---------+------+
|Available SLR        |     1344|   3072|   864000|   432000|   320|
+---------------------+---------+-------+---------+---------+------+
|Utilization SLR (%)  |        0|      4|       ~0|       ~0|     0|
+---------------------+---------+-------+---------+---------+------+
|Available            |     5376|  12288|  3456000|  1728000|  1280|
+---------------------+---------+-------+---------+---------+------+
|Utilization (%)      |        0|      1|       ~0|       ~0|     0|
+---------------------+---------+-------+---------+---------+------+

+ Detail: 
    * Instance: 
    +---------------------------+---------------------+---------+----+---+----+-----+
    |          Instance         |        Module       | BRAM_18K| DSP| FF| LUT| URAM|
    +---------------------------+---------------------+---------+----+---+----+-----+
    |mul_16s_10ns_26_1_1_U2528  |mul_16s_10ns_26_1_1  |        0|   1|  0|   5|    0|
    |mul_16s_10ns_26_1_1_U2531  |mul_16s_10ns_26_1_1  |        0|   1|  0|   5|    0|
    |mul_16s_10ns_26_1_1_U2545  |mul_16s_10ns_26_1_1  |        0|   1|  0|   5|    0|
    |mul_16s_10ns_26_1_1_U2548  |mul_16s_10ns_26_1_1  |        0|   1|  0|   5|    0|
    |mul_16s_10ns_26_1_1_U2553  |mul_16s_10ns_26_1_1  |        0|   1|  0|   5|    0|
    |mul_16s_10ns_26_1_1_U2557  |mul_16s_10ns_26_1_1  |        0|   1|  0|   5|    0|
    |mul_16s_10ns_26_1_1_U2559  |mul_16s_10ns_26_1_1  |        0|   1|  0|   5|    0|
    |mul_16s_10ns_26_1_1_U2560  |mul_16s_10ns_26_1_1  |        0|   1|  0|   5|    0|
    |mul_16s_10ns_26_1_1_U2570  |mul_16s_10ns_26_1_1  |        0|   1|  0|   5|    0|
    |mul_16s_10ns_26_1_1_U2571  |mul_16s_10ns_26_1_1  |        0|   1|  0|   5|    0|
    |mul_16s_10ns_26_1_1_U2573  |mul_16s_10ns_26_1_1  |        0|   1|  0|   5|    0|
    |mul_16s_10ns_26_1_1_U2574  |mul_16s_10ns_26_1_1  |        0|   1|  0|   5|    0|
    |mul_16s_10ns_26_1_1_U2578  |mul_16s_10ns_26_1_1  |        0|   1|  0|   5|    0|
    |mul_16s_10ns_26_1_1_U2579  |mul_16s_10ns_26_1_1  |        0|   1|  0|   5|    0|
    |mul_16s_10ns_26_1_1_U2582  |mul_16s_10ns_26_1_1  |        0|   1|  0|   5|    0|
    |mul_16s_10ns_26_1_1_U2587  |mul_16s_10ns_26_1_1  |        0|   1|  0|   5|    0|
    |mul_16s_10ns_26_1_1_U2588  |mul_16s_10ns_26_1_1  |        0|   1|  0|   5|    0|
    |mul_16s_10ns_26_1_1_U2594  |mul_16s_10ns_26_1_1  |        0|   1|  0|   5|    0|
    |mul_16s_10ns_26_1_1_U2598  |mul_16s_10ns_26_1_1  |        0|   1|  0|   5|    0|
    |mul_16s_10ns_26_1_1_U2605  |mul_16s_10ns_26_1_1  |        0|   1|  0|   5|    0|
    |mul_16s_10ns_26_1_1_U2616  |mul_16s_10ns_26_1_1  |        0|   1|  0|   5|    0|
    |mul_16s_10ns_26_1_1_U2622  |mul_16s_10ns_26_1_1  |        0|   1|  0|   5|    0|
    |mul_16s_10ns_26_1_1_U2623  |mul_16s_10ns_26_1_1  |        0|   1|  0|   5|    0|
    |mul_16s_10ns_26_1_1_U2626  |mul_16s_10ns_26_1_1  |        0|   1|  0|   5|    0|
    |mul_16s_10ns_26_1_1_U2629  |mul_16s_10ns_26_1_1  |        0|   1|  0|   5|    0|
    |mul_16s_10ns_26_1_1_U2631  |mul_16s_10ns_26_1_1  |        0|   1|  0|   5|    0|
    |mul_16s_10ns_26_1_1_U2632  |mul_16s_10ns_26_1_1  |        0|   1|  0|   5|    0|
    |mul_16s_10ns_26_1_1_U2638  |mul_16s_10ns_26_1_1  |        0|   1|  0|   5|    0|
    |mul_16s_10ns_26_1_1_U2640  |mul_16s_10ns_26_1_1  |        0|   1|  0|   5|    0|
    |mul_16s_10ns_26_1_1_U2641  |mul_16s_10ns_26_1_1  |        0|   1|  0|   5|    0|
    |mul_16s_10ns_26_1_1_U2647  |mul_16s_10ns_26_1_1  |        0|   1|  0|   5|    0|
    |mul_16s_10ns_26_1_1_U2650  |mul_16s_10ns_26_1_1  |        0|   1|  0|   5|    0|
    |mul_16s_10s_26_1_1_U2533   |mul_16s_10s_26_1_1   |        0|   1|  0|   5|    0|
    |mul_16s_10s_26_1_1_U2536   |mul_16s_10s_26_1_1   |        0|   1|  0|   5|    0|
    |mul_16s_10s_26_1_1_U2539   |mul_16s_10s_26_1_1   |        0|   1|  0|   5|    0|
    |mul_16s_10s_26_1_1_U2544   |mul_16s_10s_26_1_1   |        0|   1|  0|   5|    0|
    |mul_16s_10s_26_1_1_U2561   |mul_16s_10s_26_1_1   |        0|   1|  0|   5|    0|
    |mul_16s_10s_26_1_1_U2585   |mul_16s_10s_26_1_1   |        0|   1|  0|   5|    0|
    |mul_16s_10s_26_1_1_U2590   |mul_16s_10s_26_1_1   |        0|   1|  0|   5|    0|
    |mul_16s_10s_26_1_1_U2592   |mul_16s_10s_26_1_1   |        0|   1|  0|   5|    0|
    |mul_16s_10s_26_1_1_U2608   |mul_16s_10s_26_1_1   |        0|   1|  0|   5|    0|
    |mul_16s_10s_26_1_1_U2620   |mul_16s_10s_26_1_1   |        0|   1|  0|   5|    0|
    |mul_16s_10s_26_1_1_U2624   |mul_16s_10s_26_1_1   |        0|   1|  0|   5|    0|
    |mul_16s_10s_26_1_1_U2635   |mul_16s_10s_26_1_1   |        0|   1|  0|   5|    0|
    |mul_16s_10s_26_1_1_U2644   |mul_16s_10s_26_1_1   |        0|   1|  0|   5|    0|
    |mul_16s_10s_26_1_1_U2649   |mul_16s_10s_26_1_1   |        0|   1|  0|   5|    0|
    |mul_16s_11ns_26_1_1_U2546  |mul_16s_11ns_26_1_1  |        0|   1|  0|   5|    0|
    |mul_16s_11ns_26_1_1_U2547  |mul_16s_11ns_26_1_1  |        0|   1|  0|   5|    0|
    |mul_16s_11ns_26_1_1_U2562  |mul_16s_11ns_26_1_1  |        0|   1|  0|   5|    0|
    |mul_16s_11ns_26_1_1_U2591  |mul_16s_11ns_26_1_1  |        0|   1|  0|   5|    0|
    |mul_16s_11ns_26_1_1_U2602  |mul_16s_11ns_26_1_1  |        0|   1|  0|   5|    0|
    |mul_16s_11s_26_1_1_U2529   |mul_16s_11s_26_1_1   |        0|   1|  0|   5|    0|
    |mul_16s_11s_26_1_1_U2564   |mul_16s_11s_26_1_1   |        0|   1|  0|   5|    0|
    |mul_16s_11s_26_1_1_U2566   |mul_16s_11s_26_1_1   |        0|   1|  0|   5|    0|
    |mul_16s_11s_26_1_1_U2568   |mul_16s_11s_26_1_1   |        0|   1|  0|   5|    0|
    |mul_16s_11s_26_1_1_U2569   |mul_16s_11s_26_1_1   |        0|   1|  0|   5|    0|
    |mul_16s_11s_26_1_1_U2572   |mul_16s_11s_26_1_1   |        0|   1|  0|   5|    0|
    |mul_16s_11s_26_1_1_U2575   |mul_16s_11s_26_1_1   |        0|   1|  0|   5|    0|
    |mul_16s_11s_26_1_1_U2583   |mul_16s_11s_26_1_1   |        0|   1|  0|   5|    0|
    |mul_16s_11s_26_1_1_U2593   |mul_16s_11s_26_1_1   |        0|   1|  0|   5|    0|
    |mul_16s_11s_26_1_1_U2595   |mul_16s_11s_26_1_1   |        0|   1|  0|   5|    0|
    |mul_16s_11s_26_1_1_U2611   |mul_16s_11s_26_1_1   |        0|   1|  0|   5|    0|
    |mul_16s_11s_26_1_1_U2612   |mul_16s_11s_26_1_1   |        0|   1|  0|   5|    0|
    |mul_16s_11s_26_1_1_U2613   |mul_16s_11s_26_1_1   |        0|   1|  0|   5|    0|
    |mul_16s_11s_26_1_1_U2617   |mul_16s_11s_26_1_1   |        0|   1|  0|   5|    0|
    |mul_16s_11s_26_1_1_U2627   |mul_16s_11s_26_1_1   |        0|   1|  0|   5|    0|
    |mul_16s_11s_26_1_1_U2642   |mul_16s_11s_26_1_1   |        0|   1|  0|   5|    0|
    |mul_16s_5ns_21_1_1_U2538   |mul_16s_5ns_21_1_1   |        0|   1|  0|   5|    0|
    |mul_16s_5ns_21_1_1_U2586   |mul_16s_5ns_21_1_1   |        0|   1|  0|   5|    0|
    |mul_16s_6s_22_1_1_U2527    |mul_16s_6s_22_1_1    |        0|   1|  0|   5|    0|
    |mul_16s_6s_22_1_1_U2621    |mul_16s_6s_22_1_1    |        0|   1|  0|   5|    0|
    |mul_16s_7ns_23_1_1_U2576   |mul_16s_7ns_23_1_1   |        0|   1|  0|   5|    0|
    |mul_16s_7ns_23_1_1_U2643   |mul_16s_7ns_23_1_1   |        0|   1|  0|   5|    0|
    |mul_16s_7s_23_1_1_U2558    |mul_16s_7s_23_1_1    |        0|   1|  0|   5|    0|
    |mul_16s_7s_23_1_1_U2581    |mul_16s_7s_23_1_1    |        0|   1|  0|   5|    0|
    |mul_16s_7s_23_1_1_U2599    |mul_16s_7s_23_1_1    |        0|   1|  0|   5|    0|
    |mul_16s_8ns_24_1_1_U2530   |mul_16s_8ns_24_1_1   |        0|   1|  0|   5|    0|
    |mul_16s_8ns_24_1_1_U2532   |mul_16s_8ns_24_1_1   |        0|   1|  0|   5|    0|
    |mul_16s_8ns_24_1_1_U2552   |mul_16s_8ns_24_1_1   |        0|   1|  0|   5|    0|
    |mul_16s_8ns_24_1_1_U2584   |mul_16s_8ns_24_1_1   |        0|   1|  0|   5|    0|
    |mul_16s_8ns_24_1_1_U2603   |mul_16s_8ns_24_1_1   |        0|   1|  0|   5|    0|
    |mul_16s_8ns_24_1_1_U2607   |mul_16s_8ns_24_1_1   |        0|   1|  0|   5|    0|
    |mul_16s_8ns_24_1_1_U2609   |mul_16s_8ns_24_1_1   |        0|   1|  0|   5|    0|
    |mul_16s_8ns_24_1_1_U2610   |mul_16s_8ns_24_1_1   |        0|   1|  0|   5|    0|
    |mul_16s_8ns_24_1_1_U2615   |mul_16s_8ns_24_1_1   |        0|   1|  0|   5|    0|
    |mul_16s_8ns_24_1_1_U2625   |mul_16s_8ns_24_1_1   |        0|   1|  0|   5|    0|
    |mul_16s_8ns_24_1_1_U2630   |mul_16s_8ns_24_1_1   |        0|   1|  0|   5|    0|
    |mul_16s_8ns_24_1_1_U2636   |mul_16s_8ns_24_1_1   |        0|   1|  0|   5|    0|
    |mul_16s_8ns_24_1_1_U2639   |mul_16s_8ns_24_1_1   |        0|   1|  0|   5|    0|
    |mul_16s_8s_24_1_1_U2535    |mul_16s_8s_24_1_1    |        0|   1|  0|   5|    0|
    |mul_16s_8s_24_1_1_U2551    |mul_16s_8s_24_1_1    |        0|   1|  0|   5|    0|
    |mul_16s_8s_24_1_1_U2577    |mul_16s_8s_24_1_1    |        0|   1|  0|   5|    0|
    |mul_16s_8s_24_1_1_U2601    |mul_16s_8s_24_1_1    |        0|   1|  0|   5|    0|
    |mul_16s_8s_24_1_1_U2604    |mul_16s_8s_24_1_1    |        0|   1|  0|   5|    0|
    |mul_16s_8s_24_1_1_U2619    |mul_16s_8s_24_1_1    |        0|   1|  0|   5|    0|
    |mul_16s_8s_24_1_1_U2633    |mul_16s_8s_24_1_1    |        0|   1|  0|   5|    0|
    |mul_16s_9ns_25_1_1_U2534   |mul_16s_9ns_25_1_1   |        0|   1|  0|   5|    0|
    |mul_16s_9ns_25_1_1_U2537   |mul_16s_9ns_25_1_1   |        0|   1|  0|   5|    0|
    |mul_16s_9ns_25_1_1_U2540   |mul_16s_9ns_25_1_1   |        0|   1|  0|   5|    0|
    |mul_16s_9ns_25_1_1_U2541   |mul_16s_9ns_25_1_1   |        0|   1|  0|   5|    0|
    |mul_16s_9ns_25_1_1_U2542   |mul_16s_9ns_25_1_1   |        0|   1|  0|   5|    0|
    |mul_16s_9ns_25_1_1_U2543   |mul_16s_9ns_25_1_1   |        0|   1|  0|   5|    0|
    |mul_16s_9ns_25_1_1_U2554   |mul_16s_9ns_25_1_1   |        0|   1|  0|   5|    0|
    |mul_16s_9ns_25_1_1_U2555   |mul_16s_9ns_25_1_1   |        0|   1|  0|   5|    0|
    |mul_16s_9ns_25_1_1_U2565   |mul_16s_9ns_25_1_1   |        0|   1|  0|   5|    0|
    |mul_16s_9ns_25_1_1_U2589   |mul_16s_9ns_25_1_1   |        0|   1|  0|   5|    0|
    |mul_16s_9ns_25_1_1_U2597   |mul_16s_9ns_25_1_1   |        0|   1|  0|   5|    0|
    |mul_16s_9ns_25_1_1_U2614   |mul_16s_9ns_25_1_1   |        0|   1|  0|   5|    0|
    |mul_16s_9ns_25_1_1_U2628   |mul_16s_9ns_25_1_1   |        0|   1|  0|   5|    0|
    |mul_16s_9ns_25_1_1_U2645   |mul_16s_9ns_25_1_1   |        0|   1|  0|   5|    0|
    |mul_16s_9s_25_1_1_U2549    |mul_16s_9s_25_1_1    |        0|   1|  0|   5|    0|
    |mul_16s_9s_25_1_1_U2550    |mul_16s_9s_25_1_1    |        0|   1|  0|   5|    0|
    |mul_16s_9s_25_1_1_U2556    |mul_16s_9s_25_1_1    |        0|   1|  0|   5|    0|
    |mul_16s_9s_25_1_1_U2563    |mul_16s_9s_25_1_1    |        0|   1|  0|   5|    0|
    |mul_16s_9s_25_1_1_U2567    |mul_16s_9s_25_1_1    |        0|   1|  0|   5|    0|
    |mul_16s_9s_25_1_1_U2580    |mul_16s_9s_25_1_1    |        0|   1|  0|   5|    0|
    |mul_16s_9s_25_1_1_U2596    |mul_16s_9s_25_1_1    |        0|   1|  0|   5|    0|
    |mul_16s_9s_25_1_1_U2600    |mul_16s_9s_25_1_1    |        0|   1|  0|   5|    0|
    |mul_16s_9s_25_1_1_U2606    |mul_16s_9s_25_1_1    |        0|   1|  0|   5|    0|
    |mul_16s_9s_25_1_1_U2618    |mul_16s_9s_25_1_1    |        0|   1|  0|   5|    0|
    |mul_16s_9s_25_1_1_U2634    |mul_16s_9s_25_1_1    |        0|   1|  0|   5|    0|
    |mul_16s_9s_25_1_1_U2637    |mul_16s_9s_25_1_1    |        0|   1|  0|   5|    0|
    |mul_16s_9s_25_1_1_U2646    |mul_16s_9s_25_1_1    |        0|   1|  0|   5|    0|
    |mul_16s_9s_25_1_1_U2648    |mul_16s_9s_25_1_1    |        0|   1|  0|   5|    0|
    |mul_16s_9s_25_1_1_U2651    |mul_16s_9s_25_1_1    |        0|   1|  0|   5|    0|
    +---------------------------+---------------------+---------+----+---+----+-----+
    |Total                      |                     |        0| 125|  0| 625|    0|
    +---------------------------+---------------------+---------+----+---+----+-----+

    * DSP: 
    N/A

    * Memory: 
    N/A

    * FIFO: 
    N/A

    * Expression: 
    +---------------------------+----------+----+---+----+------------+------------+
    |       Variable Name       | Operation| DSP| FF| LUT| Bitwidth P0| Bitwidth P1|
    +---------------------------+----------+----+---+----+------------+------------+
    |add_ln58_3894_fu_84459_p2  |         +|   0|  0|  23|          16|          16|
    |add_ln58_3895_fu_85123_p2  |         +|   0|  0|  16|          16|          16|
    |add_ln58_3896_fu_84465_p2  |         +|   0|  0|  16|          16|          16|
    |add_ln58_3897_fu_84471_p2  |         +|   0|  0|  23|          16|          16|
    |add_ln58_3898_fu_84477_p2  |         +|   0|  0|  16|          16|          16|
    |add_ln58_3899_fu_85127_p2  |         +|   0|  0|  16|          16|          16|
    |add_ln58_3900_fu_84483_p2  |         +|   0|  0|  23|          16|          16|
    |add_ln58_3901_fu_84489_p2  |         +|   0|  0|  23|          16|          16|
    |add_ln58_3902_fu_85132_p2  |         +|   0|  0|  16|          16|          16|
    |add_ln58_3903_fu_84495_p2  |         +|   0|  0|  16|          16|          16|
    |add_ln58_3904_fu_84501_p2  |         +|   0|  0|  23|          16|          16|
    |add_ln58_3905_fu_84507_p2  |         +|   0|  0|  16|          16|          16|
    |add_ln58_3906_fu_85136_p2  |         +|   0|  0|  16|          16|          16|
    |add_ln58_3907_fu_85141_p2  |         +|   0|  0|  16|          16|          16|
    |add_ln58_3908_fu_84513_p2  |         +|   0|  0|  16|          16|          16|
    |add_ln58_3909_fu_84519_p2  |         +|   0|  0|  19|          12|          12|
    |add_ln58_3910_fu_84529_p2  |         +|   0|  0|  16|          16|          16|
    |add_ln58_3911_fu_84535_p2  |         +|   0|  0|  21|          14|          14|
    |add_ln58_3912_fu_84545_p2  |         +|   0|  0|  16|          16|          16|
    |add_ln58_3913_fu_84551_p2  |         +|   0|  0|  16|          16|          16|
    |add_ln58_3914_fu_85147_p2  |         +|   0|  0|  16|          16|          16|
    |add_ln58_3915_fu_84557_p2  |         +|   0|  0|  23|          16|          16|
    |add_ln58_3916_fu_84563_p2  |         +|   0|  0|  22|          15|          15|
    |add_ln58_3917_fu_85154_p2  |         +|   0|  0|  16|          16|          16|
    |add_ln58_3918_fu_84569_p2  |         +|   0|  0|  16|          16|          16|
    |add_ln58_3919_fu_84575_p2  |         +|   0|  0|  23|          16|           9|
    |add_ln58_3920_fu_84581_p2  |         +|   0|  0|  16|          16|          16|
    |add_ln58_3921_fu_85159_p2  |         +|   0|  0|  16|          16|          16|
    |add_ln58_3922_fu_85164_p2  |         +|   0|  0|  16|          16|          16|
    |add_ln58_3923_fu_85170_p2  |         +|   0|  0|  16|          16|          16|
    |add_ln58_3924_fu_84587_p2  |         +|   0|  0|  23|          16|          16|
    |add_ln58_3925_fu_84593_p2  |         +|   0|  0|  23|          16|          16|
    |add_ln58_3926_fu_85176_p2  |         +|   0|  0|  16|          16|          16|
    |add_ln58_3927_fu_84599_p2  |         +|   0|  0|  16|          16|          16|
    |add_ln58_3928_fu_84605_p2  |         +|   0|  0|  23|          16|          16|
    |add_ln58_3929_fu_84611_p2  |         +|   0|  0|  16|          16|          16|
    |add_ln58_3930_fu_85180_p2  |         +|   0|  0|  16|          16|          16|
    |add_ln58_3931_fu_84617_p2  |         +|   0|  0|  22|          15|          15|
    |add_ln58_3932_fu_84623_p2  |         +|   0|  0|  23|          16|          16|
    |add_ln58_3933_fu_85188_p2  |         +|   0|  0|  16|          16|          16|
    |add_ln58_3934_fu_84629_p2  |         +|   0|  0|  16|          16|          16|
    |add_ln58_3935_fu_84635_p2  |         +|   0|  0|  23|          16|          16|
    |add_ln58_3936_fu_84641_p2  |         +|   0|  0|  16|          16|          16|
    |add_ln58_3937_fu_85193_p2  |         +|   0|  0|  16|          16|          16|
    |add_ln58_3938_fu_85198_p2  |         +|   0|  0|  16|          16|          16|
    |add_ln58_3939_fu_84647_p2  |         +|   0|  0|  16|          16|          16|
    |add_ln58_3940_fu_84653_p2  |         +|   0|  0|  23|          16|          16|
    |add_ln58_3941_fu_84659_p2  |         +|   0|  0|  16|          16|          16|
    |add_ln58_3942_fu_84665_p2  |         +|   0|  0|  16|          16|          16|
    |add_ln58_3943_fu_84671_p2  |         +|   0|  0|  21|          14|          14|
    |add_ln58_3944_fu_84681_p2  |         +|   0|  0|  16|          16|          16|
    |add_ln58_3945_fu_85204_p2  |         +|   0|  0|  16|          16|          16|
    |add_ln58_3946_fu_84687_p2  |         +|   0|  0|  23|          16|          16|
    |add_ln58_3947_fu_84693_p2  |         +|   0|  0|  23|          16|          16|
    |add_ln58_3948_fu_85208_p2  |         +|   0|  0|  16|          16|          16|
    |add_ln58_3949_fu_84699_p2  |         +|   0|  0|  16|          16|          16|
    |add_ln58_3950_fu_84705_p2  |         +|   0|  0|  22|          15|           7|
    |add_ln58_3951_fu_84715_p2  |         +|   0|  0|  16|          16|          16|
    |add_ln58_3952_fu_85212_p2  |         +|   0|  0|  16|          16|          16|
    |add_ln58_3953_fu_85217_p2  |         +|   0|  0|  16|          16|          16|
    |add_ln58_3954_fu_85223_p2  |         +|   0|  0|  16|          16|          16|
    |add_ln58_3955_fu_84721_p2  |         +|   0|  0|  23|          16|          16|
    |add_ln58_3956_fu_84727_p2  |         +|   0|  0|  23|          16|          16|
    |add_ln58_3957_fu_85229_p2  |         +|   0|  0|  16|          16|          16|
    |add_ln58_3958_fu_84733_p2  |         +|   0|  0|  16|          16|          16|
    |add_ln58_3959_fu_84739_p2  |         +|   0|  0|  23|          16|          16|
    |add_ln58_3960_fu_84745_p2  |         +|   0|  0|  16|          16|          16|
    |add_ln58_3961_fu_85233_p2  |         +|   0|  0|  16|          16|          16|
    |add_ln58_3962_fu_84751_p2  |         +|   0|  0|  22|          15|          15|
    |add_ln58_3963_fu_84757_p2  |         +|   0|  0|  23|          16|          16|
    |add_ln58_3964_fu_85241_p2  |         +|   0|  0|  16|          16|          16|
    |add_ln58_3965_fu_84763_p2  |         +|   0|  0|  16|          16|          16|
    |add_ln58_3966_fu_84769_p2  |         +|   0|  0|  23|          16|          16|
    |add_ln58_3967_fu_84775_p2  |         +|   0|  0|  16|          16|          16|
    |add_ln58_3968_fu_85246_p2  |         +|   0|  0|  16|          16|          16|
    |add_ln58_3969_fu_85251_p2  |         +|   0|  0|  16|          16|          16|
    |add_ln58_3970_fu_84781_p2  |         +|   0|  0|  16|          16|          16|
    |add_ln58_3971_fu_84787_p2  |         +|   0|  0|  23|          16|          16|
    |add_ln58_3972_fu_84793_p2  |         +|   0|  0|  16|          16|          16|
    |add_ln58_3973_fu_84799_p2  |         +|   0|  0|  16|          16|          16|
    |add_ln58_3974_fu_84805_p2  |         +|   0|  0|  23|          16|          16|
    |add_ln58_3975_fu_84811_p2  |         +|   0|  0|  16|          16|          16|
    |add_ln58_3976_fu_85257_p2  |         +|   0|  0|  16|          16|          16|
    |add_ln58_3977_fu_84817_p2  |         +|   0|  0|  23|          16|          16|
    |add_ln58_3978_fu_84823_p2  |         +|   0|  0|  22|          15|          15|
    |add_ln58_3979_fu_84833_p2  |         +|   0|  0|  16|          16|          16|
    |add_ln58_3980_fu_84839_p2  |         +|   0|  0|  22|          15|          15|
    |add_ln58_3981_fu_84849_p2  |         +|   0|  0|  16|          16|           8|
    |add_ln58_3982_fu_84855_p2  |         +|   0|  0|  16|          16|          16|
    |add_ln58_3983_fu_84861_p2  |         +|   0|  0|  16|          16|          16|
    |add_ln58_3984_fu_85261_p2  |         +|   0|  0|  16|          16|          16|
    |add_ln58_3985_fu_85266_p2  |         +|   0|  0|  16|          16|          16|
    |add_ln58_3986_fu_84867_p2  |         +|   0|  0|  23|          16|          16|
    |add_ln58_3987_fu_84873_p2  |         +|   0|  0|  15|           8|           8|
    |add_ln58_3988_fu_85275_p2  |         +|   0|  0|  16|          16|          16|
    |add_ln58_3989_fu_84879_p2  |         +|   0|  0|  16|          16|          16|
    |add_ln58_3990_fu_84885_p2  |         +|   0|  0|  22|          15|          15|
    |add_ln58_3991_fu_84895_p2  |         +|   0|  0|  16|          16|          16|
    |add_ln58_3992_fu_85280_p2  |         +|   0|  0|  16|          16|          16|
    |add_ln58_3993_fu_84901_p2  |         +|   0|  0|  23|          16|          16|
    |add_ln58_3994_fu_84907_p2  |         +|   0|  0|  23|          16|          16|
    |add_ln58_3995_fu_85285_p2  |         +|   0|  0|  16|          16|          16|
    |add_ln58_3996_fu_84913_p2  |         +|   0|  0|  16|          16|          16|
    |add_ln58_3997_fu_84919_p2  |         +|   0|  0|  23|          16|          16|
    |add_ln58_3998_fu_84925_p2  |         +|   0|  0|  16|          16|          16|
    |add_ln58_3999_fu_85289_p2  |         +|   0|  0|  16|          16|          16|
    |add_ln58_4000_fu_85294_p2  |         +|   0|  0|  16|          16|          16|
    |add_ln58_4001_fu_84931_p2  |         +|   0|  0|  16|          16|          16|
    |add_ln58_4002_fu_84937_p2  |         +|   0|  0|  23|          16|          16|
    |add_ln58_4003_fu_84943_p2  |         +|   0|  0|  16|          16|          16|
    |add_ln58_4004_fu_84949_p2  |         +|   0|  0|  16|          16|          16|
    |add_ln58_4005_fu_84955_p2  |         +|   0|  0|  23|          16|          16|
    |add_ln58_4006_fu_84961_p2  |         +|   0|  0|  16|          16|          16|
    |add_ln58_4007_fu_85300_p2  |         +|   0|  0|  16|          16|          16|
    |add_ln58_4008_fu_84967_p2  |         +|   0|  0|  23|          16|          16|
    |add_ln58_4009_fu_84973_p2  |         +|   0|  0|  23|          16|          16|
    |add_ln58_4010_fu_85304_p2  |         +|   0|  0|  16|          16|          16|
    |add_ln58_4011_fu_84979_p2  |         +|   0|  0|  16|          16|          16|
    |add_ln58_4012_fu_84985_p2  |         +|   0|  0|  16|          16|           4|
    |add_ln58_4013_fu_84991_p2  |         +|   0|  0|  16|          16|          16|
    |add_ln58_4014_fu_84997_p2  |         +|   0|  0|  16|          16|          16|
    |add_ln58_4015_fu_85308_p2  |         +|   0|  0|  16|          16|          16|
    |add_ln58_4016_fu_85313_p2  |         +|   0|  0|  16|          16|          16|
    |add_ln58_4017_fu_85319_p2  |         +|   0|  0|  16|          16|          16|
    |add_ln58_4018_fu_85003_p2  |         +|   0|  0|  23|          16|          16|
    |add_ln58_4019_fu_85325_p2  |         +|   0|  0|  16|          16|          16|
    |add_ln58_4020_fu_85009_p2  |         +|   0|  0|  16|          16|          16|
    |add_ln58_4021_fu_85015_p2  |         +|   0|  0|  23|          16|          16|
    |add_ln58_4022_fu_85021_p2  |         +|   0|  0|  16|          16|          16|
    |add_ln58_4023_fu_85330_p2  |         +|   0|  0|  16|          16|          16|
    |add_ln58_4024_fu_85027_p2  |         +|   0|  0|  23|          16|          16|
    |add_ln58_4025_fu_85033_p2  |         +|   0|  0|  23|          16|          16|
    |add_ln58_4026_fu_85335_p2  |         +|   0|  0|  16|          16|          16|
    |add_ln58_4027_fu_85039_p2  |         +|   0|  0|  16|          16|          16|
    |add_ln58_4028_fu_85045_p2  |         +|   0|  0|  23|          16|          16|
    |add_ln58_4029_fu_85051_p2  |         +|   0|  0|  16|          16|          16|
    |add_ln58_4030_fu_85339_p2  |         +|   0|  0|  16|          16|          16|
    |add_ln58_4031_fu_85344_p2  |         +|   0|  0|  16|          16|          16|
    |add_ln58_4032_fu_85057_p2  |         +|   0|  0|  16|          16|          16|
    |add_ln58_4033_fu_85063_p2  |         +|   0|  0|  23|          16|          16|
    |add_ln58_4034_fu_85069_p2  |         +|   0|  0|  16|          16|          16|
    |add_ln58_4035_fu_85075_p2  |         +|   0|  0|  16|          16|          16|
    |add_ln58_4036_fu_85081_p2  |         +|   0|  0|  23|          16|          16|
    |add_ln58_4037_fu_85087_p2  |         +|   0|  0|  16|          16|          16|
    |add_ln58_4038_fu_85350_p2  |         +|   0|  0|  16|          16|          16|
    |add_ln58_4039_fu_85093_p2  |         +|   0|  0|  23|          16|          16|
    |add_ln58_4040_fu_85099_p2  |         +|   0|  0|  23|          16|          16|
    |add_ln58_4041_fu_85354_p2  |         +|   0|  0|  16|          16|          16|
    |add_ln58_4042_fu_85105_p2  |         +|   0|  0|  16|          16|          16|
    |add_ln58_4043_fu_85111_p2  |         +|   0|  0|  23|          16|           8|
    |add_ln58_4044_fu_85117_p2  |         +|   0|  0|  16|          16|          16|
    |add_ln58_4045_fu_85358_p2  |         +|   0|  0|  16|          16|          16|
    |add_ln58_4046_fu_85363_p2  |         +|   0|  0|  16|          16|          16|
    |add_ln58_4047_fu_85369_p2  |         +|   0|  0|  16|          16|          16|
    |add_ln58_fu_84453_p2       |         +|   0|  0|  23|          16|          16|
    |add_ln73_190_fu_82207_p2   |         +|   0|  0|  32|          25|          25|
    |add_ln73_191_fu_83147_p2   |         +|   0|  0|  28|          21|          21|
    |add_ln73_192_fu_83332_p2   |         +|   0|  0|  31|          24|          24|
    |add_ln73_193_fu_84338_p2   |         +|   0|  0|  31|          24|          24|
    |add_ln73_fu_81981_p2       |         +|   0|  0|  31|          24|          24|
    |sub_ln42_4_fu_82373_p2     |         -|   0|  0|  26|          26|          26|
    |sub_ln42_5_fu_83438_p2     |         -|   0|  0|  26|           1|          26|
    |sub_ln42_6_fu_83456_p2     |         -|   0|  0|  26|          26|          26|
    |sub_ln42_fu_82355_p2       |         -|   0|  0|  26|           1|          26|
    |sub_ln73_88_fu_81826_p2    |         -|   0|  0|  24|           1|          17|
    |sub_ln73_89_fu_82476_p2    |         -|   0|  0|  24|           1|          17|
    |sub_ln73_924_fu_82618_p2   |         -|   0|  0|  27|           1|          20|
    |sub_ln73_925_fu_82722_p2   |         -|   0|  0|  32|          25|          25|
    |sub_ln73_926_fu_82879_p2   |         -|   0|  0|  27|          20|          20|
    |sub_ln73_927_fu_82987_p2   |         -|   0|  0|  21|           1|          21|
    |sub_ln73_928_fu_83005_p2   |         -|   0|  0|  21|          21|          21|
    |sub_ln73_929_fu_83203_p2   |         -|   0|  0|  31|          24|          24|
    |sub_ln73_930_fu_83268_p2   |         -|   0|  0|  20|           1|          20|
    |sub_ln73_931_fu_83274_p2   |         -|   0|  0|  20|          20|          20|
    |sub_ln73_932_fu_83629_p2   |         -|   0|  0|  30|          23|          23|
    |sub_ln73_933_fu_83715_p2   |         -|   0|  0|  30|          23|          23|
    |sub_ln73_934_fu_83969_p2   |         -|   0|  0|  32|          25|          25|
    |sub_ln73_935_fu_84063_p2   |         -|   0|  0|  31|          24|          24|
    |sub_ln73_936_fu_84182_p2   |         -|   0|  0|  23|           1|          23|
    |sub_ln73_937_fu_84200_p2   |         -|   0|  0|  23|          23|          23|
    |sub_ln73_938_fu_84244_p2   |         -|   0|  0|  31|          24|          24|
    |sub_ln73_fu_81798_p2       |         -|   0|  0|  24|           1|          17|
    |ap_enable_pp0              |       xor|   0|  0|   2|           1|           2|
    +---------------------------+----------+----+---+----+------------+------------+
    |Total                      |          |   0|  0|3558|        2889|        3025|
    +---------------------------+----------+----+---+----+------------+------------+

    * Multiplexer: 
    N/A

    * Register: 
    +-------------------------+----+----+-----+-----------+
    |           Name          | FF | LUT| Bits| Const Bits|
    +-------------------------+----+----+-----+-----------+
    |add_ln58_3894_reg_85410  |  16|   0|   16|          0|
    |add_ln58_3898_reg_85415  |  16|   0|   16|          0|
    |add_ln58_3900_reg_85420  |  16|   0|   16|          0|
    |add_ln58_3901_reg_85425  |  16|   0|   16|          0|
    |add_ln58_3905_reg_85430  |  16|   0|   16|          0|
    |add_ln58_3910_reg_85435  |  16|   0|   16|          0|
    |add_ln58_3913_reg_85440  |  16|   0|   16|          0|
    |add_ln58_3915_reg_85445  |  16|   0|   16|          0|
    |add_ln58_3916_reg_85450  |  15|   0|   15|          0|
    |add_ln58_3920_reg_85455  |  16|   0|   16|          0|
    |add_ln58_3924_reg_85460  |  16|   0|   16|          0|
    |add_ln58_3925_reg_85465  |  16|   0|   16|          0|
    |add_ln58_3929_reg_85470  |  16|   0|   16|          0|
    |add_ln58_3931_reg_85475  |  15|   0|   15|          0|
    |add_ln58_3932_reg_85480  |  16|   0|   16|          0|
    |add_ln58_3936_reg_85485  |  16|   0|   16|          0|
    |add_ln58_3941_reg_85490  |  16|   0|   16|          0|
    |add_ln58_3944_reg_85495  |  16|   0|   16|          0|
    |add_ln58_3946_reg_85500  |  16|   0|   16|          0|
    |add_ln58_3947_reg_85505  |  16|   0|   16|          0|
    |add_ln58_3951_reg_85510  |  16|   0|   16|          0|
    |add_ln58_3955_reg_85515  |  16|   0|   16|          0|
    |add_ln58_3956_reg_85520  |  16|   0|   16|          0|
    |add_ln58_3960_reg_85525  |  16|   0|   16|          0|
    |add_ln58_3962_reg_85530  |  15|   0|   15|          0|
    |add_ln58_3963_reg_85535  |  16|   0|   16|          0|
    |add_ln58_3967_reg_85540  |  16|   0|   16|          0|
    |add_ln58_3972_reg_85545  |  16|   0|   16|          0|
    |add_ln58_3975_reg_85550  |  16|   0|   16|          0|
    |add_ln58_3983_reg_85555  |  16|   0|   16|          0|
    |add_ln58_3986_reg_85560  |  16|   0|   16|          0|
    |add_ln58_3987_reg_85565  |   8|   0|    8|          0|
    |add_ln58_3991_reg_85570  |  16|   0|   16|          0|
    |add_ln58_3993_reg_85575  |  16|   0|   16|          0|
    |add_ln58_3994_reg_85580  |  16|   0|   16|          0|
    |add_ln58_3998_reg_85585  |  16|   0|   16|          0|
    |add_ln58_4003_reg_85590  |  16|   0|   16|          0|
    |add_ln58_4006_reg_85595  |  16|   0|   16|          0|
    |add_ln58_4008_reg_85600  |  16|   0|   16|          0|
    |add_ln58_4009_reg_85605  |  16|   0|   16|          0|
    |add_ln58_4014_reg_85610  |  16|   0|   16|          0|
    |add_ln58_4018_reg_85615  |  16|   0|   16|          0|
    |add_ln58_4022_reg_85620  |  16|   0|   16|          0|
    |add_ln58_4024_reg_85625  |  16|   0|   16|          0|
    |add_ln58_4025_reg_85630  |  16|   0|   16|          0|
    |add_ln58_4029_reg_85635  |  16|   0|   16|          0|
    |add_ln58_4034_reg_85640  |  16|   0|   16|          0|
    |add_ln58_4037_reg_85645  |  16|   0|   16|          0|
    |add_ln58_4039_reg_85650  |  16|   0|   16|          0|
    |add_ln58_4040_reg_85655  |  16|   0|   16|          0|
    |add_ln58_4044_reg_85660  |  16|   0|   16|          0|
    |add_ln58_reg_85405       |  16|   0|   16|          0|
    |ap_CS_fsm                |   1|   0|    1|          0|
    |ap_enable_reg_pp0_iter1  |   1|   0|    1|          0|
    +-------------------------+----+----+-----+-----------+
    |Total                    | 823|   0|  823|          0|
    +-------------------------+----+----+-----+-----------+



================================================================
== Interface
================================================================
* Summary: 
+-------------+-----+-----+------------+-----------------------------------------------------------------------------+--------------+
|  RTL Ports  | Dir | Bits|  Protocol  |                                Source Object                                |    C Type    |
+-------------+-----+-----+------------+-----------------------------------------------------------------------------+--------------+
|ap_clk       |   in|    1|  ap_ctrl_hs|  dense_latency<ap_fixed<16, 6, 5, 3, 0>, ap_fixed<16, 6, 5, 3, 0>, config11>|  return value|
|ap_rst       |   in|    1|  ap_ctrl_hs|  dense_latency<ap_fixed<16, 6, 5, 3, 0>, ap_fixed<16, 6, 5, 3, 0>, config11>|  return value|
|ap_start     |   in|    1|  ap_ctrl_hs|  dense_latency<ap_fixed<16, 6, 5, 3, 0>, ap_fixed<16, 6, 5, 3, 0>, config11>|  return value|
|ap_done      |  out|    1|  ap_ctrl_hs|  dense_latency<ap_fixed<16, 6, 5, 3, 0>, ap_fixed<16, 6, 5, 3, 0>, config11>|  return value|
|ap_idle      |  out|    1|  ap_ctrl_hs|  dense_latency<ap_fixed<16, 6, 5, 3, 0>, ap_fixed<16, 6, 5, 3, 0>, config11>|  return value|
|ap_ready     |  out|    1|  ap_ctrl_hs|  dense_latency<ap_fixed<16, 6, 5, 3, 0>, ap_fixed<16, 6, 5, 3, 0>, config11>|  return value|
|ap_ce        |   in|    1|  ap_ctrl_hs|  dense_latency<ap_fixed<16, 6, 5, 3, 0>, ap_fixed<16, 6, 5, 3, 0>, config11>|  return value|
|ap_return_0  |  out|   16|  ap_ctrl_hs|  dense_latency<ap_fixed<16, 6, 5, 3, 0>, ap_fixed<16, 6, 5, 3, 0>, config11>|  return value|
|ap_return_1  |  out|   16|  ap_ctrl_hs|  dense_latency<ap_fixed<16, 6, 5, 3, 0>, ap_fixed<16, 6, 5, 3, 0>, config11>|  return value|
|ap_return_2  |  out|   16|  ap_ctrl_hs|  dense_latency<ap_fixed<16, 6, 5, 3, 0>, ap_fixed<16, 6, 5, 3, 0>, config11>|  return value|
|ap_return_3  |  out|   16|  ap_ctrl_hs|  dense_latency<ap_fixed<16, 6, 5, 3, 0>, ap_fixed<16, 6, 5, 3, 0>, config11>|  return value|
|ap_return_4  |  out|   16|  ap_ctrl_hs|  dense_latency<ap_fixed<16, 6, 5, 3, 0>, ap_fixed<16, 6, 5, 3, 0>, config11>|  return value|
|data_0_val   |   in|   16|     ap_none|                                                                   data_0_val|        scalar|
|data_1_val   |   in|   16|     ap_none|                                                                   data_1_val|        scalar|
|data_2_val   |   in|   16|     ap_none|                                                                   data_2_val|        scalar|
|data_3_val   |   in|   16|     ap_none|                                                                   data_3_val|        scalar|
|data_4_val   |   in|   16|     ap_none|                                                                   data_4_val|        scalar|
|data_5_val   |   in|   16|     ap_none|                                                                   data_5_val|        scalar|
|data_6_val   |   in|   16|     ap_none|                                                                   data_6_val|        scalar|
|data_7_val   |   in|   16|     ap_none|                                                                   data_7_val|        scalar|
|data_8_val   |   in|   16|     ap_none|                                                                   data_8_val|        scalar|
|data_9_val   |   in|   16|     ap_none|                                                                   data_9_val|        scalar|
|data_10_val  |   in|   16|     ap_none|                                                                  data_10_val|        scalar|
|data_11_val  |   in|   16|     ap_none|                                                                  data_11_val|        scalar|
|data_12_val  |   in|   16|     ap_none|                                                                  data_12_val|        scalar|
|data_13_val  |   in|   16|     ap_none|                                                                  data_13_val|        scalar|
|data_14_val  |   in|   16|     ap_none|                                                                  data_14_val|        scalar|
|data_15_val  |   in|   16|     ap_none|                                                                  data_15_val|        scalar|
|data_16_val  |   in|   16|     ap_none|                                                                  data_16_val|        scalar|
|data_17_val  |   in|   16|     ap_none|                                                                  data_17_val|        scalar|
|data_18_val  |   in|   16|     ap_none|                                                                  data_18_val|        scalar|
|data_19_val  |   in|   16|     ap_none|                                                                  data_19_val|        scalar|
|data_20_val  |   in|   16|     ap_none|                                                                  data_20_val|        scalar|
|data_21_val  |   in|   16|     ap_none|                                                                  data_21_val|        scalar|
|data_22_val  |   in|   16|     ap_none|                                                                  data_22_val|        scalar|
|data_23_val  |   in|   16|     ap_none|                                                                  data_23_val|        scalar|
|data_24_val  |   in|   16|     ap_none|                                                                  data_24_val|        scalar|
|data_25_val  |   in|   16|     ap_none|                                                                  data_25_val|        scalar|
|data_26_val  |   in|   16|     ap_none|                                                                  data_26_val|        scalar|
|data_27_val  |   in|   16|     ap_none|                                                                  data_27_val|        scalar|
|data_28_val  |   in|   16|     ap_none|                                                                  data_28_val|        scalar|
|data_29_val  |   in|   16|     ap_none|                                                                  data_29_val|        scalar|
|data_30_val  |   in|   16|     ap_none|                                                                  data_30_val|        scalar|
|data_31_val  |   in|   16|     ap_none|                                                                  data_31_val|        scalar|
+-------------+-----+-----+------------+-----------------------------------------------------------------------------+--------------+

