

================================================================
== Vitis HLS Report for 'softmax_stable_ap_fixed_ap_fixed_16_6_5_3_0_softmax_config13_s'
================================================================
* Date:           Tue Oct 14 14:45:54 2025

* Version:        2024.2 (Build 5238294 on Nov  8 2024)
* Project:        myproject_prj
* Solution:       solution1 (Vivado IP Flow Target)
* Product family: virtexuplus
* Target device:  xcu250-figd2104-2L-e


================================================================
== Performance Estimates
================================================================
+ Timing: 
    * Summary: 
    +--------+---------+----------+------------+
    |  Clock |  Target | Estimated| Uncertainty|
    +--------+---------+----------+------------+
    |ap_clk  |  5.00 ns|  3.494 ns|     1.35 ns|
    +--------+---------+----------+------------+

+ Latency: 
    * Summary: 
    +---------+---------+-----------+-----------+-----+-----+---------+
    |  Latency (cycles) |   Latency (absolute)  |  Interval | Pipeline|
    |   min   |   max   |    min    |    max    | min | max |   Type  |
    +---------+---------+-----------+-----------+-----+-----+---------+
    |        4|        4|  20.000 ns|  20.000 ns|    1|    1|      yes|
    +---------+---------+-----------+-----------+-----+-----+---------+

    + Detail: 
        * Instance: 
        N/A

        * Loop: 
        N/A



================================================================
== Utilization Estimates
================================================================
* Summary: 
+---------------------+---------+-------+---------+---------+------+
|         Name        | BRAM_18K|  DSP  |    FF   |   LUT   | URAM |
+---------------------+---------+-------+---------+---------+------+
|DSP                  |        -|      -|        -|        -|     -|
|Expression           |        -|      -|        0|      675|     -|
|FIFO                 |        -|      -|        -|        -|     -|
|Instance             |        -|      5|        0|       25|     -|
|Memory               |        8|      -|        0|        0|     -|
|Multiplexer          |        -|      -|        0|       70|     -|
|Register             |        -|      -|      437|        -|     -|
+---------------------+---------+-------+---------+---------+------+
|Total                |        8|      5|      437|      770|     0|
+---------------------+---------+-------+---------+---------+------+
|Available SLR        |     1344|   3072|   864000|   432000|   320|
+---------------------+---------+-------+---------+---------+------+
|Utilization SLR (%)  |       ~0|     ~0|       ~0|       ~0|     0|
+---------------------+---------+-------+---------+---------+------+
|Available            |     5376|  12288|  3456000|  1728000|  1280|
+---------------------+---------+-------+---------+---------+------+
|Utilization (%)      |       ~0|     ~0|       ~0|       ~0|     0|
+---------------------+---------+-------+---------+---------+------+

+ Detail: 
    * Instance: 
    +---------------------------+---------------------+---------+----+---+----+-----+
    |          Instance         |        Module       | BRAM_18K| DSP| FF| LUT| URAM|
    +---------------------------+---------------------+---------+----+---+----+-----+
    |mul_18s_17ns_26_1_0_U2684  |mul_18s_17ns_26_1_0  |        0|   1|  0|   5|    0|
    |mul_18s_17ns_26_1_0_U2685  |mul_18s_17ns_26_1_0  |        0|   1|  0|   5|    0|
    |mul_18s_17ns_26_1_0_U2686  |mul_18s_17ns_26_1_0  |        0|   1|  0|   5|    0|
    |mul_18s_17ns_26_1_0_U2687  |mul_18s_17ns_26_1_0  |        0|   1|  0|   5|    0|
    |mul_18s_17ns_26_1_0_U2688  |mul_18s_17ns_26_1_0  |        0|   1|  0|   5|    0|
    +---------------------------+---------------------+---------+----+---+----+-----+
    |Total                      |                     |        0|   5|  0|  25|    0|
    +---------------------------+---------------------+---------+----+---+----+-----+

    * DSP: 
    N/A

    * Memory: 
    +----------------+----------------------------------------------------------------------------------+---------+---+----+-----+------+-----+------+-------------+
    |     Memory     |                                      Module                                      | BRAM_18K| FF| LUT| URAM| Words| Bits| Banks| W*Bits*Banks|
    +----------------+----------------------------------------------------------------------------------+---------+---+----+-----+------+-----+------+-------------+
    |exp_table_U     |softmax_stable_ap_fixed_ap_fixed_16_6_5_3_0_softmax_config13_s_exp_table_ROM_bkb  |        6|  0|   0|    0|  1024|   17|     1|        17408|
    |invert_table_U  |softmax_stable_ap_fixed_ap_fixed_16_6_5_3_0_softmax_config13_s_invert_table_Rcud  |        2|  0|   0|    0|  1024|   18|     1|        18432|
    +----------------+----------------------------------------------------------------------------------+---------+---+----+-----+------+-----+------+-------------+
    |Total           |                                                                                  |        8|  0|   0|    0|  2048|   35|     2|        35840|
    +----------------+----------------------------------------------------------------------------------+---------+---+----+-----+------+-----+------+-------------+

    * FIFO: 
    N/A

    * Expression: 
    +--------------------------+----------+----+---+----+------------+------------+
    |       Variable Name      | Operation| DSP| FF| LUT| Bitwidth P0| Bitwidth P1|
    +--------------------------+----------+----+---+----+------------+------------+
    |add_ln51_1_fu_669_p2      |         +|   0|  0|  25|          18|          18|
    |add_ln51_2_fu_701_p2      |         +|   0|  0|  25|          18|          18|
    |add_ln51_3_fu_735_p2      |         +|   0|  0|  25|          18|          18|
    |add_ln51_4_fu_631_p2      |         +|   0|  0|  24|          17|          17|
    |add_ln51_5_fu_663_p2      |         +|   0|  0|  24|          17|          17|
    |add_ln51_6_fu_695_p2      |         +|   0|  0|  24|          17|          17|
    |add_ln51_7_fu_730_p2      |         +|   0|  0|  24|          17|          17|
    |add_ln51_fu_637_p2        |         +|   0|  0|  25|          18|          18|
    |sub_ln245_1_fu_292_p2     |         -|   0|  0|  24|          17|          17|
    |sub_ln245_2_fu_335_p2     |         -|   0|  0|  24|          17|          17|
    |sub_ln245_3_fu_378_p2     |         -|   0|  0|  24|          17|          17|
    |sub_ln245_4_fu_421_p2     |         -|   0|  0|  24|          17|          17|
    |sub_ln245_fu_249_p2       |         -|   0|  0|  24|          17|          17|
    |and_ln245_1_fu_320_p2     |       and|   0|  0|   2|           1|           1|
    |and_ln245_2_fu_363_p2     |       and|   0|  0|   2|           1|           1|
    |and_ln245_3_fu_406_p2     |       and|   0|  0|   2|           1|           1|
    |and_ln245_4_fu_449_p2     |       and|   0|  0|   2|           1|           1|
    |and_ln245_fu_277_p2       |       and|   0|  0|   2|           1|           1|
    |icmp_ln66_1_fu_186_p2     |      icmp|   0|  0|  23|          16|          16|
    |icmp_ln66_2_fu_206_p2     |      icmp|   0|  0|  23|          16|          16|
    |icmp_ln66_3_fu_226_p2     |      icmp|   0|  0|  23|          16|          16|
    |icmp_ln66_fu_166_p2       |      icmp|   0|  0|  23|          16|          16|
    |a_3_fu_651_p3             |    select|   0|  0|  17|           1|           2|
    |a_4_fu_715_p3             |    select|   0|  0|  17|           1|           2|
    |a_fu_218_p3               |    select|   0|  0|  16|           1|          16|
    |b_2_fu_683_p3             |    select|   0|  0|  17|           1|           2|
    |select_ln245_1_fu_479_p3  |    select|   0|  0|  10|           1|          10|
    |select_ln245_2_fu_492_p3  |    select|   0|  0|  11|           1|           9|
    |select_ln245_3_fu_510_p3  |    select|   0|  0|  10|           1|          10|
    |select_ln245_4_fu_523_p3  |    select|   0|  0|  11|           1|           9|
    |select_ln245_5_fu_541_p3  |    select|   0|  0|  10|           1|          10|
    |select_ln245_6_fu_554_p3  |    select|   0|  0|  11|           1|           9|
    |select_ln245_7_fu_572_p3  |    select|   0|  0|  10|           1|          10|
    |select_ln245_8_fu_585_p3  |    select|   0|  0|  11|           1|           9|
    |select_ln245_9_fu_603_p3  |    select|   0|  0|  10|           1|          10|
    |select_ln245_fu_461_p3    |    select|   0|  0|  11|           1|           9|
    |select_ln51_fu_759_p3     |    select|   0|  0|   9|           1|           2|
    |select_ln66_1_fu_198_p3   |    select|   0|  0|  16|           1|          16|
    |select_ln66_fu_178_p3     |    select|   0|  0|  16|           1|          16|
    |x_max_fu_236_p3           |    select|   0|  0|  16|           1|          16|
    |xor_ln245_1_fu_283_p2     |       xor|   0|  0|   2|           1|           1|
    |xor_ln245_2_fu_314_p2     |       xor|   0|  0|   2|           1|           2|
    |xor_ln245_3_fu_326_p2     |       xor|   0|  0|   2|           1|           1|
    |xor_ln245_4_fu_357_p2     |       xor|   0|  0|   2|           1|           2|
    |xor_ln245_5_fu_369_p2     |       xor|   0|  0|   2|           1|           1|
    |xor_ln245_6_fu_400_p2     |       xor|   0|  0|   2|           1|           2|
    |xor_ln245_7_fu_412_p2     |       xor|   0|  0|   2|           1|           1|
    |xor_ln245_8_fu_443_p2     |       xor|   0|  0|   2|           1|           2|
    |xor_ln245_9_fu_455_p2     |       xor|   0|  0|   2|           1|           1|
    |xor_ln245_fu_271_p2       |       xor|   0|  0|   2|           1|           2|
    |xor_ln66_1_fu_192_p2      |       xor|   0|  0|   2|           1|           2|
    |xor_ln66_2_fu_212_p2      |       xor|   0|  0|   2|           1|           2|
    |xor_ln66_3_fu_230_p2      |       xor|   0|  0|   2|           1|           2|
    |xor_ln66_fu_172_p2        |       xor|   0|  0|   2|           1|           2|
    +--------------------------+----------+----+---+----+------------+------------+
    |Total                     |          |   0|  0| 675|         326|         484|
    +--------------------------+----------+----+---+----+------------+------------+

    * Multiplexer: 
    +-------------+----+-----------+-----+-----------+
    |     Name    | LUT| Input Size| Bits| Total Bits|
    +-------------+----+-----------+-----+-----------+
    |ap_return_0  |  14|          3|   16|         48|
    |ap_return_1  |  14|          3|   16|         48|
    |ap_return_2  |  14|          3|   16|         48|
    |ap_return_3  |  14|          3|   16|         48|
    |ap_return_4  |  14|          3|   16|         48|
    +-------------+----+-----------+-----+-----------+
    |Total        |  70|         15|   80|        240|
    +-------------+----+-----------+-----+-----------+

    * Register: 
    +---------------------------------+----+----+-----+-----------+
    |               Name              | FF | LUT| Bits| Const Bits|
    +---------------------------------+----+----+-----+-----------+
    |a_4_reg_984                      |  17|   0|   17|          0|
    |a_reg_928                        |  16|   0|   16|          0|
    |ap_ce_reg                        |   1|   0|    1|          0|
    |ap_return_0_int_reg              |  16|   0|   16|          0|
    |ap_return_1_int_reg              |  16|   0|   16|          0|
    |ap_return_2_int_reg              |  16|   0|   16|          0|
    |ap_return_3_int_reg              |  16|   0|   16|          0|
    |ap_return_4_int_reg              |  16|   0|   16|          0|
    |data_0_val_int_reg               |  16|   0|   16|          0|
    |data_0_val_read_reg_923          |  16|   0|   16|          0|
    |data_1_val_int_reg               |  16|   0|   16|          0|
    |data_1_val_read_reg_918          |  16|   0|   16|          0|
    |data_2_val_int_reg               |  16|   0|   16|          0|
    |data_2_val_read_reg_913          |  16|   0|   16|          0|
    |data_3_val_int_reg               |  16|   0|   16|          0|
    |data_3_val_read_reg_908          |  16|   0|   16|          0|
    |data_4_val_int_reg               |  16|   0|   16|          0|
    |data_4_val_read_reg_901          |  16|   0|   16|          0|
    |exp_res_5_reg_964                |  17|   0|   17|          0|
    |exp_res_5_reg_964_pp0_iter3_reg  |  17|   0|   17|          0|
    |exp_res_6_reg_969                |  17|   0|   17|          0|
    |exp_res_6_reg_969_pp0_iter3_reg  |  17|   0|   17|          0|
    |exp_res_7_reg_974                |  17|   0|   17|          0|
    |exp_res_7_reg_974_pp0_iter3_reg  |  17|   0|   17|          0|
    |exp_res_8_reg_990                |  17|   0|   17|          0|
    |exp_res_reg_959                  |  17|   0|   17|          0|
    |exp_res_reg_959_pp0_iter3_reg    |  17|   0|   17|          0|
    |select_ln245_9_reg_954           |  10|   0|   10|          0|
    +---------------------------------+----+----+-----+-----------+
    |Total                            | 437|   0|  437|          0|
    +---------------------------------+----+----+-----+-----------+



================================================================
== Interface
================================================================
* Summary: 
+-------------+-----+-----+------------+----------------------------------------------------------------+--------------+
|  RTL Ports  | Dir | Bits|  Protocol  |                          Source Object                         |    C Type    |
+-------------+-----+-----+------------+----------------------------------------------------------------+--------------+
|ap_clk       |   in|    1|  ap_ctrl_hs|  softmax_stable<ap_fixed,ap_fixed<16,6,5,3,0>,softmax_config13>|  return value|
|ap_rst       |   in|    1|  ap_ctrl_hs|  softmax_stable<ap_fixed,ap_fixed<16,6,5,3,0>,softmax_config13>|  return value|
|ap_return_0  |  out|   16|  ap_ctrl_hs|  softmax_stable<ap_fixed,ap_fixed<16,6,5,3,0>,softmax_config13>|  return value|
|ap_return_1  |  out|   16|  ap_ctrl_hs|  softmax_stable<ap_fixed,ap_fixed<16,6,5,3,0>,softmax_config13>|  return value|
|ap_return_2  |  out|   16|  ap_ctrl_hs|  softmax_stable<ap_fixed,ap_fixed<16,6,5,3,0>,softmax_config13>|  return value|
|ap_return_3  |  out|   16|  ap_ctrl_hs|  softmax_stable<ap_fixed,ap_fixed<16,6,5,3,0>,softmax_config13>|  return value|
|ap_return_4  |  out|   16|  ap_ctrl_hs|  softmax_stable<ap_fixed,ap_fixed<16,6,5,3,0>,softmax_config13>|  return value|
|ap_ce        |   in|    1|  ap_ctrl_hs|  softmax_stable<ap_fixed,ap_fixed<16,6,5,3,0>,softmax_config13>|  return value|
|data_0_val   |   in|   16|     ap_none|                                                      data_0_val|        scalar|
|data_1_val   |   in|   16|     ap_none|                                                      data_1_val|        scalar|
|data_2_val   |   in|   16|     ap_none|                                                      data_2_val|        scalar|
|data_3_val   |   in|   16|     ap_none|                                                      data_3_val|        scalar|
|data_4_val   |   in|   16|     ap_none|                                                      data_4_val|        scalar|
+-------------+-----+-----+------------+----------------------------------------------------------------+--------------+

