#-----------------------------------------------------------
# Vivado v2023.2 (64-bit)
# SW Build 4029153 on Fri Oct 13 20:13:54 MDT 2023
# IP Build 4028589 on Sat Oct 14 00:45:43 MDT 2023
# SharedData Build 4025554 on Tue Oct 10 17:18:54 MDT 2023
# Start of session at: Fri Oct 17 12:08:11 2025
# Process ID: 2932143
# Current directory: /data/hlssynt-users/enlupi/repo/hls4ml-tutorial/Models/model_3.1/hls4ml_prj
# Command line: vivado -mode batch -source vivado_synth.tcl
# Log file: /data/hlssynt-users/enlupi/repo/hls4ml-tutorial/Models/model_3.1/hls4ml_prj/vivado.log
# Journal file: /data/hlssynt-users/enlupi/repo/hls4ml-tutorial/Models/model_3.1/hls4ml_prj/vivado.jou
# Running On: olhsw-01.cern.ch, OS: Linux, CPU Frequency: 3600.000 MHz, CPU Physical cores: 25, Host memory: 134520 MB
#-----------------------------------------------------------
source vivado_synth.tcl
# set tcldir [file dirname [info script]]
# source [file join $tcldir project.tcl]
## variable project_name
## set project_name "myproject"
## variable backend
## set backend "vitis"
## variable part
## set part "xcu250-figd2104-2L-e"
## variable clock_period
## set clock_period 5
## variable clock_uncertainty
## set clock_uncertainty 27%
## variable version
## set version "1.0.0"
## variable maximum_size
## set maximum_size 4096
# add_files ${project_name}_prj/solution1/syn/verilog
add_files: Time (s): cpu = 00:00:06 ; elapsed = 00:00:07 . Memory (MB): peak = 1554.152 ; gain = 129.836 ; free physical = 69622 ; free virtual = 118572
# synth_design -top ${project_name} -part $part
Command: synth_design -top myproject -part xcu250-figd2104-2L-e
Starting synth_design
Attempting to get a license for feature 'Synthesis' and/or device 'xcu250'
INFO: [Common 17-349] Got license for feature 'Synthesis' and/or device 'xcu250'
INFO: [Synth 8-7079] Multithreading enabled for synth_design using a maximum of 4 processes.
INFO: [Synth 8-7078] Launching helper process for spawning children vivado processes
INFO: [Synth 8-7075] Helper process launched with PID 2932188
---------------------------------------------------------------------------------
Starting Synthesize : Time (s): cpu = 00:00:04 ; elapsed = 00:00:04 . Memory (MB): peak = 1977.742 ; gain = 412.668 ; free physical = 68905 ; free virtual = 117869
---------------------------------------------------------------------------------
INFO: [Synth 8-6157] synthesizing module 'myproject' [/data/hlssynt-users/enlupi/repo/hls4ml-tutorial/Models/model_3.1/hls4ml_prj/myproject_prj/solution1/syn/verilog/myproject.v:9]
INFO: [Synth 8-6157] synthesizing module 'myproject_dense_latency_ap_fixed_16_6_5_3_0_ap_fixed_16_6_5_3_0_config3_s' [/data/hlssynt-users/enlupi/repo/hls4ml-tutorial/Models/model_3.1/hls4ml_prj/myproject_prj/solution1/syn/verilog/myproject_dense_latency_ap_fixed_16_6_5_3_0_ap_fixed_16_6_5_3_0_config3_s.v:9]
INFO: [Synth 8-6157] synthesizing module 'myproject_mul_14s_11ns_25_1_0' [/data/hlssynt-users/enlupi/repo/hls4ml-tutorial/Models/model_3.1/hls4ml_prj/myproject_prj/solution1/syn/verilog/myproject_mul_14s_11ns_25_1_0.v:5]
	Parameter ID bound to: 1 - type: integer 
	Parameter NUM_STAGE bound to: 1 - type: integer 
	Parameter din0_WIDTH bound to: 14 - type: integer 
	Parameter din1_WIDTH bound to: 11 - type: integer 
	Parameter dout_WIDTH bound to: 25 - type: integer 
INFO: [Synth 8-6155] done synthesizing module 'myproject_mul_14s_11ns_25_1_0' (0#1) [/data/hlssynt-users/enlupi/repo/hls4ml-tutorial/Models/model_3.1/hls4ml_prj/myproject_prj/solution1/syn/verilog/myproject_mul_14s_11ns_25_1_0.v:5]
INFO: [Synth 8-6157] synthesizing module 'myproject_mul_15s_14s_26_1_0' [/data/hlssynt-users/enlupi/repo/hls4ml-tutorial/Models/model_3.1/hls4ml_prj/myproject_prj/solution1/syn/verilog/myproject_mul_15s_14s_26_1_0.v:5]
	Parameter ID bound to: 1 - type: integer 
	Parameter NUM_STAGE bound to: 1 - type: integer 
	Parameter din0_WIDTH bound to: 15 - type: integer 
	Parameter din1_WIDTH bound to: 14 - type: integer 
	Parameter dout_WIDTH bound to: 26 - type: integer 
INFO: [Synth 8-6155] done synthesizing module 'myproject_mul_15s_14s_26_1_0' (0#1) [/data/hlssynt-users/enlupi/repo/hls4ml-tutorial/Models/model_3.1/hls4ml_prj/myproject_prj/solution1/syn/verilog/myproject_mul_15s_14s_26_1_0.v:5]
INFO: [Synth 8-6157] synthesizing module 'myproject_mul_14s_12ns_26_1_0' [/data/hlssynt-users/enlupi/repo/hls4ml-tutorial/Models/model_3.1/hls4ml_prj/myproject_prj/solution1/syn/verilog/myproject_mul_14s_12ns_26_1_0.v:5]
	Parameter ID bound to: 1 - type: integer 
	Parameter NUM_STAGE bound to: 1 - type: integer 
	Parameter din0_WIDTH bound to: 14 - type: integer 
	Parameter din1_WIDTH bound to: 12 - type: integer 
	Parameter dout_WIDTH bound to: 26 - type: integer 
INFO: [Synth 8-6155] done synthesizing module 'myproject_mul_14s_12ns_26_1_0' (0#1) [/data/hlssynt-users/enlupi/repo/hls4ml-tutorial/Models/model_3.1/hls4ml_prj/myproject_prj/solution1/syn/verilog/myproject_mul_14s_12ns_26_1_0.v:5]
INFO: [Synth 8-6155] done synthesizing module 'myproject_dense_latency_ap_fixed_16_6_5_3_0_ap_fixed_16_6_5_3_0_config3_s' (0#1) [/data/hlssynt-users/enlupi/repo/hls4ml-tutorial/Models/model_3.1/hls4ml_prj/myproject_prj/solution1/syn/verilog/myproject_dense_latency_ap_fixed_16_6_5_3_0_ap_fixed_16_6_5_3_0_config3_s.v:9]
INFO: [Synth 8-6157] synthesizing module 'myproject_relu_ap_fixed_16_6_5_3_0_ap_fixed_16_6_5_3_0_ReLU_config6_s' [/data/hlssynt-users/enlupi/repo/hls4ml-tutorial/Models/model_3.1/hls4ml_prj/myproject_prj/solution1/syn/verilog/myproject_relu_ap_fixed_16_6_5_3_0_ap_fixed_16_6_5_3_0_ReLU_config6_s.v:9]
INFO: [Synth 8-6155] done synthesizing module 'myproject_relu_ap_fixed_16_6_5_3_0_ap_fixed_16_6_5_3_0_ReLU_config6_s' (0#1) [/data/hlssynt-users/enlupi/repo/hls4ml-tutorial/Models/model_3.1/hls4ml_prj/myproject_prj/solution1/syn/verilog/myproject_relu_ap_fixed_16_6_5_3_0_ap_fixed_16_6_5_3_0_ReLU_config6_s.v:9]
INFO: [Synth 8-6157] synthesizing module 'myproject_dense_latency_ap_fixed_16_6_5_3_0_ap_fixed_16_6_5_3_0_config8_s' [/data/hlssynt-users/enlupi/repo/hls4ml-tutorial/Models/model_3.1/hls4ml_prj/myproject_prj/solution1/syn/verilog/myproject_dense_latency_ap_fixed_16_6_5_3_0_ap_fixed_16_6_5_3_0_config8_s.v:9]
INFO: [Synth 8-6155] done synthesizing module 'myproject_dense_latency_ap_fixed_16_6_5_3_0_ap_fixed_16_6_5_3_0_config8_s' (0#1) [/data/hlssynt-users/enlupi/repo/hls4ml-tutorial/Models/model_3.1/hls4ml_prj/myproject_prj/solution1/syn/verilog/myproject_dense_latency_ap_fixed_16_6_5_3_0_ap_fixed_16_6_5_3_0_config8_s.v:9]
INFO: [Synth 8-6157] synthesizing module 'myproject_relu_ap_fixed_16_6_5_3_0_ap_fixed_16_6_5_3_0_ReLU_config11_s' [/data/hlssynt-users/enlupi/repo/hls4ml-tutorial/Models/model_3.1/hls4ml_prj/myproject_prj/solution1/syn/verilog/myproject_relu_ap_fixed_16_6_5_3_0_ap_fixed_16_6_5_3_0_ReLU_config11_s.v:9]
INFO: [Synth 8-6155] done synthesizing module 'myproject_relu_ap_fixed_16_6_5_3_0_ap_fixed_16_6_5_3_0_ReLU_config11_s' (0#1) [/data/hlssynt-users/enlupi/repo/hls4ml-tutorial/Models/model_3.1/hls4ml_prj/myproject_prj/solution1/syn/verilog/myproject_relu_ap_fixed_16_6_5_3_0_ap_fixed_16_6_5_3_0_ReLU_config11_s.v:9]
INFO: [Synth 8-6157] synthesizing module 'myproject_dense_latency_ap_fixed_16_6_5_3_0_ap_fixed_16_6_5_3_0_config13_s' [/data/hlssynt-users/enlupi/repo/hls4ml-tutorial/Models/model_3.1/hls4ml_prj/myproject_prj/solution1/syn/verilog/myproject_dense_latency_ap_fixed_16_6_5_3_0_ap_fixed_16_6_5_3_0_config13_s.v:9]
INFO: [Synth 8-6157] synthesizing module 'myproject_mul_16s_10ns_26_1_0' [/data/hlssynt-users/enlupi/repo/hls4ml-tutorial/Models/model_3.1/hls4ml_prj/myproject_prj/solution1/syn/verilog/myproject_mul_16s_10ns_26_1_0.v:5]
	Parameter ID bound to: 1 - type: integer 
	Parameter NUM_STAGE bound to: 1 - type: integer 
	Parameter din0_WIDTH bound to: 16 - type: integer 
	Parameter din1_WIDTH bound to: 10 - type: integer 
	Parameter dout_WIDTH bound to: 26 - type: integer 
INFO: [Synth 8-6155] done synthesizing module 'myproject_mul_16s_10ns_26_1_0' (0#1) [/data/hlssynt-users/enlupi/repo/hls4ml-tutorial/Models/model_3.1/hls4ml_prj/myproject_prj/solution1/syn/verilog/myproject_mul_16s_10ns_26_1_0.v:5]
INFO: [Synth 8-6155] done synthesizing module 'myproject_dense_latency_ap_fixed_16_6_5_3_0_ap_fixed_16_6_5_3_0_config13_s' (0#1) [/data/hlssynt-users/enlupi/repo/hls4ml-tutorial/Models/model_3.1/hls4ml_prj/myproject_prj/solution1/syn/verilog/myproject_dense_latency_ap_fixed_16_6_5_3_0_ap_fixed_16_6_5_3_0_config13_s.v:9]
INFO: [Synth 8-6157] synthesizing module 'myproject_relu_ap_fixed_16_6_5_3_0_ap_fixed_16_6_5_3_0_ReLU_config16_s' [/data/hlssynt-users/enlupi/repo/hls4ml-tutorial/Models/model_3.1/hls4ml_prj/myproject_prj/solution1/syn/verilog/myproject_relu_ap_fixed_16_6_5_3_0_ap_fixed_16_6_5_3_0_ReLU_config16_s.v:9]
INFO: [Synth 8-6155] done synthesizing module 'myproject_relu_ap_fixed_16_6_5_3_0_ap_fixed_16_6_5_3_0_ReLU_config16_s' (0#1) [/data/hlssynt-users/enlupi/repo/hls4ml-tutorial/Models/model_3.1/hls4ml_prj/myproject_prj/solution1/syn/verilog/myproject_relu_ap_fixed_16_6_5_3_0_ap_fixed_16_6_5_3_0_ReLU_config16_s.v:9]
INFO: [Synth 8-6157] synthesizing module 'myproject_dense_latency_ap_fixed_16_6_5_3_0_ap_fixed_16_6_5_3_0_config18_s' [/data/hlssynt-users/enlupi/repo/hls4ml-tutorial/Models/model_3.1/hls4ml_prj/myproject_prj/solution1/syn/verilog/myproject_dense_latency_ap_fixed_16_6_5_3_0_ap_fixed_16_6_5_3_0_config18_s.v:9]
INFO: [Synth 8-6157] synthesizing module 'myproject_mul_15ns_9ns_23_1_0' [/data/hlssynt-users/enlupi/repo/hls4ml-tutorial/Models/model_3.1/hls4ml_prj/myproject_prj/solution1/syn/verilog/myproject_mul_15ns_9ns_23_1_0.v:5]
	Parameter ID bound to: 1 - type: integer 
	Parameter NUM_STAGE bound to: 1 - type: integer 
	Parameter din0_WIDTH bound to: 15 - type: integer 
	Parameter din1_WIDTH bound to: 9 - type: integer 
	Parameter dout_WIDTH bound to: 23 - type: integer 
INFO: [Synth 8-6155] done synthesizing module 'myproject_mul_15ns_9ns_23_1_0' (0#1) [/data/hlssynt-users/enlupi/repo/hls4ml-tutorial/Models/model_3.1/hls4ml_prj/myproject_prj/solution1/syn/verilog/myproject_mul_15ns_9ns_23_1_0.v:5]
INFO: [Synth 8-6157] synthesizing module 'myproject_mul_15ns_10ns_24_1_0' [/data/hlssynt-users/enlupi/repo/hls4ml-tutorial/Models/model_3.1/hls4ml_prj/myproject_prj/solution1/syn/verilog/myproject_mul_15ns_10ns_24_1_0.v:5]
	Parameter ID bound to: 1 - type: integer 
	Parameter NUM_STAGE bound to: 1 - type: integer 
	Parameter din0_WIDTH bound to: 15 - type: integer 
	Parameter din1_WIDTH bound to: 10 - type: integer 
	Parameter dout_WIDTH bound to: 24 - type: integer 
INFO: [Synth 8-6155] done synthesizing module 'myproject_mul_15ns_10ns_24_1_0' (0#1) [/data/hlssynt-users/enlupi/repo/hls4ml-tutorial/Models/model_3.1/hls4ml_prj/myproject_prj/solution1/syn/verilog/myproject_mul_15ns_10ns_24_1_0.v:5]
INFO: [Synth 8-6157] synthesizing module 'myproject_mul_15ns_9s_24_1_0' [/data/hlssynt-users/enlupi/repo/hls4ml-tutorial/Models/model_3.1/hls4ml_prj/myproject_prj/solution1/syn/verilog/myproject_mul_15ns_9s_24_1_0.v:5]
	Parameter ID bound to: 1 - type: integer 
	Parameter NUM_STAGE bound to: 1 - type: integer 
	Parameter din0_WIDTH bound to: 15 - type: integer 
	Parameter din1_WIDTH bound to: 9 - type: integer 
	Parameter dout_WIDTH bound to: 24 - type: integer 
INFO: [Synth 8-6155] done synthesizing module 'myproject_mul_15ns_9s_24_1_0' (0#1) [/data/hlssynt-users/enlupi/repo/hls4ml-tutorial/Models/model_3.1/hls4ml_prj/myproject_prj/solution1/syn/verilog/myproject_mul_15ns_9s_24_1_0.v:5]
INFO: [Synth 8-6157] synthesizing module 'myproject_mul_15ns_10s_25_1_0' [/data/hlssynt-users/enlupi/repo/hls4ml-tutorial/Models/model_3.1/hls4ml_prj/myproject_prj/solution1/syn/verilog/myproject_mul_15ns_10s_25_1_0.v:5]
	Parameter ID bound to: 1 - type: integer 
	Parameter NUM_STAGE bound to: 1 - type: integer 
	Parameter din0_WIDTH bound to: 15 - type: integer 
	Parameter din1_WIDTH bound to: 10 - type: integer 
	Parameter dout_WIDTH bound to: 25 - type: integer 
INFO: [Synth 8-6155] done synthesizing module 'myproject_mul_15ns_10s_25_1_0' (0#1) [/data/hlssynt-users/enlupi/repo/hls4ml-tutorial/Models/model_3.1/hls4ml_prj/myproject_prj/solution1/syn/verilog/myproject_mul_15ns_10s_25_1_0.v:5]
INFO: [Synth 8-6155] done synthesizing module 'myproject_dense_latency_ap_fixed_16_6_5_3_0_ap_fixed_16_6_5_3_0_config18_s' (0#1) [/data/hlssynt-users/enlupi/repo/hls4ml-tutorial/Models/model_3.1/hls4ml_prj/myproject_prj/solution1/syn/verilog/myproject_dense_latency_ap_fixed_16_6_5_3_0_ap_fixed_16_6_5_3_0_config18_s.v:9]
INFO: [Synth 8-6155] done synthesizing module 'myproject' (0#1) [/data/hlssynt-users/enlupi/repo/hls4ml-tutorial/Models/model_3.1/hls4ml_prj/myproject_prj/solution1/syn/verilog/myproject.v:9]
WARNING: [Synth 8-3936] Found unconnected internal register 'input_1_in_sig_reg' and it is trimmed from '256' to '254' bits. [/data/hlssynt-users/enlupi/repo/hls4ml-tutorial/Models/model_3.1/hls4ml_prj/myproject_prj/solution1/syn/verilog/myproject.v:1017]
WARNING: [Synth 8-3917] design myproject has port layer20_out_0[4] driven by constant 0
WARNING: [Synth 8-3917] design myproject has port layer20_out_0[3] driven by constant 0
WARNING: [Synth 8-3917] design myproject has port layer20_out_0[2] driven by constant 0
WARNING: [Synth 8-3917] design myproject has port layer20_out_0[1] driven by constant 0
WARNING: [Synth 8-3917] design myproject has port layer20_out_0[0] driven by constant 0
WARNING: [Synth 8-3917] design myproject has port layer20_out_1[3] driven by constant 0
WARNING: [Synth 8-3917] design myproject has port layer20_out_1[2] driven by constant 0
WARNING: [Synth 8-3917] design myproject has port layer20_out_1[1] driven by constant 0
WARNING: [Synth 8-3917] design myproject has port layer20_out_1[0] driven by constant 0
WARNING: [Synth 8-3917] design myproject has port layer20_out_2[4] driven by constant 0
WARNING: [Synth 8-3917] design myproject has port layer20_out_2[3] driven by constant 0
WARNING: [Synth 8-3917] design myproject has port layer20_out_2[2] driven by constant 0
WARNING: [Synth 8-3917] design myproject has port layer20_out_2[1] driven by constant 0
WARNING: [Synth 8-3917] design myproject has port layer20_out_2[0] driven by constant 0
WARNING: [Synth 8-3917] design myproject has port layer20_out_3[3] driven by constant 0
WARNING: [Synth 8-3917] design myproject has port layer20_out_3[2] driven by constant 0
WARNING: [Synth 8-3917] design myproject has port layer20_out_3[1] driven by constant 0
WARNING: [Synth 8-3917] design myproject has port layer20_out_3[0] driven by constant 0
WARNING: [Synth 8-3917] design myproject has port layer20_out_4[4] driven by constant 0
WARNING: [Synth 8-3917] design myproject has port layer20_out_4[3] driven by constant 0
WARNING: [Synth 8-3917] design myproject has port layer20_out_4[2] driven by constant 0
WARNING: [Synth 8-3917] design myproject has port layer20_out_4[1] driven by constant 0
WARNING: [Synth 8-3917] design myproject has port layer20_out_4[0] driven by constant 0
WARNING: [Synth 8-7129] Port ap_rst in module myproject_dense_latency_ap_fixed_16_6_5_3_0_ap_fixed_16_6_5_3_0_config18_s is either unconnected or has no load
WARNING: [Synth 8-7129] Port data_1_val[1] in module myproject_dense_latency_ap_fixed_16_6_5_3_0_ap_fixed_16_6_5_3_0_config18_s is either unconnected or has no load
WARNING: [Synth 8-7129] Port data_1_val[0] in module myproject_dense_latency_ap_fixed_16_6_5_3_0_ap_fixed_16_6_5_3_0_config18_s is either unconnected or has no load
WARNING: [Synth 8-7129] Port ap_rst in module myproject_dense_latency_ap_fixed_16_6_5_3_0_ap_fixed_16_6_5_3_0_config13_s is either unconnected or has no load
WARNING: [Synth 8-7129] Port ap_rst in module myproject_dense_latency_ap_fixed_16_6_5_3_0_ap_fixed_16_6_5_3_0_config8_s is either unconnected or has no load
WARNING: [Synth 8-7129] Port data_60_val[1] in module myproject_dense_latency_ap_fixed_16_6_5_3_0_ap_fixed_16_6_5_3_0_config8_s is either unconnected or has no load
WARNING: [Synth 8-7129] Port data_60_val[0] in module myproject_dense_latency_ap_fixed_16_6_5_3_0_ap_fixed_16_6_5_3_0_config8_s is either unconnected or has no load
WARNING: [Synth 8-7129] Port ap_rst in module myproject_dense_latency_ap_fixed_16_6_5_3_0_ap_fixed_16_6_5_3_0_config3_s is either unconnected or has no load
---------------------------------------------------------------------------------
Finished Synthesize : Time (s): cpu = 00:00:06 ; elapsed = 00:00:06 . Memory (MB): peak = 2084.680 ; gain = 519.605 ; free physical = 68789 ; free virtual = 117756
---------------------------------------------------------------------------------
---------------------------------------------------------------------------------
Finished Constraint Validation : Time (s): cpu = 00:00:07 ; elapsed = 00:00:07 . Memory (MB): peak = 2102.492 ; gain = 537.418 ; free physical = 68780 ; free virtual = 117748
---------------------------------------------------------------------------------
---------------------------------------------------------------------------------
Start Loading Part and Timing Information
---------------------------------------------------------------------------------
Loading part: xcu250-figd2104-2L-e
INFO: [Synth 8-6742] Reading net delay rules and data
INFO: [Device 21-403] Loading part xcu250-figd2104-2L-e
---------------------------------------------------------------------------------
Finished Loading Part and Timing Information : Time (s): cpu = 00:00:07 ; elapsed = 00:00:07 . Memory (MB): peak = 2116.434 ; gain = 551.359 ; free physical = 68773 ; free virtual = 117740
---------------------------------------------------------------------------------
---------------------------------------------------------------------------------
Finished RTL Optimization Phase 2 : Time (s): cpu = 00:00:09 ; elapsed = 00:00:08 . Memory (MB): peak = 2217.941 ; gain = 652.867 ; free physical = 68651 ; free virtual = 117630
---------------------------------------------------------------------------------
No constraint files found.
---------------------------------------------------------------------------------
Start RTL Component Statistics 
---------------------------------------------------------------------------------
Detailed RTL Component Info : 
+---Adders : 
	   3 Input   26 Bit       Adders := 33    
	   2 Input   26 Bit       Adders := 10    
	   3 Input   25 Bit       Adders := 17    
	   2 Input   25 Bit       Adders := 6     
	   3 Input   24 Bit       Adders := 14    
	   2 Input   24 Bit       Adders := 5     
	   3 Input   23 Bit       Adders := 17    
	   2 Input   23 Bit       Adders := 2     
	   3 Input   22 Bit       Adders := 1     
	   5 Input   16 Bit       Adders := 7     
	  10 Input   16 Bit       Adders := 6     
	   7 Input   16 Bit       Adders := 5     
	   3 Input   16 Bit       Adders := 17    
	   2 Input   16 Bit       Adders := 9     
	   9 Input   16 Bit       Adders := 7     
	   6 Input   16 Bit       Adders := 11    
	   8 Input   16 Bit       Adders := 5     
	  11 Input   16 Bit       Adders := 9     
	   4 Input   16 Bit       Adders := 9     
	  12 Input   16 Bit       Adders := 3     
	  15 Input   16 Bit       Adders := 2     
	  14 Input   16 Bit       Adders := 1     
	  19 Input   16 Bit       Adders := 1     
	  17 Input   16 Bit       Adders := 1     
	  18 Input   16 Bit       Adders := 2     
	   2 Input   15 Bit       Adders := 47    
	   3 Input   15 Bit       Adders := 5     
	   6 Input   15 Bit       Adders := 1     
	   2 Input   14 Bit       Adders := 46    
	   3 Input   14 Bit       Adders := 4     
	   2 Input   13 Bit       Adders := 29    
	   3 Input   13 Bit       Adders := 3     
	   2 Input   12 Bit       Adders := 14    
	   3 Input   12 Bit       Adders := 1     
	   2 Input   11 Bit       Adders := 9     
	   2 Input   10 Bit       Adders := 9     
	   2 Input    9 Bit       Adders := 1     
	   2 Input    8 Bit       Adders := 3     
	   2 Input    7 Bit       Adders := 4     
	   2 Input    6 Bit       Adders := 1     
	   2 Input    5 Bit       Adders := 3     
+---Registers : 
	              256 Bit    Registers := 1     
	               16 Bit    Registers := 138   
	               15 Bit    Registers := 6     
	               14 Bit    Registers := 1     
	               13 Bit    Registers := 1     
	               12 Bit    Registers := 1     
	               11 Bit    Registers := 1     
	               10 Bit    Registers := 4     
	                9 Bit    Registers := 2     
	                8 Bit    Registers := 8     
	                7 Bit    Registers := 15    
	                6 Bit    Registers := 18    
	                5 Bit    Registers := 14    
	                4 Bit    Registers := 8     
	                1 Bit    Registers := 15    
+---Muxes : 
	   2 Input  254 Bit        Muxes := 1     
	   2 Input   16 Bit        Muxes := 60    
	   2 Input   15 Bit        Muxes := 55    
	   2 Input    1 Bit        Muxes := 2     
---------------------------------------------------------------------------------
Finished RTL Component Statistics 
---------------------------------------------------------------------------------
---------------------------------------------------------------------------------
Start Part Resource Summary
---------------------------------------------------------------------------------
Part Resources:
DSPs: 12288 (col length:96)
BRAMs: 5376 (col length: RAMB18 384 RAMB36 192)
---------------------------------------------------------------------------------
Finished Part Resource Summary
---------------------------------------------------------------------------------
No constraint files found.
---------------------------------------------------------------------------------
Start Cross Boundary and Area Optimization
---------------------------------------------------------------------------------
WARNING: [Synth 8-7080] Parallel synthesis criteria is not met
DSP Report: Generating DSP mul_14s_11ns_25_1_0_U1/tmp_product, operation Mode is: A*(B:0x260).
DSP Report: operator mul_14s_11ns_25_1_0_U1/tmp_product is absorbed into DSP mul_14s_11ns_25_1_0_U1/tmp_product.
DSP Report: Generating DSP mul_14s_12ns_26_1_0_U3/tmp_product, operation Mode is: A*(B:0x580).
DSP Report: operator mul_14s_12ns_26_1_0_U3/tmp_product is absorbed into DSP mul_14s_12ns_26_1_0_U3/tmp_product.
DSP Report: Generating DSP mul_15s_14s_26_1_0_U2/tmp_product, operation Mode is: A*(B:0x3ee80).
DSP Report: operator mul_15s_14s_26_1_0_U2/tmp_product is absorbed into DSP mul_15s_14s_26_1_0_U2/tmp_product.
DSP Report: Generating DSP mul_16s_10ns_26_1_0_U93/tmp_product, operation Mode is: A*(B:0x1a0).
DSP Report: operator mul_16s_10ns_26_1_0_U93/tmp_product is absorbed into DSP mul_16s_10ns_26_1_0_U93/tmp_product.
DSP Report: Generating DSP mul_15ns_10s_25_1_0_U125/tmp_product, operation Mode is: A2*(B:0x3fe60).
DSP Report: register mul_15ns_10s_25_1_0_U125/tmp_product is absorbed into DSP mul_15ns_10s_25_1_0_U125/tmp_product.
DSP Report: operator mul_15ns_10s_25_1_0_U125/tmp_product is absorbed into DSP mul_15ns_10s_25_1_0_U125/tmp_product.
DSP Report: Generating DSP mul_15ns_10ns_24_1_0_U123/tmp_product, operation Mode is: A*(B:0x160).
DSP Report: operator mul_15ns_10ns_24_1_0_U123/tmp_product is absorbed into DSP mul_15ns_10ns_24_1_0_U123/tmp_product.
DSP Report: Generating DSP mul_15ns_9ns_23_1_0_U122/tmp_product, operation Mode is: A2*(B:0xb0).
DSP Report: register mul_15ns_9ns_23_1_0_U122/tmp_product is absorbed into DSP mul_15ns_9ns_23_1_0_U122/tmp_product.
DSP Report: operator mul_15ns_9ns_23_1_0_U122/tmp_product is absorbed into DSP mul_15ns_9ns_23_1_0_U122/tmp_product.
DSP Report: Generating DSP mul_15ns_9s_24_1_0_U124/tmp_product, operation Mode is: A*(B:0x3ff30).
DSP Report: operator mul_15ns_9s_24_1_0_U124/tmp_product is absorbed into DSP mul_15ns_9s_24_1_0_U124/tmp_product.
WARNING: [Synth 8-3917] design myproject has port layer20_out_0[4] driven by constant 0
WARNING: [Synth 8-3917] design myproject has port layer20_out_0[3] driven by constant 0
WARNING: [Synth 8-3917] design myproject has port layer20_out_0[2] driven by constant 0
WARNING: [Synth 8-3917] design myproject has port layer20_out_0[1] driven by constant 0
WARNING: [Synth 8-3917] design myproject has port layer20_out_0[0] driven by constant 0
WARNING: [Synth 8-3917] design myproject has port layer20_out_1[3] driven by constant 0
WARNING: [Synth 8-3917] design myproject has port layer20_out_1[2] driven by constant 0
WARNING: [Synth 8-3917] design myproject has port layer20_out_1[1] driven by constant 0
WARNING: [Synth 8-3917] design myproject has port layer20_out_1[0] driven by constant 0
WARNING: [Synth 8-3917] design myproject has port layer20_out_2[4] driven by constant 0
WARNING: [Synth 8-3917] design myproject has port layer20_out_2[3] driven by constant 0
WARNING: [Synth 8-3917] design myproject has port layer20_out_2[2] driven by constant 0
WARNING: [Synth 8-3917] design myproject has port layer20_out_2[1] driven by constant 0
WARNING: [Synth 8-3917] design myproject has port layer20_out_2[0] driven by constant 0
WARNING: [Synth 8-3917] design myproject has port layer20_out_3[3] driven by constant 0
WARNING: [Synth 8-3917] design myproject has port layer20_out_3[2] driven by constant 0
WARNING: [Synth 8-3917] design myproject has port layer20_out_3[1] driven by constant 0
WARNING: [Synth 8-3917] design myproject has port layer20_out_3[0] driven by constant 0
WARNING: [Synth 8-3917] design myproject has port layer20_out_4[4] driven by constant 0
WARNING: [Synth 8-3917] design myproject has port layer20_out_4[3] driven by constant 0
WARNING: [Synth 8-3917] design myproject has port layer20_out_4[2] driven by constant 0
WARNING: [Synth 8-3917] design myproject has port layer20_out_4[1] driven by constant 0
WARNING: [Synth 8-3917] design myproject has port layer20_out_4[0] driven by constant 0
---------------------------------------------------------------------------------
Finished Cross Boundary and Area Optimization : Time (s): cpu = 00:00:47 ; elapsed = 00:00:48 . Memory (MB): peak = 3274.699 ; gain = 1709.625 ; free physical = 67481 ; free virtual = 116570
---------------------------------------------------------------------------------
 Sort Area is myproject_dense_latency_ap_fixed_16_6_5_3_0_ap_fixed_16_6_5_3_0_config3_s mul_15s_14s_26_1_0_U2/tmp_product_0 : 0 0 : 406 406 : Used 1 time 0
 Sort Area is myproject__GB0 mul_15ns_10s_25_1_0_U125/tmp_product_9 : 0 0 : 289 289 : Used 1 time 0
 Sort Area is myproject__GB0 mul_15ns_9ns_23_1_0_U122/tmp_product_b : 0 0 : 261 261 : Used 1 time 0
 Sort Area is myproject_dense_latency_ap_fixed_16_6_5_3_0_ap_fixed_16_6_5_3_0_config3_s mul_14s_12ns_26_1_0_U3/tmp_product_2 : 0 0 : 239 239 : Used 1 time 0
 Sort Area is myproject__GB0 mul_15ns_9s_24_1_0_U124/tmp_product_d : 0 0 : 222 222 : Used 1 time 0
 Sort Area is myproject_dense_latency_ap_fixed_16_6_5_3_0_ap_fixed_16_6_5_3_0_config3_s mul_14s_11ns_25_1_0_U1/tmp_product_4 : 0 0 : 208 208 : Used 1 time 0
 Sort Area is myproject__GB0 mul_15ns_10ns_24_1_0_U123/tmp_product_8 : 0 0 : 187 187 : Used 1 time 0
 Sort Area is myproject__GB0 mul_16s_10ns_26_1_0_U93/tmp_product_6 : 0 0 : 187 187 : Used 1 time 0
---------------------------------------------------------------------------------
Start ROM, RAM, DSP, Shift Register and Retiming Reporting
---------------------------------------------------------------------------------

DSP: Preliminary Mapping Report (see note below. The ' indicates corresponding REG is set)
+---------------------------------------------------------------------------+----------------+--------+--------+--------+--------+--------+------+------+------+------+-------+------+------+
|Module Name                                                                | DSP Mapping    | A Size | B Size | C Size | D Size | P Size | AREG | BREG | CREG | DREG | ADREG | MREG | PREG | 
+---------------------------------------------------------------------------+----------------+--------+--------+--------+--------+--------+------+------+------+------+-------+------+------+
|myproject_mul_14s_11ns_25_1_0                                              | A*(B:0x260)    | 14     | 11     | -      | -      | 25     | 0    | 0    | -    | -    | -     | 0    | 0    | 
|myproject_mul_14s_12ns_26_1_0                                              | A*(B:0x580)    | 14     | 12     | -      | -      | 26     | 0    | 0    | -    | -    | -     | 0    | 0    | 
|myproject_mul_15s_14s_26_1_0                                               | A*(B:0x3ee80)  | 15     | 14     | -      | -      | 29     | 0    | 0    | -    | -    | -     | 0    | 0    | 
|myproject_mul_16s_10ns_26_1_0                                              | A*(B:0x1a0)    | 16     | 10     | -      | -      | 26     | 0    | 0    | -    | -    | -     | 0    | 0    | 
|myproject_dense_latency_ap_fixed_16_6_5_3_0_ap_fixed_16_6_5_3_0_config18_s | A2*(B:0x3fe60) | 16     | 10     | -      | -      | 26     | 1    | 0    | -    | -    | -     | 0    | 0    | 
|myproject_mul_15ns_10ns_24_1_0                                             | A*(B:0x160)    | 16     | 10     | -      | -      | 26     | 0    | 0    | -    | -    | -     | 0    | 0    | 
|myproject_dense_latency_ap_fixed_16_6_5_3_0_ap_fixed_16_6_5_3_0_config18_s | A2*(B:0xb0)    | 16     | 9      | -      | -      | 25     | 1    | 0    | -    | -    | -     | 0    | 0    | 
|myproject_mul_15ns_9s_24_1_0                                               | A*(B:0x3ff30)  | 16     | 9      | -      | -      | 25     | 0    | 0    | -    | -    | -     | 0    | 0    | 
+---------------------------------------------------------------------------+----------------+--------+--------+--------+--------+--------+------+------+------+------+-------+------+------+

Note: The table above is a preliminary report that shows the DSPs inferred at the current stage of the synthesis flow. Some DSP may be reimplemented as non DSP primitives later in the synthesis flow. Multiple instantiated DSPs are reported only once.
---------------------------------------------------------------------------------
Finished ROM, RAM, DSP, Shift Register and Retiming Reporting
---------------------------------------------------------------------------------
No constraint files found.
---------------------------------------------------------------------------------
Start Timing Optimization
---------------------------------------------------------------------------------
---------------------------------------------------------------------------------
Finished Timing Optimization : Time (s): cpu = 00:00:48 ; elapsed = 00:00:48 . Memory (MB): peak = 3274.699 ; gain = 1709.625 ; free physical = 67481 ; free virtual = 116570
---------------------------------------------------------------------------------
---------------------------------------------------------------------------------
Start Technology Mapping
---------------------------------------------------------------------------------
---------------------------------------------------------------------------------
Finished Technology Mapping : Time (s): cpu = 00:00:50 ; elapsed = 00:00:50 . Memory (MB): peak = 3274.699 ; gain = 1709.625 ; free physical = 67478 ; free virtual = 116567
---------------------------------------------------------------------------------
---------------------------------------------------------------------------------
Start IO Insertion
---------------------------------------------------------------------------------
---------------------------------------------------------------------------------
Start Flattening Before IO Insertion
---------------------------------------------------------------------------------
---------------------------------------------------------------------------------
Finished Flattening Before IO Insertion
---------------------------------------------------------------------------------
---------------------------------------------------------------------------------
Start Final Netlist Cleanup
---------------------------------------------------------------------------------
---------------------------------------------------------------------------------
Finished Final Netlist Cleanup
---------------------------------------------------------------------------------
---------------------------------------------------------------------------------
Finished IO Insertion : Time (s): cpu = 00:00:54 ; elapsed = 00:00:54 . Memory (MB): peak = 3274.699 ; gain = 1709.625 ; free physical = 67479 ; free virtual = 116568
---------------------------------------------------------------------------------
---------------------------------------------------------------------------------
Start Renaming Generated Instances
---------------------------------------------------------------------------------
---------------------------------------------------------------------------------
Finished Renaming Generated Instances : Time (s): cpu = 00:00:54 ; elapsed = 00:00:54 . Memory (MB): peak = 3274.699 ; gain = 1709.625 ; free physical = 67479 ; free virtual = 116568
---------------------------------------------------------------------------------
---------------------------------------------------------------------------------
Start Rebuilding User Hierarchy
---------------------------------------------------------------------------------
---------------------------------------------------------------------------------
Finished Rebuilding User Hierarchy : Time (s): cpu = 00:00:54 ; elapsed = 00:00:55 . Memory (MB): peak = 3274.699 ; gain = 1709.625 ; free physical = 67478 ; free virtual = 116566
---------------------------------------------------------------------------------
---------------------------------------------------------------------------------
Start Renaming Generated Ports
---------------------------------------------------------------------------------
---------------------------------------------------------------------------------
Finished Renaming Generated Ports : Time (s): cpu = 00:00:54 ; elapsed = 00:00:55 . Memory (MB): peak = 3274.699 ; gain = 1709.625 ; free physical = 67478 ; free virtual = 116566
---------------------------------------------------------------------------------
---------------------------------------------------------------------------------
Start Handling Custom Attributes
---------------------------------------------------------------------------------
---------------------------------------------------------------------------------
Finished Handling Custom Attributes : Time (s): cpu = 00:00:54 ; elapsed = 00:00:55 . Memory (MB): peak = 3274.699 ; gain = 1709.625 ; free physical = 67478 ; free virtual = 116566
---------------------------------------------------------------------------------
---------------------------------------------------------------------------------
Start Renaming Generated Nets
---------------------------------------------------------------------------------
---------------------------------------------------------------------------------
Finished Renaming Generated Nets : Time (s): cpu = 00:00:54 ; elapsed = 00:00:55 . Memory (MB): peak = 3274.699 ; gain = 1709.625 ; free physical = 67478 ; free virtual = 116566
---------------------------------------------------------------------------------
---------------------------------------------------------------------------------
Start Writing Synthesis Report
---------------------------------------------------------------------------------

DSP Final Report (the ' indicates corresponding REG is set)
+---------------------------------------------------------------------------+-------------+--------+--------+--------+--------+--------+------+------+------+------+-------+------+------+
|Module Name                                                                | DSP Mapping | A Size | B Size | C Size | D Size | P Size | AREG | BREG | CREG | DREG | ADREG | MREG | PREG | 
+---------------------------------------------------------------------------+-------------+--------+--------+--------+--------+--------+------+------+------+------+-------+------+------+
|myproject_mul_16s_10ns_26_1_0                                              | A'*B        | 15     | 9      | -      | -      | 26     | 1    | 0    | -    | -    | -     | 0    | 0    | 
|myproject_mul_15ns_10ns_24_1_0                                             | A'*B        | 15     | 9      | -      | -      | 26     | 1    | 0    | -    | -    | -     | 0    | 0    | 
|myproject_dense_latency_ap_fixed_16_6_5_3_0_ap_fixed_16_6_5_3_0_config18_s | A'*B        | 15     | 18     | -      | -      | 26     | 1    | 0    | -    | -    | -     | 0    | 0    | 
|myproject_dense_latency_ap_fixed_16_6_5_3_0_ap_fixed_16_6_5_3_0_config18_s | A'*B        | 15     | 8      | -      | -      | 25     | 1    | 0    | -    | -    | -     | 0    | 0    | 
|myproject_mul_15ns_9s_24_1_0                                               | A'*B        | 15     | 18     | -      | -      | 25     | 1    | 0    | -    | -    | -     | 0    | 0    | 
|myproject_mul_14s_11ns_25_1_0                                              | A'*B        | 30     | 10     | -      | -      | 25     | 1    | 0    | -    | -    | -     | 0    | 0    | 
|myproject_mul_14s_12ns_26_1_0                                              | A'*B        | 30     | 11     | -      | -      | 26     | 1    | 0    | -    | -    | -     | 0    | 0    | 
|myproject_mul_15s_14s_26_1_0                                               | A'*B        | 30     | 18     | -      | -      | 29     | 1    | 0    | -    | -    | -     | 0    | 0    | 
+---------------------------------------------------------------------------+-------------+--------+--------+--------+--------+--------+------+------+------+------+-------+------+------+


Report BlackBoxes: 
+-+--------------+----------+
| |BlackBox name |Instances |
+-+--------------+----------+
+-+--------------+----------+

Report Cell Usage: 
+------+----------------+------+
|      |Cell            |Count |
+------+----------------+------+
|1     |BUFG            |     1|
|2     |CARRY8          |   870|
|3     |DSP48E2         |     4|
|4     |DSP_ALU         |     4|
|5     |DSP_A_B_DATA    |     4|
|6     |DSP_C_DATA      |     4|
|7     |DSP_MULTIPLIER  |     4|
|8     |DSP_M_DATA      |     4|
|9     |DSP_OUTPUT      |     4|
|10    |DSP_PREADD      |     4|
|11    |DSP_PREADD_DATA |     4|
|12    |LUT1            |   319|
|13    |LUT2            |  1589|
|14    |LUT3            |  1927|
|15    |LUT4            |  1880|
|16    |LUT5            |  1835|
|17    |LUT6            |  1613|
|18    |FDRE            |  2336|
|19    |IBUF            |   144|
|20    |OBUF            |    88|
+------+----------------+------+

Report Instance Areas: 
+------+--------------------------------------------------------------------------------+----------------------------------------------------------------------------------------------------------------------------+------+
|      |Instance                                                                        |Module                                                                                                                      |Cells |
+------+--------------------------------------------------------------------------------+----------------------------------------------------------------------------------------------------------------------------+------+
|1     |top                                                                             |                                                                                                                            | 12638|
|2     |  call_ret5_relu_ap_fixed_16_6_5_3_0_ap_fixed_16_6_5_3_0_ReLU_config16_s_fu_423 |myproject_relu_ap_fixed_16_6_5_3_0_ap_fixed_16_6_5_3_0_ReLU_config16_s                                                      |    13|
|3     |  call_ret3_relu_ap_fixed_16_6_5_3_0_ap_fixed_16_6_5_3_0_ReLU_config11_s_fu_387 |myproject_relu_ap_fixed_16_6_5_3_0_ap_fixed_16_6_5_3_0_ReLU_config11_s                                                      |    14|
|4     |  call_ret_relu_ap_fixed_16_6_5_3_0_ap_fixed_16_6_5_3_0_ReLU_config6_s_fu_323   |myproject_relu_ap_fixed_16_6_5_3_0_ap_fixed_16_6_5_3_0_ReLU_config6_s                                                       |    28|
|5     |  grp_dense_latency_ap_fixed_16_6_5_3_0_ap_fixed_16_6_5_3_0_config13_s_fu_405   |myproject_dense_latency_ap_fixed_16_6_5_3_0_ap_fixed_16_6_5_3_0_config13_s                                                  |  1988|
|6     |    mul_16s_10ns_26_1_0_U93                                                     |myproject_mul_16s_10ns_26_1_0                                                                                               |    46|
|7     |      tmp_product                                                               |\grp_dense_latency_ap_fixed_16_6_5_3_0_ap_fixed_16_6_5_3_0_config13_s_fu_405/mul_16s_10ns_26_1_0_U93/tmp_product_funnel     |     8|
|8     |  grp_dense_latency_ap_fixed_16_6_5_3_0_ap_fixed_16_6_5_3_0_config18_s_fu_440   |myproject_dense_latency_ap_fixed_16_6_5_3_0_ap_fixed_16_6_5_3_0_config18_s                                                  |  1021|
|9     |    mul_15ns_10ns_24_1_0_U123                                                   |myproject_mul_15ns_10ns_24_1_0                                                                                              |    38|
|10    |    mul_15ns_10s_25_1_0_U125                                                    |myproject_mul_15ns_10s_25_1_0                                                                                               |    36|
|11    |    mul_15ns_9ns_23_1_0_U122                                                    |myproject_mul_15ns_9ns_23_1_0                                                                                               |    25|
|12    |    mul_15ns_9s_24_1_0_U124                                                     |myproject_mul_15ns_9s_24_1_0                                                                                                |    12|
|13    |  grp_dense_latency_ap_fixed_16_6_5_3_0_ap_fixed_16_6_5_3_0_config3_s_fu_303    |myproject_dense_latency_ap_fixed_16_6_5_3_0_ap_fixed_16_6_5_3_0_config3_s                                                   |  5329|
|14    |    mul_14s_11ns_25_1_0_U1                                                      |myproject_mul_14s_11ns_25_1_0                                                                                               |    65|
|15    |      tmp_product                                                               |\grp_dense_latency_ap_fixed_16_6_5_3_0_ap_fixed_16_6_5_3_0_config13_s_fu_405/mul_16s_10ns_26_1_0_U93/tmp_product_funnel__3  |     8|
|16    |    mul_14s_12ns_26_1_0_U3                                                      |myproject_mul_14s_12ns_26_1_0                                                                                               |    58|
|17    |      tmp_product                                                               |\grp_dense_latency_ap_fixed_16_6_5_3_0_ap_fixed_16_6_5_3_0_config13_s_fu_405/mul_16s_10ns_26_1_0_U93/tmp_product_funnel__2  |     8|
|18    |    mul_15s_14s_26_1_0_U2                                                       |myproject_mul_15s_14s_26_1_0                                                                                                |    62|
|19    |      tmp_product                                                               |\grp_dense_latency_ap_fixed_16_6_5_3_0_ap_fixed_16_6_5_3_0_config13_s_fu_405/mul_16s_10ns_26_1_0_U93/tmp_product_funnel__1  |     8|
|20    |  grp_dense_latency_ap_fixed_16_6_5_3_0_ap_fixed_16_6_5_3_0_config8_s_fu_355    |myproject_dense_latency_ap_fixed_16_6_5_3_0_ap_fixed_16_6_5_3_0_config8_s                                                   |  3211|
+------+--------------------------------------------------------------------------------+----------------------------------------------------------------------------------------------------------------------------+------+
---------------------------------------------------------------------------------
Finished Writing Synthesis Report : Time (s): cpu = 00:00:54 ; elapsed = 00:00:55 . Memory (MB): peak = 3274.699 ; gain = 1709.625 ; free physical = 67478 ; free virtual = 116566
---------------------------------------------------------------------------------
Synthesis finished with 0 errors, 0 critical warnings and 56 warnings.
Synthesis Optimization Runtime : Time (s): cpu = 00:00:54 ; elapsed = 00:00:55 . Memory (MB): peak = 3274.699 ; gain = 1709.625 ; free physical = 67478 ; free virtual = 116566
Synthesis Optimization Complete : Time (s): cpu = 00:00:54 ; elapsed = 00:00:55 . Memory (MB): peak = 3274.707 ; gain = 1709.625 ; free physical = 67477 ; free virtual = 116566
INFO: [Project 1-571] Translating synthesized netlist
Netlist sorting complete. Time (s): cpu = 00:00:00.09 ; elapsed = 00:00:00.08 . Memory (MB): peak = 3274.707 ; gain = 0.000 ; free physical = 67754 ; free virtual = 116847
INFO: [Netlist 29-17] Analyzing 1023 Unisim elements for replacement
INFO: [Netlist 29-28] Unisim Transformation completed in 0 CPU seconds
INFO: [Project 1-570] Preparing netlist for logic optimization
INFO: [Opt 31-138] Pushed 0 inverter(s) to 0 load pin(s).
Netlist sorting complete. Time (s): cpu = 00:00:00 ; elapsed = 00:00:00 . Memory (MB): peak = 3360.477 ; gain = 0.000 ; free physical = 67704 ; free virtual = 116818
INFO: [Project 1-111] Unisim Transformation Summary:
  A total of 153 instances were transformed.
  BUFG => BUFGCE: 1 instance 
  DSP48E2 => DSP48E2 (DSP_ALU, DSP_A_B_DATA, DSP_C_DATA, DSP_MULTIPLIER, DSP_M_DATA, DSP_OUTPUT, DSP_PREADD, DSP_PREADD_DATA): 8 instances
  IBUF => IBUF (IBUFCTRL, INBUF): 144 instances

Synth Design complete | Checksum: 41a4e427
INFO: [Common 17-83] Releasing license: Synthesis
45 Infos, 56 Warnings, 0 Critical Warnings and 0 Errors encountered.
synth_design completed successfully
synth_design: Time (s): cpu = 00:01:04 ; elapsed = 00:01:01 . Memory (MB): peak = 3360.512 ; gain = 1806.359 ; free physical = 67697 ; free virtual = 116811
INFO: [Common 17-2834] synth_design peak Physical Memory [PSS] (MB): overall = 2627.756; main = 2371.301; forked = 430.320
INFO: [Common 17-2834] synth_design peak Virtual Memory [VSS] (MB): overall = 4875.168; main = 3360.480; forked = 1600.465
# opt_design -retarget -propconst -sweep -bram_power_opt -shift_register_opt
Command: opt_design -retarget -propconst -sweep -bram_power_opt -shift_register_opt
Attempting to get a license for feature 'Implementation' and/or device 'xcu250'
INFO: [Common 17-349] Got license for feature 'Implementation' and/or device 'xcu250'
Running DRC as a precondition to command opt_design

Starting DRC Task
INFO: [DRC 23-27] Running DRC with 8 threads
INFO: [Project 1-461] DRC finished with 0 Errors
INFO: [Project 1-462] Please refer to the DRC report (report_drc) for more information.

Time (s): cpu = 00:00:02 ; elapsed = 00:00:01 . Memory (MB): peak = 3424.508 ; gain = 63.996 ; free physical = 67696 ; free virtual = 116811

Starting Cache Timing Information Task
INFO: [Timing 38-35] Done setting XDC timing constraints.
Ending Cache Timing Information Task | Checksum: 13e709586

Time (s): cpu = 00:00:03 ; elapsed = 00:00:02 . Memory (MB): peak = 3482.898 ; gain = 58.391 ; free physical = 67656 ; free virtual = 116790

Starting Logic Optimization Task

Phase 1 Initialization

Phase 1.1 Core Generation And Design Setup
Phase 1.1 Core Generation And Design Setup | Checksum: 13e709586

Time (s): cpu = 00:00:00 ; elapsed = 00:00:00.01 . Memory (MB): peak = 3661.711 ; gain = 0.000 ; free physical = 67478 ; free virtual = 116612

Phase 1.2 Setup Constraints And Sort Netlist
Phase 1.2 Setup Constraints And Sort Netlist | Checksum: 13e709586

Time (s): cpu = 00:00:00.01 ; elapsed = 00:00:00.01 . Memory (MB): peak = 3661.711 ; gain = 0.000 ; free physical = 67478 ; free virtual = 116612
Phase 1 Initialization | Checksum: 13e709586

Time (s): cpu = 00:00:00.01 ; elapsed = 00:00:00.01 . Memory (MB): peak = 3661.711 ; gain = 0.000 ; free physical = 67478 ; free virtual = 116612

Phase 2 Timer Update And Timing Data Collection

Phase 2.1 Timer Update
Phase 2.1 Timer Update | Checksum: 13e709586

Time (s): cpu = 00:00:00.42 ; elapsed = 00:00:00.14 . Memory (MB): peak = 3661.711 ; gain = 0.000 ; free physical = 67478 ; free virtual = 116613

Phase 2.2 Timing Data Collection
Phase 2.2 Timing Data Collection | Checksum: 13e709586

Time (s): cpu = 00:00:00.44 ; elapsed = 00:00:00.16 . Memory (MB): peak = 3661.711 ; gain = 0.000 ; free physical = 67478 ; free virtual = 116613
Phase 2 Timer Update And Timing Data Collection | Checksum: 13e709586

Time (s): cpu = 00:00:00.44 ; elapsed = 00:00:00.17 . Memory (MB): peak = 3661.711 ; gain = 0.000 ; free physical = 67478 ; free virtual = 116613

Phase 3 Retarget
INFO: [Opt 31-1566] Pulled 12 inverters resulting in an inversion of 203 pins
INFO: [Opt 31-138] Pushed 0 inverter(s) to 0 load pin(s).
INFO: [Opt 31-49] Retargeted 0 cell(s).
Phase 3 Retarget | Checksum: 1179a5543

Time (s): cpu = 00:00:00.8 ; elapsed = 00:00:00.5 . Memory (MB): peak = 3661.711 ; gain = 0.000 ; free physical = 67478 ; free virtual = 116613
Retarget | Checksum: 1179a5543
INFO: [Opt 31-389] Phase Retarget created 0 cells and removed 21 cells

Phase 4 Constant propagation
INFO: [Opt 31-138] Pushed 0 inverter(s) to 0 load pin(s).
Phase 4 Constant propagation | Checksum: 106a21188

Time (s): cpu = 00:00:00.9 ; elapsed = 00:00:00.6 . Memory (MB): peak = 3661.711 ; gain = 0.000 ; free physical = 67478 ; free virtual = 116613
Constant propagation | Checksum: 106a21188
INFO: [Opt 31-389] Phase Constant propagation created 0 cells and removed 0 cells

Phase 5 Sweep
Phase 5 Sweep | Checksum: 95dbdb3e

Time (s): cpu = 00:00:01 ; elapsed = 00:00:00.74 . Memory (MB): peak = 3661.711 ; gain = 0.000 ; free physical = 67478 ; free virtual = 116613
Sweep | Checksum: 95dbdb3e
INFO: [Opt 31-389] Phase Sweep created 0 cells and removed 0 cells

Phase 6 Shift Register Optimization
INFO: [Opt 31-1064] SRL Remap converted 0 SRLs to 0 registers and converted 0 registers of register chains to 0 SRLs
Phase 6 Shift Register Optimization | Checksum: 95dbdb3e

Time (s): cpu = 00:00:01 ; elapsed = 00:00:00.76 . Memory (MB): peak = 3661.711 ; gain = 0.000 ; free physical = 67478 ; free virtual = 116613
Shift Register Optimization | Checksum: 95dbdb3e
INFO: [Opt 31-389] Phase Shift Register Optimization created 0 cells and removed 0 cells

Phase 7 Post Processing Netlist
Phase 7 Post Processing Netlist | Checksum: 95dbdb3e

Time (s): cpu = 00:00:01 ; elapsed = 00:00:00.79 . Memory (MB): peak = 3661.711 ; gain = 0.000 ; free physical = 67478 ; free virtual = 116613
Post Processing Netlist | Checksum: 95dbdb3e
INFO: [Opt 31-389] Phase Post Processing Netlist created 0 cells and removed 0 cells

Phase 8 Finalization

Phase 8.1 Finalizing Design Cores and Updating Shapes
Phase 8.1 Finalizing Design Cores and Updating Shapes | Checksum: 19ad6d82c

Time (s): cpu = 00:00:02 ; elapsed = 00:00:01 . Memory (MB): peak = 3661.711 ; gain = 0.000 ; free physical = 67479 ; free virtual = 116613

Phase 8.2 Verifying Netlist Connectivity
Phase 8.2 Verifying Netlist Connectivity | Checksum: 19ad6d82c

Time (s): cpu = 00:00:02 ; elapsed = 00:00:01 . Memory (MB): peak = 3661.711 ; gain = 0.000 ; free physical = 67479 ; free virtual = 116613
Phase 8 Finalization | Checksum: 19ad6d82c

Time (s): cpu = 00:00:02 ; elapsed = 00:00:01 . Memory (MB): peak = 3661.711 ; gain = 0.000 ; free physical = 67479 ; free virtual = 116613
Opt_design Change Summary
=========================


-------------------------------------------------------------------------------------------------------------------------
|  Phase                        |  #Cells created  |  #Cells Removed  |  #Constrained objects preventing optimizations  |
-------------------------------------------------------------------------------------------------------------------------
|  Retarget                     |               0  |              21  |                                              0  |
|  Constant propagation         |               0  |               0  |                                              0  |
|  Sweep                        |               0  |               0  |                                              0  |
|  Shift Register Optimization  |               0  |               0  |                                              0  |
|  Post Processing Netlist      |               0  |               0  |                                              0  |
-------------------------------------------------------------------------------------------------------------------------


Ending Logic Optimization Task | Checksum: 19ad6d82c

Time (s): cpu = 00:00:02 ; elapsed = 00:00:01 . Memory (MB): peak = 3661.711 ; gain = 0.000 ; free physical = 67479 ; free virtual = 116613
INFO: [Constraints 18-11670] Building netlist checker database with flags, 0x8
Done building netlist checker database: Time (s): cpu = 00:00:00 ; elapsed = 00:00:00 . Memory (MB): peak = 3661.711 ; gain = 0.000 ; free physical = 67478 ; free virtual = 116613

Starting Power Optimization Task
INFO: [Pwropt 34-132] Skipping clock gating for clocks with a period < 2.00 ns.
Ending Power Optimization Task | Checksum: 19ad6d82c

Time (s): cpu = 00:00:00.01 ; elapsed = 00:00:00.01 . Memory (MB): peak = 3661.711 ; gain = 0.000 ; free physical = 67478 ; free virtual = 116613

Starting Final Cleanup Task
Ending Final Cleanup Task | Checksum: 19ad6d82c

Time (s): cpu = 00:00:00 ; elapsed = 00:00:00.01 . Memory (MB): peak = 3661.711 ; gain = 0.000 ; free physical = 67478 ; free virtual = 116613

Starting Netlist Obfuscation Task
Netlist sorting complete. Time (s): cpu = 00:00:00 ; elapsed = 00:00:00 . Memory (MB): peak = 3661.711 ; gain = 0.000 ; free physical = 67478 ; free virtual = 116613
Ending Netlist Obfuscation Task | Checksum: 19ad6d82c

Time (s): cpu = 00:00:00 ; elapsed = 00:00:00 . Memory (MB): peak = 3661.711 ; gain = 0.000 ; free physical = 67478 ; free virtual = 116613
INFO: [Common 17-83] Releasing license: Implementation
18 Infos, 0 Warnings, 0 Critical Warnings and 0 Errors encountered.
opt_design completed successfully
opt_design: Time (s): cpu = 00:00:09 ; elapsed = 00:00:07 . Memory (MB): peak = 3661.711 ; gain = 301.199 ; free physical = 67478 ; free virtual = 116613
# report_utilization -file vivado_synth.rpt
INFO: [Common 17-206] Exiting Vivado at Fri Oct 17 12:09:34 2025...
