

================================================================
== Vitis HLS Report for 'softmax_stable_ap_fixed_ap_fixed_16_6_5_3_0_softmax_config13_s'
================================================================
* Date:           Fri Oct 17 10:50:49 2025

* Version:        2023.2 (Build 4023990 on Oct 11 2023)
* Project:        myproject_prj
* Solution:       solution1 (Vivado IP Flow Target)
* Product family: virtexuplus
* Target device:  xcu250-figd2104-2L-e


================================================================
== Performance Estimates
================================================================
+ Timing: 
    * Summary: 
    +--------+---------+----------+------------+
    |  Clock |  Target | Estimated| Uncertainty|
    +--------+---------+----------+------------+
    |ap_clk  |  5.00 ns|  3.500 ns|     1.35 ns|
    +--------+---------+----------+------------+

+ Latency: 
    * Summary: 
    +---------+---------+-----------+-----------+-----+-----+---------+
    |  Latency (cycles) |   Latency (absolute)  |  Interval | Pipeline|
    |   min   |   max   |    min    |    max    | min | max |   Type  |
    +---------+---------+-----------+-----------+-----+-----+---------+
    |        4|        4|  20.000 ns|  20.000 ns|    1|    1|      yes|
    +---------+---------+-----------+-----------+-----+-----+---------+

    + Detail: 
        * Instance: 
        N/A

        * Loop: 
        N/A



================================================================
== Utilization Estimates
================================================================
* Summary: 
+---------------------+---------+-------+---------+---------+------+
|         Name        | BRAM_18K|  DSP  |    FF   |   LUT   | URAM |
+---------------------+---------+-------+---------+---------+------+
|DSP                  |        -|      -|        -|        -|     -|
|Expression           |        -|      -|        0|      705|     -|
|FIFO                 |        -|      -|        -|        -|     -|
|Instance             |        -|      5|        0|       25|     -|
|Memory               |        8|      -|        0|        0|     -|
|Multiplexer          |        -|      -|        -|        -|     -|
|Register             |        -|      -|      284|        -|     -|
+---------------------+---------+-------+---------+---------+------+
|Total                |        8|      5|      284|      730|     0|
+---------------------+---------+-------+---------+---------+------+
|Available SLR        |     1344|   3072|   864000|   432000|   320|
+---------------------+---------+-------+---------+---------+------+
|Utilization SLR (%)  |       ~0|     ~0|       ~0|       ~0|     0|
+---------------------+---------+-------+---------+---------+------+
|Available            |     5376|  12288|  3456000|  1728000|  1280|
+---------------------+---------+-------+---------+---------+------+
|Utilization (%)      |       ~0|     ~0|       ~0|       ~0|     0|
+---------------------+---------+-------+---------+---------+------+

+ Detail: 
    * Instance: 
    +---------------------------+---------------------+---------+----+---+----+-----+
    |          Instance         |        Module       | BRAM_18K| DSP| FF| LUT| URAM|
    +---------------------------+---------------------+---------+----+---+----+-----+
    |mul_18s_17ns_26_1_1_U2397  |mul_18s_17ns_26_1_1  |        0|   1|  0|   5|    0|
    |mul_18s_17ns_26_1_1_U2398  |mul_18s_17ns_26_1_1  |        0|   1|  0|   5|    0|
    |mul_18s_17ns_26_1_1_U2399  |mul_18s_17ns_26_1_1  |        0|   1|  0|   5|    0|
    |mul_18s_17ns_26_1_1_U2400  |mul_18s_17ns_26_1_1  |        0|   1|  0|   5|    0|
    |mul_18s_17ns_26_1_1_U2401  |mul_18s_17ns_26_1_1  |        0|   1|  0|   5|    0|
    +---------------------------+---------------------+---------+----+---+----+-----+
    |Total                      |                     |        0|   5|  0|  25|    0|
    +---------------------------+---------------------+---------+----+---+----+-----+

    * DSP: 
    N/A

    * Memory: 
    +----------------+----------------------------------------------------------------------------------+---------+---+----+-----+------+-----+------+-------------+
    |     Memory     |                                      Module                                      | BRAM_18K| FF| LUT| URAM| Words| Bits| Banks| W*Bits*Banks|
    +----------------+----------------------------------------------------------------------------------+---------+---+----+-----+------+-----+------+-------------+
    |exp_table_U     |softmax_stable_ap_fixed_ap_fixed_16_6_5_3_0_softmax_config13_s_exp_table_ROM_bkb  |        6|  0|   0|    0|  1024|   17|     1|        17408|
    |invert_table_U  |softmax_stable_ap_fixed_ap_fixed_16_6_5_3_0_softmax_config13_s_invert_table_Rcud  |        2|  0|   0|    0|  1024|   18|     1|        18432|
    +----------------+----------------------------------------------------------------------------------+---------+---+----+-----+------+-----+------+-------------+
    |Total           |                                                                                  |        8|  0|   0|    0|  2048|   35|     2|        35840|
    +----------------+----------------------------------------------------------------------------------+---------+---+----+-----+------+-----+------+-------------+

    * FIFO: 
    N/A

    * Expression: 
    +--------------------------+----------+----+---+----+------------+------------+
    |       Variable Name      | Operation| DSP| FF| LUT| Bitwidth P0| Bitwidth P1|
    +--------------------------+----------+----+---+----+------------+------------+
    |add_ln51_1_fu_785_p2      |         +|   0|  0|  25|          18|          18|
    |add_ln51_2_fu_635_p2      |         +|   0|  0|  25|          18|          18|
    |add_ln51_3_fu_657_p2      |         +|   0|  0|  25|          18|          18|
    |add_ln51_4_fu_693_p2      |         +|   0|  0|  26|          19|          19|
    |add_ln51_5_fu_687_p2      |         +|   0|  0|  25|          18|          18|
    |add_ln51_fu_791_p2        |         +|   0|  0|  26|          19|          19|
    |sub_ln245_1_fu_296_p2     |         -|   0|  0|  24|          17|          17|
    |sub_ln245_2_fu_339_p2     |         -|   0|  0|  24|          17|          17|
    |sub_ln245_3_fu_382_p2     |         -|   0|  0|  24|          17|          17|
    |sub_ln245_4_fu_425_p2     |         -|   0|  0|  24|          17|          17|
    |sub_ln245_fu_253_p2       |         -|   0|  0|  24|          17|          17|
    |and_ln245_1_fu_324_p2     |       and|   0|  0|   2|           1|           1|
    |and_ln245_2_fu_367_p2     |       and|   0|  0|   2|           1|           1|
    |and_ln245_3_fu_410_p2     |       and|   0|  0|   2|           1|           1|
    |and_ln245_4_fu_453_p2     |       and|   0|  0|   2|           1|           1|
    |and_ln245_fu_281_p2       |       and|   0|  0|   2|           1|           1|
    |and_ln51_1_fu_724_p2      |       and|   0|  0|   2|           1|           1|
    |and_ln51_2_fu_734_p2      |       and|   0|  0|   2|           1|           1|
    |and_ln51_fu_819_p2        |       and|   0|  0|   2|           1|           1|
    |icmp_ln66_1_fu_190_p2     |      icmp|   0|  0|  23|          16|          16|
    |icmp_ln66_2_fu_210_p2     |      icmp|   0|  0|  23|          16|          16|
    |icmp_ln66_3_fu_230_p2     |      icmp|   0|  0|  23|          16|          16|
    |icmp_ln66_fu_170_p2       |      icmp|   0|  0|  23|          16|          16|
    |or_ln51_fu_749_p2         |        or|   0|  0|   2|           1|           1|
    |select_ln245_1_fu_483_p3  |    select|   0|  0|  10|           1|          10|
    |select_ln245_2_fu_496_p3  |    select|   0|  0|  11|           1|           9|
    |select_ln245_3_fu_514_p3  |    select|   0|  0|  10|           1|          10|
    |select_ln245_4_fu_527_p3  |    select|   0|  0|  11|           1|           9|
    |select_ln245_5_fu_545_p3  |    select|   0|  0|  10|           1|          10|
    |select_ln245_6_fu_558_p3  |    select|   0|  0|  11|           1|           9|
    |select_ln245_7_fu_576_p3  |    select|   0|  0|  10|           1|          10|
    |select_ln245_8_fu_589_p3  |    select|   0|  0|  11|           1|           9|
    |select_ln245_9_fu_607_p3  |    select|   0|  0|  10|           1|          10|
    |select_ln245_fu_465_p3    |    select|   0|  0|  11|           1|           9|
    |select_ln51_1_fu_849_p3   |    select|   0|  0|  10|           1|          10|
    |select_ln51_2_fu_649_p3   |    select|   0|  0|  18|           1|          17|
    |select_ln51_3_fu_671_p3   |    select|   0|  0|  18|           1|          17|
    |select_ln51_4_fu_755_p3   |    select|   0|  0|  18|           1|          17|
    |select_ln51_5_fu_762_p3   |    select|   0|  0|  19|           1|          19|
    |select_ln51_6_fu_769_p3   |    select|   0|  0|  18|           1|          18|
    |select_ln51_fu_831_p3     |    select|   0|  0|  11|           1|           9|
    |select_ln66_1_fu_202_p3   |    select|   0|  0|  16|           1|          16|
    |select_ln66_2_fu_222_p3   |    select|   0|  0|  16|           1|          16|
    |select_ln66_fu_182_p3     |    select|   0|  0|  16|           1|          16|
    |x_max_fu_240_p3           |    select|   0|  0|  16|           1|          16|
    |ap_enable_pp0             |       xor|   0|  0|   2|           1|           2|
    |xor_ln245_1_fu_287_p2     |       xor|   0|  0|   2|           1|           1|
    |xor_ln245_2_fu_318_p2     |       xor|   0|  0|   2|           1|           2|
    |xor_ln245_3_fu_330_p2     |       xor|   0|  0|   2|           1|           1|
    |xor_ln245_4_fu_361_p2     |       xor|   0|  0|   2|           1|           2|
    |xor_ln245_5_fu_373_p2     |       xor|   0|  0|   2|           1|           1|
    |xor_ln245_6_fu_404_p2     |       xor|   0|  0|   2|           1|           2|
    |xor_ln245_7_fu_416_p2     |       xor|   0|  0|   2|           1|           1|
    |xor_ln245_8_fu_447_p2     |       xor|   0|  0|   2|           1|           2|
    |xor_ln245_9_fu_459_p2     |       xor|   0|  0|   2|           1|           1|
    |xor_ln245_fu_275_p2       |       xor|   0|  0|   2|           1|           2|
    |xor_ln51_1_fu_825_p2      |       xor|   0|  0|   2|           1|           1|
    |xor_ln51_2_fu_719_p2      |       xor|   0|  0|   2|           1|           2|
    |xor_ln51_3_fu_729_p2      |       xor|   0|  0|   2|           1|           2|
    |xor_ln51_4_fu_739_p2      |       xor|   0|  0|   2|           1|           1|
    |xor_ln51_5_fu_743_p2      |       xor|   0|  0|   2|           1|           2|
    |xor_ln51_fu_813_p2        |       xor|   0|  0|   2|           1|           2|
    |xor_ln66_1_fu_196_p2      |       xor|   0|  0|   2|           1|           2|
    |xor_ln66_2_fu_216_p2      |       xor|   0|  0|   2|           1|           2|
    |xor_ln66_3_fu_234_p2      |       xor|   0|  0|   2|           1|           2|
    |xor_ln66_fu_176_p2        |       xor|   0|  0|   2|           1|           2|
    +--------------------------+----------+----+---+----+------------+------------+
    |Total                     |          |   0|  0| 705|         310|         569|
    +--------------------------+----------+----+---+----+------------+------------+

    * Multiplexer: 
    N/A

    * Register: 
    +----------------------------------+----+----+-----+-----------+
    |               Name               | FF | LUT| Bits| Const Bits|
    +----------------------------------+----+----+-----+-----------+
    |add_ln51_5_reg_1074               |  18|   0|   18|          0|
    |ap_CS_fsm                         |   1|   0|    1|          0|
    |ap_enable_reg_pp0_iter1           |   1|   0|    1|          0|
    |ap_enable_reg_pp0_iter2           |   1|   0|    1|          0|
    |ap_enable_reg_pp0_iter3           |   1|   0|    1|          0|
    |ap_enable_reg_pp0_iter4           |   1|   0|    1|          0|
    |data_0_val_read_reg_1013          |  16|   0|   16|          0|
    |data_1_val_read_reg_1008          |  16|   0|   16|          0|
    |data_2_val_read_reg_1003          |  16|   0|   16|          0|
    |data_3_val_read_reg_998           |  16|   0|   16|          0|
    |data_4_val_read_reg_991           |  16|   0|   16|          0|
    |exp_res_1_reg_1054                |  17|   0|   17|          0|
    |exp_res_1_reg_1054_pp0_iter3_reg  |  17|   0|   17|          0|
    |exp_res_2_reg_1059                |  17|   0|   17|          0|
    |exp_res_2_reg_1059_pp0_iter3_reg  |  17|   0|   17|          0|
    |exp_res_3_reg_1064                |  17|   0|   17|          0|
    |exp_res_3_reg_1064_pp0_iter3_reg  |  17|   0|   17|          0|
    |exp_res_4_reg_1094                |  17|   0|   17|          0|
    |exp_res_reg_1049                  |  17|   0|   17|          0|
    |exp_res_reg_1049_pp0_iter3_reg    |  17|   0|   17|          0|
    |select_ln245_9_reg_1044           |  10|   0|   10|          0|
    |select_ln66_2_reg_1018            |  16|   0|   16|          0|
    |tmp_18_reg_1080                   |   1|   0|    1|          0|
    |tmp_19_reg_1087                   |   1|   0|    1|          0|
    +----------------------------------+----+----+-----+-----------+
    |Total                             | 284|   0|  284|          0|
    +----------------------------------+----+----+-----+-----------+



================================================================
== Interface
================================================================
* Summary: 
+-------------+-----+-----+------------+----------------------------------------------------------------+--------------+
|  RTL Ports  | Dir | Bits|  Protocol  |                          Source Object                         |    C Type    |
+-------------+-----+-----+------------+----------------------------------------------------------------+--------------+
|ap_clk       |   in|    1|  ap_ctrl_hs|  softmax_stable<ap_fixed,ap_fixed<16,6,5,3,0>,softmax_config13>|  return value|
|ap_rst       |   in|    1|  ap_ctrl_hs|  softmax_stable<ap_fixed,ap_fixed<16,6,5,3,0>,softmax_config13>|  return value|
|ap_start     |   in|    1|  ap_ctrl_hs|  softmax_stable<ap_fixed,ap_fixed<16,6,5,3,0>,softmax_config13>|  return value|
|ap_done      |  out|    1|  ap_ctrl_hs|  softmax_stable<ap_fixed,ap_fixed<16,6,5,3,0>,softmax_config13>|  return value|
|ap_idle      |  out|    1|  ap_ctrl_hs|  softmax_stable<ap_fixed,ap_fixed<16,6,5,3,0>,softmax_config13>|  return value|
|ap_ready     |  out|    1|  ap_ctrl_hs|  softmax_stable<ap_fixed,ap_fixed<16,6,5,3,0>,softmax_config13>|  return value|
|ap_ce        |   in|    1|  ap_ctrl_hs|  softmax_stable<ap_fixed,ap_fixed<16,6,5,3,0>,softmax_config13>|  return value|
|ap_return_0  |  out|   16|  ap_ctrl_hs|  softmax_stable<ap_fixed,ap_fixed<16,6,5,3,0>,softmax_config13>|  return value|
|ap_return_1  |  out|   16|  ap_ctrl_hs|  softmax_stable<ap_fixed,ap_fixed<16,6,5,3,0>,softmax_config13>|  return value|
|ap_return_2  |  out|   16|  ap_ctrl_hs|  softmax_stable<ap_fixed,ap_fixed<16,6,5,3,0>,softmax_config13>|  return value|
|ap_return_3  |  out|   16|  ap_ctrl_hs|  softmax_stable<ap_fixed,ap_fixed<16,6,5,3,0>,softmax_config13>|  return value|
|ap_return_4  |  out|   16|  ap_ctrl_hs|  softmax_stable<ap_fixed,ap_fixed<16,6,5,3,0>,softmax_config13>|  return value|
|data_0_val   |   in|   16|     ap_none|                                                      data_0_val|        scalar|
|data_1_val   |   in|   16|     ap_none|                                                      data_1_val|        scalar|
|data_2_val   |   in|   16|     ap_none|                                                      data_2_val|        scalar|
|data_3_val   |   in|   16|     ap_none|                                                      data_3_val|        scalar|
|data_4_val   |   in|   16|     ap_none|                                                      data_4_val|        scalar|
+-------------+-----+-----+------------+----------------------------------------------------------------+--------------+

