

================================================================
== Vitis HLS Report for 'dense_latency_ap_ufixed_6_0_4_0_0_ap_fixed_18_7_5_3_0_config11_s'
================================================================
* Date:           Fri Oct 17 11:03:47 2025

* Version:        2023.2 (Build 4023990 on Oct 11 2023)
* Project:        myproject_prj
* Solution:       solution1 (Vivado IP Flow Target)
* Product family: virtexuplus
* Target device:  xcu250-figd2104-2L-e


================================================================
== Performance Estimates
================================================================
+ Timing: 
    * Summary: 
    +--------+---------+----------+------------+
    |  Clock |  Target | Estimated| Uncertainty|
    +--------+---------+----------+------------+
    |ap_clk  |  5.00 ns|  3.495 ns|     1.35 ns|
    +--------+---------+----------+------------+

+ Latency: 
    * Summary: 
    +---------+---------+----------+----------+-----+-----+---------+
    |  Latency (cycles) |  Latency (absolute) |  Interval | Pipeline|
    |   min   |   max   |    min   |    max   | min | max |   Type  |
    +---------+---------+----------+----------+-----+-----+---------+
    |        1|        1|  5.000 ns|  5.000 ns|    1|    1|      yes|
    +---------+---------+----------+----------+-----+-----+---------+

    + Detail: 
        * Instance: 
        N/A

        * Loop: 
        N/A

============================================================
+ Verbose Summary: Synthesis Manager
============================================================
InlineROM: 1
ExposeGlobal: 0
============================================================
+ Verbose Summary: CDFG Model
============================================================
IsTopModel: 0
ResetActiveHigh: 1
IsCombinational: 0
IsDatapathOnly: 0
HasWiredReturn: 1
HasMFsm: 2
HasVarLatency: 0
IsPipeline: 1
IsRtlPipelined: 1
IsInstanceOverlapped: 0
IsDontTouch: 0
HasImplIP: 0
IsGatedGlobalClock: 0

+ Individual pipeline summary: 
  * Pipeline-0: initiation interval (II) = 1, depth = 2


============================================================
+ Verbose Summary: Schedule
============================================================
* Number of FSM states : 2
* Pipeline : 1
  Pipeline-0 : II = 1, D = 2, States = { 1 2 }
* Dataflow Pipeline: 0

* FSM state transitions: 
1 --> 2 
2 --> 

* FSM state operations: 

State 1 <SV = 0> <Delay = 3.49>
ST_1 : Operation 3 [1/1] (0.00ns)   --->   "%data_31_val_read = read i6 @_ssdm_op_Read.ap_auto.i6, i6 %data_31_val" [firmware/nnet_utils/nnet_mult.h:70->firmware/nnet_utils/nnet_dense_latency.h:42]   --->   Operation 3 'read' 'data_31_val_read' <Predicate = true> <Delay = 0.00>
ST_1 : Operation 4 [1/1] (0.00ns)   --->   "%data_29_val_read = read i6 @_ssdm_op_Read.ap_auto.i6, i6 %data_29_val" [firmware/nnet_utils/nnet_mult.h:70->firmware/nnet_utils/nnet_dense_latency.h:42]   --->   Operation 4 'read' 'data_29_val_read' <Predicate = true> <Delay = 0.00>
ST_1 : Operation 5 [1/1] (0.00ns)   --->   "%data_28_val_read = read i6 @_ssdm_op_Read.ap_auto.i6, i6 %data_28_val" [firmware/nnet_utils/nnet_mult.h:70->firmware/nnet_utils/nnet_dense_latency.h:42]   --->   Operation 5 'read' 'data_28_val_read' <Predicate = true> <Delay = 0.00>
ST_1 : Operation 6 [1/1] (0.00ns)   --->   "%data_27_val_read = read i6 @_ssdm_op_Read.ap_auto.i6, i6 %data_27_val" [firmware/nnet_utils/nnet_mult.h:70->firmware/nnet_utils/nnet_dense_latency.h:42]   --->   Operation 6 'read' 'data_27_val_read' <Predicate = true> <Delay = 0.00>
ST_1 : Operation 7 [1/1] (0.00ns)   --->   "%data_26_val_read = read i6 @_ssdm_op_Read.ap_auto.i6, i6 %data_26_val" [firmware/nnet_utils/nnet_mult.h:70->firmware/nnet_utils/nnet_dense_latency.h:42]   --->   Operation 7 'read' 'data_26_val_read' <Predicate = true> <Delay = 0.00>
ST_1 : Operation 8 [1/1] (0.00ns)   --->   "%data_25_val_read = read i6 @_ssdm_op_Read.ap_auto.i6, i6 %data_25_val" [firmware/nnet_utils/nnet_mult.h:70->firmware/nnet_utils/nnet_dense_latency.h:42]   --->   Operation 8 'read' 'data_25_val_read' <Predicate = true> <Delay = 0.00>
ST_1 : Operation 9 [1/1] (0.00ns)   --->   "%data_24_val_read = read i6 @_ssdm_op_Read.ap_auto.i6, i6 %data_24_val" [firmware/nnet_utils/nnet_mult.h:70->firmware/nnet_utils/nnet_dense_latency.h:42]   --->   Operation 9 'read' 'data_24_val_read' <Predicate = true> <Delay = 0.00>
ST_1 : Operation 10 [1/1] (0.00ns)   --->   "%data_23_val_read = read i6 @_ssdm_op_Read.ap_auto.i6, i6 %data_23_val" [firmware/nnet_utils/nnet_mult.h:70->firmware/nnet_utils/nnet_dense_latency.h:42]   --->   Operation 10 'read' 'data_23_val_read' <Predicate = true> <Delay = 0.00>
ST_1 : Operation 11 [1/1] (0.00ns)   --->   "%data_22_val_read = read i6 @_ssdm_op_Read.ap_auto.i6, i6 %data_22_val" [firmware/nnet_utils/nnet_mult.h:70->firmware/nnet_utils/nnet_dense_latency.h:42]   --->   Operation 11 'read' 'data_22_val_read' <Predicate = true> <Delay = 0.00>
ST_1 : Operation 12 [1/1] (0.00ns)   --->   "%data_21_val_read = read i6 @_ssdm_op_Read.ap_auto.i6, i6 %data_21_val" [firmware/nnet_utils/nnet_mult.h:70->firmware/nnet_utils/nnet_dense_latency.h:42]   --->   Operation 12 'read' 'data_21_val_read' <Predicate = true> <Delay = 0.00>
ST_1 : Operation 13 [1/1] (0.00ns)   --->   "%data_20_val_read = read i6 @_ssdm_op_Read.ap_auto.i6, i6 %data_20_val" [firmware/nnet_utils/nnet_mult.h:70->firmware/nnet_utils/nnet_dense_latency.h:42]   --->   Operation 13 'read' 'data_20_val_read' <Predicate = true> <Delay = 0.00>
ST_1 : Operation 14 [1/1] (0.00ns)   --->   "%data_19_val_read = read i6 @_ssdm_op_Read.ap_auto.i6, i6 %data_19_val" [firmware/nnet_utils/nnet_mult.h:70->firmware/nnet_utils/nnet_dense_latency.h:42]   --->   Operation 14 'read' 'data_19_val_read' <Predicate = true> <Delay = 0.00>
ST_1 : Operation 15 [1/1] (0.00ns)   --->   "%data_18_val_read = read i6 @_ssdm_op_Read.ap_auto.i6, i6 %data_18_val" [firmware/nnet_utils/nnet_mult.h:70->firmware/nnet_utils/nnet_dense_latency.h:42]   --->   Operation 15 'read' 'data_18_val_read' <Predicate = true> <Delay = 0.00>
ST_1 : Operation 16 [1/1] (0.00ns)   --->   "%data_17_val_read = read i6 @_ssdm_op_Read.ap_auto.i6, i6 %data_17_val" [firmware/nnet_utils/nnet_mult.h:70->firmware/nnet_utils/nnet_dense_latency.h:42]   --->   Operation 16 'read' 'data_17_val_read' <Predicate = true> <Delay = 0.00>
ST_1 : Operation 17 [1/1] (0.00ns)   --->   "%data_15_val_read = read i6 @_ssdm_op_Read.ap_auto.i6, i6 %data_15_val" [firmware/nnet_utils/nnet_mult.h:70->firmware/nnet_utils/nnet_dense_latency.h:42]   --->   Operation 17 'read' 'data_15_val_read' <Predicate = true> <Delay = 0.00>
ST_1 : Operation 18 [1/1] (0.00ns)   --->   "%data_14_val_read = read i6 @_ssdm_op_Read.ap_auto.i6, i6 %data_14_val" [firmware/nnet_utils/nnet_mult.h:70->firmware/nnet_utils/nnet_dense_latency.h:42]   --->   Operation 18 'read' 'data_14_val_read' <Predicate = true> <Delay = 0.00>
ST_1 : Operation 19 [1/1] (0.00ns)   --->   "%data_13_val_read = read i6 @_ssdm_op_Read.ap_auto.i6, i6 %data_13_val" [firmware/nnet_utils/nnet_mult.h:70->firmware/nnet_utils/nnet_dense_latency.h:42]   --->   Operation 19 'read' 'data_13_val_read' <Predicate = true> <Delay = 0.00>
ST_1 : Operation 20 [1/1] (0.00ns)   --->   "%data_12_val_read = read i6 @_ssdm_op_Read.ap_auto.i6, i6 %data_12_val" [firmware/nnet_utils/nnet_mult.h:70->firmware/nnet_utils/nnet_dense_latency.h:42]   --->   Operation 20 'read' 'data_12_val_read' <Predicate = true> <Delay = 0.00>
ST_1 : Operation 21 [1/1] (0.00ns)   --->   "%data_11_val_read = read i6 @_ssdm_op_Read.ap_auto.i6, i6 %data_11_val" [firmware/nnet_utils/nnet_mult.h:70->firmware/nnet_utils/nnet_dense_latency.h:42]   --->   Operation 21 'read' 'data_11_val_read' <Predicate = true> <Delay = 0.00>
ST_1 : Operation 22 [1/1] (0.00ns)   --->   "%data_9_val_read = read i6 @_ssdm_op_Read.ap_auto.i6, i6 %data_9_val" [firmware/nnet_utils/nnet_mult.h:70->firmware/nnet_utils/nnet_dense_latency.h:42]   --->   Operation 22 'read' 'data_9_val_read' <Predicate = true> <Delay = 0.00>
ST_1 : Operation 23 [1/1] (0.00ns)   --->   "%data_7_val_read = read i6 @_ssdm_op_Read.ap_auto.i6, i6 %data_7_val" [firmware/nnet_utils/nnet_mult.h:70->firmware/nnet_utils/nnet_dense_latency.h:42]   --->   Operation 23 'read' 'data_7_val_read' <Predicate = true> <Delay = 0.00>
ST_1 : Operation 24 [1/1] (0.00ns)   --->   "%data_6_val_read = read i6 @_ssdm_op_Read.ap_auto.i6, i6 %data_6_val" [firmware/nnet_utils/nnet_mult.h:70->firmware/nnet_utils/nnet_dense_latency.h:42]   --->   Operation 24 'read' 'data_6_val_read' <Predicate = true> <Delay = 0.00>
ST_1 : Operation 25 [1/1] (0.00ns)   --->   "%data_5_val_read = read i6 @_ssdm_op_Read.ap_auto.i6, i6 %data_5_val" [firmware/nnet_utils/nnet_mult.h:70->firmware/nnet_utils/nnet_dense_latency.h:42]   --->   Operation 25 'read' 'data_5_val_read' <Predicate = true> <Delay = 0.00>
ST_1 : Operation 26 [1/1] (0.00ns)   --->   "%data_4_val_read = read i6 @_ssdm_op_Read.ap_auto.i6, i6 %data_4_val" [firmware/nnet_utils/nnet_mult.h:70->firmware/nnet_utils/nnet_dense_latency.h:42]   --->   Operation 26 'read' 'data_4_val_read' <Predicate = true> <Delay = 0.00>
ST_1 : Operation 27 [1/1] (0.00ns)   --->   "%data_3_val_read = read i6 @_ssdm_op_Read.ap_auto.i6, i6 %data_3_val" [firmware/nnet_utils/nnet_mult.h:70->firmware/nnet_utils/nnet_dense_latency.h:42]   --->   Operation 27 'read' 'data_3_val_read' <Predicate = true> <Delay = 0.00>
ST_1 : Operation 28 [1/1] (0.00ns)   --->   "%data_1_val_read = read i6 @_ssdm_op_Read.ap_auto.i6, i6 %data_1_val" [firmware/nnet_utils/nnet_mult.h:70->firmware/nnet_utils/nnet_dense_latency.h:42]   --->   Operation 28 'read' 'data_1_val_read' <Predicate = true> <Delay = 0.00>
ST_1 : Operation 29 [1/1] (0.00ns)   --->   "%data_0_val_read = read i6 @_ssdm_op_Read.ap_auto.i6, i6 %data_0_val" [firmware/nnet_utils/nnet_mult.h:70->firmware/nnet_utils/nnet_dense_latency.h:42]   --->   Operation 29 'read' 'data_0_val_read' <Predicate = true> <Delay = 0.00>
ST_1 : Operation 30 [1/1] (0.00ns)   --->   "%zext_ln73 = zext i6 %data_0_val_read" [firmware/nnet_utils/nnet_mult.h:73->firmware/nnet_utils/nnet_dense_latency.h:42]   --->   Operation 30 'zext' 'zext_ln73' <Predicate = true> <Delay = 0.00>
ST_1 : Operation 31 [1/1] (0.00ns)   --->   "%shl_ln = bitconcatenate i11 @_ssdm_op_BitConcatenate.i11.i6.i5, i6 %data_0_val_read, i5 0" [firmware/nnet_utils/nnet_mult.h:73->firmware/nnet_utils/nnet_dense_latency.h:42]   --->   Operation 31 'bitconcatenate' 'shl_ln' <Predicate = true> <Delay = 0.00>
ST_1 : Operation 32 [1/1] (0.00ns)   --->   "%zext_ln73_563 = zext i11 %shl_ln" [firmware/nnet_utils/nnet_mult.h:73->firmware/nnet_utils/nnet_dense_latency.h:42]   --->   Operation 32 'zext' 'zext_ln73_563' <Predicate = true> <Delay = 0.00>
ST_1 : Operation 33 [1/1] (0.73ns)   --->   "%sub_ln73 = sub i12 %zext_ln73_563, i12 %zext_ln73" [firmware/nnet_utils/nnet_mult.h:73->firmware/nnet_utils/nnet_dense_latency.h:42]   --->   Operation 33 'sub' 'sub_ln73' <Predicate = true> <Delay = 0.73> <CoreInst = "Adder">   --->   Core 1 'Adder' <Latency = 0> <II = 1> <Delay = 0.73> <FuncUnit> <Opcode : 'add' 'sub'> <InPorts = 2> <OutPorts = 1>
ST_1 : Operation 34 [1/1] (0.73ns)   --->   "%sub_ln73_284 = sub i12 0, i12 %zext_ln73_563" [firmware/nnet_utils/nnet_mult.h:73->firmware/nnet_utils/nnet_dense_latency.h:42]   --->   Operation 34 'sub' 'sub_ln73_284' <Predicate = true> <Delay = 0.73> <CoreInst = "Adder">   --->   Core 1 'Adder' <Latency = 0> <II = 1> <Delay = 0.73> <FuncUnit> <Opcode : 'add' 'sub'> <InPorts = 2> <OutPorts = 1>
ST_1 : Operation 35 [1/1] (0.00ns)   --->   "%conv_i_i_1 = zext i6 %data_1_val_read" [firmware/nnet_utils/nnet_mult.h:70->firmware/nnet_utils/nnet_dense_latency.h:42]   --->   Operation 35 'zext' 'conv_i_i_1' <Predicate = true> <Delay = 0.00>
ST_1 : Operation 36 [1/1] (0.00ns)   --->   "%shl_ln73_s = bitconcatenate i11 @_ssdm_op_BitConcatenate.i11.i6.i5, i6 %data_1_val_read, i5 0" [firmware/nnet_utils/nnet_mult.h:73->firmware/nnet_utils/nnet_dense_latency.h:42]   --->   Operation 36 'bitconcatenate' 'shl_ln73_s' <Predicate = true> <Delay = 0.00>
ST_1 : Operation 37 [1/1] (0.00ns)   --->   "%zext_ln73_564 = zext i11 %shl_ln73_s" [firmware/nnet_utils/nnet_mult.h:73->firmware/nnet_utils/nnet_dense_latency.h:42]   --->   Operation 37 'zext' 'zext_ln73_564' <Predicate = true> <Delay = 0.00>
ST_1 : Operation 38 [1/1] (0.73ns)   --->   "%sub_ln73_285 = sub i12 %zext_ln73_564, i12 %conv_i_i_1" [firmware/nnet_utils/nnet_mult.h:73->firmware/nnet_utils/nnet_dense_latency.h:42]   --->   Operation 38 'sub' 'sub_ln73_285' <Predicate = true> <Delay = 0.73> <CoreInst = "Adder">   --->   Core 1 'Adder' <Latency = 0> <II = 1> <Delay = 0.73> <FuncUnit> <Opcode : 'add' 'sub'> <InPorts = 2> <OutPorts = 1>
ST_1 : Operation 39 [1/1] (0.00ns)   --->   "%shl_ln73_278 = bitconcatenate i11 @_ssdm_op_BitConcatenate.i11.i6.i5, i6 %data_3_val_read, i5 0" [firmware/nnet_utils/nnet_mult.h:73->firmware/nnet_utils/nnet_dense_latency.h:42]   --->   Operation 39 'bitconcatenate' 'shl_ln73_278' <Predicate = true> <Delay = 0.00>
ST_1 : Operation 40 [1/1] (0.00ns)   --->   "%zext_ln73_565 = zext i11 %shl_ln73_278" [firmware/nnet_utils/nnet_mult.h:73->firmware/nnet_utils/nnet_dense_latency.h:42]   --->   Operation 40 'zext' 'zext_ln73_565' <Predicate = true> <Delay = 0.00>
ST_1 : Operation 41 [1/1] (0.73ns)   --->   "%sub_ln73_286 = sub i12 0, i12 %zext_ln73_565" [firmware/nnet_utils/nnet_mult.h:73->firmware/nnet_utils/nnet_dense_latency.h:42]   --->   Operation 41 'sub' 'sub_ln73_286' <Predicate = true> <Delay = 0.73> <CoreInst = "Adder">   --->   Core 1 'Adder' <Latency = 0> <II = 1> <Delay = 0.73> <FuncUnit> <Opcode : 'add' 'sub'> <InPorts = 2> <OutPorts = 1>
ST_1 : Operation 42 [1/1] (0.00ns)   --->   "%zext_ln73_89 = zext i6 %data_4_val_read" [firmware/nnet_utils/nnet_mult.h:73->firmware/nnet_utils/nnet_dense_latency.h:42]   --->   Operation 42 'zext' 'zext_ln73_89' <Predicate = true> <Delay = 0.00>
ST_1 : Operation 43 [1/1] (0.00ns)   --->   "%shl_ln73_279 = bitconcatenate i11 @_ssdm_op_BitConcatenate.i11.i6.i5, i6 %data_4_val_read, i5 0" [firmware/nnet_utils/nnet_mult.h:73->firmware/nnet_utils/nnet_dense_latency.h:42]   --->   Operation 43 'bitconcatenate' 'shl_ln73_279' <Predicate = true> <Delay = 0.00>
ST_1 : Operation 44 [1/1] (0.00ns)   --->   "%zext_ln73_566 = zext i11 %shl_ln73_279" [firmware/nnet_utils/nnet_mult.h:73->firmware/nnet_utils/nnet_dense_latency.h:42]   --->   Operation 44 'zext' 'zext_ln73_566' <Predicate = true> <Delay = 0.00>
ST_1 : Operation 45 [1/1] (0.73ns)   --->   "%sub_ln73_287 = sub i12 %zext_ln73_566, i12 %zext_ln73_89" [firmware/nnet_utils/nnet_mult.h:73->firmware/nnet_utils/nnet_dense_latency.h:42]   --->   Operation 45 'sub' 'sub_ln73_287' <Predicate = true> <Delay = 0.73> <CoreInst = "Adder">   --->   Core 1 'Adder' <Latency = 0> <II = 1> <Delay = 0.73> <FuncUnit> <Opcode : 'add' 'sub'> <InPorts = 2> <OutPorts = 1>
ST_1 : Operation 46 [1/1] (0.73ns)   --->   "%sub_ln73_288 = sub i12 0, i12 %zext_ln73_566" [firmware/nnet_utils/nnet_mult.h:73->firmware/nnet_utils/nnet_dense_latency.h:42]   --->   Operation 46 'sub' 'sub_ln73_288' <Predicate = true> <Delay = 0.73> <CoreInst = "Adder">   --->   Core 1 'Adder' <Latency = 0> <II = 1> <Delay = 0.73> <FuncUnit> <Opcode : 'add' 'sub'> <InPorts = 2> <OutPorts = 1>
ST_1 : Operation 47 [1/1] (0.00ns)   --->   "%shl_ln73_280 = bitconcatenate i11 @_ssdm_op_BitConcatenate.i11.i6.i5, i6 %data_5_val_read, i5 0" [firmware/nnet_utils/nnet_mult.h:73->firmware/nnet_utils/nnet_dense_latency.h:42]   --->   Operation 47 'bitconcatenate' 'shl_ln73_280' <Predicate = true> <Delay = 0.00>
ST_1 : Operation 48 [1/1] (0.00ns)   --->   "%zext_ln73_567 = zext i11 %shl_ln73_280" [firmware/nnet_utils/nnet_mult.h:73->firmware/nnet_utils/nnet_dense_latency.h:42]   --->   Operation 48 'zext' 'zext_ln73_567' <Predicate = true> <Delay = 0.00>
ST_1 : Operation 49 [1/1] (0.73ns)   --->   "%sub_ln73_289 = sub i12 0, i12 %zext_ln73_567" [firmware/nnet_utils/nnet_mult.h:73->firmware/nnet_utils/nnet_dense_latency.h:42]   --->   Operation 49 'sub' 'sub_ln73_289' <Predicate = true> <Delay = 0.73> <CoreInst = "Adder">   --->   Core 1 'Adder' <Latency = 0> <II = 1> <Delay = 0.73> <FuncUnit> <Opcode : 'add' 'sub'> <InPorts = 2> <OutPorts = 1>
ST_1 : Operation 50 [1/1] (0.00ns)   --->   "%zext_ln73_568 = zext i6 %data_6_val_read" [firmware/nnet_utils/nnet_mult.h:73->firmware/nnet_utils/nnet_dense_latency.h:42]   --->   Operation 50 'zext' 'zext_ln73_568' <Predicate = true> <Delay = 0.00>
ST_1 : Operation 51 [1/1] (0.00ns)   --->   "%shl_ln73_281 = bitconcatenate i11 @_ssdm_op_BitConcatenate.i11.i6.i5, i6 %data_6_val_read, i5 0" [firmware/nnet_utils/nnet_mult.h:73->firmware/nnet_utils/nnet_dense_latency.h:42]   --->   Operation 51 'bitconcatenate' 'shl_ln73_281' <Predicate = true> <Delay = 0.00>
ST_1 : Operation 52 [1/1] (0.00ns)   --->   "%zext_ln73_569 = zext i11 %shl_ln73_281" [firmware/nnet_utils/nnet_mult.h:73->firmware/nnet_utils/nnet_dense_latency.h:42]   --->   Operation 52 'zext' 'zext_ln73_569' <Predicate = true> <Delay = 0.00>
ST_1 : Operation 53 [1/1] (0.73ns)   --->   "%sub_ln73_290 = sub i12 0, i12 %zext_ln73_569" [firmware/nnet_utils/nnet_mult.h:73->firmware/nnet_utils/nnet_dense_latency.h:42]   --->   Operation 53 'sub' 'sub_ln73_290' <Predicate = true> <Delay = 0.73> <CoreInst = "Adder">   --->   Core 1 'Adder' <Latency = 0> <II = 1> <Delay = 0.73> <FuncUnit> <Opcode : 'add' 'sub'> <InPorts = 2> <OutPorts = 1>
ST_1 : Operation 54 [1/1] (1.23ns)   --->   "%mul_ln73 = mul i11 %zext_ln73_568, i11 21" [firmware/nnet_utils/nnet_mult.h:73->firmware/nnet_utils/nnet_dense_latency.h:42]   --->   Operation 54 'mul' 'mul_ln73' <Predicate = true> <Delay = 1.23> <CoreInst = "Multiplier">   --->   Core 3 'Multiplier' <Latency = 0> <II = 1> <Delay = 1.23> <FuncUnit> <Opcode : 'mul'> <InPorts = 2> <OutPorts = 1>
ST_1 : Operation 55 [1/1] (1.23ns)   --->   "%mul_ln73_88 = mul i11 %zext_ln73_568, i11 27" [firmware/nnet_utils/nnet_mult.h:73->firmware/nnet_utils/nnet_dense_latency.h:42]   --->   Operation 55 'mul' 'mul_ln73_88' <Predicate = true> <Delay = 1.23> <CoreInst = "Multiplier">   --->   Core 3 'Multiplier' <Latency = 0> <II = 1> <Delay = 1.23> <FuncUnit> <Opcode : 'mul'> <InPorts = 2> <OutPorts = 1>
ST_1 : Operation 56 [1/1] (0.00ns)   --->   "%zext_ln73_91 = zext i6 %data_7_val_read" [firmware/nnet_utils/nnet_mult.h:73->firmware/nnet_utils/nnet_dense_latency.h:42]   --->   Operation 56 'zext' 'zext_ln73_91' <Predicate = true> <Delay = 0.00>
ST_1 : Operation 57 [1/1] (0.00ns)   --->   "%shl_ln73_282 = bitconcatenate i11 @_ssdm_op_BitConcatenate.i11.i6.i5, i6 %data_7_val_read, i5 0" [firmware/nnet_utils/nnet_mult.h:73->firmware/nnet_utils/nnet_dense_latency.h:42]   --->   Operation 57 'bitconcatenate' 'shl_ln73_282' <Predicate = true> <Delay = 0.00>
ST_1 : Operation 58 [1/1] (0.00ns)   --->   "%zext_ln73_570 = zext i11 %shl_ln73_282" [firmware/nnet_utils/nnet_mult.h:73->firmware/nnet_utils/nnet_dense_latency.h:42]   --->   Operation 58 'zext' 'zext_ln73_570' <Predicate = true> <Delay = 0.00>
ST_1 : Operation 59 [1/1] (0.73ns)   --->   "%sub_ln73_291 = sub i12 0, i12 %zext_ln73_570" [firmware/nnet_utils/nnet_mult.h:73->firmware/nnet_utils/nnet_dense_latency.h:42]   --->   Operation 59 'sub' 'sub_ln73_291' <Predicate = true> <Delay = 0.73> <CoreInst = "Adder">   --->   Core 1 'Adder' <Latency = 0> <II = 1> <Delay = 0.73> <FuncUnit> <Opcode : 'add' 'sub'> <InPorts = 2> <OutPorts = 1>
ST_1 : Operation 60 [1/1] (0.73ns)   --->   "%sub_ln73_292 = sub i12 %zext_ln73_570, i12 %zext_ln73_91" [firmware/nnet_utils/nnet_mult.h:73->firmware/nnet_utils/nnet_dense_latency.h:42]   --->   Operation 60 'sub' 'sub_ln73_292' <Predicate = true> <Delay = 0.73> <CoreInst = "Adder">   --->   Core 1 'Adder' <Latency = 0> <II = 1> <Delay = 0.73> <FuncUnit> <Opcode : 'add' 'sub'> <InPorts = 2> <OutPorts = 1>
ST_1 : Operation 61 [1/1] (0.00ns)   --->   "%shl_ln73_283 = bitconcatenate i11 @_ssdm_op_BitConcatenate.i11.i6.i5, i6 %data_9_val_read, i5 0" [firmware/nnet_utils/nnet_mult.h:73->firmware/nnet_utils/nnet_dense_latency.h:42]   --->   Operation 61 'bitconcatenate' 'shl_ln73_283' <Predicate = true> <Delay = 0.00>
ST_1 : Operation 62 [1/1] (0.00ns)   --->   "%zext_ln73_571 = zext i11 %shl_ln73_283" [firmware/nnet_utils/nnet_mult.h:73->firmware/nnet_utils/nnet_dense_latency.h:42]   --->   Operation 62 'zext' 'zext_ln73_571' <Predicate = true> <Delay = 0.00>
ST_1 : Operation 63 [1/1] (0.73ns)   --->   "%sub_ln73_293 = sub i12 0, i12 %zext_ln73_571" [firmware/nnet_utils/nnet_mult.h:73->firmware/nnet_utils/nnet_dense_latency.h:42]   --->   Operation 63 'sub' 'sub_ln73_293' <Predicate = true> <Delay = 0.73> <CoreInst = "Adder">   --->   Core 1 'Adder' <Latency = 0> <II = 1> <Delay = 0.73> <FuncUnit> <Opcode : 'add' 'sub'> <InPorts = 2> <OutPorts = 1>
ST_1 : Operation 64 [1/1] (0.00ns)   --->   "%shl_ln73_284 = bitconcatenate i11 @_ssdm_op_BitConcatenate.i11.i6.i5, i6 %data_11_val_read, i5 0" [firmware/nnet_utils/nnet_mult.h:73->firmware/nnet_utils/nnet_dense_latency.h:42]   --->   Operation 64 'bitconcatenate' 'shl_ln73_284' <Predicate = true> <Delay = 0.00>
ST_1 : Operation 65 [1/1] (0.00ns)   --->   "%zext_ln73_572 = zext i11 %shl_ln73_284" [firmware/nnet_utils/nnet_mult.h:73->firmware/nnet_utils/nnet_dense_latency.h:42]   --->   Operation 65 'zext' 'zext_ln73_572' <Predicate = true> <Delay = 0.00>
ST_1 : Operation 66 [1/1] (0.73ns)   --->   "%sub_ln73_294 = sub i12 0, i12 %zext_ln73_572" [firmware/nnet_utils/nnet_mult.h:73->firmware/nnet_utils/nnet_dense_latency.h:42]   --->   Operation 66 'sub' 'sub_ln73_294' <Predicate = true> <Delay = 0.73> <CoreInst = "Adder">   --->   Core 1 'Adder' <Latency = 0> <II = 1> <Delay = 0.73> <FuncUnit> <Opcode : 'add' 'sub'> <InPorts = 2> <OutPorts = 1>
ST_1 : Operation 67 [1/1] (0.00ns)   --->   "%conv_i_i_12 = zext i6 %data_12_val_read" [firmware/nnet_utils/nnet_mult.h:70->firmware/nnet_utils/nnet_dense_latency.h:42]   --->   Operation 67 'zext' 'conv_i_i_12' <Predicate = true> <Delay = 0.00>
ST_1 : Operation 68 [1/1] (0.00ns)   --->   "%shl_ln73_285 = bitconcatenate i11 @_ssdm_op_BitConcatenate.i11.i6.i5, i6 %data_12_val_read, i5 0" [firmware/nnet_utils/nnet_mult.h:73->firmware/nnet_utils/nnet_dense_latency.h:42]   --->   Operation 68 'bitconcatenate' 'shl_ln73_285' <Predicate = true> <Delay = 0.00>
ST_1 : Operation 69 [1/1] (0.00ns)   --->   "%zext_ln73_573 = zext i11 %shl_ln73_285" [firmware/nnet_utils/nnet_mult.h:73->firmware/nnet_utils/nnet_dense_latency.h:42]   --->   Operation 69 'zext' 'zext_ln73_573' <Predicate = true> <Delay = 0.00>
ST_1 : Operation 70 [1/1] (0.73ns)   --->   "%sub_ln73_295 = sub i12 %zext_ln73_573, i12 %conv_i_i_12" [firmware/nnet_utils/nnet_mult.h:73->firmware/nnet_utils/nnet_dense_latency.h:42]   --->   Operation 70 'sub' 'sub_ln73_295' <Predicate = true> <Delay = 0.73> <CoreInst = "Adder">   --->   Core 1 'Adder' <Latency = 0> <II = 1> <Delay = 0.73> <FuncUnit> <Opcode : 'add' 'sub'> <InPorts = 2> <OutPorts = 1>
ST_1 : Operation 71 [1/1] (0.00ns)   --->   "%conv_i_i_13 = zext i6 %data_13_val_read" [firmware/nnet_utils/nnet_mult.h:70->firmware/nnet_utils/nnet_dense_latency.h:42]   --->   Operation 71 'zext' 'conv_i_i_13' <Predicate = true> <Delay = 0.00>
ST_1 : Operation 72 [1/1] (0.00ns)   --->   "%shl_ln73_286 = bitconcatenate i11 @_ssdm_op_BitConcatenate.i11.i6.i5, i6 %data_13_val_read, i5 0" [firmware/nnet_utils/nnet_mult.h:73->firmware/nnet_utils/nnet_dense_latency.h:42]   --->   Operation 72 'bitconcatenate' 'shl_ln73_286' <Predicate = true> <Delay = 0.00>
ST_1 : Operation 73 [1/1] (0.00ns)   --->   "%zext_ln73_574 = zext i11 %shl_ln73_286" [firmware/nnet_utils/nnet_mult.h:73->firmware/nnet_utils/nnet_dense_latency.h:42]   --->   Operation 73 'zext' 'zext_ln73_574' <Predicate = true> <Delay = 0.00>
ST_1 : Operation 74 [1/1] (0.73ns)   --->   "%sub_ln73_296 = sub i12 %zext_ln73_574, i12 %conv_i_i_13" [firmware/nnet_utils/nnet_mult.h:73->firmware/nnet_utils/nnet_dense_latency.h:42]   --->   Operation 74 'sub' 'sub_ln73_296' <Predicate = true> <Delay = 0.73> <CoreInst = "Adder">   --->   Core 1 'Adder' <Latency = 0> <II = 1> <Delay = 0.73> <FuncUnit> <Opcode : 'add' 'sub'> <InPorts = 2> <OutPorts = 1>
ST_1 : Operation 75 [1/1] (0.00ns)   --->   "%shl_ln73_287 = bitconcatenate i11 @_ssdm_op_BitConcatenate.i11.i6.i5, i6 %data_14_val_read, i5 0" [firmware/nnet_utils/nnet_mult.h:73->firmware/nnet_utils/nnet_dense_latency.h:42]   --->   Operation 75 'bitconcatenate' 'shl_ln73_287' <Predicate = true> <Delay = 0.00>
ST_1 : Operation 76 [1/1] (0.00ns)   --->   "%zext_ln73_575 = zext i11 %shl_ln73_287" [firmware/nnet_utils/nnet_mult.h:73->firmware/nnet_utils/nnet_dense_latency.h:42]   --->   Operation 76 'zext' 'zext_ln73_575' <Predicate = true> <Delay = 0.00>
ST_1 : Operation 77 [1/1] (0.73ns)   --->   "%sub_ln73_297 = sub i12 0, i12 %zext_ln73_575" [firmware/nnet_utils/nnet_mult.h:73->firmware/nnet_utils/nnet_dense_latency.h:42]   --->   Operation 77 'sub' 'sub_ln73_297' <Predicate = true> <Delay = 0.73> <CoreInst = "Adder">   --->   Core 1 'Adder' <Latency = 0> <II = 1> <Delay = 0.73> <FuncUnit> <Opcode : 'add' 'sub'> <InPorts = 2> <OutPorts = 1>
ST_1 : Operation 78 [1/1] (0.00ns)   --->   "%conv_i_i_15 = zext i6 %data_15_val_read" [firmware/nnet_utils/nnet_mult.h:70->firmware/nnet_utils/nnet_dense_latency.h:42]   --->   Operation 78 'zext' 'conv_i_i_15' <Predicate = true> <Delay = 0.00>
ST_1 : Operation 79 [1/1] (0.00ns)   --->   "%shl_ln73_288 = bitconcatenate i11 @_ssdm_op_BitConcatenate.i11.i6.i5, i6 %data_15_val_read, i5 0" [firmware/nnet_utils/nnet_mult.h:73->firmware/nnet_utils/nnet_dense_latency.h:42]   --->   Operation 79 'bitconcatenate' 'shl_ln73_288' <Predicate = true> <Delay = 0.00>
ST_1 : Operation 80 [1/1] (0.00ns)   --->   "%zext_ln73_576 = zext i11 %shl_ln73_288" [firmware/nnet_utils/nnet_mult.h:73->firmware/nnet_utils/nnet_dense_latency.h:42]   --->   Operation 80 'zext' 'zext_ln73_576' <Predicate = true> <Delay = 0.00>
ST_1 : Operation 81 [1/1] (0.73ns)   --->   "%sub_ln73_298 = sub i12 %zext_ln73_576, i12 %conv_i_i_15" [firmware/nnet_utils/nnet_mult.h:73->firmware/nnet_utils/nnet_dense_latency.h:42]   --->   Operation 81 'sub' 'sub_ln73_298' <Predicate = true> <Delay = 0.73> <CoreInst = "Adder">   --->   Core 1 'Adder' <Latency = 0> <II = 1> <Delay = 0.73> <FuncUnit> <Opcode : 'add' 'sub'> <InPorts = 2> <OutPorts = 1>
ST_1 : Operation 82 [1/1] (0.00ns)   --->   "%zext_ln73_92 = zext i6 %data_17_val_read" [firmware/nnet_utils/nnet_mult.h:73->firmware/nnet_utils/nnet_dense_latency.h:42]   --->   Operation 82 'zext' 'zext_ln73_92' <Predicate = true> <Delay = 0.00>
ST_1 : Operation 83 [1/1] (0.00ns)   --->   "%shl_ln73_289 = bitconcatenate i11 @_ssdm_op_BitConcatenate.i11.i6.i5, i6 %data_17_val_read, i5 0" [firmware/nnet_utils/nnet_mult.h:73->firmware/nnet_utils/nnet_dense_latency.h:42]   --->   Operation 83 'bitconcatenate' 'shl_ln73_289' <Predicate = true> <Delay = 0.00>
ST_1 : Operation 84 [1/1] (0.00ns)   --->   "%zext_ln73_577 = zext i11 %shl_ln73_289" [firmware/nnet_utils/nnet_mult.h:73->firmware/nnet_utils/nnet_dense_latency.h:42]   --->   Operation 84 'zext' 'zext_ln73_577' <Predicate = true> <Delay = 0.00>
ST_1 : Operation 85 [1/1] (0.73ns)   --->   "%sub_ln73_299 = sub i12 %zext_ln73_577, i12 %zext_ln73_92" [firmware/nnet_utils/nnet_mult.h:73->firmware/nnet_utils/nnet_dense_latency.h:42]   --->   Operation 85 'sub' 'sub_ln73_299' <Predicate = true> <Delay = 0.73> <CoreInst = "Adder">   --->   Core 1 'Adder' <Latency = 0> <II = 1> <Delay = 0.73> <FuncUnit> <Opcode : 'add' 'sub'> <InPorts = 2> <OutPorts = 1>
ST_1 : Operation 86 [1/1] (0.00ns)   --->   "%shl_ln73_290 = bitconcatenate i7 @_ssdm_op_BitConcatenate.i7.i6.i1, i6 %data_17_val_read, i1 0" [firmware/nnet_utils/nnet_mult.h:73->firmware/nnet_utils/nnet_dense_latency.h:42]   --->   Operation 86 'bitconcatenate' 'shl_ln73_290' <Predicate = true> <Delay = 0.00>
ST_1 : Operation 87 [1/1] (0.00ns)   --->   "%zext_ln73_578 = zext i7 %shl_ln73_290" [firmware/nnet_utils/nnet_mult.h:73->firmware/nnet_utils/nnet_dense_latency.h:42]   --->   Operation 87 'zext' 'zext_ln73_578' <Predicate = true> <Delay = 0.00>
ST_1 : Operation 88 [1/1] (0.73ns)   --->   "%sub_ln73_300 = sub i12 %zext_ln73_578, i12 %zext_ln73_577" [firmware/nnet_utils/nnet_mult.h:73->firmware/nnet_utils/nnet_dense_latency.h:42]   --->   Operation 88 'sub' 'sub_ln73_300' <Predicate = true> <Delay = 0.73> <CoreInst = "Adder">   --->   Core 1 'Adder' <Latency = 0> <II = 1> <Delay = 0.73> <FuncUnit> <Opcode : 'add' 'sub'> <InPorts = 2> <OutPorts = 1>
ST_1 : Operation 89 [1/1] (0.00ns)   --->   "%shl_ln73_291 = bitconcatenate i11 @_ssdm_op_BitConcatenate.i11.i6.i5, i6 %data_18_val_read, i5 0" [firmware/nnet_utils/nnet_mult.h:73->firmware/nnet_utils/nnet_dense_latency.h:42]   --->   Operation 89 'bitconcatenate' 'shl_ln73_291' <Predicate = true> <Delay = 0.00>
ST_1 : Operation 90 [1/1] (0.00ns)   --->   "%zext_ln73_579 = zext i11 %shl_ln73_291" [firmware/nnet_utils/nnet_mult.h:73->firmware/nnet_utils/nnet_dense_latency.h:42]   --->   Operation 90 'zext' 'zext_ln73_579' <Predicate = true> <Delay = 0.00>
ST_1 : Operation 91 [1/1] (0.73ns)   --->   "%sub_ln73_301 = sub i12 0, i12 %zext_ln73_579" [firmware/nnet_utils/nnet_mult.h:73->firmware/nnet_utils/nnet_dense_latency.h:42]   --->   Operation 91 'sub' 'sub_ln73_301' <Predicate = true> <Delay = 0.73> <CoreInst = "Adder">   --->   Core 1 'Adder' <Latency = 0> <II = 1> <Delay = 0.73> <FuncUnit> <Opcode : 'add' 'sub'> <InPorts = 2> <OutPorts = 1>
ST_1 : Operation 92 [1/1] (0.00ns)   --->   "%shl_ln73_292 = bitconcatenate i11 @_ssdm_op_BitConcatenate.i11.i6.i5, i6 %data_19_val_read, i5 0" [firmware/nnet_utils/nnet_mult.h:73->firmware/nnet_utils/nnet_dense_latency.h:42]   --->   Operation 92 'bitconcatenate' 'shl_ln73_292' <Predicate = true> <Delay = 0.00>
ST_1 : Operation 93 [1/1] (0.00ns)   --->   "%zext_ln73_580 = zext i11 %shl_ln73_292" [firmware/nnet_utils/nnet_mult.h:73->firmware/nnet_utils/nnet_dense_latency.h:42]   --->   Operation 93 'zext' 'zext_ln73_580' <Predicate = true> <Delay = 0.00>
ST_1 : Operation 94 [1/1] (0.73ns)   --->   "%sub_ln73_302 = sub i12 0, i12 %zext_ln73_580" [firmware/nnet_utils/nnet_mult.h:73->firmware/nnet_utils/nnet_dense_latency.h:42]   --->   Operation 94 'sub' 'sub_ln73_302' <Predicate = true> <Delay = 0.73> <CoreInst = "Adder">   --->   Core 1 'Adder' <Latency = 0> <II = 1> <Delay = 0.73> <FuncUnit> <Opcode : 'add' 'sub'> <InPorts = 2> <OutPorts = 1>
ST_1 : Operation 95 [1/1] (0.00ns)   --->   "%shl_ln73_293 = bitconcatenate i10 @_ssdm_op_BitConcatenate.i10.i6.i4, i6 %data_19_val_read, i4 0" [firmware/nnet_utils/nnet_mult.h:73->firmware/nnet_utils/nnet_dense_latency.h:42]   --->   Operation 95 'bitconcatenate' 'shl_ln73_293' <Predicate = true> <Delay = 0.00>
ST_1 : Operation 96 [1/1] (0.00ns)   --->   "%zext_ln73_581 = zext i10 %shl_ln73_293" [firmware/nnet_utils/nnet_mult.h:73->firmware/nnet_utils/nnet_dense_latency.h:42]   --->   Operation 96 'zext' 'zext_ln73_581' <Predicate = true> <Delay = 0.00>
ST_1 : Operation 97 [1/1] (0.00ns)   --->   "%shl_ln73_294 = bitconcatenate i8 @_ssdm_op_BitConcatenate.i8.i6.i2, i6 %data_19_val_read, i2 0" [firmware/nnet_utils/nnet_mult.h:73->firmware/nnet_utils/nnet_dense_latency.h:42]   --->   Operation 97 'bitconcatenate' 'shl_ln73_294' <Predicate = true> <Delay = 0.00>
ST_1 : Operation 98 [1/1] (0.00ns)   --->   "%zext_ln73_582 = zext i8 %shl_ln73_294" [firmware/nnet_utils/nnet_mult.h:73->firmware/nnet_utils/nnet_dense_latency.h:42]   --->   Operation 98 'zext' 'zext_ln73_582' <Predicate = true> <Delay = 0.00>
ST_1 : Operation 99 [1/1] (0.72ns)   --->   "%sub_ln73_303 = sub i11 %zext_ln73_581, i11 %zext_ln73_582" [firmware/nnet_utils/nnet_mult.h:73->firmware/nnet_utils/nnet_dense_latency.h:42]   --->   Operation 99 'sub' 'sub_ln73_303' <Predicate = true> <Delay = 0.72> <CoreInst = "Adder">   --->   Core 1 'Adder' <Latency = 0> <II = 1> <Delay = 0.72> <FuncUnit> <Opcode : 'add' 'sub'> <InPorts = 2> <OutPorts = 1>
ST_1 : Operation 100 [1/1] (0.00ns)   --->   "%shl_ln73_295 = bitconcatenate i11 @_ssdm_op_BitConcatenate.i11.i6.i5, i6 %data_20_val_read, i5 0" [firmware/nnet_utils/nnet_mult.h:73->firmware/nnet_utils/nnet_dense_latency.h:42]   --->   Operation 100 'bitconcatenate' 'shl_ln73_295' <Predicate = true> <Delay = 0.00>
ST_1 : Operation 101 [1/1] (0.00ns)   --->   "%zext_ln73_583 = zext i11 %shl_ln73_295" [firmware/nnet_utils/nnet_mult.h:73->firmware/nnet_utils/nnet_dense_latency.h:42]   --->   Operation 101 'zext' 'zext_ln73_583' <Predicate = true> <Delay = 0.00>
ST_1 : Operation 102 [1/1] (0.73ns)   --->   "%sub_ln73_304 = sub i12 0, i12 %zext_ln73_583" [firmware/nnet_utils/nnet_mult.h:73->firmware/nnet_utils/nnet_dense_latency.h:42]   --->   Operation 102 'sub' 'sub_ln73_304' <Predicate = true> <Delay = 0.73> <CoreInst = "Adder">   --->   Core 1 'Adder' <Latency = 0> <II = 1> <Delay = 0.73> <FuncUnit> <Opcode : 'add' 'sub'> <InPorts = 2> <OutPorts = 1>
ST_1 : Operation 103 [1/1] (0.00ns)   --->   "%shl_ln73_296 = bitconcatenate i11 @_ssdm_op_BitConcatenate.i11.i6.i5, i6 %data_21_val_read, i5 0" [firmware/nnet_utils/nnet_mult.h:73->firmware/nnet_utils/nnet_dense_latency.h:42]   --->   Operation 103 'bitconcatenate' 'shl_ln73_296' <Predicate = true> <Delay = 0.00>
ST_1 : Operation 104 [1/1] (0.00ns)   --->   "%zext_ln73_584 = zext i11 %shl_ln73_296" [firmware/nnet_utils/nnet_mult.h:73->firmware/nnet_utils/nnet_dense_latency.h:42]   --->   Operation 104 'zext' 'zext_ln73_584' <Predicate = true> <Delay = 0.00>
ST_1 : Operation 105 [1/1] (0.73ns)   --->   "%sub_ln73_305 = sub i12 0, i12 %zext_ln73_584" [firmware/nnet_utils/nnet_mult.h:73->firmware/nnet_utils/nnet_dense_latency.h:42]   --->   Operation 105 'sub' 'sub_ln73_305' <Predicate = true> <Delay = 0.73> <CoreInst = "Adder">   --->   Core 1 'Adder' <Latency = 0> <II = 1> <Delay = 0.73> <FuncUnit> <Opcode : 'add' 'sub'> <InPorts = 2> <OutPorts = 1>
ST_1 : Operation 106 [1/1] (0.00ns)   --->   "%zext_ln73_94 = zext i6 %data_22_val_read" [firmware/nnet_utils/nnet_mult.h:73->firmware/nnet_utils/nnet_dense_latency.h:42]   --->   Operation 106 'zext' 'zext_ln73_94' <Predicate = true> <Delay = 0.00>
ST_1 : Operation 107 [1/1] (0.00ns)   --->   "%shl_ln73_297 = bitconcatenate i11 @_ssdm_op_BitConcatenate.i11.i6.i5, i6 %data_22_val_read, i5 0" [firmware/nnet_utils/nnet_mult.h:73->firmware/nnet_utils/nnet_dense_latency.h:42]   --->   Operation 107 'bitconcatenate' 'shl_ln73_297' <Predicate = true> <Delay = 0.00>
ST_1 : Operation 108 [1/1] (0.00ns)   --->   "%zext_ln73_585 = zext i11 %shl_ln73_297" [firmware/nnet_utils/nnet_mult.h:73->firmware/nnet_utils/nnet_dense_latency.h:42]   --->   Operation 108 'zext' 'zext_ln73_585' <Predicate = true> <Delay = 0.00>
ST_1 : Operation 109 [1/1] (0.73ns)   --->   "%sub_ln73_306 = sub i12 0, i12 %zext_ln73_585" [firmware/nnet_utils/nnet_mult.h:73->firmware/nnet_utils/nnet_dense_latency.h:42]   --->   Operation 109 'sub' 'sub_ln73_306' <Predicate = true> <Delay = 0.73> <CoreInst = "Adder">   --->   Core 1 'Adder' <Latency = 0> <II = 1> <Delay = 0.73> <FuncUnit> <Opcode : 'add' 'sub'> <InPorts = 2> <OutPorts = 1>
ST_1 : Operation 110 [1/1] (0.73ns)   --->   "%sub_ln73_307 = sub i12 %zext_ln73_585, i12 %zext_ln73_94" [firmware/nnet_utils/nnet_mult.h:73->firmware/nnet_utils/nnet_dense_latency.h:42]   --->   Operation 110 'sub' 'sub_ln73_307' <Predicate = true> <Delay = 0.73> <CoreInst = "Adder">   --->   Core 1 'Adder' <Latency = 0> <II = 1> <Delay = 0.73> <FuncUnit> <Opcode : 'add' 'sub'> <InPorts = 2> <OutPorts = 1>
ST_1 : Operation 111 [1/1] (1.23ns)   --->   "%mul_ln73_89 = mul i12 %zext_ln73_94, i12 4077" [firmware/nnet_utils/nnet_mult.h:73->firmware/nnet_utils/nnet_dense_latency.h:42]   --->   Operation 111 'mul' 'mul_ln73_89' <Predicate = true> <Delay = 1.23> <CoreInst = "Multiplier">   --->   Core 3 'Multiplier' <Latency = 0> <II = 1> <Delay = 1.23> <FuncUnit> <Opcode : 'mul'> <InPorts = 2> <OutPorts = 1>
ST_1 : Operation 112 [1/1] (0.00ns)   --->   "%zext_ln73_586 = zext i6 %data_23_val_read" [firmware/nnet_utils/nnet_mult.h:73->firmware/nnet_utils/nnet_dense_latency.h:42]   --->   Operation 112 'zext' 'zext_ln73_586' <Predicate = true> <Delay = 0.00>
ST_1 : Operation 113 [1/1] (0.00ns)   --->   "%shl_ln73_298 = bitconcatenate i11 @_ssdm_op_BitConcatenate.i11.i6.i5, i6 %data_23_val_read, i5 0" [firmware/nnet_utils/nnet_mult.h:73->firmware/nnet_utils/nnet_dense_latency.h:42]   --->   Operation 113 'bitconcatenate' 'shl_ln73_298' <Predicate = true> <Delay = 0.00>
ST_1 : Operation 114 [1/1] (0.00ns)   --->   "%zext_ln73_587 = zext i11 %shl_ln73_298" [firmware/nnet_utils/nnet_mult.h:73->firmware/nnet_utils/nnet_dense_latency.h:42]   --->   Operation 114 'zext' 'zext_ln73_587' <Predicate = true> <Delay = 0.00>
ST_1 : Operation 115 [1/1] (0.73ns)   --->   "%sub_ln73_308 = sub i12 0, i12 %zext_ln73_587" [firmware/nnet_utils/nnet_mult.h:73->firmware/nnet_utils/nnet_dense_latency.h:42]   --->   Operation 115 'sub' 'sub_ln73_308' <Predicate = true> <Delay = 0.73> <CoreInst = "Adder">   --->   Core 1 'Adder' <Latency = 0> <II = 1> <Delay = 0.73> <FuncUnit> <Opcode : 'add' 'sub'> <InPorts = 2> <OutPorts = 1>
ST_1 : Operation 116 [1/1] (0.00ns)   --->   "%shl_ln73_299 = bitconcatenate i10 @_ssdm_op_BitConcatenate.i10.i6.i4, i6 %data_23_val_read, i4 0" [firmware/nnet_utils/nnet_mult.h:73->firmware/nnet_utils/nnet_dense_latency.h:42]   --->   Operation 116 'bitconcatenate' 'shl_ln73_299' <Predicate = true> <Delay = 0.00>
ST_1 : Operation 117 [1/1] (0.00ns)   --->   "%zext_ln73_588 = zext i10 %shl_ln73_299" [firmware/nnet_utils/nnet_mult.h:73->firmware/nnet_utils/nnet_dense_latency.h:42]   --->   Operation 117 'zext' 'zext_ln73_588' <Predicate = true> <Delay = 0.00>
ST_1 : Operation 118 [1/1] (0.72ns)   --->   "%add_ln73 = add i11 %zext_ln73_588, i11 %zext_ln73_586" [firmware/nnet_utils/nnet_mult.h:73->firmware/nnet_utils/nnet_dense_latency.h:42]   --->   Operation 118 'add' 'add_ln73' <Predicate = true> <Delay = 0.72> <CoreInst = "Adder">   --->   Core 1 'Adder' <Latency = 0> <II = 1> <Delay = 0.72> <FuncUnit> <Opcode : 'add' 'sub'> <InPorts = 2> <OutPorts = 1>
ST_1 : Operation 119 [1/1] (0.00ns)   --->   "%zext_ln73_96 = zext i6 %data_24_val_read" [firmware/nnet_utils/nnet_mult.h:73->firmware/nnet_utils/nnet_dense_latency.h:42]   --->   Operation 119 'zext' 'zext_ln73_96' <Predicate = true> <Delay = 0.00>
ST_1 : Operation 120 [1/1] (0.00ns)   --->   "%shl_ln73_300 = bitconcatenate i11 @_ssdm_op_BitConcatenate.i11.i6.i5, i6 %data_24_val_read, i5 0" [firmware/nnet_utils/nnet_mult.h:73->firmware/nnet_utils/nnet_dense_latency.h:42]   --->   Operation 120 'bitconcatenate' 'shl_ln73_300' <Predicate = true> <Delay = 0.00>
ST_1 : Operation 121 [1/1] (0.00ns)   --->   "%zext_ln73_589 = zext i11 %shl_ln73_300" [firmware/nnet_utils/nnet_mult.h:73->firmware/nnet_utils/nnet_dense_latency.h:42]   --->   Operation 121 'zext' 'zext_ln73_589' <Predicate = true> <Delay = 0.00>
ST_1 : Operation 122 [1/1] (0.73ns)   --->   "%sub_ln73_309 = sub i12 0, i12 %zext_ln73_589" [firmware/nnet_utils/nnet_mult.h:73->firmware/nnet_utils/nnet_dense_latency.h:42]   --->   Operation 122 'sub' 'sub_ln73_309' <Predicate = true> <Delay = 0.73> <CoreInst = "Adder">   --->   Core 1 'Adder' <Latency = 0> <II = 1> <Delay = 0.73> <FuncUnit> <Opcode : 'add' 'sub'> <InPorts = 2> <OutPorts = 1>
ST_1 : Operation 123 [1/1] (0.73ns)   --->   "%sub_ln73_310 = sub i12 %zext_ln73_589, i12 %zext_ln73_96" [firmware/nnet_utils/nnet_mult.h:73->firmware/nnet_utils/nnet_dense_latency.h:42]   --->   Operation 123 'sub' 'sub_ln73_310' <Predicate = true> <Delay = 0.73> <CoreInst = "Adder">   --->   Core 1 'Adder' <Latency = 0> <II = 1> <Delay = 0.73> <FuncUnit> <Opcode : 'add' 'sub'> <InPorts = 2> <OutPorts = 1>
ST_1 : Operation 124 [1/1] (0.00ns)   --->   "%conv_i_i_25 = zext i6 %data_25_val_read" [firmware/nnet_utils/nnet_mult.h:70->firmware/nnet_utils/nnet_dense_latency.h:42]   --->   Operation 124 'zext' 'conv_i_i_25' <Predicate = true> <Delay = 0.00>
ST_1 : Operation 125 [1/1] (0.00ns)   --->   "%shl_ln73_301 = bitconcatenate i11 @_ssdm_op_BitConcatenate.i11.i6.i5, i6 %data_25_val_read, i5 0" [firmware/nnet_utils/nnet_mult.h:73->firmware/nnet_utils/nnet_dense_latency.h:42]   --->   Operation 125 'bitconcatenate' 'shl_ln73_301' <Predicate = true> <Delay = 0.00>
ST_1 : Operation 126 [1/1] (0.00ns)   --->   "%zext_ln73_590 = zext i11 %shl_ln73_301" [firmware/nnet_utils/nnet_mult.h:73->firmware/nnet_utils/nnet_dense_latency.h:42]   --->   Operation 126 'zext' 'zext_ln73_590' <Predicate = true> <Delay = 0.00>
ST_1 : Operation 127 [1/1] (0.73ns)   --->   "%sub_ln73_311 = sub i12 %zext_ln73_590, i12 %conv_i_i_25" [firmware/nnet_utils/nnet_mult.h:73->firmware/nnet_utils/nnet_dense_latency.h:42]   --->   Operation 127 'sub' 'sub_ln73_311' <Predicate = true> <Delay = 0.73> <CoreInst = "Adder">   --->   Core 1 'Adder' <Latency = 0> <II = 1> <Delay = 0.73> <FuncUnit> <Opcode : 'add' 'sub'> <InPorts = 2> <OutPorts = 1>
ST_1 : Operation 128 [1/1] (0.00ns)   --->   "%shl_ln73_302 = bitconcatenate i11 @_ssdm_op_BitConcatenate.i11.i6.i5, i6 %data_26_val_read, i5 0" [firmware/nnet_utils/nnet_mult.h:73->firmware/nnet_utils/nnet_dense_latency.h:42]   --->   Operation 128 'bitconcatenate' 'shl_ln73_302' <Predicate = true> <Delay = 0.00>
ST_1 : Operation 129 [1/1] (0.00ns)   --->   "%zext_ln73_591 = zext i11 %shl_ln73_302" [firmware/nnet_utils/nnet_mult.h:73->firmware/nnet_utils/nnet_dense_latency.h:42]   --->   Operation 129 'zext' 'zext_ln73_591' <Predicate = true> <Delay = 0.00>
ST_1 : Operation 130 [1/1] (0.73ns)   --->   "%sub_ln73_312 = sub i12 0, i12 %zext_ln73_591" [firmware/nnet_utils/nnet_mult.h:73->firmware/nnet_utils/nnet_dense_latency.h:42]   --->   Operation 130 'sub' 'sub_ln73_312' <Predicate = true> <Delay = 0.73> <CoreInst = "Adder">   --->   Core 1 'Adder' <Latency = 0> <II = 1> <Delay = 0.73> <FuncUnit> <Opcode : 'add' 'sub'> <InPorts = 2> <OutPorts = 1>
ST_1 : Operation 131 [1/1] (0.00ns)   --->   "%shl_ln73_303 = bitconcatenate i11 @_ssdm_op_BitConcatenate.i11.i6.i5, i6 %data_27_val_read, i5 0" [firmware/nnet_utils/nnet_mult.h:73->firmware/nnet_utils/nnet_dense_latency.h:42]   --->   Operation 131 'bitconcatenate' 'shl_ln73_303' <Predicate = true> <Delay = 0.00>
ST_1 : Operation 132 [1/1] (0.00ns)   --->   "%zext_ln73_592 = zext i11 %shl_ln73_303" [firmware/nnet_utils/nnet_mult.h:73->firmware/nnet_utils/nnet_dense_latency.h:42]   --->   Operation 132 'zext' 'zext_ln73_592' <Predicate = true> <Delay = 0.00>
ST_1 : Operation 133 [1/1] (0.73ns)   --->   "%sub_ln73_313 = sub i12 0, i12 %zext_ln73_592" [firmware/nnet_utils/nnet_mult.h:73->firmware/nnet_utils/nnet_dense_latency.h:42]   --->   Operation 133 'sub' 'sub_ln73_313' <Predicate = true> <Delay = 0.73> <CoreInst = "Adder">   --->   Core 1 'Adder' <Latency = 0> <II = 1> <Delay = 0.73> <FuncUnit> <Opcode : 'add' 'sub'> <InPorts = 2> <OutPorts = 1>
ST_1 : Operation 134 [1/1] (0.00ns)   --->   "%shl_ln73_304 = bitconcatenate i11 @_ssdm_op_BitConcatenate.i11.i6.i5, i6 %data_28_val_read, i5 0" [firmware/nnet_utils/nnet_mult.h:73->firmware/nnet_utils/nnet_dense_latency.h:42]   --->   Operation 134 'bitconcatenate' 'shl_ln73_304' <Predicate = true> <Delay = 0.00>
ST_1 : Operation 135 [1/1] (0.00ns)   --->   "%zext_ln73_593 = zext i11 %shl_ln73_304" [firmware/nnet_utils/nnet_mult.h:73->firmware/nnet_utils/nnet_dense_latency.h:42]   --->   Operation 135 'zext' 'zext_ln73_593' <Predicate = true> <Delay = 0.00>
ST_1 : Operation 136 [1/1] (0.73ns)   --->   "%sub_ln73_314 = sub i12 0, i12 %zext_ln73_593" [firmware/nnet_utils/nnet_mult.h:73->firmware/nnet_utils/nnet_dense_latency.h:42]   --->   Operation 136 'sub' 'sub_ln73_314' <Predicate = true> <Delay = 0.73> <CoreInst = "Adder">   --->   Core 1 'Adder' <Latency = 0> <II = 1> <Delay = 0.73> <FuncUnit> <Opcode : 'add' 'sub'> <InPorts = 2> <OutPorts = 1>
ST_1 : Operation 137 [1/1] (0.00ns)   --->   "%shl_ln73_305 = bitconcatenate i11 @_ssdm_op_BitConcatenate.i11.i6.i5, i6 %data_29_val_read, i5 0" [firmware/nnet_utils/nnet_mult.h:73->firmware/nnet_utils/nnet_dense_latency.h:42]   --->   Operation 137 'bitconcatenate' 'shl_ln73_305' <Predicate = true> <Delay = 0.00>
ST_1 : Operation 138 [1/1] (0.00ns)   --->   "%zext_ln73_594 = zext i11 %shl_ln73_305" [firmware/nnet_utils/nnet_mult.h:73->firmware/nnet_utils/nnet_dense_latency.h:42]   --->   Operation 138 'zext' 'zext_ln73_594' <Predicate = true> <Delay = 0.00>
ST_1 : Operation 139 [1/1] (0.00ns)   --->   "%shl_ln73_306 = bitconcatenate i7 @_ssdm_op_BitConcatenate.i7.i6.i1, i6 %data_29_val_read, i1 0" [firmware/nnet_utils/nnet_mult.h:73->firmware/nnet_utils/nnet_dense_latency.h:42]   --->   Operation 139 'bitconcatenate' 'shl_ln73_306' <Predicate = true> <Delay = 0.00>
ST_1 : Operation 140 [1/1] (0.00ns)   --->   "%zext_ln73_595 = zext i7 %shl_ln73_306" [firmware/nnet_utils/nnet_mult.h:73->firmware/nnet_utils/nnet_dense_latency.h:42]   --->   Operation 140 'zext' 'zext_ln73_595' <Predicate = true> <Delay = 0.00>
ST_1 : Operation 141 [1/1] (0.73ns)   --->   "%sub_ln73_315 = sub i12 %zext_ln73_594, i12 %zext_ln73_595" [firmware/nnet_utils/nnet_mult.h:73->firmware/nnet_utils/nnet_dense_latency.h:42]   --->   Operation 141 'sub' 'sub_ln73_315' <Predicate = true> <Delay = 0.73> <CoreInst = "Adder">   --->   Core 1 'Adder' <Latency = 0> <II = 1> <Delay = 0.73> <FuncUnit> <Opcode : 'add' 'sub'> <InPorts = 2> <OutPorts = 1>
ST_1 : Operation 142 [1/1] (0.00ns)   --->   "%shl_ln73_307 = bitconcatenate i11 @_ssdm_op_BitConcatenate.i11.i6.i5, i6 %data_31_val_read, i5 0" [firmware/nnet_utils/nnet_mult.h:73->firmware/nnet_utils/nnet_dense_latency.h:42]   --->   Operation 142 'bitconcatenate' 'shl_ln73_307' <Predicate = true> <Delay = 0.00>
ST_1 : Operation 143 [1/1] (0.00ns)   --->   "%zext_ln73_596 = zext i11 %shl_ln73_307" [firmware/nnet_utils/nnet_mult.h:73->firmware/nnet_utils/nnet_dense_latency.h:42]   --->   Operation 143 'zext' 'zext_ln73_596' <Predicate = true> <Delay = 0.00>
ST_1 : Operation 144 [1/1] (0.73ns)   --->   "%sub_ln73_316 = sub i12 0, i12 %zext_ln73_596" [firmware/nnet_utils/nnet_mult.h:73->firmware/nnet_utils/nnet_dense_latency.h:42]   --->   Operation 144 'sub' 'sub_ln73_316' <Predicate = true> <Delay = 0.73> <CoreInst = "Adder">   --->   Core 1 'Adder' <Latency = 0> <II = 1> <Delay = 0.73> <FuncUnit> <Opcode : 'add' 'sub'> <InPorts = 2> <OutPorts = 1>
ST_1 : Operation 145 [1/1] (0.00ns)   --->   "%zext_ln58 = zext i12 %sub_ln73" [firmware/nnet_utils/nnet_dense_latency.h:58]   --->   Operation 145 'zext' 'zext_ln58' <Predicate = true> <Delay = 0.00>
ST_1 : Operation 146 [1/1] (0.00ns)   --->   "%sext_ln58 = sext i12 %sub_ln73_284" [firmware/nnet_utils/nnet_dense_latency.h:58]   --->   Operation 146 'sext' 'sext_ln58' <Predicate = true> <Delay = 0.00>
ST_1 : Operation 147 [1/1] (0.00ns)   --->   "%zext_ln58_565 = zext i12 %sub_ln73_285" [firmware/nnet_utils/nnet_dense_latency.h:58]   --->   Operation 147 'zext' 'zext_ln58_565' <Predicate = true> <Delay = 0.00>
ST_1 : Operation 148 [1/1] (0.00ns)   --->   "%sext_ln58_563 = sext i12 %sub_ln73_286" [firmware/nnet_utils/nnet_dense_latency.h:58]   --->   Operation 148 'sext' 'sext_ln58_563' <Predicate = true> <Delay = 0.00>
ST_1 : Operation 149 [1/1] (0.00ns)   --->   "%zext_ln58_566 = zext i12 %sub_ln73_287" [firmware/nnet_utils/nnet_dense_latency.h:58]   --->   Operation 149 'zext' 'zext_ln58_566' <Predicate = true> <Delay = 0.00>
ST_1 : Operation 150 [1/1] (0.00ns)   --->   "%sext_ln58_564 = sext i12 %sub_ln73_288" [firmware/nnet_utils/nnet_dense_latency.h:58]   --->   Operation 150 'sext' 'sext_ln58_564' <Predicate = true> <Delay = 0.00>
ST_1 : Operation 151 [1/1] (0.00ns)   --->   "%sext_ln58_565 = sext i12 %sub_ln73_289" [firmware/nnet_utils/nnet_dense_latency.h:58]   --->   Operation 151 'sext' 'sext_ln58_565' <Predicate = true> <Delay = 0.00>
ST_1 : Operation 152 [1/1] (0.00ns)   --->   "%sext_ln58_566 = sext i12 %sub_ln73_290" [firmware/nnet_utils/nnet_dense_latency.h:58]   --->   Operation 152 'sext' 'sext_ln58_566' <Predicate = true> <Delay = 0.00>
ST_1 : Operation 153 [1/1] (0.00ns)   --->   "%zext_ln58_567 = zext i11 %mul_ln73" [firmware/nnet_utils/nnet_dense_latency.h:58]   --->   Operation 153 'zext' 'zext_ln58_567' <Predicate = true> <Delay = 0.00>
ST_1 : Operation 154 [1/1] (0.00ns)   --->   "%zext_ln58_568 = zext i11 %mul_ln73_88" [firmware/nnet_utils/nnet_dense_latency.h:58]   --->   Operation 154 'zext' 'zext_ln58_568' <Predicate = true> <Delay = 0.00>
ST_1 : Operation 155 [1/1] (0.00ns)   --->   "%sext_ln58_567 = sext i12 %sub_ln73_291" [firmware/nnet_utils/nnet_dense_latency.h:58]   --->   Operation 155 'sext' 'sext_ln58_567' <Predicate = true> <Delay = 0.00>
ST_1 : Operation 156 [1/1] (0.00ns)   --->   "%zext_ln58_569 = zext i12 %sub_ln73_292" [firmware/nnet_utils/nnet_dense_latency.h:58]   --->   Operation 156 'zext' 'zext_ln58_569' <Predicate = true> <Delay = 0.00>
ST_1 : Operation 157 [1/1] (0.00ns)   --->   "%sext_ln58_568 = sext i12 %sub_ln73_293" [firmware/nnet_utils/nnet_dense_latency.h:58]   --->   Operation 157 'sext' 'sext_ln58_568' <Predicate = true> <Delay = 0.00>
ST_1 : Operation 158 [1/1] (0.00ns)   --->   "%sext_ln58_569 = sext i12 %sub_ln73_294" [firmware/nnet_utils/nnet_dense_latency.h:58]   --->   Operation 158 'sext' 'sext_ln58_569' <Predicate = true> <Delay = 0.00>
ST_1 : Operation 159 [1/1] (0.00ns)   --->   "%zext_ln58_570 = zext i12 %sub_ln73_295" [firmware/nnet_utils/nnet_dense_latency.h:58]   --->   Operation 159 'zext' 'zext_ln58_570' <Predicate = true> <Delay = 0.00>
ST_1 : Operation 160 [1/1] (0.00ns)   --->   "%zext_ln58_571 = zext i12 %sub_ln73_296" [firmware/nnet_utils/nnet_dense_latency.h:58]   --->   Operation 160 'zext' 'zext_ln58_571' <Predicate = true> <Delay = 0.00>
ST_1 : Operation 161 [1/1] (0.00ns)   --->   "%sext_ln58_570 = sext i12 %sub_ln73_297" [firmware/nnet_utils/nnet_dense_latency.h:58]   --->   Operation 161 'sext' 'sext_ln58_570' <Predicate = true> <Delay = 0.00>
ST_1 : Operation 162 [1/1] (0.00ns)   --->   "%zext_ln58_572 = zext i12 %sub_ln73_298" [firmware/nnet_utils/nnet_dense_latency.h:58]   --->   Operation 162 'zext' 'zext_ln58_572' <Predicate = true> <Delay = 0.00>
ST_1 : Operation 163 [1/1] (0.00ns)   --->   "%zext_ln58_573 = zext i12 %sub_ln73_299" [firmware/nnet_utils/nnet_dense_latency.h:58]   --->   Operation 163 'zext' 'zext_ln58_573' <Predicate = true> <Delay = 0.00>
ST_1 : Operation 164 [1/1] (0.00ns)   --->   "%sext_ln58_571 = sext i12 %sub_ln73_300" [firmware/nnet_utils/nnet_dense_latency.h:58]   --->   Operation 164 'sext' 'sext_ln58_571' <Predicate = true> <Delay = 0.00>
ST_1 : Operation 165 [1/1] (0.00ns)   --->   "%sext_ln58_572 = sext i12 %sub_ln73_301" [firmware/nnet_utils/nnet_dense_latency.h:58]   --->   Operation 165 'sext' 'sext_ln58_572' <Predicate = true> <Delay = 0.00>
ST_1 : Operation 166 [1/1] (0.00ns)   --->   "%sext_ln58_573 = sext i12 %sub_ln73_302" [firmware/nnet_utils/nnet_dense_latency.h:58]   --->   Operation 166 'sext' 'sext_ln58_573' <Predicate = true> <Delay = 0.00>
ST_1 : Operation 167 [1/1] (0.00ns)   --->   "%sext_ln58_574 = sext i11 %sub_ln73_303" [firmware/nnet_utils/nnet_dense_latency.h:58]   --->   Operation 167 'sext' 'sext_ln58_574' <Predicate = true> <Delay = 0.00>
ST_1 : Operation 168 [1/1] (0.00ns)   --->   "%zext_ln58_574 = zext i12 %sext_ln58_574" [firmware/nnet_utils/nnet_dense_latency.h:58]   --->   Operation 168 'zext' 'zext_ln58_574' <Predicate = true> <Delay = 0.00>
ST_1 : Operation 169 [1/1] (0.00ns)   --->   "%sext_ln58_575 = sext i12 %sub_ln73_304" [firmware/nnet_utils/nnet_dense_latency.h:58]   --->   Operation 169 'sext' 'sext_ln58_575' <Predicate = true> <Delay = 0.00>
ST_1 : Operation 170 [1/1] (0.00ns)   --->   "%sext_ln58_576 = sext i12 %sub_ln73_304" [firmware/nnet_utils/nnet_dense_latency.h:58]   --->   Operation 170 'sext' 'sext_ln58_576' <Predicate = true> <Delay = 0.00>
ST_1 : Operation 171 [1/1] (0.00ns)   --->   "%sext_ln58_577 = sext i12 %sub_ln73_305" [firmware/nnet_utils/nnet_dense_latency.h:58]   --->   Operation 171 'sext' 'sext_ln58_577' <Predicate = true> <Delay = 0.00>
ST_1 : Operation 172 [1/1] (0.74ns)   --->   "%add_ln58 = add i13 %sext_ln58_566, i13 %sext_ln58_577" [firmware/nnet_utils/nnet_dense_latency.h:58]   --->   Operation 172 'add' 'add_ln58' <Predicate = true> <Delay = 0.74> <CoreInst = "Adder">   --->   Core 1 'Adder' <Latency = 0> <II = 1> <Delay = 0.74> <FuncUnit> <Opcode : 'add' 'sub'> <InPorts = 2> <OutPorts = 1>
ST_1 : Operation 173 [1/1] (0.00ns)   --->   "%sext_ln58_578 = sext i13 %add_ln58" [firmware/nnet_utils/nnet_dense_latency.h:58]   --->   Operation 173 'sext' 'sext_ln58_578' <Predicate = true> <Delay = 0.00>
ST_1 : Operation 174 [1/1] (0.74ns)   --->   "%add_ln58_650 = add i13 %zext_ln58_572, i13 7616" [firmware/nnet_utils/nnet_dense_latency.h:58]   --->   Operation 174 'add' 'add_ln58_650' <Predicate = true> <Delay = 0.74> <CoreInst = "Adder">   --->   Core 1 'Adder' <Latency = 0> <II = 1> <Delay = 0.74> <FuncUnit> <Opcode : 'add' 'sub'> <InPorts = 2> <OutPorts = 1>
ST_1 : Operation 175 [1/1] (0.00ns)   --->   "%sext_ln58_579 = sext i13 %add_ln58_650" [firmware/nnet_utils/nnet_dense_latency.h:58]   --->   Operation 175 'sext' 'sext_ln58_579' <Predicate = true> <Delay = 0.00>
ST_1 : Operation 176 [1/1] (0.00ns) (grouped into TernaryAdder)   --->   "%add_ln58_651 = add i14 %sext_ln58_579, i14 %zext_ln58_565" [firmware/nnet_utils/nnet_dense_latency.h:58]   --->   Operation 176 'add' 'add_ln58_651' <Predicate = true> <Delay = 0.00> <CoreInst = "TAddSub">   --->   Core 10 'TAddSub' <Latency = 0> <II = 1> <Delay = 0.33> <IPBlock> <Opcode : '' 'add' 'sub'> <InPorts = 3> <OutPorts = 1> <Sync> <CReg>
ST_1 : Operation 177 [1/1] (0.71ns) (root node of TernaryAdder)   --->   "%add_ln58_652 = add i14 %add_ln58_651, i14 %sext_ln58_578" [firmware/nnet_utils/nnet_dense_latency.h:58]   --->   Operation 177 'add' 'add_ln58_652' <Predicate = true> <Delay = 0.71> <CoreInst = "TAddSub">   --->   Core 10 'TAddSub' <Latency = 0> <II = 1> <Delay = 0.33> <IPBlock> <Opcode : '' 'add' 'sub'> <InPorts = 3> <OutPorts = 1> <Sync> <CReg>
ST_1 : Operation 178 [1/1] (0.00ns)   --->   "%sext_ln58_581 = sext i12 %sub_ln73_306" [firmware/nnet_utils/nnet_dense_latency.h:58]   --->   Operation 178 'sext' 'sext_ln58_581' <Predicate = true> <Delay = 0.00>
ST_1 : Operation 179 [1/1] (0.00ns)   --->   "%zext_ln58_575 = zext i12 %sub_ln73_307" [firmware/nnet_utils/nnet_dense_latency.h:58]   --->   Operation 179 'zext' 'zext_ln58_575' <Predicate = true> <Delay = 0.00>
ST_1 : Operation 180 [1/1] (0.00ns)   --->   "%sext_ln58_582 = sext i12 %mul_ln73_89" [firmware/nnet_utils/nnet_dense_latency.h:58]   --->   Operation 180 'sext' 'sext_ln58_582' <Predicate = true> <Delay = 0.00>
ST_1 : Operation 181 [1/1] (0.00ns)   --->   "%sext_ln58_583 = sext i12 %sub_ln73_308" [firmware/nnet_utils/nnet_dense_latency.h:58]   --->   Operation 181 'sext' 'sext_ln58_583' <Predicate = true> <Delay = 0.00>
ST_1 : Operation 182 [1/1] (0.00ns)   --->   "%zext_ln58_576 = zext i11 %add_ln73" [firmware/nnet_utils/nnet_dense_latency.h:58]   --->   Operation 182 'zext' 'zext_ln58_576' <Predicate = true> <Delay = 0.00>
ST_1 : Operation 183 [1/1] (0.00ns)   --->   "%sext_ln58_584 = sext i12 %sub_ln73_309" [firmware/nnet_utils/nnet_dense_latency.h:58]   --->   Operation 183 'sext' 'sext_ln58_584' <Predicate = true> <Delay = 0.00>
ST_1 : Operation 184 [1/1] (0.00ns)   --->   "%zext_ln58_577 = zext i12 %sub_ln73_310" [firmware/nnet_utils/nnet_dense_latency.h:58]   --->   Operation 184 'zext' 'zext_ln58_577' <Predicate = true> <Delay = 0.00>
ST_1 : Operation 185 [1/1] (0.00ns)   --->   "%zext_ln58_578 = zext i12 %sub_ln73_311" [firmware/nnet_utils/nnet_dense_latency.h:58]   --->   Operation 185 'zext' 'zext_ln58_578' <Predicate = true> <Delay = 0.00>
ST_1 : Operation 186 [1/1] (0.00ns)   --->   "%sext_ln58_585 = sext i12 %sub_ln73_312" [firmware/nnet_utils/nnet_dense_latency.h:58]   --->   Operation 186 'sext' 'sext_ln58_585' <Predicate = true> <Delay = 0.00>
ST_1 : Operation 187 [1/1] (0.74ns)   --->   "%add_ln58_653 = add i13 %sext_ln58_567, i13 %sext_ln58_581" [firmware/nnet_utils/nnet_dense_latency.h:58]   --->   Operation 187 'add' 'add_ln58_653' <Predicate = true> <Delay = 0.74> <CoreInst = "Adder">   --->   Core 1 'Adder' <Latency = 0> <II = 1> <Delay = 0.74> <FuncUnit> <Opcode : 'add' 'sub'> <InPorts = 2> <OutPorts = 1>
ST_1 : Operation 188 [1/1] (0.00ns)   --->   "%sext_ln58_586 = sext i13 %add_ln58_653" [firmware/nnet_utils/nnet_dense_latency.h:58]   --->   Operation 188 'sext' 'sext_ln58_586' <Predicate = true> <Delay = 0.00>
ST_1 : Operation 189 [1/1] (0.73ns)   --->   "%add_ln58_654 = add i12 %zext_ln58_567, i12 768" [firmware/nnet_utils/nnet_dense_latency.h:58]   --->   Operation 189 'add' 'add_ln58_654' <Predicate = true> <Delay = 0.73> <CoreInst = "Adder">   --->   Core 1 'Adder' <Latency = 0> <II = 1> <Delay = 0.73> <FuncUnit> <Opcode : 'add' 'sub'> <InPorts = 2> <OutPorts = 1>
ST_1 : Operation 190 [1/1] (0.00ns)   --->   "%zext_ln58_579 = zext i12 %add_ln58_654" [firmware/nnet_utils/nnet_dense_latency.h:58]   --->   Operation 190 'zext' 'zext_ln58_579' <Predicate = true> <Delay = 0.00>
ST_1 : Operation 191 [1/1] (0.74ns)   --->   "%add_ln58_655 = add i13 %zext_ln58_579, i13 %sext_ln58_585" [firmware/nnet_utils/nnet_dense_latency.h:58]   --->   Operation 191 'add' 'add_ln58_655' <Predicate = true> <Delay = 0.74> <CoreInst = "Adder">   --->   Core 1 'Adder' <Latency = 0> <II = 1> <Delay = 0.74> <FuncUnit> <Opcode : 'add' 'sub'> <InPorts = 2> <OutPorts = 1>
ST_1 : Operation 192 [1/1] (0.00ns)   --->   "%sext_ln58_587 = sext i13 %add_ln58_655" [firmware/nnet_utils/nnet_dense_latency.h:58]   --->   Operation 192 'sext' 'sext_ln58_587' <Predicate = true> <Delay = 0.00>
ST_1 : Operation 193 [1/1] (0.75ns)   --->   "%add_ln58_656 = add i14 %sext_ln58_587, i14 %sext_ln58_586" [firmware/nnet_utils/nnet_dense_latency.h:58]   --->   Operation 193 'add' 'add_ln58_656' <Predicate = true> <Delay = 0.75> <CoreInst = "Adder">   --->   Core 1 'Adder' <Latency = 0> <II = 1> <Delay = 0.75> <FuncUnit> <Opcode : 'add' 'sub'> <InPorts = 2> <OutPorts = 1>
ST_1 : Operation 194 [1/1] (0.00ns)   --->   "%sext_ln58_589 = sext i12 %sub_ln73_313" [firmware/nnet_utils/nnet_dense_latency.h:58]   --->   Operation 194 'sext' 'sext_ln58_589' <Predicate = true> <Delay = 0.00>
ST_1 : Operation 195 [1/1] (0.74ns)   --->   "%add_ln58_657 = add i13 %sext_ln58_572, i13 %sext_ln58_589" [firmware/nnet_utils/nnet_dense_latency.h:58]   --->   Operation 195 'add' 'add_ln58_657' <Predicate = true> <Delay = 0.74> <CoreInst = "Adder">   --->   Core 1 'Adder' <Latency = 0> <II = 1> <Delay = 0.74> <FuncUnit> <Opcode : 'add' 'sub'> <InPorts = 2> <OutPorts = 1>
ST_1 : Operation 196 [1/1] (0.00ns)   --->   "%sext_ln58_590 = sext i13 %add_ln58_657" [firmware/nnet_utils/nnet_dense_latency.h:58]   --->   Operation 196 'sext' 'sext_ln58_590' <Predicate = true> <Delay = 0.00>
ST_1 : Operation 197 [1/1] (0.75ns)   --->   "%add_ln58_658 = add i14 %sext_ln58_590, i14 %sext_ln58_570" [firmware/nnet_utils/nnet_dense_latency.h:58]   --->   Operation 197 'add' 'add_ln58_658' <Predicate = true> <Delay = 0.75> <CoreInst = "Adder">   --->   Core 1 'Adder' <Latency = 0> <II = 1> <Delay = 0.75> <FuncUnit> <Opcode : 'add' 'sub'> <InPorts = 2> <OutPorts = 1>
ST_1 : Operation 198 [1/1] (0.00ns)   --->   "%sext_ln58_591 = sext i14 %add_ln58_658" [firmware/nnet_utils/nnet_dense_latency.h:58]   --->   Operation 198 'sext' 'sext_ln58_591' <Predicate = true> <Delay = 0.00>
ST_1 : Operation 199 [1/1] (0.74ns)   --->   "%add_ln58_659 = add i13 %zext_ln58, i13 %zext_ln58_566" [firmware/nnet_utils/nnet_dense_latency.h:58]   --->   Operation 199 'add' 'add_ln58_659' <Predicate = true> <Delay = 0.74> <CoreInst = "Adder">   --->   Core 1 'Adder' <Latency = 0> <II = 1> <Delay = 0.74> <FuncUnit> <Opcode : 'add' 'sub'> <InPorts = 2> <OutPorts = 1>
ST_1 : Operation 200 [1/1] (0.00ns)   --->   "%zext_ln58_580 = zext i13 %add_ln58_659" [firmware/nnet_utils/nnet_dense_latency.h:58]   --->   Operation 200 'zext' 'zext_ln58_580' <Predicate = true> <Delay = 0.00>
ST_1 : Operation 201 [1/1] (0.74ns)   --->   "%add_ln58_660 = add i13 %zext_ln58_575, i13 7424" [firmware/nnet_utils/nnet_dense_latency.h:58]   --->   Operation 201 'add' 'add_ln58_660' <Predicate = true> <Delay = 0.74> <CoreInst = "Adder">   --->   Core 1 'Adder' <Latency = 0> <II = 1> <Delay = 0.74> <FuncUnit> <Opcode : 'add' 'sub'> <InPorts = 2> <OutPorts = 1>
ST_1 : Operation 202 [1/1] (0.00ns)   --->   "%sext_ln58_592 = sext i13 %add_ln58_660" [firmware/nnet_utils/nnet_dense_latency.h:58]   --->   Operation 202 'sext' 'sext_ln58_592' <Predicate = true> <Delay = 0.00>
ST_1 : Operation 203 [1/1] (0.00ns) (grouped into TernaryAdder)   --->   "%add_ln58_661 = add i15 %sext_ln58_592, i15 %zext_ln58_580" [firmware/nnet_utils/nnet_dense_latency.h:58]   --->   Operation 203 'add' 'add_ln58_661' <Predicate = true> <Delay = 0.00> <CoreInst = "TAddSub">   --->   Core 10 'TAddSub' <Latency = 0> <II = 1> <Delay = 0.33> <IPBlock> <Opcode : '' 'add' 'sub'> <InPorts = 3> <OutPorts = 1> <Sync> <CReg>
ST_1 : Operation 204 [1/1] (0.69ns) (root node of TernaryAdder)   --->   "%add_ln58_662 = add i15 %add_ln58_661, i15 %sext_ln58_591" [firmware/nnet_utils/nnet_dense_latency.h:58]   --->   Operation 204 'add' 'add_ln58_662' <Predicate = true> <Delay = 0.69> <CoreInst = "TAddSub">   --->   Core 10 'TAddSub' <Latency = 0> <II = 1> <Delay = 0.33> <IPBlock> <Opcode : '' 'add' 'sub'> <InPorts = 3> <OutPorts = 1> <Sync> <CReg>
ST_1 : Operation 205 [1/1] (0.00ns)   --->   "%sext_ln58_594 = sext i12 %sub_ln73_314" [firmware/nnet_utils/nnet_dense_latency.h:58]   --->   Operation 205 'sext' 'sext_ln58_594' <Predicate = true> <Delay = 0.00>
ST_1 : Operation 206 [1/1] (0.74ns)   --->   "%add_ln58_663 = add i13 %sext_ln58_569, i13 %sext_ln58_573" [firmware/nnet_utils/nnet_dense_latency.h:58]   --->   Operation 206 'add' 'add_ln58_663' <Predicate = true> <Delay = 0.74> <CoreInst = "Adder">   --->   Core 1 'Adder' <Latency = 0> <II = 1> <Delay = 0.74> <FuncUnit> <Opcode : 'add' 'sub'> <InPorts = 2> <OutPorts = 1>
ST_1 : Operation 207 [1/1] (0.00ns)   --->   "%sext_ln58_595 = sext i13 %add_ln58_663" [firmware/nnet_utils/nnet_dense_latency.h:58]   --->   Operation 207 'sext' 'sext_ln58_595' <Predicate = true> <Delay = 0.00>
ST_1 : Operation 208 [1/1] (0.75ns)   --->   "%add_ln58_664 = add i14 %sext_ln58_595, i14 %sext_ln58_564" [firmware/nnet_utils/nnet_dense_latency.h:58]   --->   Operation 208 'add' 'add_ln58_664' <Predicate = true> <Delay = 0.75> <CoreInst = "Adder">   --->   Core 1 'Adder' <Latency = 0> <II = 1> <Delay = 0.75> <FuncUnit> <Opcode : 'add' 'sub'> <InPorts = 2> <OutPorts = 1>
ST_1 : Operation 209 [1/1] (0.00ns)   --->   "%sext_ln58_596 = sext i14 %add_ln58_664" [firmware/nnet_utils/nnet_dense_latency.h:58]   --->   Operation 209 'sext' 'sext_ln58_596' <Predicate = true> <Delay = 0.00>
ST_1 : Operation 210 [1/1] (0.74ns)   --->   "%add_ln58_665 = add i13 %sext_ln58_583, i13 %sext_ln58_584" [firmware/nnet_utils/nnet_dense_latency.h:58]   --->   Operation 210 'add' 'add_ln58_665' <Predicate = true> <Delay = 0.74> <CoreInst = "Adder">   --->   Core 1 'Adder' <Latency = 0> <II = 1> <Delay = 0.74> <FuncUnit> <Opcode : 'add' 'sub'> <InPorts = 2> <OutPorts = 1>
ST_1 : Operation 211 [1/1] (0.00ns)   --->   "%sext_ln58_597 = sext i13 %add_ln58_665" [firmware/nnet_utils/nnet_dense_latency.h:58]   --->   Operation 211 'sext' 'sext_ln58_597' <Predicate = true> <Delay = 0.00>
ST_1 : Operation 212 [1/1] (0.75ns)   --->   "%add_ln58_666 = add i14 %sext_ln58_597, i14 %sext_ln58_576" [firmware/nnet_utils/nnet_dense_latency.h:58]   --->   Operation 212 'add' 'add_ln58_666' <Predicate = true> <Delay = 0.75> <CoreInst = "Adder">   --->   Core 1 'Adder' <Latency = 0> <II = 1> <Delay = 0.75> <FuncUnit> <Opcode : 'add' 'sub'> <InPorts = 2> <OutPorts = 1>
ST_1 : Operation 213 [1/1] (0.00ns)   --->   "%sext_ln58_598 = sext i14 %add_ln58_666" [firmware/nnet_utils/nnet_dense_latency.h:58]   --->   Operation 213 'sext' 'sext_ln58_598' <Predicate = true> <Delay = 0.00>
ST_1 : Operation 214 [1/1] (0.76ns)   --->   "%add_ln58_667 = add i15 %sext_ln58_598, i15 %sext_ln58_596" [firmware/nnet_utils/nnet_dense_latency.h:58]   --->   Operation 214 'add' 'add_ln58_667' <Predicate = true> <Delay = 0.76> <CoreInst = "Adder">   --->   Core 1 'Adder' <Latency = 0> <II = 1> <Delay = 0.76> <FuncUnit> <Opcode : 'add' 'sub'> <InPorts = 2> <OutPorts = 1>
ST_1 : Operation 215 [1/1] (0.74ns)   --->   "%add_ln58_668 = add i13 %zext_ln58_569, i13 %zext_ln58_571" [firmware/nnet_utils/nnet_dense_latency.h:58]   --->   Operation 215 'add' 'add_ln58_668' <Predicate = true> <Delay = 0.74> <CoreInst = "Adder">   --->   Core 1 'Adder' <Latency = 0> <II = 1> <Delay = 0.74> <FuncUnit> <Opcode : 'add' 'sub'> <InPorts = 2> <OutPorts = 1>
ST_1 : Operation 216 [1/1] (0.00ns)   --->   "%zext_ln58_581 = zext i13 %add_ln58_668" [firmware/nnet_utils/nnet_dense_latency.h:58]   --->   Operation 216 'zext' 'zext_ln58_581' <Predicate = true> <Delay = 0.00>
ST_1 : Operation 217 [1/1] (0.75ns)   --->   "%add_ln58_669 = add i14 %zext_ln58_581, i14 %sext_ln58_594" [firmware/nnet_utils/nnet_dense_latency.h:58]   --->   Operation 217 'add' 'add_ln58_669' <Predicate = true> <Delay = 0.75> <CoreInst = "Adder">   --->   Core 1 'Adder' <Latency = 0> <II = 1> <Delay = 0.75> <FuncUnit> <Opcode : 'add' 'sub'> <InPorts = 2> <OutPorts = 1>
ST_1 : Operation 218 [1/1] (0.74ns)   --->   "%add_ln58_670 = add i13 %zext_ln58_575, i13 192" [firmware/nnet_utils/nnet_dense_latency.h:58]   --->   Operation 218 'add' 'add_ln58_670' <Predicate = true> <Delay = 0.74> <CoreInst = "Adder">   --->   Core 1 'Adder' <Latency = 0> <II = 1> <Delay = 0.74> <FuncUnit> <Opcode : 'add' 'sub'> <InPorts = 2> <OutPorts = 1>
ST_1 : Operation 219 [1/1] (0.00ns)   --->   "%zext_ln58_582 = zext i13 %add_ln58_670" [firmware/nnet_utils/nnet_dense_latency.h:58]   --->   Operation 219 'zext' 'zext_ln58_582' <Predicate = true> <Delay = 0.00>
ST_1 : Operation 220 [1/1] (0.75ns)   --->   "%add_ln58_671 = add i14 %zext_ln58_582, i14 %zext_ln58_573" [firmware/nnet_utils/nnet_dense_latency.h:58]   --->   Operation 220 'add' 'add_ln58_671' <Predicate = true> <Delay = 0.75> <CoreInst = "Adder">   --->   Core 1 'Adder' <Latency = 0> <II = 1> <Delay = 0.75> <FuncUnit> <Opcode : 'add' 'sub'> <InPorts = 2> <OutPorts = 1>
ST_1 : Operation 221 [1/1] (0.00ns)   --->   "%zext_ln58_584 = zext i12 %sub_ln73_315" [firmware/nnet_utils/nnet_dense_latency.h:58]   --->   Operation 221 'zext' 'zext_ln58_584' <Predicate = true> <Delay = 0.00>
ST_1 : Operation 222 [1/1] (0.00ns)   --->   "%sext_ln58_602 = sext i12 %sub_ln73_316" [firmware/nnet_utils/nnet_dense_latency.h:58]   --->   Operation 222 'sext' 'sext_ln58_602' <Predicate = true> <Delay = 0.00>
ST_1 : Operation 223 [1/1] (0.74ns)   --->   "%add_ln58_674 = add i13 %sext_ln58, i13 %sext_ln58_563" [firmware/nnet_utils/nnet_dense_latency.h:58]   --->   Operation 223 'add' 'add_ln58_674' <Predicate = true> <Delay = 0.74> <CoreInst = "Adder">   --->   Core 1 'Adder' <Latency = 0> <II = 1> <Delay = 0.74> <FuncUnit> <Opcode : 'add' 'sub'> <InPorts = 2> <OutPorts = 1>
ST_1 : Operation 224 [1/1] (0.00ns)   --->   "%sext_ln58_603 = sext i13 %add_ln58_674" [firmware/nnet_utils/nnet_dense_latency.h:58]   --->   Operation 224 'sext' 'sext_ln58_603' <Predicate = true> <Delay = 0.00>
ST_1 : Operation 225 [1/1] (0.74ns)   --->   "%add_ln58_675 = add i13 %sext_ln58_565, i13 %sext_ln58_568" [firmware/nnet_utils/nnet_dense_latency.h:58]   --->   Operation 225 'add' 'add_ln58_675' <Predicate = true> <Delay = 0.74> <CoreInst = "Adder">   --->   Core 1 'Adder' <Latency = 0> <II = 1> <Delay = 0.74> <FuncUnit> <Opcode : 'add' 'sub'> <InPorts = 2> <OutPorts = 1>
ST_1 : Operation 226 [1/1] (0.00ns)   --->   "%sext_ln58_604 = sext i13 %add_ln58_675" [firmware/nnet_utils/nnet_dense_latency.h:58]   --->   Operation 226 'sext' 'sext_ln58_604' <Predicate = true> <Delay = 0.00>
ST_1 : Operation 227 [1/1] (0.75ns)   --->   "%add_ln58_676 = add i14 %sext_ln58_604, i14 %sext_ln58_603" [firmware/nnet_utils/nnet_dense_latency.h:58]   --->   Operation 227 'add' 'add_ln58_676' <Predicate = true> <Delay = 0.75> <CoreInst = "Adder">   --->   Core 1 'Adder' <Latency = 0> <II = 1> <Delay = 0.75> <FuncUnit> <Opcode : 'add' 'sub'> <InPorts = 2> <OutPorts = 1>
ST_1 : Operation 228 [1/1] (0.00ns)   --->   "%sext_ln58_605 = sext i14 %add_ln58_676" [firmware/nnet_utils/nnet_dense_latency.h:58]   --->   Operation 228 'sext' 'sext_ln58_605' <Predicate = true> <Delay = 0.00>
ST_1 : Operation 229 [1/1] (0.74ns)   --->   "%add_ln58_677 = add i13 %sext_ln58_571, i13 %sext_ln58_575" [firmware/nnet_utils/nnet_dense_latency.h:58]   --->   Operation 229 'add' 'add_ln58_677' <Predicate = true> <Delay = 0.74> <CoreInst = "Adder">   --->   Core 1 'Adder' <Latency = 0> <II = 1> <Delay = 0.74> <FuncUnit> <Opcode : 'add' 'sub'> <InPorts = 2> <OutPorts = 1>
ST_1 : Operation 230 [1/1] (0.00ns)   --->   "%sext_ln58_606 = sext i13 %add_ln58_677" [firmware/nnet_utils/nnet_dense_latency.h:58]   --->   Operation 230 'sext' 'sext_ln58_606' <Predicate = true> <Delay = 0.00>
ST_1 : Operation 231 [1/1] (0.74ns)   --->   "%add_ln58_678 = add i13 %sext_ln58_582, i13 %sext_ln58_602" [firmware/nnet_utils/nnet_dense_latency.h:58]   --->   Operation 231 'add' 'add_ln58_678' <Predicate = true> <Delay = 0.74> <CoreInst = "Adder">   --->   Core 1 'Adder' <Latency = 0> <II = 1> <Delay = 0.74> <FuncUnit> <Opcode : 'add' 'sub'> <InPorts = 2> <OutPorts = 1>
ST_1 : Operation 232 [1/1] (0.00ns)   --->   "%sext_ln58_607 = sext i13 %add_ln58_678" [firmware/nnet_utils/nnet_dense_latency.h:58]   --->   Operation 232 'sext' 'sext_ln58_607' <Predicate = true> <Delay = 0.00>
ST_1 : Operation 233 [1/1] (0.75ns)   --->   "%add_ln58_679 = add i14 %sext_ln58_607, i14 %sext_ln58_606" [firmware/nnet_utils/nnet_dense_latency.h:58]   --->   Operation 233 'add' 'add_ln58_679' <Predicate = true> <Delay = 0.75> <CoreInst = "Adder">   --->   Core 1 'Adder' <Latency = 0> <II = 1> <Delay = 0.75> <FuncUnit> <Opcode : 'add' 'sub'> <InPorts = 2> <OutPorts = 1>
ST_1 : Operation 234 [1/1] (0.00ns)   --->   "%sext_ln58_608 = sext i14 %add_ln58_679" [firmware/nnet_utils/nnet_dense_latency.h:58]   --->   Operation 234 'sext' 'sext_ln58_608' <Predicate = true> <Delay = 0.00>
ST_1 : Operation 235 [1/1] (0.76ns)   --->   "%add_ln58_680 = add i15 %sext_ln58_608, i15 %sext_ln58_605" [firmware/nnet_utils/nnet_dense_latency.h:58]   --->   Operation 235 'add' 'add_ln58_680' <Predicate = true> <Delay = 0.76> <CoreInst = "Adder">   --->   Core 1 'Adder' <Latency = 0> <II = 1> <Delay = 0.76> <FuncUnit> <Opcode : 'add' 'sub'> <InPorts = 2> <OutPorts = 1>
ST_1 : Operation 236 [1/1] (0.74ns)   --->   "%add_ln58_681 = add i13 %zext_ln58_568, i13 %zext_ln58_570" [firmware/nnet_utils/nnet_dense_latency.h:58]   --->   Operation 236 'add' 'add_ln58_681' <Predicate = true> <Delay = 0.74> <CoreInst = "Adder">   --->   Core 1 'Adder' <Latency = 0> <II = 1> <Delay = 0.74> <FuncUnit> <Opcode : 'add' 'sub'> <InPorts = 2> <OutPorts = 1>
ST_1 : Operation 237 [1/1] (0.00ns)   --->   "%zext_ln58_585 = zext i13 %add_ln58_681" [firmware/nnet_utils/nnet_dense_latency.h:58]   --->   Operation 237 'zext' 'zext_ln58_585' <Predicate = true> <Delay = 0.00>
ST_1 : Operation 238 [1/1] (0.74ns)   --->   "%add_ln58_682 = add i13 %zext_ln58_574, i13 %zext_ln58_576" [firmware/nnet_utils/nnet_dense_latency.h:58]   --->   Operation 238 'add' 'add_ln58_682' <Predicate = true> <Delay = 0.74> <CoreInst = "Adder">   --->   Core 1 'Adder' <Latency = 0> <II = 1> <Delay = 0.74> <FuncUnit> <Opcode : 'add' 'sub'> <InPorts = 2> <OutPorts = 1>
ST_1 : Operation 239 [1/1] (0.00ns)   --->   "%zext_ln58_586 = zext i13 %add_ln58_682" [firmware/nnet_utils/nnet_dense_latency.h:58]   --->   Operation 239 'zext' 'zext_ln58_586' <Predicate = true> <Delay = 0.00>
ST_1 : Operation 240 [1/1] (0.75ns)   --->   "%add_ln58_683 = add i14 %zext_ln58_586, i14 %zext_ln58_585" [firmware/nnet_utils/nnet_dense_latency.h:58]   --->   Operation 240 'add' 'add_ln58_683' <Predicate = true> <Delay = 0.75> <CoreInst = "Adder">   --->   Core 1 'Adder' <Latency = 0> <II = 1> <Delay = 0.75> <FuncUnit> <Opcode : 'add' 'sub'> <InPorts = 2> <OutPorts = 1>
ST_1 : Operation 241 [1/1] (0.74ns)   --->   "%add_ln58_684 = add i13 %zext_ln58_577, i13 %zext_ln58_578" [firmware/nnet_utils/nnet_dense_latency.h:58]   --->   Operation 241 'add' 'add_ln58_684' <Predicate = true> <Delay = 0.74> <CoreInst = "Adder">   --->   Core 1 'Adder' <Latency = 0> <II = 1> <Delay = 0.74> <FuncUnit> <Opcode : 'add' 'sub'> <InPorts = 2> <OutPorts = 1>
ST_1 : Operation 242 [1/1] (0.00ns)   --->   "%zext_ln58_588 = zext i13 %add_ln58_684" [firmware/nnet_utils/nnet_dense_latency.h:58]   --->   Operation 242 'zext' 'zext_ln58_588' <Predicate = true> <Delay = 0.00>
ST_1 : Operation 243 [1/1] (0.74ns)   --->   "%add_ln58_685 = add i13 %zext_ln58_584, i13 8064" [firmware/nnet_utils/nnet_dense_latency.h:58]   --->   Operation 243 'add' 'add_ln58_685' <Predicate = true> <Delay = 0.74> <CoreInst = "Adder">   --->   Core 1 'Adder' <Latency = 0> <II = 1> <Delay = 0.74> <FuncUnit> <Opcode : 'add' 'sub'> <InPorts = 2> <OutPorts = 1>
ST_1 : Operation 244 [1/1] (0.00ns)   --->   "%sext_ln58_610 = sext i13 %add_ln58_685" [firmware/nnet_utils/nnet_dense_latency.h:58]   --->   Operation 244 'sext' 'sext_ln58_610' <Predicate = true> <Delay = 0.00>
ST_1 : Operation 245 [1/1] (0.75ns)   --->   "%add_ln58_686 = add i15 %sext_ln58_610, i15 %zext_ln58_588" [firmware/nnet_utils/nnet_dense_latency.h:58]   --->   Operation 245 'add' 'add_ln58_686' <Predicate = true> <Delay = 0.75> <CoreInst = "Adder">   --->   Core 1 'Adder' <Latency = 0> <II = 1> <Delay = 0.75> <FuncUnit> <Opcode : 'add' 'sub'> <InPorts = 2> <OutPorts = 1>

State 2 <SV = 1> <Delay = 0.67>
ST_2 : Operation 246 [1/1] (0.00ns)   --->   "%specpipeline_ln33 = specpipeline void @_ssdm_op_SpecPipeline, i32 1, i32 0, i32 0, i32 0, void @empty_0" [firmware/nnet_utils/nnet_dense_latency.h:33]   --->   Operation 246 'specpipeline' 'specpipeline_ln33' <Predicate = true> <Delay = 0.00>
ST_2 : Operation 247 [1/1] (0.00ns)   --->   "%specresourcelimit_ln33 = specresourcelimit void @_ssdm_op_SpecResourceLimit, i64 40, void @empty_1, void @empty_0, void @empty_0, void @empty_0" [firmware/nnet_utils/nnet_dense_latency.h:33]   --->   Operation 247 'specresourcelimit' 'specresourcelimit_ln33' <Predicate = true> <Delay = 0.00>
ST_2 : Operation 248 [1/1] (0.00ns)   --->   "%sext_ln58_580 = sext i14 %add_ln58_652" [firmware/nnet_utils/nnet_dense_latency.h:58]   --->   Operation 248 'sext' 'sext_ln58_580' <Predicate = true> <Delay = 0.00>
ST_2 : Operation 249 [1/1] (0.00ns)   --->   "%sext_ln58_588 = sext i14 %add_ln58_656" [firmware/nnet_utils/nnet_dense_latency.h:58]   --->   Operation 249 'sext' 'sext_ln58_588' <Predicate = true> <Delay = 0.00>
ST_2 : Operation 250 [1/1] (0.00ns)   --->   "%sext_ln58_593 = sext i15 %add_ln58_662" [firmware/nnet_utils/nnet_dense_latency.h:58]   --->   Operation 250 'sext' 'sext_ln58_593' <Predicate = true> <Delay = 0.00>
ST_2 : Operation 251 [1/1] (0.00ns)   --->   "%sext_ln58_599 = sext i15 %add_ln58_667" [firmware/nnet_utils/nnet_dense_latency.h:58]   --->   Operation 251 'sext' 'sext_ln58_599' <Predicate = true> <Delay = 0.00>
ST_2 : Operation 252 [1/1] (0.00ns)   --->   "%sext_ln58_600 = sext i14 %add_ln58_669" [firmware/nnet_utils/nnet_dense_latency.h:58]   --->   Operation 252 'sext' 'sext_ln58_600' <Predicate = true> <Delay = 0.00>
ST_2 : Operation 253 [1/1] (0.00ns)   --->   "%zext_ln58_583 = zext i14 %add_ln58_671" [firmware/nnet_utils/nnet_dense_latency.h:58]   --->   Operation 253 'zext' 'zext_ln58_583' <Predicate = true> <Delay = 0.00>
ST_2 : Operation 254 [1/1] (0.00ns) (grouped into TernaryAdder)   --->   "%add_ln58_672 = add i16 %zext_ln58_583, i16 %sext_ln58_600" [firmware/nnet_utils/nnet_dense_latency.h:58]   --->   Operation 254 'add' 'add_ln58_672' <Predicate = true> <Delay = 0.00> <CoreInst = "TAddSub">   --->   Core 10 'TAddSub' <Latency = 0> <II = 1> <Delay = 0.33> <IPBlock> <Opcode : '' 'add' 'sub'> <InPorts = 3> <OutPorts = 1> <Sync> <CReg>
ST_2 : Operation 255 [1/1] (0.67ns) (root node of TernaryAdder)   --->   "%add_ln58_673 = add i16 %add_ln58_672, i16 %sext_ln58_599" [firmware/nnet_utils/nnet_dense_latency.h:58]   --->   Operation 255 'add' 'add_ln58_673' <Predicate = true> <Delay = 0.67> <CoreInst = "TAddSub">   --->   Core 10 'TAddSub' <Latency = 0> <II = 1> <Delay = 0.33> <IPBlock> <Opcode : '' 'add' 'sub'> <InPorts = 3> <OutPorts = 1> <Sync> <CReg>
ST_2 : Operation 256 [1/1] (0.00ns)   --->   "%sext_ln58_601 = sext i16 %add_ln58_673" [firmware/nnet_utils/nnet_dense_latency.h:58]   --->   Operation 256 'sext' 'sext_ln58_601' <Predicate = true> <Delay = 0.00>
ST_2 : Operation 257 [1/1] (0.00ns)   --->   "%sext_ln58_609 = sext i15 %add_ln58_680" [firmware/nnet_utils/nnet_dense_latency.h:58]   --->   Operation 257 'sext' 'sext_ln58_609' <Predicate = true> <Delay = 0.00>
ST_2 : Operation 258 [1/1] (0.00ns)   --->   "%zext_ln58_587 = zext i14 %add_ln58_683" [firmware/nnet_utils/nnet_dense_latency.h:58]   --->   Operation 258 'zext' 'zext_ln58_587' <Predicate = true> <Delay = 0.00>
ST_2 : Operation 259 [1/1] (0.00ns)   --->   "%sext_ln58_611 = sext i15 %add_ln58_686" [firmware/nnet_utils/nnet_dense_latency.h:58]   --->   Operation 259 'sext' 'sext_ln58_611' <Predicate = true> <Delay = 0.00>
ST_2 : Operation 260 [1/1] (0.00ns) (grouped into TernaryAdder)   --->   "%add_ln58_687 = add i16 %sext_ln58_611, i16 %zext_ln58_587" [firmware/nnet_utils/nnet_dense_latency.h:58]   --->   Operation 260 'add' 'add_ln58_687' <Predicate = true> <Delay = 0.00> <CoreInst = "TAddSub">   --->   Core 10 'TAddSub' <Latency = 0> <II = 1> <Delay = 0.33> <IPBlock> <Opcode : '' 'add' 'sub'> <InPorts = 3> <OutPorts = 1> <Sync> <CReg>
ST_2 : Operation 261 [1/1] (0.67ns) (root node of TernaryAdder)   --->   "%add_ln58_688 = add i16 %add_ln58_687, i16 %sext_ln58_609" [firmware/nnet_utils/nnet_dense_latency.h:58]   --->   Operation 261 'add' 'add_ln58_688' <Predicate = true> <Delay = 0.67> <CoreInst = "TAddSub">   --->   Core 10 'TAddSub' <Latency = 0> <II = 1> <Delay = 0.33> <IPBlock> <Opcode : '' 'add' 'sub'> <InPorts = 3> <OutPorts = 1> <Sync> <CReg>
ST_2 : Operation 262 [1/1] (0.00ns)   --->   "%sext_ln68 = sext i16 %add_ln58_688" [firmware/nnet_utils/nnet_dense_latency.h:68]   --->   Operation 262 'sext' 'sext_ln68' <Predicate = true> <Delay = 0.00>
ST_2 : Operation 263 [1/1] (0.00ns)   --->   "%mrv = insertvalue i90 <undef>, i18 %sext_ln58_580" [firmware/nnet_utils/nnet_dense_latency.h:68]   --->   Operation 263 'insertvalue' 'mrv' <Predicate = true> <Delay = 0.00>
ST_2 : Operation 264 [1/1] (0.00ns)   --->   "%mrv_1 = insertvalue i90 %mrv, i18 %sext_ln58_588" [firmware/nnet_utils/nnet_dense_latency.h:68]   --->   Operation 264 'insertvalue' 'mrv_1' <Predicate = true> <Delay = 0.00>
ST_2 : Operation 265 [1/1] (0.00ns)   --->   "%mrv_2 = insertvalue i90 %mrv_1, i18 %sext_ln58_593" [firmware/nnet_utils/nnet_dense_latency.h:68]   --->   Operation 265 'insertvalue' 'mrv_2' <Predicate = true> <Delay = 0.00>
ST_2 : Operation 266 [1/1] (0.00ns)   --->   "%mrv_3 = insertvalue i90 %mrv_2, i18 %sext_ln58_601" [firmware/nnet_utils/nnet_dense_latency.h:68]   --->   Operation 266 'insertvalue' 'mrv_3' <Predicate = true> <Delay = 0.00>
ST_2 : Operation 267 [1/1] (0.00ns)   --->   "%mrv_4 = insertvalue i90 %mrv_3, i18 %sext_ln68" [firmware/nnet_utils/nnet_dense_latency.h:68]   --->   Operation 267 'insertvalue' 'mrv_4' <Predicate = true> <Delay = 0.00>
ST_2 : Operation 268 [1/1] (0.00ns)   --->   "%ret_ln68 = ret i90 %mrv_4" [firmware/nnet_utils/nnet_dense_latency.h:68]   --->   Operation 268 'ret' 'ret_ln68' <Predicate = true> <Delay = 0.00>


============================================================
+ Verbose Summary: Timing violations
============================================================
Target clock period: 5.000ns, clock uncertainty: 1.350ns.

 <State 1>: 3.495ns
The critical path consists of the following:
	wire read operation ('data_22_val_read', firmware/nnet_utils/nnet_mult.h:70->firmware/nnet_utils/nnet_dense_latency.h:42) on port 'data_22_val' (firmware/nnet_utils/nnet_mult.h:70->firmware/nnet_utils/nnet_dense_latency.h:42) [38]  (0.000 ns)
	'mul' operation 12 bit ('mul_ln73_89', firmware/nnet_utils/nnet_mult.h:73->firmware/nnet_utils/nnet_dense_latency.h:42) [138]  (1.230 ns)
	'add' operation 13 bit ('add_ln58_678', firmware/nnet_utils/nnet_dense_latency.h:58) [267]  (0.745 ns)
	'add' operation 14 bit ('add_ln58_679', firmware/nnet_utils/nnet_dense_latency.h:58) [269]  (0.755 ns)
	'add' operation 15 bit ('add_ln58_680', firmware/nnet_utils/nnet_dense_latency.h:58) [271]  (0.765 ns)

 <State 2>: 0.675ns
The critical path consists of the following:
	'add' operation 16 bit ('add_ln58_673', firmware/nnet_utils/nnet_dense_latency.h:58) [255]  (0.675 ns)


============================================================
+ Verbose Summary: Binding
============================================================
N/A
* FSMD analyzer results:
  - Output states:
 - Input state : 
  - Chain level:
	State 1
	State 2


============================================================
+ Verbose Summary: Datapath Resource usage 
============================================================
N/A
