/home/enlupi/Work/repo/hls4ml-tutorial/Models/model_3/hls4ml_prj/myproject_prj/solution1/.autopilot/db/myproject.pp.0.cpp:29536:5: warning: Added loop label VITIS_LOOP_676_1:   [xilinx-label-all-loops]
    for (unsigned i = low; i != high+1; ++i) {
    ^~~
    VITIS_LOOP_676_1: 
/home/enlupi/Work/repo/hls4ml-tutorial/Models/model_3/hls4ml_prj/myproject_prj/solution1/.autopilot/db/myproject.pp.0.cpp:29536:5: note: FIX-IT applied suggested code changes
/home/enlupi/Work/repo/hls4ml-tutorial/Models/model_3/hls4ml_prj/myproject_prj/solution1/.autopilot/db/myproject.pp.0.cpp:29550:5: warning: Added loop label VITIS_LOOP_690_1:   [xilinx-label-all-loops]
    for (unsigned i = low; i != high+1; ++i) {
    ^~~
    VITIS_LOOP_690_1: 
/home/enlupi/Work/repo/hls4ml-tutorial/Models/model_3/hls4ml_prj/myproject_prj/solution1/.autopilot/db/myproject.pp.0.cpp:29550:5: note: FIX-IT applied suggested code changes
/home/enlupi/Work/repo/hls4ml-tutorial/Models/model_3/hls4ml_prj/myproject_prj/solution1/.autopilot/db/myproject.pp.0.cpp:29564:5: warning: Added loop label VITIS_LOOP_704_1:   [xilinx-label-all-loops]
    for (unsigned i = low; i != high+1; ++i) {
    ^~~
    VITIS_LOOP_704_1: 
/home/enlupi/Work/repo/hls4ml-tutorial/Models/model_3/hls4ml_prj/myproject_prj/solution1/.autopilot/db/myproject.pp.0.cpp:29564:5: note: FIX-IT applied suggested code changes
/home/enlupi/Work/repo/hls4ml-tutorial/Models/model_3/hls4ml_prj/myproject_prj/solution1/.autopilot/db/myproject.pp.0.cpp:31186:7: warning: Added loop label VITIS_LOOP_1248_1:   [xilinx-label-all-loops]
      for (i = 0; i < __N - 1; ++i) {
      ^~~
      VITIS_LOOP_1248_1: 
/home/enlupi/Work/repo/hls4ml-tutorial/Models/model_3/hls4ml_prj/myproject_prj/solution1/.autopilot/db/myproject.pp.0.cpp:31186:7: note: FIX-IT applied suggested code changes
/home/enlupi/Work/repo/hls4ml-tutorial/Models/model_3/hls4ml_prj/myproject_prj/solution1/.autopilot/db/myproject.pp.0.cpp:33173:9: warning: Added loop label VITIS_LOOP_27_1:   [xilinx-label-all-loops]
        for (unsigned i = 0; i < N; i++) {
        ^~~
        VITIS_LOOP_27_1: 
/home/enlupi/Work/repo/hls4ml-tutorial/Models/model_3/hls4ml_prj/myproject_prj/solution1/.autopilot/db/myproject.pp.0.cpp:33173:9: note: FIX-IT applied suggested code changes
/home/enlupi/Work/repo/hls4ml-tutorial/Models/model_3/hls4ml_prj/myproject_prj/solution1/.autopilot/db/myproject.pp.0.cpp:33186:9: warning: Added loop label VITIS_LOOP_40_1:   [xilinx-label-all-loops]
        for (size_t i = 0; i < N; i++) {
        ^~~
        VITIS_LOOP_40_1: 
/home/enlupi/Work/repo/hls4ml-tutorial/Models/model_3/hls4ml_prj/myproject_prj/solution1/.autopilot/db/myproject.pp.0.cpp:33186:9: note: FIX-IT applied suggested code changes
/home/enlupi/Work/repo/hls4ml-tutorial/Models/model_3/hls4ml_prj/myproject_prj/solution1/.autopilot/db/myproject.pp.0.cpp:56135:5: warning: Added loop label VITIS_LOOP_265_1:   [xilinx-label-all-loops]
    for (typename std::vector<src_T>::const_iterator i = in_begin; i != in_end; ++i) {
    ^~~
    VITIS_LOOP_265_1: 
/home/enlupi/Work/repo/hls4ml-tutorial/Models/model_3/hls4ml_prj/myproject_prj/solution1/.autopilot/db/myproject.pp.0.cpp:56135:5: note: FIX-IT applied suggested code changes
/home/enlupi/Work/repo/hls4ml-tutorial/Models/model_3/hls4ml_prj/myproject_prj/solution1/.autopilot/db/myproject.pp.0.cpp:56145:5: warning: Added loop label VITIS_LOOP_275_1:   [xilinx-label-all-loops]
    for (auto i = 0; i < SIZE; i++)
    ^~~
    VITIS_LOOP_275_1: 
/home/enlupi/Work/repo/hls4ml-tutorial/Models/model_3/hls4ml_prj/myproject_prj/solution1/.autopilot/db/myproject.pp.0.cpp:56145:5: note: FIX-IT applied suggested code changes
/home/enlupi/Work/repo/hls4ml-tutorial/Models/model_3/hls4ml_prj/myproject_prj/solution1/.autopilot/db/myproject.pp.0.cpp:56156:5: warning: Added loop label VITIS_LOOP_286_1:   [xilinx-label-all-loops]
    for (int i = 0; i < SIZE; i++) {
    ^~~
    VITIS_LOOP_286_1: 
/home/enlupi/Work/repo/hls4ml-tutorial/Models/model_3/hls4ml_prj/myproject_prj/solution1/.autopilot/db/myproject.pp.0.cpp:56156:5: note: FIX-IT applied suggested code changes
/home/enlupi/Work/repo/hls4ml-tutorial/Models/model_3/hls4ml_prj/myproject_prj/solution1/.autopilot/db/myproject.pp.0.cpp:56163:5: warning: Added loop label VITIS_LOOP_293_1:   [xilinx-label-all-loops]
    for (int i = 0; i < SIZE / res_T::size; i++) {
    ^~~
    VITIS_LOOP_293_1: 
/home/enlupi/Work/repo/hls4ml-tutorial/Models/model_3/hls4ml_prj/myproject_prj/solution1/.autopilot/db/myproject.pp.0.cpp:56163:5: note: FIX-IT applied suggested code changes
/home/enlupi/Work/repo/hls4ml-tutorial/Models/model_3/hls4ml_prj/myproject_prj/solution1/.autopilot/db/myproject.pp.0.cpp:56165:9: warning: Added loop label VITIS_LOOP_295_2:   [xilinx-label-all-loops]
        for (int j = 0; j < res_T::size; j++) {
        ^~~
        VITIS_LOOP_295_2: 
/home/enlupi/Work/repo/hls4ml-tutorial/Models/model_3/hls4ml_prj/myproject_prj/solution1/.autopilot/db/myproject.pp.0.cpp:56165:9: note: FIX-IT applied suggested code changes
/home/enlupi/Work/repo/hls4ml-tutorial/Models/model_3/hls4ml_prj/myproject_prj/solution1/.autopilot/db/myproject.pp.0.cpp:56177:5: warning: Added loop label VITIS_LOOP_307_1:   [xilinx-label-all-loops]
    for (int i = 0; i < SIZE / data_T::size; i++) {
    ^~~
    VITIS_LOOP_307_1: 
/home/enlupi/Work/repo/hls4ml-tutorial/Models/model_3/hls4ml_prj/myproject_prj/solution1/.autopilot/db/myproject.pp.0.cpp:56177:5: note: FIX-IT applied suggested code changes
/home/enlupi/Work/repo/hls4ml-tutorial/Models/model_3/hls4ml_prj/myproject_prj/solution1/.autopilot/db/myproject.pp.0.cpp:56179:9: warning: Added loop label VITIS_LOOP_309_2:   [xilinx-label-all-loops]
        for (int j = 0; j < data_T::size; j++) {
        ^~~
        VITIS_LOOP_309_2: 
/home/enlupi/Work/repo/hls4ml-tutorial/Models/model_3/hls4ml_prj/myproject_prj/solution1/.autopilot/db/myproject.pp.0.cpp:56179:9: note: FIX-IT applied suggested code changes
/home/enlupi/Work/repo/hls4ml-tutorial/Models/model_3/hls4ml_prj/myproject_prj/solution1/.autopilot/db/myproject.pp.0.cpp:56194:5: warning: Added loop label VITIS_LOOP_324_1:   [xilinx-label-all-loops]
    for (int ii = 0; ii < nrows; ii++) {
    ^~~
    VITIS_LOOP_324_1: 
/home/enlupi/Work/repo/hls4ml-tutorial/Models/model_3/hls4ml_prj/myproject_prj/solution1/.autopilot/db/myproject.pp.0.cpp:56194:5: note: FIX-IT applied suggested code changes
/home/enlupi/Work/repo/hls4ml-tutorial/Models/model_3/hls4ml_prj/myproject_prj/solution1/.autopilot/db/myproject.pp.0.cpp:56214:5: warning: Added loop label VITIS_LOOP_344_1:   [xilinx-label-all-loops]
    for (int ii = 0; ii < nrows; ii++) {
    ^~~
    VITIS_LOOP_344_1: 
/home/enlupi/Work/repo/hls4ml-tutorial/Models/model_3/hls4ml_prj/myproject_prj/solution1/.autopilot/db/myproject.pp.0.cpp:56214:5: note: FIX-IT applied suggested code changes
/home/enlupi/Work/repo/hls4ml-tutorial/Models/model_3/hls4ml_prj/myproject_prj/solution1/.autopilot/db/myproject.pp.0.cpp:56215:9: warning: Added loop label VITIS_LOOP_345_2:   [xilinx-label-all-loops]
        for (int jj = 0; jj < ncols; jj++) {
        ^~~
        VITIS_LOOP_345_2: 
/home/enlupi/Work/repo/hls4ml-tutorial/Models/model_3/hls4ml_prj/myproject_prj/solution1/.autopilot/db/myproject.pp.0.cpp:56215:9: note: FIX-IT applied suggested code changes
/home/enlupi/Work/repo/hls4ml-tutorial/Models/model_3/hls4ml_prj/myproject_prj/solution1/.autopilot/db/myproject.pp.0.cpp:56230:5: warning: Added loop label VITIS_LOOP_360_1:   [xilinx-label-all-loops]
    for (int ii = 0; ii < N_IN; ii++) {
    ^~~
    VITIS_LOOP_360_1: 
/home/enlupi/Work/repo/hls4ml-tutorial/Models/model_3/hls4ml_prj/myproject_prj/solution1/.autopilot/db/myproject.pp.0.cpp:56230:5: note: FIX-IT applied suggested code changes
/home/enlupi/Work/repo/hls4ml-tutorial/Models/model_3/hls4ml_prj/myproject_prj/solution1/.autopilot/db/myproject.pp.0.cpp:56237:5: warning: Added loop label VITIS_LOOP_367_1:   [xilinx-label-all-loops]
    for (int ii = 0; ii < N_IN; ii++) {
    ^~~
    VITIS_LOOP_367_1: 
/home/enlupi/Work/repo/hls4ml-tutorial/Models/model_3/hls4ml_prj/myproject_prj/solution1/.autopilot/db/myproject.pp.0.cpp:56237:5: note: FIX-IT applied suggested code changes
/home/enlupi/Work/repo/hls4ml-tutorial/Models/model_3/hls4ml_prj/myproject_prj/solution1/.autopilot/db/myproject.pp.0.cpp:56547:5: warning: Added loop label VITIS_LOOP_136_1:   [xilinx-label-all-loops]
    for (int ii = 0; ii < CONFIG_T::out_width / CONFIG_T::reuse_factor; ii++) {
    ^~~
    VITIS_LOOP_136_1: 
/home/enlupi/Work/repo/hls4ml-tutorial/Models/model_3/hls4ml_prj/myproject_prj/solution1/.autopilot/db/myproject.pp.0.cpp:56547:5: note: FIX-IT applied suggested code changes
/home/enlupi/Work/repo/hls4ml-tutorial/Models/model_3/hls4ml_prj/myproject_prj/solution1/.autopilot/db/myproject.pp.0.cpp:56548:9: warning: Added loop label VITIS_LOOP_137_2:   [xilinx-label-all-loops]
        for (int ff = 0; ff < CONFIG_T::n_filt; ff++) {
        ^~~
        VITIS_LOOP_137_2: 
/home/enlupi/Work/repo/hls4ml-tutorial/Models/model_3/hls4ml_prj/myproject_prj/solution1/.autopilot/db/myproject.pp.0.cpp:56548:9: note: FIX-IT applied suggested code changes
/home/enlupi/Work/repo/hls4ml-tutorial/Models/model_3/hls4ml_prj/myproject_prj/solution1/.autopilot/db/myproject.pp.0.cpp:56569:5: warning: Added loop label VITIS_LOOP_158_3:   [xilinx-label-all-loops]
    for (int ii = 0; ii < CONFIG_T::out_width / CONFIG_T::reuse_factor; ii++) {
    ^~~
    VITIS_LOOP_158_3: 
/home/enlupi/Work/repo/hls4ml-tutorial/Models/model_3/hls4ml_prj/myproject_prj/solution1/.autopilot/db/myproject.pp.0.cpp:56569:5: note: FIX-IT applied suggested code changes
/home/enlupi/Work/repo/hls4ml-tutorial/Models/model_3/hls4ml_prj/myproject_prj/solution1/.autopilot/db/myproject.pp.0.cpp:56570:9: warning: Added loop label VITIS_LOOP_159_4:   [xilinx-label-all-loops]
        for (int ff = 0; ff < CONFIG_T::n_filt; ff++) {
        ^~~
        VITIS_LOOP_159_4: 
/home/enlupi/Work/repo/hls4ml-tutorial/Models/model_3/hls4ml_prj/myproject_prj/solution1/.autopilot/db/myproject.pp.0.cpp:56570:9: note: FIX-IT applied suggested code changes
/home/enlupi/Work/repo/hls4ml-tutorial/Models/model_3/hls4ml_prj/myproject_prj/solution1/.autopilot/db/myproject.pp.0.cpp:56688:2: warning: Added loop label VITIS_LOOP_31_1:   [xilinx-label-all-loops]
 for (int ii = 0; ii < CONFIG_T::n_in; ii++) {
 ^~~
 VITIS_LOOP_31_1: 
/home/enlupi/Work/repo/hls4ml-tutorial/Models/model_3/hls4ml_prj/myproject_prj/solution1/.autopilot/db/myproject.pp.0.cpp:56688:2: note: FIX-IT applied suggested code changes
/home/enlupi/Work/repo/hls4ml-tutorial/Models/model_3/hls4ml_prj/myproject_prj/solution1/.autopilot/db/myproject.pp.0.cpp:56700:5: warning: Added loop label VITIS_LOOP_43_1:   [xilinx-label-all-loops]
    for (int ii = 0; ii < CONFIG_T::n_in; ii++) {
    ^~~
    VITIS_LOOP_43_1: 
/home/enlupi/Work/repo/hls4ml-tutorial/Models/model_3/hls4ml_prj/myproject_prj/solution1/.autopilot/db/myproject.pp.0.cpp:56700:5: note: FIX-IT applied suggested code changes
/home/enlupi/Work/repo/hls4ml-tutorial/Models/model_3/hls4ml_prj/myproject_prj/solution1/.autopilot/db/myproject.pp.0.cpp:56714:5: warning: Added loop label VITIS_LOOP_57_1:   [xilinx-label-all-loops]
    for (int ii = 0; ii < CONFIG_T::n_in; ii++) {
    ^~~
    VITIS_LOOP_57_1: 
/home/enlupi/Work/repo/hls4ml-tutorial/Models/model_3/hls4ml_prj/myproject_prj/solution1/.autopilot/db/myproject.pp.0.cpp:56714:5: note: FIX-IT applied suggested code changes
/home/enlupi/Work/repo/hls4ml-tutorial/Models/model_3/hls4ml_prj/myproject_prj/solution1/.autopilot/db/myproject.pp.0.cpp:56741:5: warning: Added loop label VITIS_LOOP_84_1:   [xilinx-label-all-loops]
    for (int ii = 0; ii < N_TABLE; ii++) {
    ^~~
    VITIS_LOOP_84_1: 
/home/enlupi/Work/repo/hls4ml-tutorial/Models/model_3/hls4ml_prj/myproject_prj/solution1/.autopilot/db/myproject.pp.0.cpp:56741:5: note: FIX-IT applied suggested code changes
/home/enlupi/Work/repo/hls4ml-tutorial/Models/model_3/hls4ml_prj/myproject_prj/solution1/.autopilot/db/myproject.pp.0.cpp:56771:5: warning: Added loop label VITIS_LOOP_114_1:   [xilinx-label-all-loops]
    for (int ii = 0; ii < CONFIG_T::n_in; ii++) {
    ^~~
    VITIS_LOOP_114_1: 
/home/enlupi/Work/repo/hls4ml-tutorial/Models/model_3/hls4ml_prj/myproject_prj/solution1/.autopilot/db/myproject.pp.0.cpp:56771:5: note: FIX-IT applied suggested code changes
/home/enlupi/Work/repo/hls4ml-tutorial/Models/model_3/hls4ml_prj/myproject_prj/solution1/.autopilot/db/myproject.pp.0.cpp:56808:5: warning: Added loop label VITIS_LOOP_151_1:   [xilinx-label-all-loops]
    for (unsigned i = 0; i < CONFIG_T::table_size; i++) {
    ^~~
    VITIS_LOOP_151_1: 
/home/enlupi/Work/repo/hls4ml-tutorial/Models/model_3/hls4ml_prj/myproject_prj/solution1/.autopilot/db/myproject.pp.0.cpp:56808:5: note: FIX-IT applied suggested code changes
/home/enlupi/Work/repo/hls4ml-tutorial/Models/model_3/hls4ml_prj/myproject_prj/solution1/.autopilot/db/myproject.pp.0.cpp:56819:5: warning: Added loop label VITIS_LOOP_162_1:   [xilinx-label-all-loops]
    for (unsigned i = 0; i < CONFIG_T::table_size; i++) {
    ^~~
    VITIS_LOOP_162_1: 
/home/enlupi/Work/repo/hls4ml-tutorial/Models/model_3/hls4ml_prj/myproject_prj/solution1/.autopilot/db/myproject.pp.0.cpp:56819:5: note: FIX-IT applied suggested code changes
/home/enlupi/Work/repo/hls4ml-tutorial/Models/model_3/hls4ml_prj/myproject_prj/solution1/.autopilot/db/myproject.pp.0.cpp:56852:5: warning: Added loop label VITIS_LOOP_195_1:   [xilinx-label-all-loops]
    for (unsigned i = 0; i < CONFIG_T::n_in; i++) {
    ^~~
    VITIS_LOOP_195_1: 
/home/enlupi/Work/repo/hls4ml-tutorial/Models/model_3/hls4ml_prj/myproject_prj/solution1/.autopilot/db/myproject.pp.0.cpp:56852:5: note: FIX-IT applied suggested code changes
/home/enlupi/Work/repo/hls4ml-tutorial/Models/model_3/hls4ml_prj/myproject_prj/solution1/.autopilot/db/myproject.pp.0.cpp:56866:5: warning: Added loop label VITIS_LOOP_209_2:   [xilinx-label-all-loops]
    for (unsigned i = 0; i < CONFIG_T::n_in; i++) {
    ^~~
    VITIS_LOOP_209_2: 
/home/enlupi/Work/repo/hls4ml-tutorial/Models/model_3/hls4ml_prj/myproject_prj/solution1/.autopilot/db/myproject.pp.0.cpp:56866:5: note: FIX-IT applied suggested code changes
/home/enlupi/Work/repo/hls4ml-tutorial/Models/model_3/hls4ml_prj/myproject_prj/solution1/.autopilot/db/myproject.pp.0.cpp:56900:5: warning: Added loop label VITIS_LOOP_243_1:   [xilinx-label-all-loops]
    for (unsigned i = 0; i < CONFIG_T::n_in; i++) {
    ^~~
    VITIS_LOOP_243_1: 
/home/enlupi/Work/repo/hls4ml-tutorial/Models/model_3/hls4ml_prj/myproject_prj/solution1/.autopilot/db/myproject.pp.0.cpp:56900:5: note: FIX-IT applied suggested code changes
/home/enlupi/Work/repo/hls4ml-tutorial/Models/model_3/hls4ml_prj/myproject_prj/solution1/.autopilot/db/myproject.pp.0.cpp:56909:5: warning: Added loop label VITIS_LOOP_252_2:   [xilinx-label-all-loops]
    for (unsigned i = 0; i < CONFIG_T::n_in; i++) {
    ^~~
    VITIS_LOOP_252_2: 
/home/enlupi/Work/repo/hls4ml-tutorial/Models/model_3/hls4ml_prj/myproject_prj/solution1/.autopilot/db/myproject.pp.0.cpp:56909:5: note: FIX-IT applied suggested code changes
/home/enlupi/Work/repo/hls4ml-tutorial/Models/model_3/hls4ml_prj/myproject_prj/solution1/.autopilot/db/myproject.pp.0.cpp:56923:5: warning: Added loop label VITIS_LOOP_266_3:   [xilinx-label-all-loops]
    for (unsigned i = 0; i < CONFIG_T::n_in; i++) {
    ^~~
    VITIS_LOOP_266_3: 
/home/enlupi/Work/repo/hls4ml-tutorial/Models/model_3/hls4ml_prj/myproject_prj/solution1/.autopilot/db/myproject.pp.0.cpp:56923:5: note: FIX-IT applied suggested code changes
/home/enlupi/Work/repo/hls4ml-tutorial/Models/model_3/hls4ml_prj/myproject_prj/solution1/.autopilot/db/myproject.pp.0.cpp:56930:5: warning: Added loop label VITIS_LOOP_273_1:   [xilinx-label-all-loops]
    for (int ii = 0; ii < N_TABLE; ii++) {
    ^~~
    VITIS_LOOP_273_1: 
/home/enlupi/Work/repo/hls4ml-tutorial/Models/model_3/hls4ml_prj/myproject_prj/solution1/.autopilot/db/myproject.pp.0.cpp:56930:5: note: FIX-IT applied suggested code changes
/home/enlupi/Work/repo/hls4ml-tutorial/Models/model_3/hls4ml_prj/myproject_prj/solution1/.autopilot/db/myproject.pp.0.cpp:56943:5: warning: Added loop label VITIS_LOOP_286_1:   [xilinx-label-all-loops]
    for (int ii = 0; ii < N_TABLE; ii++) {
    ^~~
    VITIS_LOOP_286_1: 
/home/enlupi/Work/repo/hls4ml-tutorial/Models/model_3/hls4ml_prj/myproject_prj/solution1/.autopilot/db/myproject.pp.0.cpp:56943:5: note: FIX-IT applied suggested code changes
/home/enlupi/Work/repo/hls4ml-tutorial/Models/model_3/hls4ml_prj/myproject_prj/solution1/.autopilot/db/myproject.pp.0.cpp:56980:5: warning: Added loop label VITIS_LOOP_323_1:   [xilinx-label-all-loops]
    for (int ii = 0; ii < CONFIG_T::n_in; ii++) {
    ^~~
    VITIS_LOOP_323_1: 
/home/enlupi/Work/repo/hls4ml-tutorial/Models/model_3/hls4ml_prj/myproject_prj/solution1/.autopilot/db/myproject.pp.0.cpp:56980:5: note: FIX-IT applied suggested code changes
/home/enlupi/Work/repo/hls4ml-tutorial/Models/model_3/hls4ml_prj/myproject_prj/solution1/.autopilot/db/myproject.pp.0.cpp:56985:5: warning: Added loop label VITIS_LOOP_328_2:   [xilinx-label-all-loops]
    for (int ii = 0; ii < CONFIG_T::n_in; ii++) {
    ^~~
    VITIS_LOOP_328_2: 
/home/enlupi/Work/repo/hls4ml-tutorial/Models/model_3/hls4ml_prj/myproject_prj/solution1/.autopilot/db/myproject.pp.0.cpp:56985:5: note: FIX-IT applied suggested code changes
/home/enlupi/Work/repo/hls4ml-tutorial/Models/model_3/hls4ml_prj/myproject_prj/solution1/.autopilot/db/myproject.pp.0.cpp:56986:9: warning: Added loop label VITIS_LOOP_329_3:   [xilinx-label-all-loops]
        for (int jj = 0; jj < CONFIG_T::n_in; jj++) {
        ^~~
        VITIS_LOOP_329_3: 
/home/enlupi/Work/repo/hls4ml-tutorial/Models/model_3/hls4ml_prj/myproject_prj/solution1/.autopilot/db/myproject.pp.0.cpp:56986:9: note: FIX-IT applied suggested code changes
/home/enlupi/Work/repo/hls4ml-tutorial/Models/model_3/hls4ml_prj/myproject_prj/solution1/.autopilot/db/myproject.pp.0.cpp:57003:5: warning: Added loop label VITIS_LOOP_346_4:   [xilinx-label-all-loops]
    for (int ii = 0; ii < CONFIG_T::n_in; ii++) {
    ^~~
    VITIS_LOOP_346_4: 
/home/enlupi/Work/repo/hls4ml-tutorial/Models/model_3/hls4ml_prj/myproject_prj/solution1/.autopilot/db/myproject.pp.0.cpp:57003:5: note: FIX-IT applied suggested code changes
/home/enlupi/Work/repo/hls4ml-tutorial/Models/model_3/hls4ml_prj/myproject_prj/solution1/.autopilot/db/myproject.pp.0.cpp:57016:5: warning: Added loop label VITIS_LOOP_359_1:   [xilinx-label-all-loops]
    for (int i = 0; i < CONFIG_T::n_in; i++) {
    ^~~
    VITIS_LOOP_359_1: 
/home/enlupi/Work/repo/hls4ml-tutorial/Models/model_3/hls4ml_prj/myproject_prj/solution1/.autopilot/db/myproject.pp.0.cpp:57016:5: note: FIX-IT applied suggested code changes
/home/enlupi/Work/repo/hls4ml-tutorial/Models/model_3/hls4ml_prj/myproject_prj/solution1/.autopilot/db/myproject.pp.0.cpp:57024:5: warning: Added loop label VITIS_LOOP_367_2:   [xilinx-label-all-loops]
    for (int i = 1; i < CONFIG_T::n_in; i++) {
    ^~~
    VITIS_LOOP_367_2: 
/home/enlupi/Work/repo/hls4ml-tutorial/Models/model_3/hls4ml_prj/myproject_prj/solution1/.autopilot/db/myproject.pp.0.cpp:57024:5: note: FIX-IT applied suggested code changes
/home/enlupi/Work/repo/hls4ml-tutorial/Models/model_3/hls4ml_prj/myproject_prj/solution1/.autopilot/db/myproject.pp.0.cpp:57059:5: warning: Added loop label VITIS_LOOP_402_1:   [xilinx-label-all-loops]
    for (int ii = 0; ii < N_TABLE; ii++) {
    ^~~
    VITIS_LOOP_402_1: 
/home/enlupi/Work/repo/hls4ml-tutorial/Models/model_3/hls4ml_prj/myproject_prj/solution1/.autopilot/db/myproject.pp.0.cpp:57059:5: note: FIX-IT applied suggested code changes
/home/enlupi/Work/repo/hls4ml-tutorial/Models/model_3/hls4ml_prj/myproject_prj/solution1/.autopilot/db/myproject.pp.0.cpp:57089:5: warning: Added loop label VITIS_LOOP_432_1:   [xilinx-label-all-loops]
    for (int ii = 0; ii < CONFIG_T::n_in; ii++) {
    ^~~
    VITIS_LOOP_432_1: 
/home/enlupi/Work/repo/hls4ml-tutorial/Models/model_3/hls4ml_prj/myproject_prj/solution1/.autopilot/db/myproject.pp.0.cpp:57089:5: note: FIX-IT applied suggested code changes
/home/enlupi/Work/repo/hls4ml-tutorial/Models/model_3/hls4ml_prj/myproject_prj/solution1/.autopilot/db/myproject.pp.0.cpp:57116:2: warning: Added loop label VITIS_LOOP_459_1:   [xilinx-label-all-loops]
 for (int ii = 0; ii < CONFIG_T::n_in; ii++) {
 ^~~
 VITIS_LOOP_459_1: 
/home/enlupi/Work/repo/hls4ml-tutorial/Models/model_3/hls4ml_prj/myproject_prj/solution1/.autopilot/db/myproject.pp.0.cpp:57116:2: note: FIX-IT applied suggested code changes
/home/enlupi/Work/repo/hls4ml-tutorial/Models/model_3/hls4ml_prj/myproject_prj/solution1/.autopilot/db/myproject.pp.0.cpp:57130:2: warning: Added loop label VITIS_LOOP_473_1:   [xilinx-label-all-loops]
 for (int ii = 0; ii < CONFIG_T::n_in; ii++) {
 ^~~
 VITIS_LOOP_473_1: 
/home/enlupi/Work/repo/hls4ml-tutorial/Models/model_3/hls4ml_prj/myproject_prj/solution1/.autopilot/db/myproject.pp.0.cpp:57130:2: note: FIX-IT applied suggested code changes
/home/enlupi/Work/repo/hls4ml-tutorial/Models/model_3/hls4ml_prj/myproject_prj/solution1/.autopilot/db/myproject.pp.0.cpp:57146:5: warning: Added loop label VITIS_LOOP_489_1:   [xilinx-label-all-loops]
    for (int ii = 0; ii < CONFIG_T::n_in; ii++) {
    ^~~
    VITIS_LOOP_489_1: 
/home/enlupi/Work/repo/hls4ml-tutorial/Models/model_3/hls4ml_prj/myproject_prj/solution1/.autopilot/db/myproject.pp.0.cpp:57146:5: note: FIX-IT applied suggested code changes
/home/enlupi/Work/repo/hls4ml-tutorial/Models/model_3/hls4ml_prj/myproject_prj/solution1/.autopilot/db/myproject.pp.0.cpp:57164:5: warning: Added loop label VITIS_LOOP_507_1:   [xilinx-label-all-loops]
    for (int ii = 0; ii < CONFIG_T::n_in; ii++) {
    ^~~
    VITIS_LOOP_507_1: 
/home/enlupi/Work/repo/hls4ml-tutorial/Models/model_3/hls4ml_prj/myproject_prj/solution1/.autopilot/db/myproject.pp.0.cpp:57164:5: note: FIX-IT applied suggested code changes
/home/enlupi/Work/repo/hls4ml-tutorial/Models/model_3/hls4ml_prj/myproject_prj/solution1/.autopilot/db/myproject.pp.0.cpp:57181:5: warning: Added loop label VITIS_LOOP_524_1:   [xilinx-label-all-loops]
    for (int ii = 0; ii < CONFIG_T::n_in; ii++) {
    ^~~
    VITIS_LOOP_524_1: 
/home/enlupi/Work/repo/hls4ml-tutorial/Models/model_3/hls4ml_prj/myproject_prj/solution1/.autopilot/db/myproject.pp.0.cpp:57181:5: note: FIX-IT applied suggested code changes
/home/enlupi/Work/repo/hls4ml-tutorial/Models/model_3/hls4ml_prj/myproject_prj/solution1/.autopilot/db/myproject.pp.0.cpp:57198:5: warning: Added loop label VITIS_LOOP_541_1:   [xilinx-label-all-loops]
    for (int ii = 0; ii < N_TABLE; ii++) {
    ^~~
    VITIS_LOOP_541_1: 
/home/enlupi/Work/repo/hls4ml-tutorial/Models/model_3/hls4ml_prj/myproject_prj/solution1/.autopilot/db/myproject.pp.0.cpp:57198:5: note: FIX-IT applied suggested code changes
/home/enlupi/Work/repo/hls4ml-tutorial/Models/model_3/hls4ml_prj/myproject_prj/solution1/.autopilot/db/myproject.pp.0.cpp:57228:5: warning: Added loop label VITIS_LOOP_571_1:   [xilinx-label-all-loops]
    for (int ii = 0; ii < CONFIG_T::n_in; ii++) {
    ^~~
    VITIS_LOOP_571_1: 
/home/enlupi/Work/repo/hls4ml-tutorial/Models/model_3/hls4ml_prj/myproject_prj/solution1/.autopilot/db/myproject.pp.0.cpp:57228:5: note: FIX-IT applied suggested code changes
/home/enlupi/Work/repo/hls4ml-tutorial/Models/model_3/hls4ml_prj/myproject_prj/solution1/.autopilot/db/myproject.pp.0.cpp:57247:5: warning: Added loop label VITIS_LOOP_590_1:   [xilinx-label-all-loops]
    for (int ii = 0; ii < N_TABLE; ii++) {
    ^~~
    VITIS_LOOP_590_1: 
/home/enlupi/Work/repo/hls4ml-tutorial/Models/model_3/hls4ml_prj/myproject_prj/solution1/.autopilot/db/myproject.pp.0.cpp:57247:5: note: FIX-IT applied suggested code changes
/home/enlupi/Work/repo/hls4ml-tutorial/Models/model_3/hls4ml_prj/myproject_prj/solution1/.autopilot/db/myproject.pp.0.cpp:57277:5: warning: Added loop label VITIS_LOOP_620_1:   [xilinx-label-all-loops]
    for (int ii = 0; ii < CONFIG_T::n_in; ii++) {
    ^~~
    VITIS_LOOP_620_1: 
/home/enlupi/Work/repo/hls4ml-tutorial/Models/model_3/hls4ml_prj/myproject_prj/solution1/.autopilot/db/myproject.pp.0.cpp:57277:5: note: FIX-IT applied suggested code changes
/home/enlupi/Work/repo/hls4ml-tutorial/Models/model_3/hls4ml_prj/myproject_prj/solution1/.autopilot/db/myproject.pp.0.cpp:57296:5: warning: Added loop label VITIS_LOOP_639_1:   [xilinx-label-all-loops]
    for (int ii = 0; ii < N_TABLE; ii++) {
    ^~~
    VITIS_LOOP_639_1: 
/home/enlupi/Work/repo/hls4ml-tutorial/Models/model_3/hls4ml_prj/myproject_prj/solution1/.autopilot/db/myproject.pp.0.cpp:57296:5: note: FIX-IT applied suggested code changes
/home/enlupi/Work/repo/hls4ml-tutorial/Models/model_3/hls4ml_prj/myproject_prj/solution1/.autopilot/db/myproject.pp.0.cpp:57326:5: warning: Added loop label VITIS_LOOP_669_1:   [xilinx-label-all-loops]
    for (int ii = 0; ii < CONFIG_T::n_in; ii++) {
    ^~~
    VITIS_LOOP_669_1: 
/home/enlupi/Work/repo/hls4ml-tutorial/Models/model_3/hls4ml_prj/myproject_prj/solution1/.autopilot/db/myproject.pp.0.cpp:57326:5: note: FIX-IT applied suggested code changes
/home/enlupi/Work/repo/hls4ml-tutorial/Models/model_3/hls4ml_prj/myproject_prj/solution1/.autopilot/db/myproject.pp.0.cpp:57353:5: warning: Added loop label VITIS_LOOP_696_1:   [xilinx-label-all-loops]
    for (int ii = 0; ii < N_TABLE; ii++) {
    ^~~
    VITIS_LOOP_696_1: 
/home/enlupi/Work/repo/hls4ml-tutorial/Models/model_3/hls4ml_prj/myproject_prj/solution1/.autopilot/db/myproject.pp.0.cpp:57353:5: note: FIX-IT applied suggested code changes
/home/enlupi/Work/repo/hls4ml-tutorial/Models/model_3/hls4ml_prj/myproject_prj/solution1/.autopilot/db/myproject.pp.0.cpp:57382:5: warning: Added loop label VITIS_LOOP_725_1:   [xilinx-label-all-loops]
    for (int ii = 0; ii < CONFIG_T::n_in; ii++) {
    ^~~
    VITIS_LOOP_725_1: 
/home/enlupi/Work/repo/hls4ml-tutorial/Models/model_3/hls4ml_prj/myproject_prj/solution1/.autopilot/db/myproject.pp.0.cpp:57382:5: note: FIX-IT applied suggested code changes
/home/enlupi/Work/repo/hls4ml-tutorial/Models/model_3/hls4ml_prj/myproject_prj/solution1/.autopilot/db/myproject.pp.0.cpp:57403:5: warning: Added loop label VITIS_LOOP_746_1:   [xilinx-label-all-loops]
    for (int ii = 0; ii < CONFIG_T::n_in; ii++) {
    ^~~
    VITIS_LOOP_746_1: 
/home/enlupi/Work/repo/hls4ml-tutorial/Models/model_3/hls4ml_prj/myproject_prj/solution1/.autopilot/db/myproject.pp.0.cpp:57403:5: note: FIX-IT applied suggested code changes
/home/enlupi/Work/repo/hls4ml-tutorial/Models/model_3/hls4ml_prj/myproject_prj/solution1/.autopilot/db/myproject.pp.0.cpp:57421:5: warning: Added loop label VITIS_LOOP_764_1:   [xilinx-label-all-loops]
    for (int ii = 0; ii < CONFIG_T::n_in; ii++) {
    ^~~
    VITIS_LOOP_764_1: 
/home/enlupi/Work/repo/hls4ml-tutorial/Models/model_3/hls4ml_prj/myproject_prj/solution1/.autopilot/db/myproject.pp.0.cpp:57421:5: note: FIX-IT applied suggested code changes
/home/enlupi/Work/repo/hls4ml-tutorial/Models/model_3/hls4ml_prj/myproject_prj/solution1/.autopilot/db/myproject.pp.0.cpp:57441:5: warning: Added loop label VITIS_LOOP_784_1:   [xilinx-label-all-loops]
    for (int ii = 0; ii < CONFIG_T::n_in; ii++) {
    ^~~
    VITIS_LOOP_784_1: 
/home/enlupi/Work/repo/hls4ml-tutorial/Models/model_3/hls4ml_prj/myproject_prj/solution1/.autopilot/db/myproject.pp.0.cpp:57441:5: note: FIX-IT applied suggested code changes
/home/enlupi/Work/repo/hls4ml-tutorial/Models/model_3/hls4ml_prj/myproject_prj/solution1/.autopilot/db/myproject.pp.0.cpp:57537:9: warning: Added loop label VITIS_LOOP_73_1:   [xilinx-label-all-loops]
        for (int i = 0; i < N / data_T::size; i++) {
        ^~~
        VITIS_LOOP_73_1: 
/home/enlupi/Work/repo/hls4ml-tutorial/Models/model_3/hls4ml_prj/myproject_prj/solution1/.autopilot/db/myproject.pp.0.cpp:57537:9: note: FIX-IT applied suggested code changes
/home/enlupi/Work/repo/hls4ml-tutorial/Models/model_3/hls4ml_prj/myproject_prj/solution1/.autopilot/db/myproject.pp.0.cpp:57544:13: warning: Added loop label VITIS_LOOP_80_2:   [xilinx-label-all-loops]
            for (int j = 0; j < data_T::size; j++) {
            ^~~
            VITIS_LOOP_80_2: 
/home/enlupi/Work/repo/hls4ml-tutorial/Models/model_3/hls4ml_prj/myproject_prj/solution1/.autopilot/db/myproject.pp.0.cpp:57544:13: note: FIX-IT applied suggested code changes
/home/enlupi/Work/repo/hls4ml-tutorial/Models/model_3/hls4ml_prj/myproject_prj/solution1/.autopilot/db/myproject.pp.0.cpp:57553:9: warning: Added loop label VITIS_LOOP_89_3:   [xilinx-label-all-loops]
        for (int i = 0; i < N / data_T::size; i++) {
        ^~~
        VITIS_LOOP_89_3: 
/home/enlupi/Work/repo/hls4ml-tutorial/Models/model_3/hls4ml_prj/myproject_prj/solution1/.autopilot/db/myproject.pp.0.cpp:57553:9: note: FIX-IT applied suggested code changes
/home/enlupi/Work/repo/hls4ml-tutorial/Models/model_3/hls4ml_prj/myproject_prj/solution1/.autopilot/db/myproject.pp.0.cpp:57562:13: warning: Added loop label VITIS_LOOP_98_4:   [xilinx-label-all-loops]
            for (int j = 0; j < pack_diff; j++) {
            ^~~
            VITIS_LOOP_98_4: 
/home/enlupi/Work/repo/hls4ml-tutorial/Models/model_3/hls4ml_prj/myproject_prj/solution1/.autopilot/db/myproject.pp.0.cpp:57562:13: note: FIX-IT applied suggested code changes
/home/enlupi/Work/repo/hls4ml-tutorial/Models/model_3/hls4ml_prj/myproject_prj/solution1/.autopilot/db/myproject.pp.0.cpp:57566:17: warning: Added loop label VITIS_LOOP_102_5:   [xilinx-label-all-loops]
                for (int k = 0; k < res_T::size; k++) {
                ^~~
                VITIS_LOOP_102_5: 
/home/enlupi/Work/repo/hls4ml-tutorial/Models/model_3/hls4ml_prj/myproject_prj/solution1/.autopilot/db/myproject.pp.0.cpp:57566:17: note: FIX-IT applied suggested code changes
/home/enlupi/Work/repo/hls4ml-tutorial/Models/model_3/hls4ml_prj/myproject_prj/solution1/.autopilot/db/myproject.pp.0.cpp:57577:9: warning: Added loop label VITIS_LOOP_113_6:   [xilinx-label-all-loops]
        for (int i = 0; i < N / data_T::size; i++) {
        ^~~
        VITIS_LOOP_113_6: 
/home/enlupi/Work/repo/hls4ml-tutorial/Models/model_3/hls4ml_prj/myproject_prj/solution1/.autopilot/db/myproject.pp.0.cpp:57577:9: note: FIX-IT applied suggested code changes
/home/enlupi/Work/repo/hls4ml-tutorial/Models/model_3/hls4ml_prj/myproject_prj/solution1/.autopilot/db/myproject.pp.0.cpp:57581:13: warning: Added loop label VITIS_LOOP_117_7:   [xilinx-label-all-loops]
            for (int j = 0; j < data_T::size; j++) {
            ^~~
            VITIS_LOOP_117_7: 
/home/enlupi/Work/repo/hls4ml-tutorial/Models/model_3/hls4ml_prj/myproject_prj/solution1/.autopilot/db/myproject.pp.0.cpp:57581:13: note: FIX-IT applied suggested code changes
/home/enlupi/Work/repo/hls4ml-tutorial/Models/model_3/hls4ml_prj/myproject_prj/solution1/.autopilot/db/myproject.pp.0.cpp:57605:9: warning: Added loop label VITIS_LOOP_141_1:   [xilinx-label-all-loops]
        for (int j = 0; j < n_dupl; j++) {
        ^~~
        VITIS_LOOP_141_1: 
/home/enlupi/Work/repo/hls4ml-tutorial/Models/model_3/hls4ml_prj/myproject_prj/solution1/.autopilot/db/myproject.pp.0.cpp:57605:9: note: FIX-IT applied suggested code changes
/home/enlupi/Work/repo/hls4ml-tutorial/Models/model_3/hls4ml_prj/myproject_prj/solution1/.autopilot/db/myproject.pp.0.cpp:57609:13: warning: Added loop label VITIS_LOOP_145_2:   [xilinx-label-all-loops]
            for (int k = 0; k < res_T::size; k++) {
            ^~~
            VITIS_LOOP_145_2: 
/home/enlupi/Work/repo/hls4ml-tutorial/Models/model_3/hls4ml_prj/myproject_prj/solution1/.autopilot/db/myproject.pp.0.cpp:57609:13: note: FIX-IT applied suggested code changes
/home/enlupi/Work/repo/hls4ml-tutorial/Models/model_3/hls4ml_prj/myproject_prj/solution1/.autopilot/db/myproject.pp.0.cpp:57628:9: warning: Added loop label VITIS_LOOP_164_1:   [xilinx-label-all-loops]
        for (int k = 0; k < res_T::size; k++) {
        ^~~
        VITIS_LOOP_164_1: 
/home/enlupi/Work/repo/hls4ml-tutorial/Models/model_3/hls4ml_prj/myproject_prj/solution1/.autopilot/db/myproject.pp.0.cpp:57628:9: note: FIX-IT applied suggested code changes
/home/enlupi/Work/repo/hls4ml-tutorial/Models/model_3/hls4ml_prj/myproject_prj/solution1/.autopilot/db/myproject.pp.0.cpp:57854:9: warning: Added loop label VITIS_LOOP_213_1:   [xilinx-label-all-loops]
        for (unsigned j = 0; j < data_T::size; j++) {
        ^~~
        VITIS_LOOP_213_1: 
/home/enlupi/Work/repo/hls4ml-tutorial/Models/model_3/hls4ml_prj/myproject_prj/solution1/.autopilot/db/myproject.pp.0.cpp:57854:9: note: FIX-IT applied suggested code changes
/home/enlupi/Work/repo/hls4ml-tutorial/Models/model_3/hls4ml_prj/myproject_prj/solution1/.autopilot/db/myproject.pp.0.cpp:57863:9: warning: Added loop label VITIS_LOOP_222_2:   [xilinx-label-all-loops]
        for (unsigned j = 0; j < data_T::size; j++) {
        ^~~
        VITIS_LOOP_222_2: 
/home/enlupi/Work/repo/hls4ml-tutorial/Models/model_3/hls4ml_prj/myproject_prj/solution1/.autopilot/db/myproject.pp.0.cpp:57863:9: note: FIX-IT applied suggested code changes
/home/enlupi/Work/repo/hls4ml-tutorial/Models/model_3/hls4ml_prj/myproject_prj/solution1/.autopilot/db/myproject.pp.0.cpp:57969:5: warning: Added loop label VITIS_LOOP_328_1:   [xilinx-label-all-loops]
    for (int i = 0; i < CONFIG_T::n_in / res_T::size; i++) {
    ^~~
    VITIS_LOOP_328_1: 
/home/enlupi/Work/repo/hls4ml-tutorial/Models/model_3/hls4ml_prj/myproject_prj/solution1/.autopilot/db/myproject.pp.0.cpp:57969:5: note: FIX-IT applied suggested code changes
/home/enlupi/Work/repo/hls4ml-tutorial/Models/model_3/hls4ml_prj/myproject_prj/solution1/.autopilot/db/myproject.pp.0.cpp:57974:9: warning: Added loop label VITIS_LOOP_333_2:   [xilinx-label-all-loops]
        for (int i = 0; i < res_T::size; i++) {
        ^~~
        VITIS_LOOP_333_2: 
/home/enlupi/Work/repo/hls4ml-tutorial/Models/model_3/hls4ml_prj/myproject_prj/solution1/.autopilot/db/myproject.pp.0.cpp:57974:9: note: FIX-IT applied suggested code changes
/home/enlupi/Work/repo/hls4ml-tutorial/Models/model_3/hls4ml_prj/myproject_prj/solution1/.autopilot/db/myproject.pp.0.cpp:57982:9: warning: Added loop label VITIS_LOOP_341_3:   [xilinx-label-all-loops]
        for (int i = 1; i < res_T::size; i++) {
        ^~~
        VITIS_LOOP_341_3: 
/home/enlupi/Work/repo/hls4ml-tutorial/Models/model_3/hls4ml_prj/myproject_prj/solution1/.autopilot/db/myproject.pp.0.cpp:57982:9: note: FIX-IT applied suggested code changes
/home/enlupi/Work/repo/hls4ml-tutorial/Models/model_3/hls4ml_prj/myproject_prj/solution1/.autopilot/db/myproject.pp.0.cpp:58581:9: error: Resource with core_name: ROM_nP_BRAM pragma is ignored, because this core doesn't exist at all  [clang-diagnostic-error]
#pragma HLS RESOURCE variable=weights core=ROM_nP_BRAM
        ^
/home/enlupi/Work/repo/hls4ml-tutorial/Models/model_3/hls4ml_prj/myproject_prj/solution1/.autopilot/db/myproject.pp.0.cpp:58655:9: error: Resource with core_name: ROM_nP_BRAM pragma is ignored, because this core doesn't exist at all  [clang-diagnostic-error]
#pragma HLS RESOURCE variable=weights core=ROM_nP_BRAM
        ^
/home/enlupi/Work/repo/hls4ml-tutorial/Models/model_3/hls4ml_prj/myproject_prj/solution1/.autopilot/db/myproject.pp.0.cpp:58737:9: error: Resource with core_name: ROM_nP_BRAM pragma is ignored, because this core doesn't exist at all  [clang-diagnostic-error]
#pragma HLS RESOURCE variable=weights core=ROM_nP_BRAM
        ^
/home/enlupi/Work/repo/hls4ml-tutorial/Models/model_3/hls4ml_prj/myproject_prj/solution1/.autopilot/db/myproject.pp.0.cpp:58910:5: warning: Added loop label VITIS_LOOP_14_1:   [xilinx-label-all-loops]
    for (unsigned k = 0; k < CONFIG_T::n_out; k++) {
    ^~~
    VITIS_LOOP_14_1: 
/home/enlupi/Work/repo/hls4ml-tutorial/Models/model_3/hls4ml_prj/myproject_prj/solution1/.autopilot/db/myproject.pp.0.cpp:58910:5: note: FIX-IT applied suggested code changes
/home/enlupi/Work/repo/hls4ml-tutorial/Models/model_3/hls4ml_prj/myproject_prj/solution1/.autopilot/db/myproject.pp.0.cpp:58970:9: warning: Added loop label VITIS_LOOP_74_1:   [xilinx-label-all-loops]
        for (int im = 0; im < CONFIG_T::n_out; im++) {
        ^~~
        VITIS_LOOP_74_1: 
/home/enlupi/Work/repo/hls4ml-tutorial/Models/model_3/hls4ml_prj/myproject_prj/solution1/.autopilot/db/myproject.pp.0.cpp:58970:9: note: FIX-IT applied suggested code changes
