/data/hlssynt-users/enlupi/repo/hls4ml-tutorial/Models/model_3.1/hls4ml_prj/myproject_prj/solution1/.autopilot/db/myproject.pp.0.cpp:28369:7: warning: Added loop label VITIS_LOOP_1207_1:   [xilinx-label-all-loops]
      for (i = 0; i < __N - 1; ++i) {
      ^~~
      VITIS_LOOP_1207_1: 
/data/hlssynt-users/enlupi/repo/hls4ml-tutorial/Models/model_3.1/hls4ml_prj/myproject_prj/solution1/.autopilot/db/myproject.pp.0.cpp:28369:7: note: FIX-IT applied suggested code changes
/data/hlssynt-users/enlupi/repo/hls4ml-tutorial/Models/model_3.1/hls4ml_prj/myproject_prj/solution1/.autopilot/db/myproject.pp.0.cpp:29343:5: warning: Added loop label VITIS_LOOP_676_1:   [xilinx-label-all-loops]
    for (unsigned i = low; i != high; ++i) {
    ^~~
    VITIS_LOOP_676_1: 
/data/hlssynt-users/enlupi/repo/hls4ml-tutorial/Models/model_3.1/hls4ml_prj/myproject_prj/solution1/.autopilot/db/myproject.pp.0.cpp:29343:5: note: FIX-IT applied suggested code changes
/data/hlssynt-users/enlupi/repo/hls4ml-tutorial/Models/model_3.1/hls4ml_prj/myproject_prj/solution1/.autopilot/db/myproject.pp.0.cpp:29357:5: warning: Added loop label VITIS_LOOP_690_1:   [xilinx-label-all-loops]
    for (unsigned i = low; i != high; ++i) {
    ^~~
    VITIS_LOOP_690_1: 
/data/hlssynt-users/enlupi/repo/hls4ml-tutorial/Models/model_3.1/hls4ml_prj/myproject_prj/solution1/.autopilot/db/myproject.pp.0.cpp:29357:5: note: FIX-IT applied suggested code changes
/data/hlssynt-users/enlupi/repo/hls4ml-tutorial/Models/model_3.1/hls4ml_prj/myproject_prj/solution1/.autopilot/db/myproject.pp.0.cpp:29371:5: warning: Added loop label VITIS_LOOP_704_1:   [xilinx-label-all-loops]
    for (unsigned i = low; i != high; ++i) {
    ^~~
    VITIS_LOOP_704_1: 
/data/hlssynt-users/enlupi/repo/hls4ml-tutorial/Models/model_3.1/hls4ml_prj/myproject_prj/solution1/.autopilot/db/myproject.pp.0.cpp:29371:5: note: FIX-IT applied suggested code changes
/data/hlssynt-users/enlupi/repo/hls4ml-tutorial/Models/model_3.1/hls4ml_prj/myproject_prj/solution1/.autopilot/db/myproject.pp.0.cpp:30988:7: warning: Added loop label VITIS_LOOP_1247_1:   [xilinx-label-all-loops]
      for (i = 0; i < __N - 1; ++i) {
      ^~~
      VITIS_LOOP_1247_1: 
/data/hlssynt-users/enlupi/repo/hls4ml-tutorial/Models/model_3.1/hls4ml_prj/myproject_prj/solution1/.autopilot/db/myproject.pp.0.cpp:30988:7: note: FIX-IT applied suggested code changes
/data/hlssynt-users/enlupi/repo/hls4ml-tutorial/Models/model_3.1/hls4ml_prj/myproject_prj/solution1/.autopilot/db/myproject.pp.0.cpp:32971:9: warning: Added loop label VITIS_LOOP_27_1:   [xilinx-label-all-loops]
        for (unsigned i = 0; i < N; i++) {
        ^~~
        VITIS_LOOP_27_1: 
/data/hlssynt-users/enlupi/repo/hls4ml-tutorial/Models/model_3.1/hls4ml_prj/myproject_prj/solution1/.autopilot/db/myproject.pp.0.cpp:32971:9: note: FIX-IT applied suggested code changes
/data/hlssynt-users/enlupi/repo/hls4ml-tutorial/Models/model_3.1/hls4ml_prj/myproject_prj/solution1/.autopilot/db/myproject.pp.0.cpp:32984:9: warning: Added loop label VITIS_LOOP_40_1:   [xilinx-label-all-loops]
        for (size_t i = 0; i < N; i++) {
        ^~~
        VITIS_LOOP_40_1: 
/data/hlssynt-users/enlupi/repo/hls4ml-tutorial/Models/model_3.1/hls4ml_prj/myproject_prj/solution1/.autopilot/db/myproject.pp.0.cpp:32984:9: note: FIX-IT applied suggested code changes
/data/hlssynt-users/enlupi/repo/hls4ml-tutorial/Models/model_3.1/hls4ml_prj/myproject_prj/solution1/.autopilot/db/myproject.pp.0.cpp:55923:5: warning: Added loop label VITIS_LOOP_265_1:   [xilinx-label-all-loops]
    for (typename std::vector<src_T>::const_iterator i = in_begin; i != in_end; ++i) {
    ^~~
    VITIS_LOOP_265_1: 
/data/hlssynt-users/enlupi/repo/hls4ml-tutorial/Models/model_3.1/hls4ml_prj/myproject_prj/solution1/.autopilot/db/myproject.pp.0.cpp:55923:5: note: FIX-IT applied suggested code changes
/data/hlssynt-users/enlupi/repo/hls4ml-tutorial/Models/model_3.1/hls4ml_prj/myproject_prj/solution1/.autopilot/db/myproject.pp.0.cpp:55933:5: warning: Added loop label VITIS_LOOP_275_1:   [xilinx-label-all-loops]
    for (auto i = 0; i < SIZE; i++)
    ^~~
    VITIS_LOOP_275_1: 
/data/hlssynt-users/enlupi/repo/hls4ml-tutorial/Models/model_3.1/hls4ml_prj/myproject_prj/solution1/.autopilot/db/myproject.pp.0.cpp:55933:5: note: FIX-IT applied suggested code changes
/data/hlssynt-users/enlupi/repo/hls4ml-tutorial/Models/model_3.1/hls4ml_prj/myproject_prj/solution1/.autopilot/db/myproject.pp.0.cpp:55944:5: warning: Added loop label VITIS_LOOP_286_1:   [xilinx-label-all-loops]
    for (int i = 0; i < SIZE; i++) {
    ^~~
    VITIS_LOOP_286_1: 
/data/hlssynt-users/enlupi/repo/hls4ml-tutorial/Models/model_3.1/hls4ml_prj/myproject_prj/solution1/.autopilot/db/myproject.pp.0.cpp:55944:5: note: FIX-IT applied suggested code changes
/data/hlssynt-users/enlupi/repo/hls4ml-tutorial/Models/model_3.1/hls4ml_prj/myproject_prj/solution1/.autopilot/db/myproject.pp.0.cpp:55951:5: warning: Added loop label VITIS_LOOP_293_1:   [xilinx-label-all-loops]
    for (int i = 0; i < SIZE / res_T::size; i++) {
    ^~~
    VITIS_LOOP_293_1: 
/data/hlssynt-users/enlupi/repo/hls4ml-tutorial/Models/model_3.1/hls4ml_prj/myproject_prj/solution1/.autopilot/db/myproject.pp.0.cpp:55951:5: note: FIX-IT applied suggested code changes
/data/hlssynt-users/enlupi/repo/hls4ml-tutorial/Models/model_3.1/hls4ml_prj/myproject_prj/solution1/.autopilot/db/myproject.pp.0.cpp:55953:9: warning: Added loop label VITIS_LOOP_295_2:   [xilinx-label-all-loops]
        for (int j = 0; j < res_T::size; j++) {
        ^~~
        VITIS_LOOP_295_2: 
/data/hlssynt-users/enlupi/repo/hls4ml-tutorial/Models/model_3.1/hls4ml_prj/myproject_prj/solution1/.autopilot/db/myproject.pp.0.cpp:55953:9: note: FIX-IT applied suggested code changes
/data/hlssynt-users/enlupi/repo/hls4ml-tutorial/Models/model_3.1/hls4ml_prj/myproject_prj/solution1/.autopilot/db/myproject.pp.0.cpp:55965:5: warning: Added loop label VITIS_LOOP_307_1:   [xilinx-label-all-loops]
    for (int i = 0; i < SIZE / data_T::size; i++) {
    ^~~
    VITIS_LOOP_307_1: 
/data/hlssynt-users/enlupi/repo/hls4ml-tutorial/Models/model_3.1/hls4ml_prj/myproject_prj/solution1/.autopilot/db/myproject.pp.0.cpp:55965:5: note: FIX-IT applied suggested code changes
/data/hlssynt-users/enlupi/repo/hls4ml-tutorial/Models/model_3.1/hls4ml_prj/myproject_prj/solution1/.autopilot/db/myproject.pp.0.cpp:55967:9: warning: Added loop label VITIS_LOOP_309_2:   [xilinx-label-all-loops]
        for (int j = 0; j < data_T::size; j++) {
        ^~~
        VITIS_LOOP_309_2: 
/data/hlssynt-users/enlupi/repo/hls4ml-tutorial/Models/model_3.1/hls4ml_prj/myproject_prj/solution1/.autopilot/db/myproject.pp.0.cpp:55967:9: note: FIX-IT applied suggested code changes
/data/hlssynt-users/enlupi/repo/hls4ml-tutorial/Models/model_3.1/hls4ml_prj/myproject_prj/solution1/.autopilot/db/myproject.pp.0.cpp:55982:5: warning: Added loop label VITIS_LOOP_324_1:   [xilinx-label-all-loops]
    for (int ii = 0; ii < nrows; ii++) {
    ^~~
    VITIS_LOOP_324_1: 
/data/hlssynt-users/enlupi/repo/hls4ml-tutorial/Models/model_3.1/hls4ml_prj/myproject_prj/solution1/.autopilot/db/myproject.pp.0.cpp:55982:5: note: FIX-IT applied suggested code changes
/data/hlssynt-users/enlupi/repo/hls4ml-tutorial/Models/model_3.1/hls4ml_prj/myproject_prj/solution1/.autopilot/db/myproject.pp.0.cpp:56002:5: warning: Added loop label VITIS_LOOP_344_1:   [xilinx-label-all-loops]
    for (int ii = 0; ii < nrows; ii++) {
    ^~~
    VITIS_LOOP_344_1: 
/data/hlssynt-users/enlupi/repo/hls4ml-tutorial/Models/model_3.1/hls4ml_prj/myproject_prj/solution1/.autopilot/db/myproject.pp.0.cpp:56002:5: note: FIX-IT applied suggested code changes
/data/hlssynt-users/enlupi/repo/hls4ml-tutorial/Models/model_3.1/hls4ml_prj/myproject_prj/solution1/.autopilot/db/myproject.pp.0.cpp:56003:9: warning: Added loop label VITIS_LOOP_345_2:   [xilinx-label-all-loops]
        for (int jj = 0; jj < ncols; jj++) {
        ^~~
        VITIS_LOOP_345_2: 
/data/hlssynt-users/enlupi/repo/hls4ml-tutorial/Models/model_3.1/hls4ml_prj/myproject_prj/solution1/.autopilot/db/myproject.pp.0.cpp:56003:9: note: FIX-IT applied suggested code changes
/data/hlssynt-users/enlupi/repo/hls4ml-tutorial/Models/model_3.1/hls4ml_prj/myproject_prj/solution1/.autopilot/db/myproject.pp.0.cpp:56018:5: warning: Added loop label VITIS_LOOP_360_1:   [xilinx-label-all-loops]
    for (int ii = 0; ii < N_IN; ii++) {
    ^~~
    VITIS_LOOP_360_1: 
/data/hlssynt-users/enlupi/repo/hls4ml-tutorial/Models/model_3.1/hls4ml_prj/myproject_prj/solution1/.autopilot/db/myproject.pp.0.cpp:56018:5: note: FIX-IT applied suggested code changes
/data/hlssynt-users/enlupi/repo/hls4ml-tutorial/Models/model_3.1/hls4ml_prj/myproject_prj/solution1/.autopilot/db/myproject.pp.0.cpp:56025:5: warning: Added loop label VITIS_LOOP_367_1:   [xilinx-label-all-loops]
    for (int ii = 0; ii < N_IN; ii++) {
    ^~~
    VITIS_LOOP_367_1: 
/data/hlssynt-users/enlupi/repo/hls4ml-tutorial/Models/model_3.1/hls4ml_prj/myproject_prj/solution1/.autopilot/db/myproject.pp.0.cpp:56025:5: note: FIX-IT applied suggested code changes
/data/hlssynt-users/enlupi/repo/hls4ml-tutorial/Models/model_3.1/hls4ml_prj/myproject_prj/solution1/.autopilot/db/myproject.pp.0.cpp:56335:5: warning: Added loop label VITIS_LOOP_136_1:   [xilinx-label-all-loops]
    for (int ii = 0; ii < CONFIG_T::out_width / CONFIG_T::reuse_factor; ii++) {
    ^~~
    VITIS_LOOP_136_1: 
/data/hlssynt-users/enlupi/repo/hls4ml-tutorial/Models/model_3.1/hls4ml_prj/myproject_prj/solution1/.autopilot/db/myproject.pp.0.cpp:56335:5: note: FIX-IT applied suggested code changes
/data/hlssynt-users/enlupi/repo/hls4ml-tutorial/Models/model_3.1/hls4ml_prj/myproject_prj/solution1/.autopilot/db/myproject.pp.0.cpp:56336:9: warning: Added loop label VITIS_LOOP_137_2:   [xilinx-label-all-loops]
        for (int ff = 0; ff < CONFIG_T::n_filt; ff++) {
        ^~~
        VITIS_LOOP_137_2: 
/data/hlssynt-users/enlupi/repo/hls4ml-tutorial/Models/model_3.1/hls4ml_prj/myproject_prj/solution1/.autopilot/db/myproject.pp.0.cpp:56336:9: note: FIX-IT applied suggested code changes
/data/hlssynt-users/enlupi/repo/hls4ml-tutorial/Models/model_3.1/hls4ml_prj/myproject_prj/solution1/.autopilot/db/myproject.pp.0.cpp:56357:5: warning: Added loop label VITIS_LOOP_158_3:   [xilinx-label-all-loops]
    for (int ii = 0; ii < CONFIG_T::out_width / CONFIG_T::reuse_factor; ii++) {
    ^~~
    VITIS_LOOP_158_3: 
/data/hlssynt-users/enlupi/repo/hls4ml-tutorial/Models/model_3.1/hls4ml_prj/myproject_prj/solution1/.autopilot/db/myproject.pp.0.cpp:56357:5: note: FIX-IT applied suggested code changes
/data/hlssynt-users/enlupi/repo/hls4ml-tutorial/Models/model_3.1/hls4ml_prj/myproject_prj/solution1/.autopilot/db/myproject.pp.0.cpp:56358:9: warning: Added loop label VITIS_LOOP_159_4:   [xilinx-label-all-loops]
        for (int ff = 0; ff < CONFIG_T::n_filt; ff++) {
        ^~~
        VITIS_LOOP_159_4: 
/data/hlssynt-users/enlupi/repo/hls4ml-tutorial/Models/model_3.1/hls4ml_prj/myproject_prj/solution1/.autopilot/db/myproject.pp.0.cpp:56358:9: note: FIX-IT applied suggested code changes
/data/hlssynt-users/enlupi/repo/hls4ml-tutorial/Models/model_3.1/hls4ml_prj/myproject_prj/solution1/.autopilot/db/myproject.pp.0.cpp:56655:2: warning: Added loop label VITIS_LOOP_31_1:   [xilinx-label-all-loops]
 for (int ii = 0; ii < CONFIG_T::n_in; ii++) {
 ^~~
 VITIS_LOOP_31_1: 
/data/hlssynt-users/enlupi/repo/hls4ml-tutorial/Models/model_3.1/hls4ml_prj/myproject_prj/solution1/.autopilot/db/myproject.pp.0.cpp:56655:2: note: FIX-IT applied suggested code changes
/data/hlssynt-users/enlupi/repo/hls4ml-tutorial/Models/model_3.1/hls4ml_prj/myproject_prj/solution1/.autopilot/db/myproject.pp.0.cpp:56667:5: warning: Added loop label VITIS_LOOP_43_1:   [xilinx-label-all-loops]
    for (int ii = 0; ii < CONFIG_T::n_in; ii++) {
    ^~~
    VITIS_LOOP_43_1: 
/data/hlssynt-users/enlupi/repo/hls4ml-tutorial/Models/model_3.1/hls4ml_prj/myproject_prj/solution1/.autopilot/db/myproject.pp.0.cpp:56667:5: note: FIX-IT applied suggested code changes
/data/hlssynt-users/enlupi/repo/hls4ml-tutorial/Models/model_3.1/hls4ml_prj/myproject_prj/solution1/.autopilot/db/myproject.pp.0.cpp:56681:5: warning: Added loop label VITIS_LOOP_57_1:   [xilinx-label-all-loops]
    for (int ii = 0; ii < CONFIG_T::n_in; ii++) {
    ^~~
    VITIS_LOOP_57_1: 
/data/hlssynt-users/enlupi/repo/hls4ml-tutorial/Models/model_3.1/hls4ml_prj/myproject_prj/solution1/.autopilot/db/myproject.pp.0.cpp:56681:5: note: FIX-IT applied suggested code changes
/data/hlssynt-users/enlupi/repo/hls4ml-tutorial/Models/model_3.1/hls4ml_prj/myproject_prj/solution1/.autopilot/db/myproject.pp.0.cpp:56708:5: warning: Added loop label VITIS_LOOP_84_1:   [xilinx-label-all-loops]
    for (int ii = 0; ii < N_TABLE; ii++) {
    ^~~
    VITIS_LOOP_84_1: 
/data/hlssynt-users/enlupi/repo/hls4ml-tutorial/Models/model_3.1/hls4ml_prj/myproject_prj/solution1/.autopilot/db/myproject.pp.0.cpp:56708:5: note: FIX-IT applied suggested code changes
/data/hlssynt-users/enlupi/repo/hls4ml-tutorial/Models/model_3.1/hls4ml_prj/myproject_prj/solution1/.autopilot/db/myproject.pp.0.cpp:56738:5: warning: Added loop label VITIS_LOOP_114_1:   [xilinx-label-all-loops]
    for (int ii = 0; ii < CONFIG_T::n_in; ii++) {
    ^~~
    VITIS_LOOP_114_1: 
/data/hlssynt-users/enlupi/repo/hls4ml-tutorial/Models/model_3.1/hls4ml_prj/myproject_prj/solution1/.autopilot/db/myproject.pp.0.cpp:56738:5: note: FIX-IT applied suggested code changes
/data/hlssynt-users/enlupi/repo/hls4ml-tutorial/Models/model_3.1/hls4ml_prj/myproject_prj/solution1/.autopilot/db/myproject.pp.0.cpp:56775:5: warning: Added loop label VITIS_LOOP_151_1:   [xilinx-label-all-loops]
    for (unsigned i = 0; i < CONFIG_T::table_size; i++) {
    ^~~
    VITIS_LOOP_151_1: 
/data/hlssynt-users/enlupi/repo/hls4ml-tutorial/Models/model_3.1/hls4ml_prj/myproject_prj/solution1/.autopilot/db/myproject.pp.0.cpp:56775:5: note: FIX-IT applied suggested code changes
/data/hlssynt-users/enlupi/repo/hls4ml-tutorial/Models/model_3.1/hls4ml_prj/myproject_prj/solution1/.autopilot/db/myproject.pp.0.cpp:56786:5: warning: Added loop label VITIS_LOOP_162_1:   [xilinx-label-all-loops]
    for (unsigned i = 0; i < CONFIG_T::table_size; i++) {
    ^~~
    VITIS_LOOP_162_1: 
/data/hlssynt-users/enlupi/repo/hls4ml-tutorial/Models/model_3.1/hls4ml_prj/myproject_prj/solution1/.autopilot/db/myproject.pp.0.cpp:56786:5: note: FIX-IT applied suggested code changes
/data/hlssynt-users/enlupi/repo/hls4ml-tutorial/Models/model_3.1/hls4ml_prj/myproject_prj/solution1/.autopilot/db/myproject.pp.0.cpp:56819:5: warning: Added loop label VITIS_LOOP_195_1:   [xilinx-label-all-loops]
    for (unsigned i = 0; i < CONFIG_T::n_in; i++) {
    ^~~
    VITIS_LOOP_195_1: 
/data/hlssynt-users/enlupi/repo/hls4ml-tutorial/Models/model_3.1/hls4ml_prj/myproject_prj/solution1/.autopilot/db/myproject.pp.0.cpp:56819:5: note: FIX-IT applied suggested code changes
/data/hlssynt-users/enlupi/repo/hls4ml-tutorial/Models/model_3.1/hls4ml_prj/myproject_prj/solution1/.autopilot/db/myproject.pp.0.cpp:56833:5: warning: Added loop label VITIS_LOOP_209_2:   [xilinx-label-all-loops]
    for (unsigned i = 0; i < CONFIG_T::n_in; i++) {
    ^~~
    VITIS_LOOP_209_2: 
/data/hlssynt-users/enlupi/repo/hls4ml-tutorial/Models/model_3.1/hls4ml_prj/myproject_prj/solution1/.autopilot/db/myproject.pp.0.cpp:56833:5: note: FIX-IT applied suggested code changes
/data/hlssynt-users/enlupi/repo/hls4ml-tutorial/Models/model_3.1/hls4ml_prj/myproject_prj/solution1/.autopilot/db/myproject.pp.0.cpp:56867:5: warning: Added loop label VITIS_LOOP_243_1:   [xilinx-label-all-loops]
    for (unsigned i = 0; i < CONFIG_T::n_in; i++) {
    ^~~
    VITIS_LOOP_243_1: 
/data/hlssynt-users/enlupi/repo/hls4ml-tutorial/Models/model_3.1/hls4ml_prj/myproject_prj/solution1/.autopilot/db/myproject.pp.0.cpp:56867:5: note: FIX-IT applied suggested code changes
/data/hlssynt-users/enlupi/repo/hls4ml-tutorial/Models/model_3.1/hls4ml_prj/myproject_prj/solution1/.autopilot/db/myproject.pp.0.cpp:56876:5: warning: Added loop label VITIS_LOOP_252_2:   [xilinx-label-all-loops]
    for (unsigned i = 0; i < CONFIG_T::n_in; i++) {
    ^~~
    VITIS_LOOP_252_2: 
/data/hlssynt-users/enlupi/repo/hls4ml-tutorial/Models/model_3.1/hls4ml_prj/myproject_prj/solution1/.autopilot/db/myproject.pp.0.cpp:56876:5: note: FIX-IT applied suggested code changes
/data/hlssynt-users/enlupi/repo/hls4ml-tutorial/Models/model_3.1/hls4ml_prj/myproject_prj/solution1/.autopilot/db/myproject.pp.0.cpp:56890:5: warning: Added loop label VITIS_LOOP_266_3:   [xilinx-label-all-loops]
    for (unsigned i = 0; i < CONFIG_T::n_in; i++) {
    ^~~
    VITIS_LOOP_266_3: 
/data/hlssynt-users/enlupi/repo/hls4ml-tutorial/Models/model_3.1/hls4ml_prj/myproject_prj/solution1/.autopilot/db/myproject.pp.0.cpp:56890:5: note: FIX-IT applied suggested code changes
/data/hlssynt-users/enlupi/repo/hls4ml-tutorial/Models/model_3.1/hls4ml_prj/myproject_prj/solution1/.autopilot/db/myproject.pp.0.cpp:56897:5: warning: Added loop label VITIS_LOOP_273_1:   [xilinx-label-all-loops]
    for (int ii = 0; ii < N_TABLE; ii++) {
    ^~~
    VITIS_LOOP_273_1: 
/data/hlssynt-users/enlupi/repo/hls4ml-tutorial/Models/model_3.1/hls4ml_prj/myproject_prj/solution1/.autopilot/db/myproject.pp.0.cpp:56897:5: note: FIX-IT applied suggested code changes
/data/hlssynt-users/enlupi/repo/hls4ml-tutorial/Models/model_3.1/hls4ml_prj/myproject_prj/solution1/.autopilot/db/myproject.pp.0.cpp:56910:5: warning: Added loop label VITIS_LOOP_286_1:   [xilinx-label-all-loops]
    for (int ii = 0; ii < N_TABLE; ii++) {
    ^~~
    VITIS_LOOP_286_1: 
/data/hlssynt-users/enlupi/repo/hls4ml-tutorial/Models/model_3.1/hls4ml_prj/myproject_prj/solution1/.autopilot/db/myproject.pp.0.cpp:56910:5: note: FIX-IT applied suggested code changes
/data/hlssynt-users/enlupi/repo/hls4ml-tutorial/Models/model_3.1/hls4ml_prj/myproject_prj/solution1/.autopilot/db/myproject.pp.0.cpp:56947:5: warning: Added loop label VITIS_LOOP_323_1:   [xilinx-label-all-loops]
    for (int ii = 0; ii < CONFIG_T::n_in; ii++) {
    ^~~
    VITIS_LOOP_323_1: 
/data/hlssynt-users/enlupi/repo/hls4ml-tutorial/Models/model_3.1/hls4ml_prj/myproject_prj/solution1/.autopilot/db/myproject.pp.0.cpp:56947:5: note: FIX-IT applied suggested code changes
/data/hlssynt-users/enlupi/repo/hls4ml-tutorial/Models/model_3.1/hls4ml_prj/myproject_prj/solution1/.autopilot/db/myproject.pp.0.cpp:56952:5: warning: Added loop label VITIS_LOOP_328_2:   [xilinx-label-all-loops]
    for (int ii = 0; ii < CONFIG_T::n_in; ii++) {
    ^~~
    VITIS_LOOP_328_2: 
/data/hlssynt-users/enlupi/repo/hls4ml-tutorial/Models/model_3.1/hls4ml_prj/myproject_prj/solution1/.autopilot/db/myproject.pp.0.cpp:56952:5: note: FIX-IT applied suggested code changes
/data/hlssynt-users/enlupi/repo/hls4ml-tutorial/Models/model_3.1/hls4ml_prj/myproject_prj/solution1/.autopilot/db/myproject.pp.0.cpp:56953:9: warning: Added loop label VITIS_LOOP_329_3:   [xilinx-label-all-loops]
        for (int jj = 0; jj < CONFIG_T::n_in; jj++) {
        ^~~
        VITIS_LOOP_329_3: 
/data/hlssynt-users/enlupi/repo/hls4ml-tutorial/Models/model_3.1/hls4ml_prj/myproject_prj/solution1/.autopilot/db/myproject.pp.0.cpp:56953:9: note: FIX-IT applied suggested code changes
/data/hlssynt-users/enlupi/repo/hls4ml-tutorial/Models/model_3.1/hls4ml_prj/myproject_prj/solution1/.autopilot/db/myproject.pp.0.cpp:56970:5: warning: Added loop label VITIS_LOOP_346_4:   [xilinx-label-all-loops]
    for (int ii = 0; ii < CONFIG_T::n_in; ii++) {
    ^~~
    VITIS_LOOP_346_4: 
/data/hlssynt-users/enlupi/repo/hls4ml-tutorial/Models/model_3.1/hls4ml_prj/myproject_prj/solution1/.autopilot/db/myproject.pp.0.cpp:56970:5: note: FIX-IT applied suggested code changes
/data/hlssynt-users/enlupi/repo/hls4ml-tutorial/Models/model_3.1/hls4ml_prj/myproject_prj/solution1/.autopilot/db/myproject.pp.0.cpp:56983:5: warning: Added loop label VITIS_LOOP_359_1:   [xilinx-label-all-loops]
    for (int i = 0; i < CONFIG_T::n_in; i++) {
    ^~~
    VITIS_LOOP_359_1: 
/data/hlssynt-users/enlupi/repo/hls4ml-tutorial/Models/model_3.1/hls4ml_prj/myproject_prj/solution1/.autopilot/db/myproject.pp.0.cpp:56983:5: note: FIX-IT applied suggested code changes
/data/hlssynt-users/enlupi/repo/hls4ml-tutorial/Models/model_3.1/hls4ml_prj/myproject_prj/solution1/.autopilot/db/myproject.pp.0.cpp:56991:5: warning: Added loop label VITIS_LOOP_367_2:   [xilinx-label-all-loops]
    for (int i = 1; i < CONFIG_T::n_in; i++) {
    ^~~
    VITIS_LOOP_367_2: 
/data/hlssynt-users/enlupi/repo/hls4ml-tutorial/Models/model_3.1/hls4ml_prj/myproject_prj/solution1/.autopilot/db/myproject.pp.0.cpp:56991:5: note: FIX-IT applied suggested code changes
/data/hlssynt-users/enlupi/repo/hls4ml-tutorial/Models/model_3.1/hls4ml_prj/myproject_prj/solution1/.autopilot/db/myproject.pp.0.cpp:57026:5: warning: Added loop label VITIS_LOOP_402_1:   [xilinx-label-all-loops]
    for (int ii = 0; ii < N_TABLE; ii++) {
    ^~~
    VITIS_LOOP_402_1: 
/data/hlssynt-users/enlupi/repo/hls4ml-tutorial/Models/model_3.1/hls4ml_prj/myproject_prj/solution1/.autopilot/db/myproject.pp.0.cpp:57026:5: note: FIX-IT applied suggested code changes
/data/hlssynt-users/enlupi/repo/hls4ml-tutorial/Models/model_3.1/hls4ml_prj/myproject_prj/solution1/.autopilot/db/myproject.pp.0.cpp:57056:5: warning: Added loop label VITIS_LOOP_432_1:   [xilinx-label-all-loops]
    for (int ii = 0; ii < CONFIG_T::n_in; ii++) {
    ^~~
    VITIS_LOOP_432_1: 
/data/hlssynt-users/enlupi/repo/hls4ml-tutorial/Models/model_3.1/hls4ml_prj/myproject_prj/solution1/.autopilot/db/myproject.pp.0.cpp:57056:5: note: FIX-IT applied suggested code changes
/data/hlssynt-users/enlupi/repo/hls4ml-tutorial/Models/model_3.1/hls4ml_prj/myproject_prj/solution1/.autopilot/db/myproject.pp.0.cpp:57083:2: warning: Added loop label VITIS_LOOP_459_1:   [xilinx-label-all-loops]
 for (int ii = 0; ii < CONFIG_T::n_in; ii++) {
 ^~~
 VITIS_LOOP_459_1: 
/data/hlssynt-users/enlupi/repo/hls4ml-tutorial/Models/model_3.1/hls4ml_prj/myproject_prj/solution1/.autopilot/db/myproject.pp.0.cpp:57083:2: note: FIX-IT applied suggested code changes
/data/hlssynt-users/enlupi/repo/hls4ml-tutorial/Models/model_3.1/hls4ml_prj/myproject_prj/solution1/.autopilot/db/myproject.pp.0.cpp:57097:2: warning: Added loop label VITIS_LOOP_473_1:   [xilinx-label-all-loops]
 for (int ii = 0; ii < CONFIG_T::n_in; ii++) {
 ^~~
 VITIS_LOOP_473_1: 
/data/hlssynt-users/enlupi/repo/hls4ml-tutorial/Models/model_3.1/hls4ml_prj/myproject_prj/solution1/.autopilot/db/myproject.pp.0.cpp:57097:2: note: FIX-IT applied suggested code changes
/data/hlssynt-users/enlupi/repo/hls4ml-tutorial/Models/model_3.1/hls4ml_prj/myproject_prj/solution1/.autopilot/db/myproject.pp.0.cpp:57113:5: warning: Added loop label VITIS_LOOP_489_1:   [xilinx-label-all-loops]
    for (int ii = 0; ii < CONFIG_T::n_in; ii++) {
    ^~~
    VITIS_LOOP_489_1: 
/data/hlssynt-users/enlupi/repo/hls4ml-tutorial/Models/model_3.1/hls4ml_prj/myproject_prj/solution1/.autopilot/db/myproject.pp.0.cpp:57113:5: note: FIX-IT applied suggested code changes
/data/hlssynt-users/enlupi/repo/hls4ml-tutorial/Models/model_3.1/hls4ml_prj/myproject_prj/solution1/.autopilot/db/myproject.pp.0.cpp:57131:5: warning: Added loop label VITIS_LOOP_507_1:   [xilinx-label-all-loops]
    for (int ii = 0; ii < CONFIG_T::n_in; ii++) {
    ^~~
    VITIS_LOOP_507_1: 
/data/hlssynt-users/enlupi/repo/hls4ml-tutorial/Models/model_3.1/hls4ml_prj/myproject_prj/solution1/.autopilot/db/myproject.pp.0.cpp:57131:5: note: FIX-IT applied suggested code changes
/data/hlssynt-users/enlupi/repo/hls4ml-tutorial/Models/model_3.1/hls4ml_prj/myproject_prj/solution1/.autopilot/db/myproject.pp.0.cpp:57148:5: warning: Added loop label VITIS_LOOP_524_1:   [xilinx-label-all-loops]
    for (int ii = 0; ii < CONFIG_T::n_in; ii++) {
    ^~~
    VITIS_LOOP_524_1: 
/data/hlssynt-users/enlupi/repo/hls4ml-tutorial/Models/model_3.1/hls4ml_prj/myproject_prj/solution1/.autopilot/db/myproject.pp.0.cpp:57148:5: note: FIX-IT applied suggested code changes
/data/hlssynt-users/enlupi/repo/hls4ml-tutorial/Models/model_3.1/hls4ml_prj/myproject_prj/solution1/.autopilot/db/myproject.pp.0.cpp:57165:5: warning: Added loop label VITIS_LOOP_541_1:   [xilinx-label-all-loops]
    for (int ii = 0; ii < N_TABLE; ii++) {
    ^~~
    VITIS_LOOP_541_1: 
/data/hlssynt-users/enlupi/repo/hls4ml-tutorial/Models/model_3.1/hls4ml_prj/myproject_prj/solution1/.autopilot/db/myproject.pp.0.cpp:57165:5: note: FIX-IT applied suggested code changes
/data/hlssynt-users/enlupi/repo/hls4ml-tutorial/Models/model_3.1/hls4ml_prj/myproject_prj/solution1/.autopilot/db/myproject.pp.0.cpp:57195:5: warning: Added loop label VITIS_LOOP_571_1:   [xilinx-label-all-loops]
    for (int ii = 0; ii < CONFIG_T::n_in; ii++) {
    ^~~
    VITIS_LOOP_571_1: 
/data/hlssynt-users/enlupi/repo/hls4ml-tutorial/Models/model_3.1/hls4ml_prj/myproject_prj/solution1/.autopilot/db/myproject.pp.0.cpp:57195:5: note: FIX-IT applied suggested code changes
/data/hlssynt-users/enlupi/repo/hls4ml-tutorial/Models/model_3.1/hls4ml_prj/myproject_prj/solution1/.autopilot/db/myproject.pp.0.cpp:57214:5: warning: Added loop label VITIS_LOOP_590_1:   [xilinx-label-all-loops]
    for (int ii = 0; ii < N_TABLE; ii++) {
    ^~~
    VITIS_LOOP_590_1: 
/data/hlssynt-users/enlupi/repo/hls4ml-tutorial/Models/model_3.1/hls4ml_prj/myproject_prj/solution1/.autopilot/db/myproject.pp.0.cpp:57214:5: note: FIX-IT applied suggested code changes
/data/hlssynt-users/enlupi/repo/hls4ml-tutorial/Models/model_3.1/hls4ml_prj/myproject_prj/solution1/.autopilot/db/myproject.pp.0.cpp:57244:5: warning: Added loop label VITIS_LOOP_620_1:   [xilinx-label-all-loops]
    for (int ii = 0; ii < CONFIG_T::n_in; ii++) {
    ^~~
    VITIS_LOOP_620_1: 
/data/hlssynt-users/enlupi/repo/hls4ml-tutorial/Models/model_3.1/hls4ml_prj/myproject_prj/solution1/.autopilot/db/myproject.pp.0.cpp:57244:5: note: FIX-IT applied suggested code changes
/data/hlssynt-users/enlupi/repo/hls4ml-tutorial/Models/model_3.1/hls4ml_prj/myproject_prj/solution1/.autopilot/db/myproject.pp.0.cpp:57263:5: warning: Added loop label VITIS_LOOP_639_1:   [xilinx-label-all-loops]
    for (int ii = 0; ii < N_TABLE; ii++) {
    ^~~
    VITIS_LOOP_639_1: 
/data/hlssynt-users/enlupi/repo/hls4ml-tutorial/Models/model_3.1/hls4ml_prj/myproject_prj/solution1/.autopilot/db/myproject.pp.0.cpp:57263:5: note: FIX-IT applied suggested code changes
/data/hlssynt-users/enlupi/repo/hls4ml-tutorial/Models/model_3.1/hls4ml_prj/myproject_prj/solution1/.autopilot/db/myproject.pp.0.cpp:57293:5: warning: Added loop label VITIS_LOOP_669_1:   [xilinx-label-all-loops]
    for (int ii = 0; ii < CONFIG_T::n_in; ii++) {
    ^~~
    VITIS_LOOP_669_1: 
/data/hlssynt-users/enlupi/repo/hls4ml-tutorial/Models/model_3.1/hls4ml_prj/myproject_prj/solution1/.autopilot/db/myproject.pp.0.cpp:57293:5: note: FIX-IT applied suggested code changes
/data/hlssynt-users/enlupi/repo/hls4ml-tutorial/Models/model_3.1/hls4ml_prj/myproject_prj/solution1/.autopilot/db/myproject.pp.0.cpp:57320:5: warning: Added loop label VITIS_LOOP_696_1:   [xilinx-label-all-loops]
    for (int ii = 0; ii < N_TABLE; ii++) {
    ^~~
    VITIS_LOOP_696_1: 
/data/hlssynt-users/enlupi/repo/hls4ml-tutorial/Models/model_3.1/hls4ml_prj/myproject_prj/solution1/.autopilot/db/myproject.pp.0.cpp:57320:5: note: FIX-IT applied suggested code changes
/data/hlssynt-users/enlupi/repo/hls4ml-tutorial/Models/model_3.1/hls4ml_prj/myproject_prj/solution1/.autopilot/db/myproject.pp.0.cpp:57349:5: warning: Added loop label VITIS_LOOP_725_1:   [xilinx-label-all-loops]
    for (int ii = 0; ii < CONFIG_T::n_in; ii++) {
    ^~~
    VITIS_LOOP_725_1: 
/data/hlssynt-users/enlupi/repo/hls4ml-tutorial/Models/model_3.1/hls4ml_prj/myproject_prj/solution1/.autopilot/db/myproject.pp.0.cpp:57349:5: note: FIX-IT applied suggested code changes
/data/hlssynt-users/enlupi/repo/hls4ml-tutorial/Models/model_3.1/hls4ml_prj/myproject_prj/solution1/.autopilot/db/myproject.pp.0.cpp:57370:5: warning: Added loop label VITIS_LOOP_746_1:   [xilinx-label-all-loops]
    for (int ii = 0; ii < CONFIG_T::n_in; ii++) {
    ^~~
    VITIS_LOOP_746_1: 
/data/hlssynt-users/enlupi/repo/hls4ml-tutorial/Models/model_3.1/hls4ml_prj/myproject_prj/solution1/.autopilot/db/myproject.pp.0.cpp:57370:5: note: FIX-IT applied suggested code changes
/data/hlssynt-users/enlupi/repo/hls4ml-tutorial/Models/model_3.1/hls4ml_prj/myproject_prj/solution1/.autopilot/db/myproject.pp.0.cpp:57388:5: warning: Added loop label VITIS_LOOP_764_1:   [xilinx-label-all-loops]
    for (int ii = 0; ii < CONFIG_T::n_in; ii++) {
    ^~~
    VITIS_LOOP_764_1: 
/data/hlssynt-users/enlupi/repo/hls4ml-tutorial/Models/model_3.1/hls4ml_prj/myproject_prj/solution1/.autopilot/db/myproject.pp.0.cpp:57388:5: note: FIX-IT applied suggested code changes
/data/hlssynt-users/enlupi/repo/hls4ml-tutorial/Models/model_3.1/hls4ml_prj/myproject_prj/solution1/.autopilot/db/myproject.pp.0.cpp:57408:5: warning: Added loop label VITIS_LOOP_784_1:   [xilinx-label-all-loops]
    for (int ii = 0; ii < CONFIG_T::n_in; ii++) {
    ^~~
    VITIS_LOOP_784_1: 
/data/hlssynt-users/enlupi/repo/hls4ml-tutorial/Models/model_3.1/hls4ml_prj/myproject_prj/solution1/.autopilot/db/myproject.pp.0.cpp:57408:5: note: FIX-IT applied suggested code changes
/data/hlssynt-users/enlupi/repo/hls4ml-tutorial/Models/model_3.1/hls4ml_prj/myproject_prj/solution1/.autopilot/db/myproject.pp.0.cpp:57504:9: warning: Added loop label VITIS_LOOP_73_1:   [xilinx-label-all-loops]
        for (int i = 0; i < N / data_T::size; i++) {
        ^~~
        VITIS_LOOP_73_1: 
/data/hlssynt-users/enlupi/repo/hls4ml-tutorial/Models/model_3.1/hls4ml_prj/myproject_prj/solution1/.autopilot/db/myproject.pp.0.cpp:57504:9: note: FIX-IT applied suggested code changes
/data/hlssynt-users/enlupi/repo/hls4ml-tutorial/Models/model_3.1/hls4ml_prj/myproject_prj/solution1/.autopilot/db/myproject.pp.0.cpp:57511:13: warning: Added loop label VITIS_LOOP_80_2:   [xilinx-label-all-loops]
            for (int j = 0; j < data_T::size; j++) {
            ^~~
            VITIS_LOOP_80_2: 
/data/hlssynt-users/enlupi/repo/hls4ml-tutorial/Models/model_3.1/hls4ml_prj/myproject_prj/solution1/.autopilot/db/myproject.pp.0.cpp:57511:13: note: FIX-IT applied suggested code changes
/data/hlssynt-users/enlupi/repo/hls4ml-tutorial/Models/model_3.1/hls4ml_prj/myproject_prj/solution1/.autopilot/db/myproject.pp.0.cpp:57520:9: warning: Added loop label VITIS_LOOP_89_3:   [xilinx-label-all-loops]
        for (int i = 0; i < N / data_T::size; i++) {
        ^~~
        VITIS_LOOP_89_3: 
/data/hlssynt-users/enlupi/repo/hls4ml-tutorial/Models/model_3.1/hls4ml_prj/myproject_prj/solution1/.autopilot/db/myproject.pp.0.cpp:57520:9: note: FIX-IT applied suggested code changes
/data/hlssynt-users/enlupi/repo/hls4ml-tutorial/Models/model_3.1/hls4ml_prj/myproject_prj/solution1/.autopilot/db/myproject.pp.0.cpp:57529:13: warning: Added loop label VITIS_LOOP_98_4:   [xilinx-label-all-loops]
            for (int j = 0; j < pack_diff; j++) {
            ^~~
            VITIS_LOOP_98_4: 
/data/hlssynt-users/enlupi/repo/hls4ml-tutorial/Models/model_3.1/hls4ml_prj/myproject_prj/solution1/.autopilot/db/myproject.pp.0.cpp:57529:13: note: FIX-IT applied suggested code changes
/data/hlssynt-users/enlupi/repo/hls4ml-tutorial/Models/model_3.1/hls4ml_prj/myproject_prj/solution1/.autopilot/db/myproject.pp.0.cpp:57533:17: warning: Added loop label VITIS_LOOP_102_5:   [xilinx-label-all-loops]
                for (int k = 0; k < res_T::size; k++) {
                ^~~
                VITIS_LOOP_102_5: 
/data/hlssynt-users/enlupi/repo/hls4ml-tutorial/Models/model_3.1/hls4ml_prj/myproject_prj/solution1/.autopilot/db/myproject.pp.0.cpp:57533:17: note: FIX-IT applied suggested code changes
/data/hlssynt-users/enlupi/repo/hls4ml-tutorial/Models/model_3.1/hls4ml_prj/myproject_prj/solution1/.autopilot/db/myproject.pp.0.cpp:57544:9: warning: Added loop label VITIS_LOOP_113_6:   [xilinx-label-all-loops]
        for (int i = 0; i < N / data_T::size; i++) {
        ^~~
        VITIS_LOOP_113_6: 
/data/hlssynt-users/enlupi/repo/hls4ml-tutorial/Models/model_3.1/hls4ml_prj/myproject_prj/solution1/.autopilot/db/myproject.pp.0.cpp:57544:9: note: FIX-IT applied suggested code changes
/data/hlssynt-users/enlupi/repo/hls4ml-tutorial/Models/model_3.1/hls4ml_prj/myproject_prj/solution1/.autopilot/db/myproject.pp.0.cpp:57548:13: warning: Added loop label VITIS_LOOP_117_7:   [xilinx-label-all-loops]
            for (int j = 0; j < data_T::size; j++) {
            ^~~
            VITIS_LOOP_117_7: 
/data/hlssynt-users/enlupi/repo/hls4ml-tutorial/Models/model_3.1/hls4ml_prj/myproject_prj/solution1/.autopilot/db/myproject.pp.0.cpp:57548:13: note: FIX-IT applied suggested code changes
/data/hlssynt-users/enlupi/repo/hls4ml-tutorial/Models/model_3.1/hls4ml_prj/myproject_prj/solution1/.autopilot/db/myproject.pp.0.cpp:57572:9: warning: Added loop label VITIS_LOOP_141_1:   [xilinx-label-all-loops]
        for (int j = 0; j < n_dupl; j++) {
        ^~~
        VITIS_LOOP_141_1: 
/data/hlssynt-users/enlupi/repo/hls4ml-tutorial/Models/model_3.1/hls4ml_prj/myproject_prj/solution1/.autopilot/db/myproject.pp.0.cpp:57572:9: note: FIX-IT applied suggested code changes
/data/hlssynt-users/enlupi/repo/hls4ml-tutorial/Models/model_3.1/hls4ml_prj/myproject_prj/solution1/.autopilot/db/myproject.pp.0.cpp:57576:13: warning: Added loop label VITIS_LOOP_145_2:   [xilinx-label-all-loops]
            for (int k = 0; k < res_T::size; k++) {
            ^~~
            VITIS_LOOP_145_2: 
/data/hlssynt-users/enlupi/repo/hls4ml-tutorial/Models/model_3.1/hls4ml_prj/myproject_prj/solution1/.autopilot/db/myproject.pp.0.cpp:57576:13: note: FIX-IT applied suggested code changes
/data/hlssynt-users/enlupi/repo/hls4ml-tutorial/Models/model_3.1/hls4ml_prj/myproject_prj/solution1/.autopilot/db/myproject.pp.0.cpp:57595:9: warning: Added loop label VITIS_LOOP_164_1:   [xilinx-label-all-loops]
        for (int k = 0; k < res_T::size; k++) {
        ^~~
        VITIS_LOOP_164_1: 
/data/hlssynt-users/enlupi/repo/hls4ml-tutorial/Models/model_3.1/hls4ml_prj/myproject_prj/solution1/.autopilot/db/myproject.pp.0.cpp:57595:9: note: FIX-IT applied suggested code changes
/data/hlssynt-users/enlupi/repo/hls4ml-tutorial/Models/model_3.1/hls4ml_prj/myproject_prj/solution1/.autopilot/db/myproject.pp.0.cpp:57821:9: warning: Added loop label VITIS_LOOP_213_1:   [xilinx-label-all-loops]
        for (unsigned j = 0; j < data_T::size; j++) {
        ^~~
        VITIS_LOOP_213_1: 
/data/hlssynt-users/enlupi/repo/hls4ml-tutorial/Models/model_3.1/hls4ml_prj/myproject_prj/solution1/.autopilot/db/myproject.pp.0.cpp:57821:9: note: FIX-IT applied suggested code changes
/data/hlssynt-users/enlupi/repo/hls4ml-tutorial/Models/model_3.1/hls4ml_prj/myproject_prj/solution1/.autopilot/db/myproject.pp.0.cpp:57830:9: warning: Added loop label VITIS_LOOP_222_2:   [xilinx-label-all-loops]
        for (unsigned j = 0; j < data_T::size; j++) {
        ^~~
        VITIS_LOOP_222_2: 
/data/hlssynt-users/enlupi/repo/hls4ml-tutorial/Models/model_3.1/hls4ml_prj/myproject_prj/solution1/.autopilot/db/myproject.pp.0.cpp:57830:9: note: FIX-IT applied suggested code changes
/data/hlssynt-users/enlupi/repo/hls4ml-tutorial/Models/model_3.1/hls4ml_prj/myproject_prj/solution1/.autopilot/db/myproject.pp.0.cpp:57936:5: warning: Added loop label VITIS_LOOP_328_1:   [xilinx-label-all-loops]
    for (int i = 0; i < CONFIG_T::n_in / res_T::size; i++) {
    ^~~
    VITIS_LOOP_328_1: 
/data/hlssynt-users/enlupi/repo/hls4ml-tutorial/Models/model_3.1/hls4ml_prj/myproject_prj/solution1/.autopilot/db/myproject.pp.0.cpp:57936:5: note: FIX-IT applied suggested code changes
/data/hlssynt-users/enlupi/repo/hls4ml-tutorial/Models/model_3.1/hls4ml_prj/myproject_prj/solution1/.autopilot/db/myproject.pp.0.cpp:57941:9: warning: Added loop label VITIS_LOOP_333_2:   [xilinx-label-all-loops]
        for (int i = 0; i < res_T::size; i++) {
        ^~~
        VITIS_LOOP_333_2: 
/data/hlssynt-users/enlupi/repo/hls4ml-tutorial/Models/model_3.1/hls4ml_prj/myproject_prj/solution1/.autopilot/db/myproject.pp.0.cpp:57941:9: note: FIX-IT applied suggested code changes
/data/hlssynt-users/enlupi/repo/hls4ml-tutorial/Models/model_3.1/hls4ml_prj/myproject_prj/solution1/.autopilot/db/myproject.pp.0.cpp:57949:9: warning: Added loop label VITIS_LOOP_341_3:   [xilinx-label-all-loops]
        for (int i = 1; i < res_T::size; i++) {
        ^~~
        VITIS_LOOP_341_3: 
/data/hlssynt-users/enlupi/repo/hls4ml-tutorial/Models/model_3.1/hls4ml_prj/myproject_prj/solution1/.autopilot/db/myproject.pp.0.cpp:57949:9: note: FIX-IT applied suggested code changes
/data/hlssynt-users/enlupi/repo/hls4ml-tutorial/Models/model_3.1/hls4ml_prj/myproject_prj/solution1/.autopilot/db/myproject.pp.0.cpp:58548:9: error: Resource with core_name: ROM_nP_BRAM pragma is ignored, because this core doesn't exist at all  [clang-diagnostic-error]
#pragma HLS RESOURCE variable=weights core=ROM_nP_BRAM
        ^
/data/hlssynt-users/enlupi/repo/hls4ml-tutorial/Models/model_3.1/hls4ml_prj/myproject_prj/solution1/.autopilot/db/myproject.pp.0.cpp:58622:9: error: Resource with core_name: ROM_nP_BRAM pragma is ignored, because this core doesn't exist at all  [clang-diagnostic-error]
#pragma HLS RESOURCE variable=weights core=ROM_nP_BRAM
        ^
/data/hlssynt-users/enlupi/repo/hls4ml-tutorial/Models/model_3.1/hls4ml_prj/myproject_prj/solution1/.autopilot/db/myproject.pp.0.cpp:58704:9: error: Resource with core_name: ROM_nP_BRAM pragma is ignored, because this core doesn't exist at all  [clang-diagnostic-error]
#pragma HLS RESOURCE variable=weights core=ROM_nP_BRAM
        ^
/data/hlssynt-users/enlupi/repo/hls4ml-tutorial/Models/model_3.1/hls4ml_prj/myproject_prj/solution1/.autopilot/db/myproject.pp.0.cpp:58877:5: warning: Added loop label VITIS_LOOP_14_1:   [xilinx-label-all-loops]
    for (unsigned k = 0; k < CONFIG_T::n_out; k++) {
    ^~~
    VITIS_LOOP_14_1: 
/data/hlssynt-users/enlupi/repo/hls4ml-tutorial/Models/model_3.1/hls4ml_prj/myproject_prj/solution1/.autopilot/db/myproject.pp.0.cpp:58877:5: note: FIX-IT applied suggested code changes
/data/hlssynt-users/enlupi/repo/hls4ml-tutorial/Models/model_3.1/hls4ml_prj/myproject_prj/solution1/.autopilot/db/myproject.pp.0.cpp:58937:9: warning: Added loop label VITIS_LOOP_74_1:   [xilinx-label-all-loops]
        for (int im = 0; im < CONFIG_T::n_out; im++) {
        ^~~
        VITIS_LOOP_74_1: 
/data/hlssynt-users/enlupi/repo/hls4ml-tutorial/Models/model_3.1/hls4ml_prj/myproject_prj/solution1/.autopilot/db/myproject.pp.0.cpp:58937:9: note: FIX-IT applied suggested code changes
