

================================================================
== Vitis HLS Report for 'relu_ap_fixed_16_6_5_3_0_ap_fixed_16_6_5_3_0_ReLU_config16_s'
================================================================
* Date:           Fri Oct 17 12:08:07 2025

* Version:        2023.2 (Build 4023990 on Oct 11 2023)
* Project:        myproject_prj
* Solution:       solution1 (Vivado IP Flow Target)
* Product family: virtexuplus
* Target device:  xcu250-figd2104-2L-e


================================================================
== Performance Estimates
================================================================
+ Timing: 
    * Summary: 
    +--------+---------+----------+------------+
    |  Clock |  Target | Estimated| Uncertainty|
    +--------+---------+----------+------------+
    |ap_clk  |  5.00 ns|  1.078 ns|     1.35 ns|
    +--------+---------+----------+------------+

+ Latency: 
    * Summary: 
    +---------+---------+----------+----------+-----+-----+---------+
    |  Latency (cycles) |  Latency (absolute) |  Interval | Pipeline|
    |   min   |   max   |    min   |    max   | min | max |   Type  |
    +---------+---------+----------+----------+-----+-----+---------+
    |        0|        0|      0 ns|      0 ns|    1|    1|      yes|
    +---------+---------+----------+----------+-----+-----+---------+

    + Detail: 
        * Instance: 
        N/A

        * Loop: 
        N/A



================================================================
== Utilization Estimates
================================================================
* Summary: 
+---------------------+---------+-------+---------+---------+------+
|         Name        | BRAM_18K|  DSP  |    FF   |   LUT   | URAM |
+---------------------+---------+-------+---------+---------+------+
|DSP                  |        -|      -|        -|        -|     -|
|Expression           |        -|      -|        0|      494|     -|
|FIFO                 |        -|      -|        -|        -|     -|
|Instance             |        -|      -|        -|        -|     -|
|Memory               |        -|      -|        -|        -|     -|
|Multiplexer          |        -|      -|        -|        -|     -|
|Register             |        -|      -|        -|        -|     -|
+---------------------+---------+-------+---------+---------+------+
|Total                |        0|      0|        0|      494|     0|
+---------------------+---------+-------+---------+---------+------+
|Available SLR        |     1344|   3072|   864000|   432000|   320|
+---------------------+---------+-------+---------+---------+------+
|Utilization SLR (%)  |        0|      0|        0|       ~0|     0|
+---------------------+---------+-------+---------+---------+------+
|Available            |     5376|  12288|  3456000|  1728000|  1280|
+---------------------+---------+-------+---------+---------+------+
|Utilization (%)      |        0|      0|        0|       ~0|     0|
+---------------------+---------+-------+---------+---------+------+

+ Detail: 
    * Instance: 
    N/A

    * DSP: 
    N/A

    * Memory: 
    N/A

    * FIFO: 
    N/A

    * Expression: 
    +------------------------+----------+----+---+----+------------+------------+
    |      Variable Name     | Operation| DSP| FF| LUT| Bitwidth P0| Bitwidth P1|
    +------------------------+----------+----+---+----+------------+------------+
    |icmp_ln45_28_fu_190_p2  |      icmp|   0|  0|  23|          16|           1|
    |icmp_ln45_29_fu_208_p2  |      icmp|   0|  0|  23|          16|           1|
    |icmp_ln45_30_fu_226_p2  |      icmp|   0|  0|  23|          16|           1|
    |icmp_ln45_31_fu_244_p2  |      icmp|   0|  0|  23|          16|           1|
    |icmp_ln45_32_fu_262_p2  |      icmp|   0|  0|  23|          16|           1|
    |icmp_ln45_33_fu_280_p2  |      icmp|   0|  0|  23|          16|           1|
    |icmp_ln45_34_fu_298_p2  |      icmp|   0|  0|  23|          16|           1|
    |icmp_ln45_35_fu_316_p2  |      icmp|   0|  0|  23|          16|           1|
    |icmp_ln45_36_fu_334_p2  |      icmp|   0|  0|  23|          16|           1|
    |icmp_ln45_37_fu_352_p2  |      icmp|   0|  0|  23|          16|           1|
    |icmp_ln45_38_fu_370_p2  |      icmp|   0|  0|  23|          16|           1|
    |icmp_ln45_39_fu_388_p2  |      icmp|   0|  0|  23|          16|           1|
    |icmp_ln45_fu_172_p2     |      icmp|   0|  0|  23|          16|           1|
    |datareg_28_fu_196_p3    |    select|   0|  0|  15|           1|          15|
    |datareg_29_fu_214_p3    |    select|   0|  0|  15|           1|          15|
    |datareg_30_fu_232_p3    |    select|   0|  0|  15|           1|          15|
    |datareg_31_fu_250_p3    |    select|   0|  0|  15|           1|          15|
    |datareg_32_fu_268_p3    |    select|   0|  0|  15|           1|          15|
    |datareg_33_fu_286_p3    |    select|   0|  0|  15|           1|          15|
    |datareg_34_fu_304_p3    |    select|   0|  0|  15|           1|          15|
    |datareg_35_fu_322_p3    |    select|   0|  0|  15|           1|          15|
    |datareg_36_fu_340_p3    |    select|   0|  0|  15|           1|          15|
    |datareg_37_fu_358_p3    |    select|   0|  0|  15|           1|          15|
    |datareg_38_fu_376_p3    |    select|   0|  0|  15|           1|          15|
    |datareg_39_fu_394_p3    |    select|   0|  0|  15|           1|          15|
    |datareg_fu_178_p3       |    select|   0|  0|  15|           1|          15|
    +------------------------+----------+----+---+----+------------+------------+
    |Total                   |          |   0|  0| 494|         221|         208|
    +------------------------+----------+----+---+----+------------+------------+

    * Multiplexer: 
    N/A

    * Register: 
    N/A



================================================================
== Interface
================================================================
* Summary: 
+--------------+-----+-----+------------+-------------------------------------------------------------------------+--------------+
|   RTL Ports  | Dir | Bits|  Protocol  |                              Source Object                              |    C Type    |
+--------------+-----+-----+------------+-------------------------------------------------------------------------+--------------+
|ap_ready      |  out|    1|  ap_ctrl_hs|  relu<ap_fixed<16, 6, 5, 3, 0>, ap_fixed<16, 6, 5, 3, 0>, ReLU_config16>|  return value|
|ap_return_0   |  out|   16|  ap_ctrl_hs|  relu<ap_fixed<16, 6, 5, 3, 0>, ap_fixed<16, 6, 5, 3, 0>, ReLU_config16>|  return value|
|ap_return_1   |  out|   16|  ap_ctrl_hs|  relu<ap_fixed<16, 6, 5, 3, 0>, ap_fixed<16, 6, 5, 3, 0>, ReLU_config16>|  return value|
|ap_return_2   |  out|   16|  ap_ctrl_hs|  relu<ap_fixed<16, 6, 5, 3, 0>, ap_fixed<16, 6, 5, 3, 0>, ReLU_config16>|  return value|
|ap_return_3   |  out|   16|  ap_ctrl_hs|  relu<ap_fixed<16, 6, 5, 3, 0>, ap_fixed<16, 6, 5, 3, 0>, ReLU_config16>|  return value|
|ap_return_4   |  out|   16|  ap_ctrl_hs|  relu<ap_fixed<16, 6, 5, 3, 0>, ap_fixed<16, 6, 5, 3, 0>, ReLU_config16>|  return value|
|ap_return_5   |  out|   16|  ap_ctrl_hs|  relu<ap_fixed<16, 6, 5, 3, 0>, ap_fixed<16, 6, 5, 3, 0>, ReLU_config16>|  return value|
|ap_return_6   |  out|   16|  ap_ctrl_hs|  relu<ap_fixed<16, 6, 5, 3, 0>, ap_fixed<16, 6, 5, 3, 0>, ReLU_config16>|  return value|
|ap_return_7   |  out|   16|  ap_ctrl_hs|  relu<ap_fixed<16, 6, 5, 3, 0>, ap_fixed<16, 6, 5, 3, 0>, ReLU_config16>|  return value|
|ap_return_8   |  out|   16|  ap_ctrl_hs|  relu<ap_fixed<16, 6, 5, 3, 0>, ap_fixed<16, 6, 5, 3, 0>, ReLU_config16>|  return value|
|ap_return_9   |  out|   16|  ap_ctrl_hs|  relu<ap_fixed<16, 6, 5, 3, 0>, ap_fixed<16, 6, 5, 3, 0>, ReLU_config16>|  return value|
|ap_return_10  |  out|   16|  ap_ctrl_hs|  relu<ap_fixed<16, 6, 5, 3, 0>, ap_fixed<16, 6, 5, 3, 0>, ReLU_config16>|  return value|
|ap_return_11  |  out|   16|  ap_ctrl_hs|  relu<ap_fixed<16, 6, 5, 3, 0>, ap_fixed<16, 6, 5, 3, 0>, ReLU_config16>|  return value|
|ap_return_12  |  out|   16|  ap_ctrl_hs|  relu<ap_fixed<16, 6, 5, 3, 0>, ap_fixed<16, 6, 5, 3, 0>, ReLU_config16>|  return value|
|data_1_val    |   in|   16|     ap_none|                                                               data_1_val|        scalar|
|data_2_val    |   in|   16|     ap_none|                                                               data_2_val|        scalar|
|data_3_val    |   in|   16|     ap_none|                                                               data_3_val|        scalar|
|data_4_val    |   in|   16|     ap_none|                                                               data_4_val|        scalar|
|data_5_val    |   in|   16|     ap_none|                                                               data_5_val|        scalar|
|data_7_val    |   in|   16|     ap_none|                                                               data_7_val|        scalar|
|data_9_val    |   in|   16|     ap_none|                                                               data_9_val|        scalar|
|data_14_val   |   in|   16|     ap_none|                                                              data_14_val|        scalar|
|data_22_val   |   in|   16|     ap_none|                                                              data_22_val|        scalar|
|data_24_val   |   in|   16|     ap_none|                                                              data_24_val|        scalar|
|data_25_val   |   in|   16|     ap_none|                                                              data_25_val|        scalar|
|data_28_val   |   in|   16|     ap_none|                                                              data_28_val|        scalar|
|data_29_val   |   in|   16|     ap_none|                                                              data_29_val|        scalar|
+--------------+-----+-----+------------+-------------------------------------------------------------------------+--------------+

============================================================
+ Verbose Summary: Synthesis Manager
============================================================
InlineROM: 1
ExposeGlobal: 0
============================================================
+ Verbose Summary: CDFG Model
============================================================
IsTopModel: 0
ResetActiveHigh: 1
IsCombinational: 1
IsDatapathOnly: 2
HasWiredReturn: 1
HasMFsm: 2
HasVarLatency: 0
IsPipeline: 1
IsRtlPipelined: 0
IsInstanceOverlapped: 0
IsDontTouch: 0
HasImplIP: 0
IsGatedGlobalClock: 0

+ Individual pipeline summary: 
  * Pipeline-0: initiation interval (II) = 1, depth = 1


============================================================
+ Verbose Summary: Schedule
============================================================
* Number of FSM states : 1
* Pipeline : 1
  Pipeline-0 : II = 1, D = 1, States = { 1 }
* Dataflow Pipeline: 0

* FSM state transitions: 
1 --> 

* FSM state operations: 

State 1 <SV = 0> <Delay = 1.07>
ST_1 : Operation 2 [1/1] (0.00ns)   --->   "%data_29_val_read = read i16 @_ssdm_op_Read.ap_auto.i16, i16 %data_29_val" [firmware/nnet_utils/nnet_activation.h:42]   --->   Operation 2 'read' 'data_29_val_read' <Predicate = true> <Delay = 0.00>
ST_1 : Operation 3 [1/1] (0.00ns)   --->   "%data_28_val_read = read i16 @_ssdm_op_Read.ap_auto.i16, i16 %data_28_val" [firmware/nnet_utils/nnet_activation.h:42]   --->   Operation 3 'read' 'data_28_val_read' <Predicate = true> <Delay = 0.00>
ST_1 : Operation 4 [1/1] (0.00ns)   --->   "%data_25_val_read = read i16 @_ssdm_op_Read.ap_auto.i16, i16 %data_25_val" [firmware/nnet_utils/nnet_activation.h:42]   --->   Operation 4 'read' 'data_25_val_read' <Predicate = true> <Delay = 0.00>
ST_1 : Operation 5 [1/1] (0.00ns)   --->   "%data_24_val_read = read i16 @_ssdm_op_Read.ap_auto.i16, i16 %data_24_val" [firmware/nnet_utils/nnet_activation.h:42]   --->   Operation 5 'read' 'data_24_val_read' <Predicate = true> <Delay = 0.00>
ST_1 : Operation 6 [1/1] (0.00ns)   --->   "%data_22_val_read = read i16 @_ssdm_op_Read.ap_auto.i16, i16 %data_22_val" [firmware/nnet_utils/nnet_activation.h:42]   --->   Operation 6 'read' 'data_22_val_read' <Predicate = true> <Delay = 0.00>
ST_1 : Operation 7 [1/1] (0.00ns)   --->   "%data_14_val_read = read i16 @_ssdm_op_Read.ap_auto.i16, i16 %data_14_val" [firmware/nnet_utils/nnet_activation.h:42]   --->   Operation 7 'read' 'data_14_val_read' <Predicate = true> <Delay = 0.00>
ST_1 : Operation 8 [1/1] (0.00ns)   --->   "%data_9_val_read = read i16 @_ssdm_op_Read.ap_auto.i16, i16 %data_9_val" [firmware/nnet_utils/nnet_activation.h:42]   --->   Operation 8 'read' 'data_9_val_read' <Predicate = true> <Delay = 0.00>
ST_1 : Operation 9 [1/1] (0.00ns)   --->   "%data_7_val_read = read i16 @_ssdm_op_Read.ap_auto.i16, i16 %data_7_val" [firmware/nnet_utils/nnet_activation.h:42]   --->   Operation 9 'read' 'data_7_val_read' <Predicate = true> <Delay = 0.00>
ST_1 : Operation 10 [1/1] (0.00ns)   --->   "%data_5_val_read = read i16 @_ssdm_op_Read.ap_auto.i16, i16 %data_5_val" [firmware/nnet_utils/nnet_activation.h:42]   --->   Operation 10 'read' 'data_5_val_read' <Predicate = true> <Delay = 0.00>
ST_1 : Operation 11 [1/1] (0.00ns)   --->   "%data_4_val_read = read i16 @_ssdm_op_Read.ap_auto.i16, i16 %data_4_val" [firmware/nnet_utils/nnet_activation.h:42]   --->   Operation 11 'read' 'data_4_val_read' <Predicate = true> <Delay = 0.00>
ST_1 : Operation 12 [1/1] (0.00ns)   --->   "%data_3_val_read = read i16 @_ssdm_op_Read.ap_auto.i16, i16 %data_3_val" [firmware/nnet_utils/nnet_activation.h:42]   --->   Operation 12 'read' 'data_3_val_read' <Predicate = true> <Delay = 0.00>
ST_1 : Operation 13 [1/1] (0.00ns)   --->   "%data_2_val_read = read i16 @_ssdm_op_Read.ap_auto.i16, i16 %data_2_val" [firmware/nnet_utils/nnet_activation.h:42]   --->   Operation 13 'read' 'data_2_val_read' <Predicate = true> <Delay = 0.00>
ST_1 : Operation 14 [1/1] (0.00ns)   --->   "%data_1_val_read = read i16 @_ssdm_op_Read.ap_auto.i16, i16 %data_1_val" [firmware/nnet_utils/nnet_activation.h:42]   --->   Operation 14 'read' 'data_1_val_read' <Predicate = true> <Delay = 0.00>
ST_1 : Operation 15 [1/1] (0.00ns)   --->   "%trunc_ln42 = trunc i16 %data_29_val_read" [firmware/nnet_utils/nnet_activation.h:42]   --->   Operation 15 'trunc' 'trunc_ln42' <Predicate = (icmp_ln45_39)> <Delay = 0.00>
ST_1 : Operation 16 [1/1] (0.00ns)   --->   "%trunc_ln42_28 = trunc i16 %data_28_val_read" [firmware/nnet_utils/nnet_activation.h:42]   --->   Operation 16 'trunc' 'trunc_ln42_28' <Predicate = (icmp_ln45_38)> <Delay = 0.00>
ST_1 : Operation 17 [1/1] (0.00ns)   --->   "%trunc_ln42_29 = trunc i16 %data_25_val_read" [firmware/nnet_utils/nnet_activation.h:42]   --->   Operation 17 'trunc' 'trunc_ln42_29' <Predicate = (icmp_ln45_37)> <Delay = 0.00>
ST_1 : Operation 18 [1/1] (0.00ns)   --->   "%trunc_ln42_30 = trunc i16 %data_24_val_read" [firmware/nnet_utils/nnet_activation.h:42]   --->   Operation 18 'trunc' 'trunc_ln42_30' <Predicate = (icmp_ln45_36)> <Delay = 0.00>
ST_1 : Operation 19 [1/1] (0.00ns)   --->   "%trunc_ln42_31 = trunc i16 %data_22_val_read" [firmware/nnet_utils/nnet_activation.h:42]   --->   Operation 19 'trunc' 'trunc_ln42_31' <Predicate = (icmp_ln45_35)> <Delay = 0.00>
ST_1 : Operation 20 [1/1] (0.00ns)   --->   "%trunc_ln42_32 = trunc i16 %data_14_val_read" [firmware/nnet_utils/nnet_activation.h:42]   --->   Operation 20 'trunc' 'trunc_ln42_32' <Predicate = (icmp_ln45_34)> <Delay = 0.00>
ST_1 : Operation 21 [1/1] (0.00ns)   --->   "%trunc_ln42_33 = trunc i16 %data_9_val_read" [firmware/nnet_utils/nnet_activation.h:42]   --->   Operation 21 'trunc' 'trunc_ln42_33' <Predicate = (icmp_ln45_33)> <Delay = 0.00>
ST_1 : Operation 22 [1/1] (0.00ns)   --->   "%trunc_ln42_34 = trunc i16 %data_7_val_read" [firmware/nnet_utils/nnet_activation.h:42]   --->   Operation 22 'trunc' 'trunc_ln42_34' <Predicate = (icmp_ln45_32)> <Delay = 0.00>
ST_1 : Operation 23 [1/1] (0.00ns)   --->   "%trunc_ln42_35 = trunc i16 %data_5_val_read" [firmware/nnet_utils/nnet_activation.h:42]   --->   Operation 23 'trunc' 'trunc_ln42_35' <Predicate = (icmp_ln45_31)> <Delay = 0.00>
ST_1 : Operation 24 [1/1] (0.00ns)   --->   "%trunc_ln42_36 = trunc i16 %data_4_val_read" [firmware/nnet_utils/nnet_activation.h:42]   --->   Operation 24 'trunc' 'trunc_ln42_36' <Predicate = (icmp_ln45_30)> <Delay = 0.00>
ST_1 : Operation 25 [1/1] (0.00ns)   --->   "%trunc_ln42_37 = trunc i16 %data_3_val_read" [firmware/nnet_utils/nnet_activation.h:42]   --->   Operation 25 'trunc' 'trunc_ln42_37' <Predicate = (icmp_ln45_29)> <Delay = 0.00>
ST_1 : Operation 26 [1/1] (0.00ns)   --->   "%trunc_ln42_38 = trunc i16 %data_2_val_read" [firmware/nnet_utils/nnet_activation.h:42]   --->   Operation 26 'trunc' 'trunc_ln42_38' <Predicate = (icmp_ln45_28)> <Delay = 0.00>
ST_1 : Operation 27 [1/1] (0.00ns)   --->   "%trunc_ln42_39 = trunc i16 %data_1_val_read" [firmware/nnet_utils/nnet_activation.h:42]   --->   Operation 27 'trunc' 'trunc_ln42_39' <Predicate = (icmp_ln45)> <Delay = 0.00>
ST_1 : Operation 28 [1/1] (0.00ns)   --->   "%specpipeline_ln42 = specpipeline void @_ssdm_op_SpecPipeline, i32 4294967295, i32 0, i32 0, i32 0, void @empty_0" [firmware/nnet_utils/nnet_activation.h:42]   --->   Operation 28 'specpipeline' 'specpipeline_ln42' <Predicate = true> <Delay = 0.00>
ST_1 : Operation 29 [1/1] (0.78ns)   --->   "%icmp_ln45 = icmp_sgt  i16 %data_1_val_read, i16 0" [firmware/nnet_utils/nnet_activation.h:45]   --->   Operation 29 'icmp' 'icmp_ln45' <Predicate = true> <Delay = 0.78> <CoreInst = "Cmp">   --->   Core 9 'Cmp' <Latency = 0> <II = 1> <Delay = 0.78> <FuncUnit> <Opcode : 'icmp'> <InPorts = 2> <OutPorts = 1>
ST_1 : Operation 30 [1/1] (0.29ns)   --->   "%datareg = select i1 %icmp_ln45, i15 %trunc_ln42_39, i15 0" [firmware/nnet_utils/nnet_activation.h:45]   --->   Operation 30 'select' 'datareg' <Predicate = true> <Delay = 0.29> <CoreInst = "Sel">   --->   Core 73 'Sel' <Latency = 0> <II = 1> <Delay = 0.29> <FuncUnit> <Opcode : 'select'> <InPorts = 3> <OutPorts = 1>
ST_1 : Operation 31 [1/1] (0.00ns)   --->   "%zext_ln45 = zext i15 %datareg" [firmware/nnet_utils/nnet_activation.h:45]   --->   Operation 31 'zext' 'zext_ln45' <Predicate = true> <Delay = 0.00>
ST_1 : Operation 32 [1/1] (0.78ns)   --->   "%icmp_ln45_28 = icmp_sgt  i16 %data_2_val_read, i16 0" [firmware/nnet_utils/nnet_activation.h:45]   --->   Operation 32 'icmp' 'icmp_ln45_28' <Predicate = true> <Delay = 0.78> <CoreInst = "Cmp">   --->   Core 9 'Cmp' <Latency = 0> <II = 1> <Delay = 0.78> <FuncUnit> <Opcode : 'icmp'> <InPorts = 2> <OutPorts = 1>
ST_1 : Operation 33 [1/1] (0.29ns)   --->   "%datareg_28 = select i1 %icmp_ln45_28, i15 %trunc_ln42_38, i15 0" [firmware/nnet_utils/nnet_activation.h:45]   --->   Operation 33 'select' 'datareg_28' <Predicate = true> <Delay = 0.29> <CoreInst = "Sel">   --->   Core 73 'Sel' <Latency = 0> <II = 1> <Delay = 0.29> <FuncUnit> <Opcode : 'select'> <InPorts = 3> <OutPorts = 1>
ST_1 : Operation 34 [1/1] (0.00ns)   --->   "%zext_ln45_28 = zext i15 %datareg_28" [firmware/nnet_utils/nnet_activation.h:45]   --->   Operation 34 'zext' 'zext_ln45_28' <Predicate = true> <Delay = 0.00>
ST_1 : Operation 35 [1/1] (0.78ns)   --->   "%icmp_ln45_29 = icmp_sgt  i16 %data_3_val_read, i16 0" [firmware/nnet_utils/nnet_activation.h:45]   --->   Operation 35 'icmp' 'icmp_ln45_29' <Predicate = true> <Delay = 0.78> <CoreInst = "Cmp">   --->   Core 9 'Cmp' <Latency = 0> <II = 1> <Delay = 0.78> <FuncUnit> <Opcode : 'icmp'> <InPorts = 2> <OutPorts = 1>
ST_1 : Operation 36 [1/1] (0.29ns)   --->   "%datareg_29 = select i1 %icmp_ln45_29, i15 %trunc_ln42_37, i15 0" [firmware/nnet_utils/nnet_activation.h:45]   --->   Operation 36 'select' 'datareg_29' <Predicate = true> <Delay = 0.29> <CoreInst = "Sel">   --->   Core 73 'Sel' <Latency = 0> <II = 1> <Delay = 0.29> <FuncUnit> <Opcode : 'select'> <InPorts = 3> <OutPorts = 1>
ST_1 : Operation 37 [1/1] (0.00ns)   --->   "%zext_ln45_29 = zext i15 %datareg_29" [firmware/nnet_utils/nnet_activation.h:45]   --->   Operation 37 'zext' 'zext_ln45_29' <Predicate = true> <Delay = 0.00>
ST_1 : Operation 38 [1/1] (0.78ns)   --->   "%icmp_ln45_30 = icmp_sgt  i16 %data_4_val_read, i16 0" [firmware/nnet_utils/nnet_activation.h:45]   --->   Operation 38 'icmp' 'icmp_ln45_30' <Predicate = true> <Delay = 0.78> <CoreInst = "Cmp">   --->   Core 9 'Cmp' <Latency = 0> <II = 1> <Delay = 0.78> <FuncUnit> <Opcode : 'icmp'> <InPorts = 2> <OutPorts = 1>
ST_1 : Operation 39 [1/1] (0.29ns)   --->   "%datareg_30 = select i1 %icmp_ln45_30, i15 %trunc_ln42_36, i15 0" [firmware/nnet_utils/nnet_activation.h:45]   --->   Operation 39 'select' 'datareg_30' <Predicate = true> <Delay = 0.29> <CoreInst = "Sel">   --->   Core 73 'Sel' <Latency = 0> <II = 1> <Delay = 0.29> <FuncUnit> <Opcode : 'select'> <InPorts = 3> <OutPorts = 1>
ST_1 : Operation 40 [1/1] (0.00ns)   --->   "%zext_ln45_30 = zext i15 %datareg_30" [firmware/nnet_utils/nnet_activation.h:45]   --->   Operation 40 'zext' 'zext_ln45_30' <Predicate = true> <Delay = 0.00>
ST_1 : Operation 41 [1/1] (0.78ns)   --->   "%icmp_ln45_31 = icmp_sgt  i16 %data_5_val_read, i16 0" [firmware/nnet_utils/nnet_activation.h:45]   --->   Operation 41 'icmp' 'icmp_ln45_31' <Predicate = true> <Delay = 0.78> <CoreInst = "Cmp">   --->   Core 9 'Cmp' <Latency = 0> <II = 1> <Delay = 0.78> <FuncUnit> <Opcode : 'icmp'> <InPorts = 2> <OutPorts = 1>
ST_1 : Operation 42 [1/1] (0.29ns)   --->   "%datareg_31 = select i1 %icmp_ln45_31, i15 %trunc_ln42_35, i15 0" [firmware/nnet_utils/nnet_activation.h:45]   --->   Operation 42 'select' 'datareg_31' <Predicate = true> <Delay = 0.29> <CoreInst = "Sel">   --->   Core 73 'Sel' <Latency = 0> <II = 1> <Delay = 0.29> <FuncUnit> <Opcode : 'select'> <InPorts = 3> <OutPorts = 1>
ST_1 : Operation 43 [1/1] (0.00ns)   --->   "%zext_ln45_31 = zext i15 %datareg_31" [firmware/nnet_utils/nnet_activation.h:45]   --->   Operation 43 'zext' 'zext_ln45_31' <Predicate = true> <Delay = 0.00>
ST_1 : Operation 44 [1/1] (0.78ns)   --->   "%icmp_ln45_32 = icmp_sgt  i16 %data_7_val_read, i16 0" [firmware/nnet_utils/nnet_activation.h:45]   --->   Operation 44 'icmp' 'icmp_ln45_32' <Predicate = true> <Delay = 0.78> <CoreInst = "Cmp">   --->   Core 9 'Cmp' <Latency = 0> <II = 1> <Delay = 0.78> <FuncUnit> <Opcode : 'icmp'> <InPorts = 2> <OutPorts = 1>
ST_1 : Operation 45 [1/1] (0.29ns)   --->   "%datareg_32 = select i1 %icmp_ln45_32, i15 %trunc_ln42_34, i15 0" [firmware/nnet_utils/nnet_activation.h:45]   --->   Operation 45 'select' 'datareg_32' <Predicate = true> <Delay = 0.29> <CoreInst = "Sel">   --->   Core 73 'Sel' <Latency = 0> <II = 1> <Delay = 0.29> <FuncUnit> <Opcode : 'select'> <InPorts = 3> <OutPorts = 1>
ST_1 : Operation 46 [1/1] (0.00ns)   --->   "%zext_ln45_32 = zext i15 %datareg_32" [firmware/nnet_utils/nnet_activation.h:45]   --->   Operation 46 'zext' 'zext_ln45_32' <Predicate = true> <Delay = 0.00>
ST_1 : Operation 47 [1/1] (0.78ns)   --->   "%icmp_ln45_33 = icmp_sgt  i16 %data_9_val_read, i16 0" [firmware/nnet_utils/nnet_activation.h:45]   --->   Operation 47 'icmp' 'icmp_ln45_33' <Predicate = true> <Delay = 0.78> <CoreInst = "Cmp">   --->   Core 9 'Cmp' <Latency = 0> <II = 1> <Delay = 0.78> <FuncUnit> <Opcode : 'icmp'> <InPorts = 2> <OutPorts = 1>
ST_1 : Operation 48 [1/1] (0.29ns)   --->   "%datareg_33 = select i1 %icmp_ln45_33, i15 %trunc_ln42_33, i15 0" [firmware/nnet_utils/nnet_activation.h:45]   --->   Operation 48 'select' 'datareg_33' <Predicate = true> <Delay = 0.29> <CoreInst = "Sel">   --->   Core 73 'Sel' <Latency = 0> <II = 1> <Delay = 0.29> <FuncUnit> <Opcode : 'select'> <InPorts = 3> <OutPorts = 1>
ST_1 : Operation 49 [1/1] (0.00ns)   --->   "%zext_ln45_33 = zext i15 %datareg_33" [firmware/nnet_utils/nnet_activation.h:45]   --->   Operation 49 'zext' 'zext_ln45_33' <Predicate = true> <Delay = 0.00>
ST_1 : Operation 50 [1/1] (0.78ns)   --->   "%icmp_ln45_34 = icmp_sgt  i16 %data_14_val_read, i16 0" [firmware/nnet_utils/nnet_activation.h:45]   --->   Operation 50 'icmp' 'icmp_ln45_34' <Predicate = true> <Delay = 0.78> <CoreInst = "Cmp">   --->   Core 9 'Cmp' <Latency = 0> <II = 1> <Delay = 0.78> <FuncUnit> <Opcode : 'icmp'> <InPorts = 2> <OutPorts = 1>
ST_1 : Operation 51 [1/1] (0.29ns)   --->   "%datareg_34 = select i1 %icmp_ln45_34, i15 %trunc_ln42_32, i15 0" [firmware/nnet_utils/nnet_activation.h:45]   --->   Operation 51 'select' 'datareg_34' <Predicate = true> <Delay = 0.29> <CoreInst = "Sel">   --->   Core 73 'Sel' <Latency = 0> <II = 1> <Delay = 0.29> <FuncUnit> <Opcode : 'select'> <InPorts = 3> <OutPorts = 1>
ST_1 : Operation 52 [1/1] (0.00ns)   --->   "%zext_ln45_34 = zext i15 %datareg_34" [firmware/nnet_utils/nnet_activation.h:45]   --->   Operation 52 'zext' 'zext_ln45_34' <Predicate = true> <Delay = 0.00>
ST_1 : Operation 53 [1/1] (0.78ns)   --->   "%icmp_ln45_35 = icmp_sgt  i16 %data_22_val_read, i16 0" [firmware/nnet_utils/nnet_activation.h:45]   --->   Operation 53 'icmp' 'icmp_ln45_35' <Predicate = true> <Delay = 0.78> <CoreInst = "Cmp">   --->   Core 9 'Cmp' <Latency = 0> <II = 1> <Delay = 0.78> <FuncUnit> <Opcode : 'icmp'> <InPorts = 2> <OutPorts = 1>
ST_1 : Operation 54 [1/1] (0.29ns)   --->   "%datareg_35 = select i1 %icmp_ln45_35, i15 %trunc_ln42_31, i15 0" [firmware/nnet_utils/nnet_activation.h:45]   --->   Operation 54 'select' 'datareg_35' <Predicate = true> <Delay = 0.29> <CoreInst = "Sel">   --->   Core 73 'Sel' <Latency = 0> <II = 1> <Delay = 0.29> <FuncUnit> <Opcode : 'select'> <InPorts = 3> <OutPorts = 1>
ST_1 : Operation 55 [1/1] (0.00ns)   --->   "%zext_ln45_35 = zext i15 %datareg_35" [firmware/nnet_utils/nnet_activation.h:45]   --->   Operation 55 'zext' 'zext_ln45_35' <Predicate = true> <Delay = 0.00>
ST_1 : Operation 56 [1/1] (0.78ns)   --->   "%icmp_ln45_36 = icmp_sgt  i16 %data_24_val_read, i16 0" [firmware/nnet_utils/nnet_activation.h:45]   --->   Operation 56 'icmp' 'icmp_ln45_36' <Predicate = true> <Delay = 0.78> <CoreInst = "Cmp">   --->   Core 9 'Cmp' <Latency = 0> <II = 1> <Delay = 0.78> <FuncUnit> <Opcode : 'icmp'> <InPorts = 2> <OutPorts = 1>
ST_1 : Operation 57 [1/1] (0.29ns)   --->   "%datareg_36 = select i1 %icmp_ln45_36, i15 %trunc_ln42_30, i15 0" [firmware/nnet_utils/nnet_activation.h:45]   --->   Operation 57 'select' 'datareg_36' <Predicate = true> <Delay = 0.29> <CoreInst = "Sel">   --->   Core 73 'Sel' <Latency = 0> <II = 1> <Delay = 0.29> <FuncUnit> <Opcode : 'select'> <InPorts = 3> <OutPorts = 1>
ST_1 : Operation 58 [1/1] (0.00ns)   --->   "%zext_ln45_36 = zext i15 %datareg_36" [firmware/nnet_utils/nnet_activation.h:45]   --->   Operation 58 'zext' 'zext_ln45_36' <Predicate = true> <Delay = 0.00>
ST_1 : Operation 59 [1/1] (0.78ns)   --->   "%icmp_ln45_37 = icmp_sgt  i16 %data_25_val_read, i16 0" [firmware/nnet_utils/nnet_activation.h:45]   --->   Operation 59 'icmp' 'icmp_ln45_37' <Predicate = true> <Delay = 0.78> <CoreInst = "Cmp">   --->   Core 9 'Cmp' <Latency = 0> <II = 1> <Delay = 0.78> <FuncUnit> <Opcode : 'icmp'> <InPorts = 2> <OutPorts = 1>
ST_1 : Operation 60 [1/1] (0.29ns)   --->   "%datareg_37 = select i1 %icmp_ln45_37, i15 %trunc_ln42_29, i15 0" [firmware/nnet_utils/nnet_activation.h:45]   --->   Operation 60 'select' 'datareg_37' <Predicate = true> <Delay = 0.29> <CoreInst = "Sel">   --->   Core 73 'Sel' <Latency = 0> <II = 1> <Delay = 0.29> <FuncUnit> <Opcode : 'select'> <InPorts = 3> <OutPorts = 1>
ST_1 : Operation 61 [1/1] (0.00ns)   --->   "%zext_ln45_37 = zext i15 %datareg_37" [firmware/nnet_utils/nnet_activation.h:45]   --->   Operation 61 'zext' 'zext_ln45_37' <Predicate = true> <Delay = 0.00>
ST_1 : Operation 62 [1/1] (0.78ns)   --->   "%icmp_ln45_38 = icmp_sgt  i16 %data_28_val_read, i16 0" [firmware/nnet_utils/nnet_activation.h:45]   --->   Operation 62 'icmp' 'icmp_ln45_38' <Predicate = true> <Delay = 0.78> <CoreInst = "Cmp">   --->   Core 9 'Cmp' <Latency = 0> <II = 1> <Delay = 0.78> <FuncUnit> <Opcode : 'icmp'> <InPorts = 2> <OutPorts = 1>
ST_1 : Operation 63 [1/1] (0.29ns)   --->   "%datareg_38 = select i1 %icmp_ln45_38, i15 %trunc_ln42_28, i15 0" [firmware/nnet_utils/nnet_activation.h:45]   --->   Operation 63 'select' 'datareg_38' <Predicate = true> <Delay = 0.29> <CoreInst = "Sel">   --->   Core 73 'Sel' <Latency = 0> <II = 1> <Delay = 0.29> <FuncUnit> <Opcode : 'select'> <InPorts = 3> <OutPorts = 1>
ST_1 : Operation 64 [1/1] (0.00ns)   --->   "%zext_ln45_38 = zext i15 %datareg_38" [firmware/nnet_utils/nnet_activation.h:45]   --->   Operation 64 'zext' 'zext_ln45_38' <Predicate = true> <Delay = 0.00>
ST_1 : Operation 65 [1/1] (0.78ns)   --->   "%icmp_ln45_39 = icmp_sgt  i16 %data_29_val_read, i16 0" [firmware/nnet_utils/nnet_activation.h:45]   --->   Operation 65 'icmp' 'icmp_ln45_39' <Predicate = true> <Delay = 0.78> <CoreInst = "Cmp">   --->   Core 9 'Cmp' <Latency = 0> <II = 1> <Delay = 0.78> <FuncUnit> <Opcode : 'icmp'> <InPorts = 2> <OutPorts = 1>
ST_1 : Operation 66 [1/1] (0.29ns)   --->   "%datareg_39 = select i1 %icmp_ln45_39, i15 %trunc_ln42, i15 0" [firmware/nnet_utils/nnet_activation.h:45]   --->   Operation 66 'select' 'datareg_39' <Predicate = true> <Delay = 0.29> <CoreInst = "Sel">   --->   Core 73 'Sel' <Latency = 0> <II = 1> <Delay = 0.29> <FuncUnit> <Opcode : 'select'> <InPorts = 3> <OutPorts = 1>
ST_1 : Operation 67 [1/1] (0.00ns)   --->   "%zext_ln45_39 = zext i15 %datareg_39" [firmware/nnet_utils/nnet_activation.h:45]   --->   Operation 67 'zext' 'zext_ln45_39' <Predicate = true> <Delay = 0.00>
ST_1 : Operation 68 [1/1] (0.00ns)   --->   "%newret = insertvalue i208 <undef>, i16 %zext_ln45" [firmware/nnet_utils/nnet_activation.h:45]   --->   Operation 68 'insertvalue' 'newret' <Predicate = true> <Delay = 0.00>
ST_1 : Operation 69 [1/1] (0.00ns)   --->   "%newret2 = insertvalue i208 %newret, i16 %zext_ln45_28" [firmware/nnet_utils/nnet_activation.h:45]   --->   Operation 69 'insertvalue' 'newret2' <Predicate = true> <Delay = 0.00>
ST_1 : Operation 70 [1/1] (0.00ns)   --->   "%newret4 = insertvalue i208 %newret2, i16 %zext_ln45_29" [firmware/nnet_utils/nnet_activation.h:45]   --->   Operation 70 'insertvalue' 'newret4' <Predicate = true> <Delay = 0.00>
ST_1 : Operation 71 [1/1] (0.00ns)   --->   "%newret6 = insertvalue i208 %newret4, i16 %zext_ln45_30" [firmware/nnet_utils/nnet_activation.h:45]   --->   Operation 71 'insertvalue' 'newret6' <Predicate = true> <Delay = 0.00>
ST_1 : Operation 72 [1/1] (0.00ns)   --->   "%newret8 = insertvalue i208 %newret6, i16 %zext_ln45_31" [firmware/nnet_utils/nnet_activation.h:45]   --->   Operation 72 'insertvalue' 'newret8' <Predicate = true> <Delay = 0.00>
ST_1 : Operation 73 [1/1] (0.00ns)   --->   "%newret10 = insertvalue i208 %newret8, i16 %zext_ln45_32" [firmware/nnet_utils/nnet_activation.h:45]   --->   Operation 73 'insertvalue' 'newret10' <Predicate = true> <Delay = 0.00>
ST_1 : Operation 74 [1/1] (0.00ns)   --->   "%newret12 = insertvalue i208 %newret10, i16 %zext_ln45_33" [firmware/nnet_utils/nnet_activation.h:45]   --->   Operation 74 'insertvalue' 'newret12' <Predicate = true> <Delay = 0.00>
ST_1 : Operation 75 [1/1] (0.00ns)   --->   "%newret14 = insertvalue i208 %newret12, i16 %zext_ln45_34" [firmware/nnet_utils/nnet_activation.h:45]   --->   Operation 75 'insertvalue' 'newret14' <Predicate = true> <Delay = 0.00>
ST_1 : Operation 76 [1/1] (0.00ns)   --->   "%newret16 = insertvalue i208 %newret14, i16 %zext_ln45_35" [firmware/nnet_utils/nnet_activation.h:45]   --->   Operation 76 'insertvalue' 'newret16' <Predicate = true> <Delay = 0.00>
ST_1 : Operation 77 [1/1] (0.00ns)   --->   "%newret18 = insertvalue i208 %newret16, i16 %zext_ln45_36" [firmware/nnet_utils/nnet_activation.h:45]   --->   Operation 77 'insertvalue' 'newret18' <Predicate = true> <Delay = 0.00>
ST_1 : Operation 78 [1/1] (0.00ns)   --->   "%newret20 = insertvalue i208 %newret18, i16 %zext_ln45_37" [firmware/nnet_utils/nnet_activation.h:45]   --->   Operation 78 'insertvalue' 'newret20' <Predicate = true> <Delay = 0.00>
ST_1 : Operation 79 [1/1] (0.00ns)   --->   "%newret22 = insertvalue i208 %newret20, i16 %zext_ln45_38" [firmware/nnet_utils/nnet_activation.h:45]   --->   Operation 79 'insertvalue' 'newret22' <Predicate = true> <Delay = 0.00>
ST_1 : Operation 80 [1/1] (0.00ns)   --->   "%newret24 = insertvalue i208 %newret22, i16 %zext_ln45_39" [firmware/nnet_utils/nnet_activation.h:45]   --->   Operation 80 'insertvalue' 'newret24' <Predicate = true> <Delay = 0.00>
ST_1 : Operation 81 [1/1] (0.00ns)   --->   "%ret_ln45 = ret i208 %newret24" [firmware/nnet_utils/nnet_activation.h:45]   --->   Operation 81 'ret' 'ret_ln45' <Predicate = true> <Delay = 0.00>


============================================================
+ Verbose Summary: Binding
============================================================
STG Binding: 
---------------- STG Properties BEGIN ----------------
- Is combinational: 1
- Is one-state seq: 0
- Is datapath-only: 0
- Is pipelined: 1
- Is top level: 0
Port [ Return ] is wired: 1; IO mode=ap_ctrl_hs:ce=0
Port [ data_1_val]:  wired=1; compound=0; hidden=0; nouse=0; global=0; static=0; extern=0; dir=0; type=0; pingpong=0; private_global=0; IO mode=ap_none:ce=0
Port [ data_2_val]:  wired=1; compound=0; hidden=0; nouse=0; global=0; static=0; extern=0; dir=0; type=0; pingpong=0; private_global=0; IO mode=ap_none:ce=0
Port [ data_3_val]:  wired=1; compound=0; hidden=0; nouse=0; global=0; static=0; extern=0; dir=0; type=0; pingpong=0; private_global=0; IO mode=ap_none:ce=0
Port [ data_4_val]:  wired=1; compound=0; hidden=0; nouse=0; global=0; static=0; extern=0; dir=0; type=0; pingpong=0; private_global=0; IO mode=ap_none:ce=0
Port [ data_5_val]:  wired=1; compound=0; hidden=0; nouse=0; global=0; static=0; extern=0; dir=0; type=0; pingpong=0; private_global=0; IO mode=ap_none:ce=0
Port [ data_7_val]:  wired=1; compound=0; hidden=0; nouse=0; global=0; static=0; extern=0; dir=0; type=0; pingpong=0; private_global=0; IO mode=ap_none:ce=0
Port [ data_9_val]:  wired=1; compound=0; hidden=0; nouse=0; global=0; static=0; extern=0; dir=0; type=0; pingpong=0; private_global=0; IO mode=ap_none:ce=0
Port [ data_14_val]:  wired=1; compound=0; hidden=0; nouse=0; global=0; static=0; extern=0; dir=0; type=0; pingpong=0; private_global=0; IO mode=ap_none:ce=0
Port [ data_22_val]:  wired=1; compound=0; hidden=0; nouse=0; global=0; static=0; extern=0; dir=0; type=0; pingpong=0; private_global=0; IO mode=ap_none:ce=0
Port [ data_24_val]:  wired=1; compound=0; hidden=0; nouse=0; global=0; static=0; extern=0; dir=0; type=0; pingpong=0; private_global=0; IO mode=ap_none:ce=0
Port [ data_25_val]:  wired=1; compound=0; hidden=0; nouse=0; global=0; static=0; extern=0; dir=0; type=0; pingpong=0; private_global=0; IO mode=ap_none:ce=0
Port [ data_28_val]:  wired=1; compound=0; hidden=0; nouse=0; global=0; static=0; extern=0; dir=0; type=0; pingpong=0; private_global=0; IO mode=ap_none:ce=0
Port [ data_29_val]:  wired=1; compound=0; hidden=0; nouse=0; global=0; static=0; extern=0; dir=0; type=0; pingpong=0; private_global=0; IO mode=ap_none:ce=0
---------------- STG Properties END ------------------

---------------- Datapath Model BEGIN ----------------

<LifeTime>
<method=bitvector/>
data_29_val_read  (read        ) [ 00]
data_28_val_read  (read        ) [ 00]
data_25_val_read  (read        ) [ 00]
data_24_val_read  (read        ) [ 00]
data_22_val_read  (read        ) [ 00]
data_14_val_read  (read        ) [ 00]
data_9_val_read   (read        ) [ 00]
data_7_val_read   (read        ) [ 00]
data_5_val_read   (read        ) [ 00]
data_4_val_read   (read        ) [ 00]
data_3_val_read   (read        ) [ 00]
data_2_val_read   (read        ) [ 00]
data_1_val_read   (read        ) [ 00]
trunc_ln42        (trunc       ) [ 00]
trunc_ln42_28     (trunc       ) [ 00]
trunc_ln42_29     (trunc       ) [ 00]
trunc_ln42_30     (trunc       ) [ 00]
trunc_ln42_31     (trunc       ) [ 00]
trunc_ln42_32     (trunc       ) [ 00]
trunc_ln42_33     (trunc       ) [ 00]
trunc_ln42_34     (trunc       ) [ 00]
trunc_ln42_35     (trunc       ) [ 00]
trunc_ln42_36     (trunc       ) [ 00]
trunc_ln42_37     (trunc       ) [ 00]
trunc_ln42_38     (trunc       ) [ 00]
trunc_ln42_39     (trunc       ) [ 00]
specpipeline_ln42 (specpipeline) [ 00]
icmp_ln45         (icmp        ) [ 01]
datareg           (select      ) [ 00]
zext_ln45         (zext        ) [ 00]
icmp_ln45_28      (icmp        ) [ 01]
datareg_28        (select      ) [ 00]
zext_ln45_28      (zext        ) [ 00]
icmp_ln45_29      (icmp        ) [ 01]
datareg_29        (select      ) [ 00]
zext_ln45_29      (zext        ) [ 00]
icmp_ln45_30      (icmp        ) [ 01]
datareg_30        (select      ) [ 00]
zext_ln45_30      (zext        ) [ 00]
icmp_ln45_31      (icmp        ) [ 01]
datareg_31        (select      ) [ 00]
zext_ln45_31      (zext        ) [ 00]
icmp_ln45_32      (icmp        ) [ 01]
datareg_32        (select      ) [ 00]
zext_ln45_32      (zext        ) [ 00]
icmp_ln45_33      (icmp        ) [ 01]
datareg_33        (select      ) [ 00]
zext_ln45_33      (zext        ) [ 00]
icmp_ln45_34      (icmp        ) [ 01]
datareg_34        (select      ) [ 00]
zext_ln45_34      (zext        ) [ 00]
icmp_ln45_35      (icmp        ) [ 01]
datareg_35        (select      ) [ 00]
zext_ln45_35      (zext        ) [ 00]
icmp_ln45_36      (icmp        ) [ 01]
datareg_36        (select      ) [ 00]
zext_ln45_36      (zext        ) [ 00]
icmp_ln45_37      (icmp        ) [ 01]
datareg_37        (select      ) [ 00]
zext_ln45_37      (zext        ) [ 00]
icmp_ln45_38      (icmp        ) [ 01]
datareg_38        (select      ) [ 00]
zext_ln45_38      (zext        ) [ 00]
icmp_ln45_39      (icmp        ) [ 01]
datareg_39        (select      ) [ 00]
zext_ln45_39      (zext        ) [ 00]
newret            (insertvalue ) [ 00]
newret2           (insertvalue ) [ 00]
newret4           (insertvalue ) [ 00]
newret6           (insertvalue ) [ 00]
newret8           (insertvalue ) [ 00]
newret10          (insertvalue ) [ 00]
newret12          (insertvalue ) [ 00]
newret14          (insertvalue ) [ 00]
newret16          (insertvalue ) [ 00]
newret18          (insertvalue ) [ 00]
newret20          (insertvalue ) [ 00]
newret22          (insertvalue ) [ 00]
newret24          (insertvalue ) [ 00]
ret_ln45          (ret         ) [ 00]
</LifeTime>

<model>

<comp_list>
<comp id="0" class="1000" name="data_1_val">
<pin_list>
<pin id="1" dir="1" index="0" bw="1" slack="0"/>
</pin_list>
<bind>
<StgValue><ssdm name="data_1_val"/></StgValue>
</bind>
</comp>

<comp id="2" class="1000" name="data_2_val">
<pin_list>
<pin id="3" dir="1" index="0" bw="1" slack="0"/>
</pin_list>
<bind>
<StgValue><ssdm name="data_2_val"/></StgValue>
</bind>
</comp>

<comp id="4" class="1000" name="data_3_val">
<pin_list>
<pin id="5" dir="1" index="0" bw="1" slack="0"/>
</pin_list>
<bind>
<StgValue><ssdm name="data_3_val"/></StgValue>
</bind>
</comp>

<comp id="6" class="1000" name="data_4_val">
<pin_list>
<pin id="7" dir="1" index="0" bw="1" slack="0"/>
</pin_list>
<bind>
<StgValue><ssdm name="data_4_val"/></StgValue>
</bind>
</comp>

<comp id="8" class="1000" name="data_5_val">
<pin_list>
<pin id="9" dir="1" index="0" bw="1" slack="0"/>
</pin_list>
<bind>
<StgValue><ssdm name="data_5_val"/></StgValue>
</bind>
</comp>

<comp id="10" class="1000" name="data_7_val">
<pin_list>
<pin id="11" dir="1" index="0" bw="1" slack="0"/>
</pin_list>
<bind>
<StgValue><ssdm name="data_7_val"/></StgValue>
</bind>
</comp>

<comp id="12" class="1000" name="data_9_val">
<pin_list>
<pin id="13" dir="1" index="0" bw="1" slack="0"/>
</pin_list>
<bind>
<StgValue><ssdm name="data_9_val"/></StgValue>
</bind>
</comp>

<comp id="14" class="1000" name="data_14_val">
<pin_list>
<pin id="15" dir="1" index="0" bw="1" slack="0"/>
</pin_list>
<bind>
<StgValue><ssdm name="data_14_val"/></StgValue>
</bind>
</comp>

<comp id="16" class="1000" name="data_22_val">
<pin_list>
<pin id="17" dir="1" index="0" bw="1" slack="0"/>
</pin_list>
<bind>
<StgValue><ssdm name="data_22_val"/></StgValue>
</bind>
</comp>

<comp id="18" class="1000" name="data_24_val">
<pin_list>
<pin id="19" dir="1" index="0" bw="1" slack="0"/>
</pin_list>
<bind>
<StgValue><ssdm name="data_24_val"/></StgValue>
</bind>
</comp>

<comp id="20" class="1000" name="data_25_val">
<pin_list>
<pin id="21" dir="1" index="0" bw="1" slack="0"/>
</pin_list>
<bind>
<StgValue><ssdm name="data_25_val"/></StgValue>
</bind>
</comp>

<comp id="22" class="1000" name="data_28_val">
<pin_list>
<pin id="23" dir="1" index="0" bw="1" slack="0"/>
</pin_list>
<bind>
<StgValue><ssdm name="data_28_val"/></StgValue>
</bind>
</comp>

<comp id="24" class="1000" name="data_29_val">
<pin_list>
<pin id="25" dir="1" index="0" bw="1" slack="0"/>
</pin_list>
<bind>
<StgValue><ssdm name="data_29_val"/></StgValue>
</bind>
</comp>

<comp id="26" class="1001" name="const_26">
<pin_list>
<pin id="27" dir="1" index="0" bw="1" slack="0"/>
</pin_list>
<bind>
<StgValue><ssdm name="_ssdm_op_Read.ap_auto.i16"/></StgValue>
</bind>
</comp>

<comp id="28" class="1001" name="const_28">
<pin_list>
<pin id="29" dir="1" index="0" bw="1" slack="2147483647"/>
</pin_list>
<bind>
<StgValue><ssdm name="_ssdm_op_SpecPipeline"/></StgValue>
</bind>
</comp>

<comp id="30" class="1001" name="const_30">
<pin_list>
<pin id="31" dir="1" index="0" bw="1" slack="2147483647"/>
</pin_list>
<bind>
<StgValue><ssdm name=""/></StgValue>
</bind>
</comp>

<comp id="32" class="1001" name="const_32">
<pin_list>
<pin id="33" dir="1" index="0" bw="1" slack="2147483647"/>
</pin_list>
<bind>
<StgValue><ssdm name=""/></StgValue>
</bind>
</comp>

<comp id="34" class="1001" name="const_34">
<pin_list>
<pin id="35" dir="1" index="0" bw="1" slack="2147483647"/>
</pin_list>
<bind>
<StgValue><ssdm name="empty_0"/></StgValue>
</bind>
</comp>

<comp id="36" class="1001" name="const_36">
<pin_list>
<pin id="37" dir="1" index="0" bw="1" slack="0"/>
</pin_list>
<bind>
<StgValue><ssdm name=""/></StgValue>
</bind>
</comp>

<comp id="38" class="1001" name="const_38">
<pin_list>
<pin id="39" dir="1" index="0" bw="1" slack="0"/>
</pin_list>
<bind>
<StgValue><ssdm name=""/></StgValue>
</bind>
</comp>

<comp id="40" class="1001" name="const_40">
<pin_list>
<pin id="41" dir="1" index="0" bw="1" slack="0"/>
</pin_list>
<bind>
<StgValue><ssdm name=""/></StgValue>
</bind>
</comp>

<comp id="42" class="1004" name="data_29_val_read_read_fu_42">
<pin_list>
<pin id="43" dir="0" index="0" bw="16" slack="0"/>
<pin id="44" dir="0" index="1" bw="16" slack="0"/>
<pin id="45" dir="1" index="2" bw="16" slack="0"/>
</pin_list>
<bind>
<opcode="read(1150) " fcode="read"/>
<opset="data_29_val_read/1 "/>
</bind>
</comp>

<comp id="48" class="1004" name="data_28_val_read_read_fu_48">
<pin_list>
<pin id="49" dir="0" index="0" bw="16" slack="0"/>
<pin id="50" dir="0" index="1" bw="16" slack="0"/>
<pin id="51" dir="1" index="2" bw="16" slack="0"/>
</pin_list>
<bind>
<opcode="read(1150) " fcode="read"/>
<opset="data_28_val_read/1 "/>
</bind>
</comp>

<comp id="54" class="1004" name="data_25_val_read_read_fu_54">
<pin_list>
<pin id="55" dir="0" index="0" bw="16" slack="0"/>
<pin id="56" dir="0" index="1" bw="16" slack="0"/>
<pin id="57" dir="1" index="2" bw="16" slack="0"/>
</pin_list>
<bind>
<opcode="read(1150) " fcode="read"/>
<opset="data_25_val_read/1 "/>
</bind>
</comp>

<comp id="60" class="1004" name="data_24_val_read_read_fu_60">
<pin_list>
<pin id="61" dir="0" index="0" bw="16" slack="0"/>
<pin id="62" dir="0" index="1" bw="16" slack="0"/>
<pin id="63" dir="1" index="2" bw="16" slack="0"/>
</pin_list>
<bind>
<opcode="read(1150) " fcode="read"/>
<opset="data_24_val_read/1 "/>
</bind>
</comp>

<comp id="66" class="1004" name="data_22_val_read_read_fu_66">
<pin_list>
<pin id="67" dir="0" index="0" bw="16" slack="0"/>
<pin id="68" dir="0" index="1" bw="16" slack="0"/>
<pin id="69" dir="1" index="2" bw="16" slack="0"/>
</pin_list>
<bind>
<opcode="read(1150) " fcode="read"/>
<opset="data_22_val_read/1 "/>
</bind>
</comp>

<comp id="72" class="1004" name="data_14_val_read_read_fu_72">
<pin_list>
<pin id="73" dir="0" index="0" bw="16" slack="0"/>
<pin id="74" dir="0" index="1" bw="16" slack="0"/>
<pin id="75" dir="1" index="2" bw="16" slack="0"/>
</pin_list>
<bind>
<opcode="read(1150) " fcode="read"/>
<opset="data_14_val_read/1 "/>
</bind>
</comp>

<comp id="78" class="1004" name="data_9_val_read_read_fu_78">
<pin_list>
<pin id="79" dir="0" index="0" bw="16" slack="0"/>
<pin id="80" dir="0" index="1" bw="16" slack="0"/>
<pin id="81" dir="1" index="2" bw="16" slack="0"/>
</pin_list>
<bind>
<opcode="read(1150) " fcode="read"/>
<opset="data_9_val_read/1 "/>
</bind>
</comp>

<comp id="84" class="1004" name="data_7_val_read_read_fu_84">
<pin_list>
<pin id="85" dir="0" index="0" bw="16" slack="0"/>
<pin id="86" dir="0" index="1" bw="16" slack="0"/>
<pin id="87" dir="1" index="2" bw="16" slack="0"/>
</pin_list>
<bind>
<opcode="read(1150) " fcode="read"/>
<opset="data_7_val_read/1 "/>
</bind>
</comp>

<comp id="90" class="1004" name="data_5_val_read_read_fu_90">
<pin_list>
<pin id="91" dir="0" index="0" bw="16" slack="0"/>
<pin id="92" dir="0" index="1" bw="16" slack="0"/>
<pin id="93" dir="1" index="2" bw="16" slack="0"/>
</pin_list>
<bind>
<opcode="read(1150) " fcode="read"/>
<opset="data_5_val_read/1 "/>
</bind>
</comp>

<comp id="96" class="1004" name="data_4_val_read_read_fu_96">
<pin_list>
<pin id="97" dir="0" index="0" bw="16" slack="0"/>
<pin id="98" dir="0" index="1" bw="16" slack="0"/>
<pin id="99" dir="1" index="2" bw="16" slack="0"/>
</pin_list>
<bind>
<opcode="read(1150) " fcode="read"/>
<opset="data_4_val_read/1 "/>
</bind>
</comp>

<comp id="102" class="1004" name="data_3_val_read_read_fu_102">
<pin_list>
<pin id="103" dir="0" index="0" bw="16" slack="0"/>
<pin id="104" dir="0" index="1" bw="16" slack="0"/>
<pin id="105" dir="1" index="2" bw="16" slack="0"/>
</pin_list>
<bind>
<opcode="read(1150) " fcode="read"/>
<opset="data_3_val_read/1 "/>
</bind>
</comp>

<comp id="108" class="1004" name="data_2_val_read_read_fu_108">
<pin_list>
<pin id="109" dir="0" index="0" bw="16" slack="0"/>
<pin id="110" dir="0" index="1" bw="16" slack="0"/>
<pin id="111" dir="1" index="2" bw="16" slack="0"/>
</pin_list>
<bind>
<opcode="read(1150) " fcode="read"/>
<opset="data_2_val_read/1 "/>
</bind>
</comp>

<comp id="114" class="1004" name="data_1_val_read_read_fu_114">
<pin_list>
<pin id="115" dir="0" index="0" bw="16" slack="0"/>
<pin id="116" dir="0" index="1" bw="16" slack="0"/>
<pin id="117" dir="1" index="2" bw="16" slack="0"/>
</pin_list>
<bind>
<opcode="read(1150) " fcode="read"/>
<opset="data_1_val_read/1 "/>
</bind>
</comp>

<comp id="120" class="1004" name="trunc_ln42_fu_120">
<pin_list>
<pin id="121" dir="0" index="0" bw="16" slack="0"/>
<pin id="122" dir="1" index="1" bw="15" slack="0"/>
</pin_list>
<bind>
<opcode="trunc(33) " fcode="trunc"/>
<opset="trunc_ln42/1 "/>
</bind>
</comp>

<comp id="124" class="1004" name="trunc_ln42_28_fu_124">
<pin_list>
<pin id="125" dir="0" index="0" bw="16" slack="0"/>
<pin id="126" dir="1" index="1" bw="15" slack="0"/>
</pin_list>
<bind>
<opcode="trunc(33) " fcode="trunc"/>
<opset="trunc_ln42_28/1 "/>
</bind>
</comp>

<comp id="128" class="1004" name="trunc_ln42_29_fu_128">
<pin_list>
<pin id="129" dir="0" index="0" bw="16" slack="0"/>
<pin id="130" dir="1" index="1" bw="15" slack="0"/>
</pin_list>
<bind>
<opcode="trunc(33) " fcode="trunc"/>
<opset="trunc_ln42_29/1 "/>
</bind>
</comp>

<comp id="132" class="1004" name="trunc_ln42_30_fu_132">
<pin_list>
<pin id="133" dir="0" index="0" bw="16" slack="0"/>
<pin id="134" dir="1" index="1" bw="15" slack="0"/>
</pin_list>
<bind>
<opcode="trunc(33) " fcode="trunc"/>
<opset="trunc_ln42_30/1 "/>
</bind>
</comp>

<comp id="136" class="1004" name="trunc_ln42_31_fu_136">
<pin_list>
<pin id="137" dir="0" index="0" bw="16" slack="0"/>
<pin id="138" dir="1" index="1" bw="15" slack="0"/>
</pin_list>
<bind>
<opcode="trunc(33) " fcode="trunc"/>
<opset="trunc_ln42_31/1 "/>
</bind>
</comp>

<comp id="140" class="1004" name="trunc_ln42_32_fu_140">
<pin_list>
<pin id="141" dir="0" index="0" bw="16" slack="0"/>
<pin id="142" dir="1" index="1" bw="15" slack="0"/>
</pin_list>
<bind>
<opcode="trunc(33) " fcode="trunc"/>
<opset="trunc_ln42_32/1 "/>
</bind>
</comp>

<comp id="144" class="1004" name="trunc_ln42_33_fu_144">
<pin_list>
<pin id="145" dir="0" index="0" bw="16" slack="0"/>
<pin id="146" dir="1" index="1" bw="15" slack="0"/>
</pin_list>
<bind>
<opcode="trunc(33) " fcode="trunc"/>
<opset="trunc_ln42_33/1 "/>
</bind>
</comp>

<comp id="148" class="1004" name="trunc_ln42_34_fu_148">
<pin_list>
<pin id="149" dir="0" index="0" bw="16" slack="0"/>
<pin id="150" dir="1" index="1" bw="15" slack="0"/>
</pin_list>
<bind>
<opcode="trunc(33) " fcode="trunc"/>
<opset="trunc_ln42_34/1 "/>
</bind>
</comp>

<comp id="152" class="1004" name="trunc_ln42_35_fu_152">
<pin_list>
<pin id="153" dir="0" index="0" bw="16" slack="0"/>
<pin id="154" dir="1" index="1" bw="15" slack="0"/>
</pin_list>
<bind>
<opcode="trunc(33) " fcode="trunc"/>
<opset="trunc_ln42_35/1 "/>
</bind>
</comp>

<comp id="156" class="1004" name="trunc_ln42_36_fu_156">
<pin_list>
<pin id="157" dir="0" index="0" bw="16" slack="0"/>
<pin id="158" dir="1" index="1" bw="15" slack="0"/>
</pin_list>
<bind>
<opcode="trunc(33) " fcode="trunc"/>
<opset="trunc_ln42_36/1 "/>
</bind>
</comp>

<comp id="160" class="1004" name="trunc_ln42_37_fu_160">
<pin_list>
<pin id="161" dir="0" index="0" bw="16" slack="0"/>
<pin id="162" dir="1" index="1" bw="15" slack="0"/>
</pin_list>
<bind>
<opcode="trunc(33) " fcode="trunc"/>
<opset="trunc_ln42_37/1 "/>
</bind>
</comp>

<comp id="164" class="1004" name="trunc_ln42_38_fu_164">
<pin_list>
<pin id="165" dir="0" index="0" bw="16" slack="0"/>
<pin id="166" dir="1" index="1" bw="15" slack="0"/>
</pin_list>
<bind>
<opcode="trunc(33) " fcode="trunc"/>
<opset="trunc_ln42_38/1 "/>
</bind>
</comp>

<comp id="168" class="1004" name="trunc_ln42_39_fu_168">
<pin_list>
<pin id="169" dir="0" index="0" bw="16" slack="0"/>
<pin id="170" dir="1" index="1" bw="15" slack="0"/>
</pin_list>
<bind>
<opcode="trunc(33) " fcode="trunc"/>
<opset="trunc_ln42_39/1 "/>
</bind>
</comp>

<comp id="172" class="1004" name="icmp_ln45_fu_172">
<pin_list>
<pin id="173" dir="0" index="0" bw="16" slack="0"/>
<pin id="174" dir="0" index="1" bw="16" slack="0"/>
<pin id="175" dir="1" index="2" bw="1" slack="0"/>
</pin_list>
<bind>
<opcode="icmp(45) " fcode="icmp"/>
<opset="icmp_ln45/1 "/>
</bind>
</comp>

<comp id="178" class="1004" name="datareg_fu_178">
<pin_list>
<pin id="179" dir="0" index="0" bw="1" slack="0"/>
<pin id="180" dir="0" index="1" bw="15" slack="0"/>
<pin id="181" dir="0" index="2" bw="15" slack="0"/>
<pin id="182" dir="1" index="3" bw="15" slack="0"/>
</pin_list>
<bind>
<opcode="select(49) " fcode="select"/>
<opset="datareg/1 "/>
</bind>
</comp>

<comp id="186" class="1004" name="zext_ln45_fu_186">
<pin_list>
<pin id="187" dir="0" index="0" bw="15" slack="0"/>
<pin id="188" dir="1" index="1" bw="16" slack="0"/>
</pin_list>
<bind>
<opcode="zext(34) " fcode="zext"/>
<opset="zext_ln45/1 "/>
</bind>
</comp>

<comp id="190" class="1004" name="icmp_ln45_28_fu_190">
<pin_list>
<pin id="191" dir="0" index="0" bw="16" slack="0"/>
<pin id="192" dir="0" index="1" bw="16" slack="0"/>
<pin id="193" dir="1" index="2" bw="1" slack="0"/>
</pin_list>
<bind>
<opcode="icmp(45) " fcode="icmp"/>
<opset="icmp_ln45_28/1 "/>
</bind>
</comp>

<comp id="196" class="1004" name="datareg_28_fu_196">
<pin_list>
<pin id="197" dir="0" index="0" bw="1" slack="0"/>
<pin id="198" dir="0" index="1" bw="15" slack="0"/>
<pin id="199" dir="0" index="2" bw="15" slack="0"/>
<pin id="200" dir="1" index="3" bw="15" slack="0"/>
</pin_list>
<bind>
<opcode="select(49) " fcode="select"/>
<opset="datareg_28/1 "/>
</bind>
</comp>

<comp id="204" class="1004" name="zext_ln45_28_fu_204">
<pin_list>
<pin id="205" dir="0" index="0" bw="15" slack="0"/>
<pin id="206" dir="1" index="1" bw="16" slack="0"/>
</pin_list>
<bind>
<opcode="zext(34) " fcode="zext"/>
<opset="zext_ln45_28/1 "/>
</bind>
</comp>

<comp id="208" class="1004" name="icmp_ln45_29_fu_208">
<pin_list>
<pin id="209" dir="0" index="0" bw="16" slack="0"/>
<pin id="210" dir="0" index="1" bw="16" slack="0"/>
<pin id="211" dir="1" index="2" bw="1" slack="0"/>
</pin_list>
<bind>
<opcode="icmp(45) " fcode="icmp"/>
<opset="icmp_ln45_29/1 "/>
</bind>
</comp>

<comp id="214" class="1004" name="datareg_29_fu_214">
<pin_list>
<pin id="215" dir="0" index="0" bw="1" slack="0"/>
<pin id="216" dir="0" index="1" bw="15" slack="0"/>
<pin id="217" dir="0" index="2" bw="15" slack="0"/>
<pin id="218" dir="1" index="3" bw="15" slack="0"/>
</pin_list>
<bind>
<opcode="select(49) " fcode="select"/>
<opset="datareg_29/1 "/>
</bind>
</comp>

<comp id="222" class="1004" name="zext_ln45_29_fu_222">
<pin_list>
<pin id="223" dir="0" index="0" bw="15" slack="0"/>
<pin id="224" dir="1" index="1" bw="16" slack="0"/>
</pin_list>
<bind>
<opcode="zext(34) " fcode="zext"/>
<opset="zext_ln45_29/1 "/>
</bind>
</comp>

<comp id="226" class="1004" name="icmp_ln45_30_fu_226">
<pin_list>
<pin id="227" dir="0" index="0" bw="16" slack="0"/>
<pin id="228" dir="0" index="1" bw="16" slack="0"/>
<pin id="229" dir="1" index="2" bw="1" slack="0"/>
</pin_list>
<bind>
<opcode="icmp(45) " fcode="icmp"/>
<opset="icmp_ln45_30/1 "/>
</bind>
</comp>

<comp id="232" class="1004" name="datareg_30_fu_232">
<pin_list>
<pin id="233" dir="0" index="0" bw="1" slack="0"/>
<pin id="234" dir="0" index="1" bw="15" slack="0"/>
<pin id="235" dir="0" index="2" bw="15" slack="0"/>
<pin id="236" dir="1" index="3" bw="15" slack="0"/>
</pin_list>
<bind>
<opcode="select(49) " fcode="select"/>
<opset="datareg_30/1 "/>
</bind>
</comp>

<comp id="240" class="1004" name="zext_ln45_30_fu_240">
<pin_list>
<pin id="241" dir="0" index="0" bw="15" slack="0"/>
<pin id="242" dir="1" index="1" bw="16" slack="0"/>
</pin_list>
<bind>
<opcode="zext(34) " fcode="zext"/>
<opset="zext_ln45_30/1 "/>
</bind>
</comp>

<comp id="244" class="1004" name="icmp_ln45_31_fu_244">
<pin_list>
<pin id="245" dir="0" index="0" bw="16" slack="0"/>
<pin id="246" dir="0" index="1" bw="16" slack="0"/>
<pin id="247" dir="1" index="2" bw="1" slack="0"/>
</pin_list>
<bind>
<opcode="icmp(45) " fcode="icmp"/>
<opset="icmp_ln45_31/1 "/>
</bind>
</comp>

<comp id="250" class="1004" name="datareg_31_fu_250">
<pin_list>
<pin id="251" dir="0" index="0" bw="1" slack="0"/>
<pin id="252" dir="0" index="1" bw="15" slack="0"/>
<pin id="253" dir="0" index="2" bw="15" slack="0"/>
<pin id="254" dir="1" index="3" bw="15" slack="0"/>
</pin_list>
<bind>
<opcode="select(49) " fcode="select"/>
<opset="datareg_31/1 "/>
</bind>
</comp>

<comp id="258" class="1004" name="zext_ln45_31_fu_258">
<pin_list>
<pin id="259" dir="0" index="0" bw="15" slack="0"/>
<pin id="260" dir="1" index="1" bw="16" slack="0"/>
</pin_list>
<bind>
<opcode="zext(34) " fcode="zext"/>
<opset="zext_ln45_31/1 "/>
</bind>
</comp>

<comp id="262" class="1004" name="icmp_ln45_32_fu_262">
<pin_list>
<pin id="263" dir="0" index="0" bw="16" slack="0"/>
<pin id="264" dir="0" index="1" bw="16" slack="0"/>
<pin id="265" dir="1" index="2" bw="1" slack="0"/>
</pin_list>
<bind>
<opcode="icmp(45) " fcode="icmp"/>
<opset="icmp_ln45_32/1 "/>
</bind>
</comp>

<comp id="268" class="1004" name="datareg_32_fu_268">
<pin_list>
<pin id="269" dir="0" index="0" bw="1" slack="0"/>
<pin id="270" dir="0" index="1" bw="15" slack="0"/>
<pin id="271" dir="0" index="2" bw="15" slack="0"/>
<pin id="272" dir="1" index="3" bw="15" slack="0"/>
</pin_list>
<bind>
<opcode="select(49) " fcode="select"/>
<opset="datareg_32/1 "/>
</bind>
</comp>

<comp id="276" class="1004" name="zext_ln45_32_fu_276">
<pin_list>
<pin id="277" dir="0" index="0" bw="15" slack="0"/>
<pin id="278" dir="1" index="1" bw="16" slack="0"/>
</pin_list>
<bind>
<opcode="zext(34) " fcode="zext"/>
<opset="zext_ln45_32/1 "/>
</bind>
</comp>

<comp id="280" class="1004" name="icmp_ln45_33_fu_280">
<pin_list>
<pin id="281" dir="0" index="0" bw="16" slack="0"/>
<pin id="282" dir="0" index="1" bw="16" slack="0"/>
<pin id="283" dir="1" index="2" bw="1" slack="0"/>
</pin_list>
<bind>
<opcode="icmp(45) " fcode="icmp"/>
<opset="icmp_ln45_33/1 "/>
</bind>
</comp>

<comp id="286" class="1004" name="datareg_33_fu_286">
<pin_list>
<pin id="287" dir="0" index="0" bw="1" slack="0"/>
<pin id="288" dir="0" index="1" bw="15" slack="0"/>
<pin id="289" dir="0" index="2" bw="15" slack="0"/>
<pin id="290" dir="1" index="3" bw="15" slack="0"/>
</pin_list>
<bind>
<opcode="select(49) " fcode="select"/>
<opset="datareg_33/1 "/>
</bind>
</comp>

<comp id="294" class="1004" name="zext_ln45_33_fu_294">
<pin_list>
<pin id="295" dir="0" index="0" bw="15" slack="0"/>
<pin id="296" dir="1" index="1" bw="16" slack="0"/>
</pin_list>
<bind>
<opcode="zext(34) " fcode="zext"/>
<opset="zext_ln45_33/1 "/>
</bind>
</comp>

<comp id="298" class="1004" name="icmp_ln45_34_fu_298">
<pin_list>
<pin id="299" dir="0" index="0" bw="16" slack="0"/>
<pin id="300" dir="0" index="1" bw="16" slack="0"/>
<pin id="301" dir="1" index="2" bw="1" slack="0"/>
</pin_list>
<bind>
<opcode="icmp(45) " fcode="icmp"/>
<opset="icmp_ln45_34/1 "/>
</bind>
</comp>

<comp id="304" class="1004" name="datareg_34_fu_304">
<pin_list>
<pin id="305" dir="0" index="0" bw="1" slack="0"/>
<pin id="306" dir="0" index="1" bw="15" slack="0"/>
<pin id="307" dir="0" index="2" bw="15" slack="0"/>
<pin id="308" dir="1" index="3" bw="15" slack="0"/>
</pin_list>
<bind>
<opcode="select(49) " fcode="select"/>
<opset="datareg_34/1 "/>
</bind>
</comp>

<comp id="312" class="1004" name="zext_ln45_34_fu_312">
<pin_list>
<pin id="313" dir="0" index="0" bw="15" slack="0"/>
<pin id="314" dir="1" index="1" bw="16" slack="0"/>
</pin_list>
<bind>
<opcode="zext(34) " fcode="zext"/>
<opset="zext_ln45_34/1 "/>
</bind>
</comp>

<comp id="316" class="1004" name="icmp_ln45_35_fu_316">
<pin_list>
<pin id="317" dir="0" index="0" bw="16" slack="0"/>
<pin id="318" dir="0" index="1" bw="16" slack="0"/>
<pin id="319" dir="1" index="2" bw="1" slack="0"/>
</pin_list>
<bind>
<opcode="icmp(45) " fcode="icmp"/>
<opset="icmp_ln45_35/1 "/>
</bind>
</comp>

<comp id="322" class="1004" name="datareg_35_fu_322">
<pin_list>
<pin id="323" dir="0" index="0" bw="1" slack="0"/>
<pin id="324" dir="0" index="1" bw="15" slack="0"/>
<pin id="325" dir="0" index="2" bw="15" slack="0"/>
<pin id="326" dir="1" index="3" bw="15" slack="0"/>
</pin_list>
<bind>
<opcode="select(49) " fcode="select"/>
<opset="datareg_35/1 "/>
</bind>
</comp>

<comp id="330" class="1004" name="zext_ln45_35_fu_330">
<pin_list>
<pin id="331" dir="0" index="0" bw="15" slack="0"/>
<pin id="332" dir="1" index="1" bw="16" slack="0"/>
</pin_list>
<bind>
<opcode="zext(34) " fcode="zext"/>
<opset="zext_ln45_35/1 "/>
</bind>
</comp>

<comp id="334" class="1004" name="icmp_ln45_36_fu_334">
<pin_list>
<pin id="335" dir="0" index="0" bw="16" slack="0"/>
<pin id="336" dir="0" index="1" bw="16" slack="0"/>
<pin id="337" dir="1" index="2" bw="1" slack="0"/>
</pin_list>
<bind>
<opcode="icmp(45) " fcode="icmp"/>
<opset="icmp_ln45_36/1 "/>
</bind>
</comp>

<comp id="340" class="1004" name="datareg_36_fu_340">
<pin_list>
<pin id="341" dir="0" index="0" bw="1" slack="0"/>
<pin id="342" dir="0" index="1" bw="15" slack="0"/>
<pin id="343" dir="0" index="2" bw="15" slack="0"/>
<pin id="344" dir="1" index="3" bw="15" slack="0"/>
</pin_list>
<bind>
<opcode="select(49) " fcode="select"/>
<opset="datareg_36/1 "/>
</bind>
</comp>

<comp id="348" class="1004" name="zext_ln45_36_fu_348">
<pin_list>
<pin id="349" dir="0" index="0" bw="15" slack="0"/>
<pin id="350" dir="1" index="1" bw="16" slack="0"/>
</pin_list>
<bind>
<opcode="zext(34) " fcode="zext"/>
<opset="zext_ln45_36/1 "/>
</bind>
</comp>

<comp id="352" class="1004" name="icmp_ln45_37_fu_352">
<pin_list>
<pin id="353" dir="0" index="0" bw="16" slack="0"/>
<pin id="354" dir="0" index="1" bw="16" slack="0"/>
<pin id="355" dir="1" index="2" bw="1" slack="0"/>
</pin_list>
<bind>
<opcode="icmp(45) " fcode="icmp"/>
<opset="icmp_ln45_37/1 "/>
</bind>
</comp>

<comp id="358" class="1004" name="datareg_37_fu_358">
<pin_list>
<pin id="359" dir="0" index="0" bw="1" slack="0"/>
<pin id="360" dir="0" index="1" bw="15" slack="0"/>
<pin id="361" dir="0" index="2" bw="15" slack="0"/>
<pin id="362" dir="1" index="3" bw="15" slack="0"/>
</pin_list>
<bind>
<opcode="select(49) " fcode="select"/>
<opset="datareg_37/1 "/>
</bind>
</comp>

<comp id="366" class="1004" name="zext_ln45_37_fu_366">
<pin_list>
<pin id="367" dir="0" index="0" bw="15" slack="0"/>
<pin id="368" dir="1" index="1" bw="16" slack="0"/>
</pin_list>
<bind>
<opcode="zext(34) " fcode="zext"/>
<opset="zext_ln45_37/1 "/>
</bind>
</comp>

<comp id="370" class="1004" name="icmp_ln45_38_fu_370">
<pin_list>
<pin id="371" dir="0" index="0" bw="16" slack="0"/>
<pin id="372" dir="0" index="1" bw="16" slack="0"/>
<pin id="373" dir="1" index="2" bw="1" slack="0"/>
</pin_list>
<bind>
<opcode="icmp(45) " fcode="icmp"/>
<opset="icmp_ln45_38/1 "/>
</bind>
</comp>

<comp id="376" class="1004" name="datareg_38_fu_376">
<pin_list>
<pin id="377" dir="0" index="0" bw="1" slack="0"/>
<pin id="378" dir="0" index="1" bw="15" slack="0"/>
<pin id="379" dir="0" index="2" bw="15" slack="0"/>
<pin id="380" dir="1" index="3" bw="15" slack="0"/>
</pin_list>
<bind>
<opcode="select(49) " fcode="select"/>
<opset="datareg_38/1 "/>
</bind>
</comp>

<comp id="384" class="1004" name="zext_ln45_38_fu_384">
<pin_list>
<pin id="385" dir="0" index="0" bw="15" slack="0"/>
<pin id="386" dir="1" index="1" bw="16" slack="0"/>
</pin_list>
<bind>
<opcode="zext(34) " fcode="zext"/>
<opset="zext_ln45_38/1 "/>
</bind>
</comp>

<comp id="388" class="1004" name="icmp_ln45_39_fu_388">
<pin_list>
<pin id="389" dir="0" index="0" bw="16" slack="0"/>
<pin id="390" dir="0" index="1" bw="16" slack="0"/>
<pin id="391" dir="1" index="2" bw="1" slack="0"/>
</pin_list>
<bind>
<opcode="icmp(45) " fcode="icmp"/>
<opset="icmp_ln45_39/1 "/>
</bind>
</comp>

<comp id="394" class="1004" name="datareg_39_fu_394">
<pin_list>
<pin id="395" dir="0" index="0" bw="1" slack="0"/>
<pin id="396" dir="0" index="1" bw="15" slack="0"/>
<pin id="397" dir="0" index="2" bw="15" slack="0"/>
<pin id="398" dir="1" index="3" bw="15" slack="0"/>
</pin_list>
<bind>
<opcode="select(49) " fcode="select"/>
<opset="datareg_39/1 "/>
</bind>
</comp>

<comp id="402" class="1004" name="zext_ln45_39_fu_402">
<pin_list>
<pin id="403" dir="0" index="0" bw="15" slack="0"/>
<pin id="404" dir="1" index="1" bw="16" slack="0"/>
</pin_list>
<bind>
<opcode="zext(34) " fcode="zext"/>
<opset="zext_ln45_39/1 "/>
</bind>
</comp>

<comp id="406" class="1004" name="newret_fu_406">
<pin_list>
<pin id="407" dir="0" index="0" bw="208" slack="0"/>
<pin id="408" dir="0" index="1" bw="15" slack="0"/>
<pin id="409" dir="1" index="2" bw="208" slack="0"/>
</pin_list>
<bind>
<opcode="insertvalue(57) " fcode="insertvalue"/>
<opset="newret/1 "/>
</bind>
</comp>

<comp id="412" class="1004" name="newret2_fu_412">
<pin_list>
<pin id="413" dir="0" index="0" bw="208" slack="0"/>
<pin id="414" dir="0" index="1" bw="15" slack="0"/>
<pin id="415" dir="1" index="2" bw="208" slack="0"/>
</pin_list>
<bind>
<opcode="insertvalue(57) " fcode="insertvalue"/>
<opset="newret2/1 "/>
</bind>
</comp>

<comp id="418" class="1004" name="newret4_fu_418">
<pin_list>
<pin id="419" dir="0" index="0" bw="208" slack="0"/>
<pin id="420" dir="0" index="1" bw="15" slack="0"/>
<pin id="421" dir="1" index="2" bw="208" slack="0"/>
</pin_list>
<bind>
<opcode="insertvalue(57) " fcode="insertvalue"/>
<opset="newret4/1 "/>
</bind>
</comp>

<comp id="424" class="1004" name="newret6_fu_424">
<pin_list>
<pin id="425" dir="0" index="0" bw="208" slack="0"/>
<pin id="426" dir="0" index="1" bw="15" slack="0"/>
<pin id="427" dir="1" index="2" bw="208" slack="0"/>
</pin_list>
<bind>
<opcode="insertvalue(57) " fcode="insertvalue"/>
<opset="newret6/1 "/>
</bind>
</comp>

<comp id="430" class="1004" name="newret8_fu_430">
<pin_list>
<pin id="431" dir="0" index="0" bw="208" slack="0"/>
<pin id="432" dir="0" index="1" bw="15" slack="0"/>
<pin id="433" dir="1" index="2" bw="208" slack="0"/>
</pin_list>
<bind>
<opcode="insertvalue(57) " fcode="insertvalue"/>
<opset="newret8/1 "/>
</bind>
</comp>

<comp id="436" class="1004" name="newret10_fu_436">
<pin_list>
<pin id="437" dir="0" index="0" bw="208" slack="0"/>
<pin id="438" dir="0" index="1" bw="15" slack="0"/>
<pin id="439" dir="1" index="2" bw="208" slack="0"/>
</pin_list>
<bind>
<opcode="insertvalue(57) " fcode="insertvalue"/>
<opset="newret10/1 "/>
</bind>
</comp>

<comp id="442" class="1004" name="newret12_fu_442">
<pin_list>
<pin id="443" dir="0" index="0" bw="208" slack="0"/>
<pin id="444" dir="0" index="1" bw="15" slack="0"/>
<pin id="445" dir="1" index="2" bw="208" slack="0"/>
</pin_list>
<bind>
<opcode="insertvalue(57) " fcode="insertvalue"/>
<opset="newret12/1 "/>
</bind>
</comp>

<comp id="448" class="1004" name="newret14_fu_448">
<pin_list>
<pin id="449" dir="0" index="0" bw="208" slack="0"/>
<pin id="450" dir="0" index="1" bw="15" slack="0"/>
<pin id="451" dir="1" index="2" bw="208" slack="0"/>
</pin_list>
<bind>
<opcode="insertvalue(57) " fcode="insertvalue"/>
<opset="newret14/1 "/>
</bind>
</comp>

<comp id="454" class="1004" name="newret16_fu_454">
<pin_list>
<pin id="455" dir="0" index="0" bw="208" slack="0"/>
<pin id="456" dir="0" index="1" bw="15" slack="0"/>
<pin id="457" dir="1" index="2" bw="208" slack="0"/>
</pin_list>
<bind>
<opcode="insertvalue(57) " fcode="insertvalue"/>
<opset="newret16/1 "/>
</bind>
</comp>

<comp id="460" class="1004" name="newret18_fu_460">
<pin_list>
<pin id="461" dir="0" index="0" bw="208" slack="0"/>
<pin id="462" dir="0" index="1" bw="15" slack="0"/>
<pin id="463" dir="1" index="2" bw="208" slack="0"/>
</pin_list>
<bind>
<opcode="insertvalue(57) " fcode="insertvalue"/>
<opset="newret18/1 "/>
</bind>
</comp>

<comp id="466" class="1004" name="newret20_fu_466">
<pin_list>
<pin id="467" dir="0" index="0" bw="208" slack="0"/>
<pin id="468" dir="0" index="1" bw="15" slack="0"/>
<pin id="469" dir="1" index="2" bw="208" slack="0"/>
</pin_list>
<bind>
<opcode="insertvalue(57) " fcode="insertvalue"/>
<opset="newret20/1 "/>
</bind>
</comp>

<comp id="472" class="1004" name="newret22_fu_472">
<pin_list>
<pin id="473" dir="0" index="0" bw="208" slack="0"/>
<pin id="474" dir="0" index="1" bw="15" slack="0"/>
<pin id="475" dir="1" index="2" bw="208" slack="0"/>
</pin_list>
<bind>
<opcode="insertvalue(57) " fcode="insertvalue"/>
<opset="newret22/1 "/>
</bind>
</comp>

<comp id="478" class="1004" name="newret24_fu_478">
<pin_list>
<pin id="479" dir="0" index="0" bw="208" slack="0"/>
<pin id="480" dir="0" index="1" bw="15" slack="0"/>
<pin id="481" dir="1" index="2" bw="208" slack="2147483647"/>
</pin_list>
<bind>
<opcode="insertvalue(57) " fcode="insertvalue"/>
<opset="newret24/1 "/>
</bind>
</comp>

</comp_list>

<net_list>
<net id="46"><net_src comp="26" pin="0"/><net_sink comp="42" pin=0"/></net>

<net id="47"><net_src comp="24" pin="0"/><net_sink comp="42" pin=1"/></net>

<net id="52"><net_src comp="26" pin="0"/><net_sink comp="48" pin=0"/></net>

<net id="53"><net_src comp="22" pin="0"/><net_sink comp="48" pin=1"/></net>

<net id="58"><net_src comp="26" pin="0"/><net_sink comp="54" pin=0"/></net>

<net id="59"><net_src comp="20" pin="0"/><net_sink comp="54" pin=1"/></net>

<net id="64"><net_src comp="26" pin="0"/><net_sink comp="60" pin=0"/></net>

<net id="65"><net_src comp="18" pin="0"/><net_sink comp="60" pin=1"/></net>

<net id="70"><net_src comp="26" pin="0"/><net_sink comp="66" pin=0"/></net>

<net id="71"><net_src comp="16" pin="0"/><net_sink comp="66" pin=1"/></net>

<net id="76"><net_src comp="26" pin="0"/><net_sink comp="72" pin=0"/></net>

<net id="77"><net_src comp="14" pin="0"/><net_sink comp="72" pin=1"/></net>

<net id="82"><net_src comp="26" pin="0"/><net_sink comp="78" pin=0"/></net>

<net id="83"><net_src comp="12" pin="0"/><net_sink comp="78" pin=1"/></net>

<net id="88"><net_src comp="26" pin="0"/><net_sink comp="84" pin=0"/></net>

<net id="89"><net_src comp="10" pin="0"/><net_sink comp="84" pin=1"/></net>

<net id="94"><net_src comp="26" pin="0"/><net_sink comp="90" pin=0"/></net>

<net id="95"><net_src comp="8" pin="0"/><net_sink comp="90" pin=1"/></net>

<net id="100"><net_src comp="26" pin="0"/><net_sink comp="96" pin=0"/></net>

<net id="101"><net_src comp="6" pin="0"/><net_sink comp="96" pin=1"/></net>

<net id="106"><net_src comp="26" pin="0"/><net_sink comp="102" pin=0"/></net>

<net id="107"><net_src comp="4" pin="0"/><net_sink comp="102" pin=1"/></net>

<net id="112"><net_src comp="26" pin="0"/><net_sink comp="108" pin=0"/></net>

<net id="113"><net_src comp="2" pin="0"/><net_sink comp="108" pin=1"/></net>

<net id="118"><net_src comp="26" pin="0"/><net_sink comp="114" pin=0"/></net>

<net id="119"><net_src comp="0" pin="0"/><net_sink comp="114" pin=1"/></net>

<net id="123"><net_src comp="42" pin="2"/><net_sink comp="120" pin=0"/></net>

<net id="127"><net_src comp="48" pin="2"/><net_sink comp="124" pin=0"/></net>

<net id="131"><net_src comp="54" pin="2"/><net_sink comp="128" pin=0"/></net>

<net id="135"><net_src comp="60" pin="2"/><net_sink comp="132" pin=0"/></net>

<net id="139"><net_src comp="66" pin="2"/><net_sink comp="136" pin=0"/></net>

<net id="143"><net_src comp="72" pin="2"/><net_sink comp="140" pin=0"/></net>

<net id="147"><net_src comp="78" pin="2"/><net_sink comp="144" pin=0"/></net>

<net id="151"><net_src comp="84" pin="2"/><net_sink comp="148" pin=0"/></net>

<net id="155"><net_src comp="90" pin="2"/><net_sink comp="152" pin=0"/></net>

<net id="159"><net_src comp="96" pin="2"/><net_sink comp="156" pin=0"/></net>

<net id="163"><net_src comp="102" pin="2"/><net_sink comp="160" pin=0"/></net>

<net id="167"><net_src comp="108" pin="2"/><net_sink comp="164" pin=0"/></net>

<net id="171"><net_src comp="114" pin="2"/><net_sink comp="168" pin=0"/></net>

<net id="176"><net_src comp="114" pin="2"/><net_sink comp="172" pin=0"/></net>

<net id="177"><net_src comp="36" pin="0"/><net_sink comp="172" pin=1"/></net>

<net id="183"><net_src comp="172" pin="2"/><net_sink comp="178" pin=0"/></net>

<net id="184"><net_src comp="168" pin="1"/><net_sink comp="178" pin=1"/></net>

<net id="185"><net_src comp="38" pin="0"/><net_sink comp="178" pin=2"/></net>

<net id="189"><net_src comp="178" pin="3"/><net_sink comp="186" pin=0"/></net>

<net id="194"><net_src comp="108" pin="2"/><net_sink comp="190" pin=0"/></net>

<net id="195"><net_src comp="36" pin="0"/><net_sink comp="190" pin=1"/></net>

<net id="201"><net_src comp="190" pin="2"/><net_sink comp="196" pin=0"/></net>

<net id="202"><net_src comp="164" pin="1"/><net_sink comp="196" pin=1"/></net>

<net id="203"><net_src comp="38" pin="0"/><net_sink comp="196" pin=2"/></net>

<net id="207"><net_src comp="196" pin="3"/><net_sink comp="204" pin=0"/></net>

<net id="212"><net_src comp="102" pin="2"/><net_sink comp="208" pin=0"/></net>

<net id="213"><net_src comp="36" pin="0"/><net_sink comp="208" pin=1"/></net>

<net id="219"><net_src comp="208" pin="2"/><net_sink comp="214" pin=0"/></net>

<net id="220"><net_src comp="160" pin="1"/><net_sink comp="214" pin=1"/></net>

<net id="221"><net_src comp="38" pin="0"/><net_sink comp="214" pin=2"/></net>

<net id="225"><net_src comp="214" pin="3"/><net_sink comp="222" pin=0"/></net>

<net id="230"><net_src comp="96" pin="2"/><net_sink comp="226" pin=0"/></net>

<net id="231"><net_src comp="36" pin="0"/><net_sink comp="226" pin=1"/></net>

<net id="237"><net_src comp="226" pin="2"/><net_sink comp="232" pin=0"/></net>

<net id="238"><net_src comp="156" pin="1"/><net_sink comp="232" pin=1"/></net>

<net id="239"><net_src comp="38" pin="0"/><net_sink comp="232" pin=2"/></net>

<net id="243"><net_src comp="232" pin="3"/><net_sink comp="240" pin=0"/></net>

<net id="248"><net_src comp="90" pin="2"/><net_sink comp="244" pin=0"/></net>

<net id="249"><net_src comp="36" pin="0"/><net_sink comp="244" pin=1"/></net>

<net id="255"><net_src comp="244" pin="2"/><net_sink comp="250" pin=0"/></net>

<net id="256"><net_src comp="152" pin="1"/><net_sink comp="250" pin=1"/></net>

<net id="257"><net_src comp="38" pin="0"/><net_sink comp="250" pin=2"/></net>

<net id="261"><net_src comp="250" pin="3"/><net_sink comp="258" pin=0"/></net>

<net id="266"><net_src comp="84" pin="2"/><net_sink comp="262" pin=0"/></net>

<net id="267"><net_src comp="36" pin="0"/><net_sink comp="262" pin=1"/></net>

<net id="273"><net_src comp="262" pin="2"/><net_sink comp="268" pin=0"/></net>

<net id="274"><net_src comp="148" pin="1"/><net_sink comp="268" pin=1"/></net>

<net id="275"><net_src comp="38" pin="0"/><net_sink comp="268" pin=2"/></net>

<net id="279"><net_src comp="268" pin="3"/><net_sink comp="276" pin=0"/></net>

<net id="284"><net_src comp="78" pin="2"/><net_sink comp="280" pin=0"/></net>

<net id="285"><net_src comp="36" pin="0"/><net_sink comp="280" pin=1"/></net>

<net id="291"><net_src comp="280" pin="2"/><net_sink comp="286" pin=0"/></net>

<net id="292"><net_src comp="144" pin="1"/><net_sink comp="286" pin=1"/></net>

<net id="293"><net_src comp="38" pin="0"/><net_sink comp="286" pin=2"/></net>

<net id="297"><net_src comp="286" pin="3"/><net_sink comp="294" pin=0"/></net>

<net id="302"><net_src comp="72" pin="2"/><net_sink comp="298" pin=0"/></net>

<net id="303"><net_src comp="36" pin="0"/><net_sink comp="298" pin=1"/></net>

<net id="309"><net_src comp="298" pin="2"/><net_sink comp="304" pin=0"/></net>

<net id="310"><net_src comp="140" pin="1"/><net_sink comp="304" pin=1"/></net>

<net id="311"><net_src comp="38" pin="0"/><net_sink comp="304" pin=2"/></net>

<net id="315"><net_src comp="304" pin="3"/><net_sink comp="312" pin=0"/></net>

<net id="320"><net_src comp="66" pin="2"/><net_sink comp="316" pin=0"/></net>

<net id="321"><net_src comp="36" pin="0"/><net_sink comp="316" pin=1"/></net>

<net id="327"><net_src comp="316" pin="2"/><net_sink comp="322" pin=0"/></net>

<net id="328"><net_src comp="136" pin="1"/><net_sink comp="322" pin=1"/></net>

<net id="329"><net_src comp="38" pin="0"/><net_sink comp="322" pin=2"/></net>

<net id="333"><net_src comp="322" pin="3"/><net_sink comp="330" pin=0"/></net>

<net id="338"><net_src comp="60" pin="2"/><net_sink comp="334" pin=0"/></net>

<net id="339"><net_src comp="36" pin="0"/><net_sink comp="334" pin=1"/></net>

<net id="345"><net_src comp="334" pin="2"/><net_sink comp="340" pin=0"/></net>

<net id="346"><net_src comp="132" pin="1"/><net_sink comp="340" pin=1"/></net>

<net id="347"><net_src comp="38" pin="0"/><net_sink comp="340" pin=2"/></net>

<net id="351"><net_src comp="340" pin="3"/><net_sink comp="348" pin=0"/></net>

<net id="356"><net_src comp="54" pin="2"/><net_sink comp="352" pin=0"/></net>

<net id="357"><net_src comp="36" pin="0"/><net_sink comp="352" pin=1"/></net>

<net id="363"><net_src comp="352" pin="2"/><net_sink comp="358" pin=0"/></net>

<net id="364"><net_src comp="128" pin="1"/><net_sink comp="358" pin=1"/></net>

<net id="365"><net_src comp="38" pin="0"/><net_sink comp="358" pin=2"/></net>

<net id="369"><net_src comp="358" pin="3"/><net_sink comp="366" pin=0"/></net>

<net id="374"><net_src comp="48" pin="2"/><net_sink comp="370" pin=0"/></net>

<net id="375"><net_src comp="36" pin="0"/><net_sink comp="370" pin=1"/></net>

<net id="381"><net_src comp="370" pin="2"/><net_sink comp="376" pin=0"/></net>

<net id="382"><net_src comp="124" pin="1"/><net_sink comp="376" pin=1"/></net>

<net id="383"><net_src comp="38" pin="0"/><net_sink comp="376" pin=2"/></net>

<net id="387"><net_src comp="376" pin="3"/><net_sink comp="384" pin=0"/></net>

<net id="392"><net_src comp="42" pin="2"/><net_sink comp="388" pin=0"/></net>

<net id="393"><net_src comp="36" pin="0"/><net_sink comp="388" pin=1"/></net>

<net id="399"><net_src comp="388" pin="2"/><net_sink comp="394" pin=0"/></net>

<net id="400"><net_src comp="120" pin="1"/><net_sink comp="394" pin=1"/></net>

<net id="401"><net_src comp="38" pin="0"/><net_sink comp="394" pin=2"/></net>

<net id="405"><net_src comp="394" pin="3"/><net_sink comp="402" pin=0"/></net>

<net id="410"><net_src comp="40" pin="0"/><net_sink comp="406" pin=0"/></net>

<net id="411"><net_src comp="186" pin="1"/><net_sink comp="406" pin=1"/></net>

<net id="416"><net_src comp="406" pin="2"/><net_sink comp="412" pin=0"/></net>

<net id="417"><net_src comp="204" pin="1"/><net_sink comp="412" pin=1"/></net>

<net id="422"><net_src comp="412" pin="2"/><net_sink comp="418" pin=0"/></net>

<net id="423"><net_src comp="222" pin="1"/><net_sink comp="418" pin=1"/></net>

<net id="428"><net_src comp="418" pin="2"/><net_sink comp="424" pin=0"/></net>

<net id="429"><net_src comp="240" pin="1"/><net_sink comp="424" pin=1"/></net>

<net id="434"><net_src comp="424" pin="2"/><net_sink comp="430" pin=0"/></net>

<net id="435"><net_src comp="258" pin="1"/><net_sink comp="430" pin=1"/></net>

<net id="440"><net_src comp="430" pin="2"/><net_sink comp="436" pin=0"/></net>

<net id="441"><net_src comp="276" pin="1"/><net_sink comp="436" pin=1"/></net>

<net id="446"><net_src comp="436" pin="2"/><net_sink comp="442" pin=0"/></net>

<net id="447"><net_src comp="294" pin="1"/><net_sink comp="442" pin=1"/></net>

<net id="452"><net_src comp="442" pin="2"/><net_sink comp="448" pin=0"/></net>

<net id="453"><net_src comp="312" pin="1"/><net_sink comp="448" pin=1"/></net>

<net id="458"><net_src comp="448" pin="2"/><net_sink comp="454" pin=0"/></net>

<net id="459"><net_src comp="330" pin="1"/><net_sink comp="454" pin=1"/></net>

<net id="464"><net_src comp="454" pin="2"/><net_sink comp="460" pin=0"/></net>

<net id="465"><net_src comp="348" pin="1"/><net_sink comp="460" pin=1"/></net>

<net id="470"><net_src comp="460" pin="2"/><net_sink comp="466" pin=0"/></net>

<net id="471"><net_src comp="366" pin="1"/><net_sink comp="466" pin=1"/></net>

<net id="476"><net_src comp="466" pin="2"/><net_sink comp="472" pin=0"/></net>

<net id="477"><net_src comp="384" pin="1"/><net_sink comp="472" pin=1"/></net>

<net id="482"><net_src comp="472" pin="2"/><net_sink comp="478" pin=0"/></net>

<net id="483"><net_src comp="402" pin="1"/><net_sink comp="478" pin=1"/></net>

</net_list>

</model> 
---------------- Datapath Model END ------------------

* FSMD analyzer results:
  - Output states:
 - Input state : 
	Port: relu<ap_fixed<16, 6, 5, 3, 0>, ap_fixed<16, 6, 5, 3, 0>, ReLU_config16> : data_1_val | {1 }
	Port: relu<ap_fixed<16, 6, 5, 3, 0>, ap_fixed<16, 6, 5, 3, 0>, ReLU_config16> : data_2_val | {1 }
	Port: relu<ap_fixed<16, 6, 5, 3, 0>, ap_fixed<16, 6, 5, 3, 0>, ReLU_config16> : data_3_val | {1 }
	Port: relu<ap_fixed<16, 6, 5, 3, 0>, ap_fixed<16, 6, 5, 3, 0>, ReLU_config16> : data_4_val | {1 }
	Port: relu<ap_fixed<16, 6, 5, 3, 0>, ap_fixed<16, 6, 5, 3, 0>, ReLU_config16> : data_5_val | {1 }
	Port: relu<ap_fixed<16, 6, 5, 3, 0>, ap_fixed<16, 6, 5, 3, 0>, ReLU_config16> : data_7_val | {1 }
	Port: relu<ap_fixed<16, 6, 5, 3, 0>, ap_fixed<16, 6, 5, 3, 0>, ReLU_config16> : data_9_val | {1 }
	Port: relu<ap_fixed<16, 6, 5, 3, 0>, ap_fixed<16, 6, 5, 3, 0>, ReLU_config16> : data_14_val | {1 }
	Port: relu<ap_fixed<16, 6, 5, 3, 0>, ap_fixed<16, 6, 5, 3, 0>, ReLU_config16> : data_22_val | {1 }
	Port: relu<ap_fixed<16, 6, 5, 3, 0>, ap_fixed<16, 6, 5, 3, 0>, ReLU_config16> : data_24_val | {1 }
	Port: relu<ap_fixed<16, 6, 5, 3, 0>, ap_fixed<16, 6, 5, 3, 0>, ReLU_config16> : data_25_val | {1 }
	Port: relu<ap_fixed<16, 6, 5, 3, 0>, ap_fixed<16, 6, 5, 3, 0>, ReLU_config16> : data_28_val | {1 }
	Port: relu<ap_fixed<16, 6, 5, 3, 0>, ap_fixed<16, 6, 5, 3, 0>, ReLU_config16> : data_29_val | {1 }
  - Chain level:
	State 1
		datareg : 1
		zext_ln45 : 2
		datareg_28 : 1
		zext_ln45_28 : 2
		datareg_29 : 1
		zext_ln45_29 : 2
		datareg_30 : 1
		zext_ln45_30 : 2
		datareg_31 : 1
		zext_ln45_31 : 2
		datareg_32 : 1
		zext_ln45_32 : 2
		datareg_33 : 1
		zext_ln45_33 : 2
		datareg_34 : 1
		zext_ln45_34 : 2
		datareg_35 : 1
		zext_ln45_35 : 2
		datareg_36 : 1
		zext_ln45_36 : 2
		datareg_37 : 1
		zext_ln45_37 : 2
		datareg_38 : 1
		zext_ln45_38 : 2
		datareg_39 : 1
		zext_ln45_39 : 2
		newret : 3
		newret2 : 4
		newret4 : 5
		newret6 : 6
		newret8 : 7
		newret10 : 8
		newret12 : 9
		newret14 : 10
		newret16 : 11
		newret18 : 12
		newret20 : 13
		newret22 : 14
		newret24 : 15
		ret_ln45 : 16


============================================================
+ Verbose Summary: Datapath Resource usage 
============================================================

* Functional unit list:
|----------|-----------------------------|---------|---------|
| Operation|       Functional Unit       |    FF   |   LUT   |
|----------|-----------------------------|---------|---------|
|          |       icmp_ln45_fu_172      |    0    |    23   |
|          |     icmp_ln45_28_fu_190     |    0    |    23   |
|          |     icmp_ln45_29_fu_208     |    0    |    23   |
|          |     icmp_ln45_30_fu_226     |    0    |    23   |
|          |     icmp_ln45_31_fu_244     |    0    |    23   |
|          |     icmp_ln45_32_fu_262     |    0    |    23   |
|   icmp   |     icmp_ln45_33_fu_280     |    0    |    23   |
|          |     icmp_ln45_34_fu_298     |    0    |    23   |
|          |     icmp_ln45_35_fu_316     |    0    |    23   |
|          |     icmp_ln45_36_fu_334     |    0    |    23   |
|          |     icmp_ln45_37_fu_352     |    0    |    23   |
|          |     icmp_ln45_38_fu_370     |    0    |    23   |
|          |     icmp_ln45_39_fu_388     |    0    |    23   |
|----------|-----------------------------|---------|---------|
|          |        datareg_fu_178       |    0    |    15   |
|          |      datareg_28_fu_196      |    0    |    15   |
|          |      datareg_29_fu_214      |    0    |    15   |
|          |      datareg_30_fu_232      |    0    |    15   |
|          |      datareg_31_fu_250      |    0    |    15   |
|          |      datareg_32_fu_268      |    0    |    15   |
|  select  |      datareg_33_fu_286      |    0    |    15   |
|          |      datareg_34_fu_304      |    0    |    15   |
|          |      datareg_35_fu_322      |    0    |    15   |
|          |      datareg_36_fu_340      |    0    |    15   |
|          |      datareg_37_fu_358      |    0    |    15   |
|          |      datareg_38_fu_376      |    0    |    15   |
|          |      datareg_39_fu_394      |    0    |    15   |
|----------|-----------------------------|---------|---------|
|          | data_29_val_read_read_fu_42 |    0    |    0    |
|          | data_28_val_read_read_fu_48 |    0    |    0    |
|          | data_25_val_read_read_fu_54 |    0    |    0    |
|          | data_24_val_read_read_fu_60 |    0    |    0    |
|          | data_22_val_read_read_fu_66 |    0    |    0    |
|          | data_14_val_read_read_fu_72 |    0    |    0    |
|   read   |  data_9_val_read_read_fu_78 |    0    |    0    |
|          |  data_7_val_read_read_fu_84 |    0    |    0    |
|          |  data_5_val_read_read_fu_90 |    0    |    0    |
|          |  data_4_val_read_read_fu_96 |    0    |    0    |
|          | data_3_val_read_read_fu_102 |    0    |    0    |
|          | data_2_val_read_read_fu_108 |    0    |    0    |
|          | data_1_val_read_read_fu_114 |    0    |    0    |
|----------|-----------------------------|---------|---------|
|          |      trunc_ln42_fu_120      |    0    |    0    |
|          |     trunc_ln42_28_fu_124    |    0    |    0    |
|          |     trunc_ln42_29_fu_128    |    0    |    0    |
|          |     trunc_ln42_30_fu_132    |    0    |    0    |
|          |     trunc_ln42_31_fu_136    |    0    |    0    |
|          |     trunc_ln42_32_fu_140    |    0    |    0    |
|   trunc  |     trunc_ln42_33_fu_144    |    0    |    0    |
|          |     trunc_ln42_34_fu_148    |    0    |    0    |
|          |     trunc_ln42_35_fu_152    |    0    |    0    |
|          |     trunc_ln42_36_fu_156    |    0    |    0    |
|          |     trunc_ln42_37_fu_160    |    0    |    0    |
|          |     trunc_ln42_38_fu_164    |    0    |    0    |
|          |     trunc_ln42_39_fu_168    |    0    |    0    |
|----------|-----------------------------|---------|---------|
|          |       zext_ln45_fu_186      |    0    |    0    |
|          |     zext_ln45_28_fu_204     |    0    |    0    |
|          |     zext_ln45_29_fu_222     |    0    |    0    |
|          |     zext_ln45_30_fu_240     |    0    |    0    |
|          |     zext_ln45_31_fu_258     |    0    |    0    |
|          |     zext_ln45_32_fu_276     |    0    |    0    |
|   zext   |     zext_ln45_33_fu_294     |    0    |    0    |
|          |     zext_ln45_34_fu_312     |    0    |    0    |
|          |     zext_ln45_35_fu_330     |    0    |    0    |
|          |     zext_ln45_36_fu_348     |    0    |    0    |
|          |     zext_ln45_37_fu_366     |    0    |    0    |
|          |     zext_ln45_38_fu_384     |    0    |    0    |
|          |     zext_ln45_39_fu_402     |    0    |    0    |
|----------|-----------------------------|---------|---------|
|          |        newret_fu_406        |    0    |    0    |
|          |        newret2_fu_412       |    0    |    0    |
|          |        newret4_fu_418       |    0    |    0    |
|          |        newret6_fu_424       |    0    |    0    |
|          |        newret8_fu_430       |    0    |    0    |
|          |       newret10_fu_436       |    0    |    0    |
|insertvalue|       newret12_fu_442       |    0    |    0    |
|          |       newret14_fu_448       |    0    |    0    |
|          |       newret16_fu_454       |    0    |    0    |
|          |       newret18_fu_460       |    0    |    0    |
|          |       newret20_fu_466       |    0    |    0    |
|          |       newret22_fu_472       |    0    |    0    |
|          |       newret24_fu_478       |    0    |    0    |
|----------|-----------------------------|---------|---------|
|   Total  |                             |    0    |   494   |
|----------|-----------------------------|---------|---------|

Memories:
N/A

* Register list:
N/A

* Multiplexer (MUX) list: 
|--------|------|------|------|--------|
|  Comp  |  Pin | Size |  BW  | S x BW |
|--------|------|------|------|--------|
|  Total |      |      |      |    0   |
|--------|------|------|------|--------|



* Summary:
+-----------+--------+--------+
|           |   FF   |   LUT  |
+-----------+--------+--------+
|  Function |    0   |   494  |
|   Memory  |    -   |    -   |
|Multiplexer|    -   |    -   |
|  Register |    -   |    -   |
+-----------+--------+--------+
|   Total   |    0   |   494  |
+-----------+--------+--------+
