

================================================================
== Vitis HLS Report for 'relu_ap_fixed_16_6_5_3_0_ap_fixed_16_6_5_3_0_ReLU_config16_s'
================================================================
* Date:           Fri Oct 17 12:08:05 2025

* Version:        2023.2 (Build 4023990 on Oct 11 2023)
* Project:        myproject_prj
* Solution:       solution1 (Vivado IP Flow Target)
* Product family: virtexuplus
* Target device:  xcu250-figd2104-2L-e


================================================================
== Performance Estimates
================================================================
+ Timing: 
    * Summary: 
    +--------+---------+----------+------------+
    |  Clock |  Target | Estimated| Uncertainty|
    +--------+---------+----------+------------+
    |ap_clk  |  5.00 ns|  1.078 ns|     1.35 ns|
    +--------+---------+----------+------------+

+ Latency: 
    * Summary: 
    +---------+---------+----------+----------+-----+-----+---------+
    |  Latency (cycles) |  Latency (absolute) |  Interval | Pipeline|
    |   min   |   max   |    min   |    max   | min | max |   Type  |
    +---------+---------+----------+----------+-----+-----+---------+
    |        0|        0|      0 ns|      0 ns|    1|    1|      yes|
    +---------+---------+----------+----------+-----+-----+---------+

    + Detail: 
        * Instance: 
        N/A

        * Loop: 
        N/A

============================================================
+ Verbose Summary: Synthesis Manager
============================================================
InlineROM: 1
ExposeGlobal: 0
============================================================
+ Verbose Summary: CDFG Model
============================================================
IsTopModel: 0
ResetActiveHigh: 1
IsCombinational: 0
IsDatapathOnly: 0
HasWiredReturn: 1
HasMFsm: 2
HasVarLatency: 0
IsPipeline: 1
IsRtlPipelined: 0
IsInstanceOverlapped: 0
IsDontTouch: 0
HasImplIP: 0
IsGatedGlobalClock: 0

+ Individual pipeline summary: 
  * Pipeline-0: initiation interval (II) = 1, depth = 1


============================================================
+ Verbose Summary: Schedule
============================================================
* Number of FSM states : 1
* Pipeline : 1
  Pipeline-0 : II = 1, D = 1, States = { 1 }
* Dataflow Pipeline: 0

* FSM state transitions: 
1 --> 

* FSM state operations: 

State 1 <SV = 0> <Delay = 1.07>
ST_1 : Operation 2 [1/1] (0.00ns)   --->   "%data_29_val_read = read i16 @_ssdm_op_Read.ap_auto.i16, i16 %data_29_val" [firmware/nnet_utils/nnet_activation.h:42]   --->   Operation 2 'read' 'data_29_val_read' <Predicate = true> <Delay = 0.00>
ST_1 : Operation 3 [1/1] (0.00ns)   --->   "%data_28_val_read = read i16 @_ssdm_op_Read.ap_auto.i16, i16 %data_28_val" [firmware/nnet_utils/nnet_activation.h:42]   --->   Operation 3 'read' 'data_28_val_read' <Predicate = true> <Delay = 0.00>
ST_1 : Operation 4 [1/1] (0.00ns)   --->   "%data_25_val_read = read i16 @_ssdm_op_Read.ap_auto.i16, i16 %data_25_val" [firmware/nnet_utils/nnet_activation.h:42]   --->   Operation 4 'read' 'data_25_val_read' <Predicate = true> <Delay = 0.00>
ST_1 : Operation 5 [1/1] (0.00ns)   --->   "%data_24_val_read = read i16 @_ssdm_op_Read.ap_auto.i16, i16 %data_24_val" [firmware/nnet_utils/nnet_activation.h:42]   --->   Operation 5 'read' 'data_24_val_read' <Predicate = true> <Delay = 0.00>
ST_1 : Operation 6 [1/1] (0.00ns)   --->   "%data_22_val_read = read i16 @_ssdm_op_Read.ap_auto.i16, i16 %data_22_val" [firmware/nnet_utils/nnet_activation.h:42]   --->   Operation 6 'read' 'data_22_val_read' <Predicate = true> <Delay = 0.00>
ST_1 : Operation 7 [1/1] (0.00ns)   --->   "%data_14_val_read = read i16 @_ssdm_op_Read.ap_auto.i16, i16 %data_14_val" [firmware/nnet_utils/nnet_activation.h:42]   --->   Operation 7 'read' 'data_14_val_read' <Predicate = true> <Delay = 0.00>
ST_1 : Operation 8 [1/1] (0.00ns)   --->   "%data_9_val_read = read i16 @_ssdm_op_Read.ap_auto.i16, i16 %data_9_val" [firmware/nnet_utils/nnet_activation.h:42]   --->   Operation 8 'read' 'data_9_val_read' <Predicate = true> <Delay = 0.00>
ST_1 : Operation 9 [1/1] (0.00ns)   --->   "%data_7_val_read = read i16 @_ssdm_op_Read.ap_auto.i16, i16 %data_7_val" [firmware/nnet_utils/nnet_activation.h:42]   --->   Operation 9 'read' 'data_7_val_read' <Predicate = true> <Delay = 0.00>
ST_1 : Operation 10 [1/1] (0.00ns)   --->   "%data_5_val_read = read i16 @_ssdm_op_Read.ap_auto.i16, i16 %data_5_val" [firmware/nnet_utils/nnet_activation.h:42]   --->   Operation 10 'read' 'data_5_val_read' <Predicate = true> <Delay = 0.00>
ST_1 : Operation 11 [1/1] (0.00ns)   --->   "%data_4_val_read = read i16 @_ssdm_op_Read.ap_auto.i16, i16 %data_4_val" [firmware/nnet_utils/nnet_activation.h:42]   --->   Operation 11 'read' 'data_4_val_read' <Predicate = true> <Delay = 0.00>
ST_1 : Operation 12 [1/1] (0.00ns)   --->   "%data_3_val_read = read i16 @_ssdm_op_Read.ap_auto.i16, i16 %data_3_val" [firmware/nnet_utils/nnet_activation.h:42]   --->   Operation 12 'read' 'data_3_val_read' <Predicate = true> <Delay = 0.00>
ST_1 : Operation 13 [1/1] (0.00ns)   --->   "%data_2_val_read = read i16 @_ssdm_op_Read.ap_auto.i16, i16 %data_2_val" [firmware/nnet_utils/nnet_activation.h:42]   --->   Operation 13 'read' 'data_2_val_read' <Predicate = true> <Delay = 0.00>
ST_1 : Operation 14 [1/1] (0.00ns)   --->   "%data_1_val_read = read i16 @_ssdm_op_Read.ap_auto.i16, i16 %data_1_val" [firmware/nnet_utils/nnet_activation.h:42]   --->   Operation 14 'read' 'data_1_val_read' <Predicate = true> <Delay = 0.00>
ST_1 : Operation 15 [1/1] (0.00ns)   --->   "%trunc_ln42 = trunc i16 %data_29_val_read" [firmware/nnet_utils/nnet_activation.h:42]   --->   Operation 15 'trunc' 'trunc_ln42' <Predicate = (icmp_ln45_39)> <Delay = 0.00>
ST_1 : Operation 16 [1/1] (0.00ns)   --->   "%trunc_ln42_28 = trunc i16 %data_28_val_read" [firmware/nnet_utils/nnet_activation.h:42]   --->   Operation 16 'trunc' 'trunc_ln42_28' <Predicate = (icmp_ln45_38)> <Delay = 0.00>
ST_1 : Operation 17 [1/1] (0.00ns)   --->   "%trunc_ln42_29 = trunc i16 %data_25_val_read" [firmware/nnet_utils/nnet_activation.h:42]   --->   Operation 17 'trunc' 'trunc_ln42_29' <Predicate = (icmp_ln45_37)> <Delay = 0.00>
ST_1 : Operation 18 [1/1] (0.00ns)   --->   "%trunc_ln42_30 = trunc i16 %data_24_val_read" [firmware/nnet_utils/nnet_activation.h:42]   --->   Operation 18 'trunc' 'trunc_ln42_30' <Predicate = (icmp_ln45_36)> <Delay = 0.00>
ST_1 : Operation 19 [1/1] (0.00ns)   --->   "%trunc_ln42_31 = trunc i16 %data_22_val_read" [firmware/nnet_utils/nnet_activation.h:42]   --->   Operation 19 'trunc' 'trunc_ln42_31' <Predicate = (icmp_ln45_35)> <Delay = 0.00>
ST_1 : Operation 20 [1/1] (0.00ns)   --->   "%trunc_ln42_32 = trunc i16 %data_14_val_read" [firmware/nnet_utils/nnet_activation.h:42]   --->   Operation 20 'trunc' 'trunc_ln42_32' <Predicate = (icmp_ln45_34)> <Delay = 0.00>
ST_1 : Operation 21 [1/1] (0.00ns)   --->   "%trunc_ln42_33 = trunc i16 %data_9_val_read" [firmware/nnet_utils/nnet_activation.h:42]   --->   Operation 21 'trunc' 'trunc_ln42_33' <Predicate = (icmp_ln45_33)> <Delay = 0.00>
ST_1 : Operation 22 [1/1] (0.00ns)   --->   "%trunc_ln42_34 = trunc i16 %data_7_val_read" [firmware/nnet_utils/nnet_activation.h:42]   --->   Operation 22 'trunc' 'trunc_ln42_34' <Predicate = (icmp_ln45_32)> <Delay = 0.00>
ST_1 : Operation 23 [1/1] (0.00ns)   --->   "%trunc_ln42_35 = trunc i16 %data_5_val_read" [firmware/nnet_utils/nnet_activation.h:42]   --->   Operation 23 'trunc' 'trunc_ln42_35' <Predicate = (icmp_ln45_31)> <Delay = 0.00>
ST_1 : Operation 24 [1/1] (0.00ns)   --->   "%trunc_ln42_36 = trunc i16 %data_4_val_read" [firmware/nnet_utils/nnet_activation.h:42]   --->   Operation 24 'trunc' 'trunc_ln42_36' <Predicate = (icmp_ln45_30)> <Delay = 0.00>
ST_1 : Operation 25 [1/1] (0.00ns)   --->   "%trunc_ln42_37 = trunc i16 %data_3_val_read" [firmware/nnet_utils/nnet_activation.h:42]   --->   Operation 25 'trunc' 'trunc_ln42_37' <Predicate = (icmp_ln45_29)> <Delay = 0.00>
ST_1 : Operation 26 [1/1] (0.00ns)   --->   "%trunc_ln42_38 = trunc i16 %data_2_val_read" [firmware/nnet_utils/nnet_activation.h:42]   --->   Operation 26 'trunc' 'trunc_ln42_38' <Predicate = (icmp_ln45_28)> <Delay = 0.00>
ST_1 : Operation 27 [1/1] (0.00ns)   --->   "%trunc_ln42_39 = trunc i16 %data_1_val_read" [firmware/nnet_utils/nnet_activation.h:42]   --->   Operation 27 'trunc' 'trunc_ln42_39' <Predicate = (icmp_ln45)> <Delay = 0.00>
ST_1 : Operation 28 [1/1] (0.00ns)   --->   "%specpipeline_ln42 = specpipeline void @_ssdm_op_SpecPipeline, i32 4294967295, i32 0, i32 0, i32 0, void @empty_0" [firmware/nnet_utils/nnet_activation.h:42]   --->   Operation 28 'specpipeline' 'specpipeline_ln42' <Predicate = true> <Delay = 0.00>
ST_1 : Operation 29 [1/1] (0.78ns)   --->   "%icmp_ln45 = icmp_sgt  i16 %data_1_val_read, i16 0" [firmware/nnet_utils/nnet_activation.h:45]   --->   Operation 29 'icmp' 'icmp_ln45' <Predicate = true> <Delay = 0.78> <CoreInst = "Cmp">   --->   Core 9 'Cmp' <Latency = 0> <II = 1> <Delay = 0.78> <FuncUnit> <Opcode : 'icmp'> <InPorts = 2> <OutPorts = 1>
ST_1 : Operation 30 [1/1] (0.29ns)   --->   "%datareg = select i1 %icmp_ln45, i15 %trunc_ln42_39, i15 0" [firmware/nnet_utils/nnet_activation.h:45]   --->   Operation 30 'select' 'datareg' <Predicate = true> <Delay = 0.29> <CoreInst = "Sel">   --->   Core 73 'Sel' <Latency = 0> <II = 1> <Delay = 0.29> <FuncUnit> <Opcode : 'select'> <InPorts = 3> <OutPorts = 1>
ST_1 : Operation 31 [1/1] (0.00ns)   --->   "%zext_ln45 = zext i15 %datareg" [firmware/nnet_utils/nnet_activation.h:45]   --->   Operation 31 'zext' 'zext_ln45' <Predicate = true> <Delay = 0.00>
ST_1 : Operation 32 [1/1] (0.78ns)   --->   "%icmp_ln45_28 = icmp_sgt  i16 %data_2_val_read, i16 0" [firmware/nnet_utils/nnet_activation.h:45]   --->   Operation 32 'icmp' 'icmp_ln45_28' <Predicate = true> <Delay = 0.78> <CoreInst = "Cmp">   --->   Core 9 'Cmp' <Latency = 0> <II = 1> <Delay = 0.78> <FuncUnit> <Opcode : 'icmp'> <InPorts = 2> <OutPorts = 1>
ST_1 : Operation 33 [1/1] (0.29ns)   --->   "%datareg_28 = select i1 %icmp_ln45_28, i15 %trunc_ln42_38, i15 0" [firmware/nnet_utils/nnet_activation.h:45]   --->   Operation 33 'select' 'datareg_28' <Predicate = true> <Delay = 0.29> <CoreInst = "Sel">   --->   Core 73 'Sel' <Latency = 0> <II = 1> <Delay = 0.29> <FuncUnit> <Opcode : 'select'> <InPorts = 3> <OutPorts = 1>
ST_1 : Operation 34 [1/1] (0.00ns)   --->   "%zext_ln45_28 = zext i15 %datareg_28" [firmware/nnet_utils/nnet_activation.h:45]   --->   Operation 34 'zext' 'zext_ln45_28' <Predicate = true> <Delay = 0.00>
ST_1 : Operation 35 [1/1] (0.78ns)   --->   "%icmp_ln45_29 = icmp_sgt  i16 %data_3_val_read, i16 0" [firmware/nnet_utils/nnet_activation.h:45]   --->   Operation 35 'icmp' 'icmp_ln45_29' <Predicate = true> <Delay = 0.78> <CoreInst = "Cmp">   --->   Core 9 'Cmp' <Latency = 0> <II = 1> <Delay = 0.78> <FuncUnit> <Opcode : 'icmp'> <InPorts = 2> <OutPorts = 1>
ST_1 : Operation 36 [1/1] (0.29ns)   --->   "%datareg_29 = select i1 %icmp_ln45_29, i15 %trunc_ln42_37, i15 0" [firmware/nnet_utils/nnet_activation.h:45]   --->   Operation 36 'select' 'datareg_29' <Predicate = true> <Delay = 0.29> <CoreInst = "Sel">   --->   Core 73 'Sel' <Latency = 0> <II = 1> <Delay = 0.29> <FuncUnit> <Opcode : 'select'> <InPorts = 3> <OutPorts = 1>
ST_1 : Operation 37 [1/1] (0.00ns)   --->   "%zext_ln45_29 = zext i15 %datareg_29" [firmware/nnet_utils/nnet_activation.h:45]   --->   Operation 37 'zext' 'zext_ln45_29' <Predicate = true> <Delay = 0.00>
ST_1 : Operation 38 [1/1] (0.78ns)   --->   "%icmp_ln45_30 = icmp_sgt  i16 %data_4_val_read, i16 0" [firmware/nnet_utils/nnet_activation.h:45]   --->   Operation 38 'icmp' 'icmp_ln45_30' <Predicate = true> <Delay = 0.78> <CoreInst = "Cmp">   --->   Core 9 'Cmp' <Latency = 0> <II = 1> <Delay = 0.78> <FuncUnit> <Opcode : 'icmp'> <InPorts = 2> <OutPorts = 1>
ST_1 : Operation 39 [1/1] (0.29ns)   --->   "%datareg_30 = select i1 %icmp_ln45_30, i15 %trunc_ln42_36, i15 0" [firmware/nnet_utils/nnet_activation.h:45]   --->   Operation 39 'select' 'datareg_30' <Predicate = true> <Delay = 0.29> <CoreInst = "Sel">   --->   Core 73 'Sel' <Latency = 0> <II = 1> <Delay = 0.29> <FuncUnit> <Opcode : 'select'> <InPorts = 3> <OutPorts = 1>
ST_1 : Operation 40 [1/1] (0.00ns)   --->   "%zext_ln45_30 = zext i15 %datareg_30" [firmware/nnet_utils/nnet_activation.h:45]   --->   Operation 40 'zext' 'zext_ln45_30' <Predicate = true> <Delay = 0.00>
ST_1 : Operation 41 [1/1] (0.78ns)   --->   "%icmp_ln45_31 = icmp_sgt  i16 %data_5_val_read, i16 0" [firmware/nnet_utils/nnet_activation.h:45]   --->   Operation 41 'icmp' 'icmp_ln45_31' <Predicate = true> <Delay = 0.78> <CoreInst = "Cmp">   --->   Core 9 'Cmp' <Latency = 0> <II = 1> <Delay = 0.78> <FuncUnit> <Opcode : 'icmp'> <InPorts = 2> <OutPorts = 1>
ST_1 : Operation 42 [1/1] (0.29ns)   --->   "%datareg_31 = select i1 %icmp_ln45_31, i15 %trunc_ln42_35, i15 0" [firmware/nnet_utils/nnet_activation.h:45]   --->   Operation 42 'select' 'datareg_31' <Predicate = true> <Delay = 0.29> <CoreInst = "Sel">   --->   Core 73 'Sel' <Latency = 0> <II = 1> <Delay = 0.29> <FuncUnit> <Opcode : 'select'> <InPorts = 3> <OutPorts = 1>
ST_1 : Operation 43 [1/1] (0.00ns)   --->   "%zext_ln45_31 = zext i15 %datareg_31" [firmware/nnet_utils/nnet_activation.h:45]   --->   Operation 43 'zext' 'zext_ln45_31' <Predicate = true> <Delay = 0.00>
ST_1 : Operation 44 [1/1] (0.78ns)   --->   "%icmp_ln45_32 = icmp_sgt  i16 %data_7_val_read, i16 0" [firmware/nnet_utils/nnet_activation.h:45]   --->   Operation 44 'icmp' 'icmp_ln45_32' <Predicate = true> <Delay = 0.78> <CoreInst = "Cmp">   --->   Core 9 'Cmp' <Latency = 0> <II = 1> <Delay = 0.78> <FuncUnit> <Opcode : 'icmp'> <InPorts = 2> <OutPorts = 1>
ST_1 : Operation 45 [1/1] (0.29ns)   --->   "%datareg_32 = select i1 %icmp_ln45_32, i15 %trunc_ln42_34, i15 0" [firmware/nnet_utils/nnet_activation.h:45]   --->   Operation 45 'select' 'datareg_32' <Predicate = true> <Delay = 0.29> <CoreInst = "Sel">   --->   Core 73 'Sel' <Latency = 0> <II = 1> <Delay = 0.29> <FuncUnit> <Opcode : 'select'> <InPorts = 3> <OutPorts = 1>
ST_1 : Operation 46 [1/1] (0.00ns)   --->   "%zext_ln45_32 = zext i15 %datareg_32" [firmware/nnet_utils/nnet_activation.h:45]   --->   Operation 46 'zext' 'zext_ln45_32' <Predicate = true> <Delay = 0.00>
ST_1 : Operation 47 [1/1] (0.78ns)   --->   "%icmp_ln45_33 = icmp_sgt  i16 %data_9_val_read, i16 0" [firmware/nnet_utils/nnet_activation.h:45]   --->   Operation 47 'icmp' 'icmp_ln45_33' <Predicate = true> <Delay = 0.78> <CoreInst = "Cmp">   --->   Core 9 'Cmp' <Latency = 0> <II = 1> <Delay = 0.78> <FuncUnit> <Opcode : 'icmp'> <InPorts = 2> <OutPorts = 1>
ST_1 : Operation 48 [1/1] (0.29ns)   --->   "%datareg_33 = select i1 %icmp_ln45_33, i15 %trunc_ln42_33, i15 0" [firmware/nnet_utils/nnet_activation.h:45]   --->   Operation 48 'select' 'datareg_33' <Predicate = true> <Delay = 0.29> <CoreInst = "Sel">   --->   Core 73 'Sel' <Latency = 0> <II = 1> <Delay = 0.29> <FuncUnit> <Opcode : 'select'> <InPorts = 3> <OutPorts = 1>
ST_1 : Operation 49 [1/1] (0.00ns)   --->   "%zext_ln45_33 = zext i15 %datareg_33" [firmware/nnet_utils/nnet_activation.h:45]   --->   Operation 49 'zext' 'zext_ln45_33' <Predicate = true> <Delay = 0.00>
ST_1 : Operation 50 [1/1] (0.78ns)   --->   "%icmp_ln45_34 = icmp_sgt  i16 %data_14_val_read, i16 0" [firmware/nnet_utils/nnet_activation.h:45]   --->   Operation 50 'icmp' 'icmp_ln45_34' <Predicate = true> <Delay = 0.78> <CoreInst = "Cmp">   --->   Core 9 'Cmp' <Latency = 0> <II = 1> <Delay = 0.78> <FuncUnit> <Opcode : 'icmp'> <InPorts = 2> <OutPorts = 1>
ST_1 : Operation 51 [1/1] (0.29ns)   --->   "%datareg_34 = select i1 %icmp_ln45_34, i15 %trunc_ln42_32, i15 0" [firmware/nnet_utils/nnet_activation.h:45]   --->   Operation 51 'select' 'datareg_34' <Predicate = true> <Delay = 0.29> <CoreInst = "Sel">   --->   Core 73 'Sel' <Latency = 0> <II = 1> <Delay = 0.29> <FuncUnit> <Opcode : 'select'> <InPorts = 3> <OutPorts = 1>
ST_1 : Operation 52 [1/1] (0.00ns)   --->   "%zext_ln45_34 = zext i15 %datareg_34" [firmware/nnet_utils/nnet_activation.h:45]   --->   Operation 52 'zext' 'zext_ln45_34' <Predicate = true> <Delay = 0.00>
ST_1 : Operation 53 [1/1] (0.78ns)   --->   "%icmp_ln45_35 = icmp_sgt  i16 %data_22_val_read, i16 0" [firmware/nnet_utils/nnet_activation.h:45]   --->   Operation 53 'icmp' 'icmp_ln45_35' <Predicate = true> <Delay = 0.78> <CoreInst = "Cmp">   --->   Core 9 'Cmp' <Latency = 0> <II = 1> <Delay = 0.78> <FuncUnit> <Opcode : 'icmp'> <InPorts = 2> <OutPorts = 1>
ST_1 : Operation 54 [1/1] (0.29ns)   --->   "%datareg_35 = select i1 %icmp_ln45_35, i15 %trunc_ln42_31, i15 0" [firmware/nnet_utils/nnet_activation.h:45]   --->   Operation 54 'select' 'datareg_35' <Predicate = true> <Delay = 0.29> <CoreInst = "Sel">   --->   Core 73 'Sel' <Latency = 0> <II = 1> <Delay = 0.29> <FuncUnit> <Opcode : 'select'> <InPorts = 3> <OutPorts = 1>
ST_1 : Operation 55 [1/1] (0.00ns)   --->   "%zext_ln45_35 = zext i15 %datareg_35" [firmware/nnet_utils/nnet_activation.h:45]   --->   Operation 55 'zext' 'zext_ln45_35' <Predicate = true> <Delay = 0.00>
ST_1 : Operation 56 [1/1] (0.78ns)   --->   "%icmp_ln45_36 = icmp_sgt  i16 %data_24_val_read, i16 0" [firmware/nnet_utils/nnet_activation.h:45]   --->   Operation 56 'icmp' 'icmp_ln45_36' <Predicate = true> <Delay = 0.78> <CoreInst = "Cmp">   --->   Core 9 'Cmp' <Latency = 0> <II = 1> <Delay = 0.78> <FuncUnit> <Opcode : 'icmp'> <InPorts = 2> <OutPorts = 1>
ST_1 : Operation 57 [1/1] (0.29ns)   --->   "%datareg_36 = select i1 %icmp_ln45_36, i15 %trunc_ln42_30, i15 0" [firmware/nnet_utils/nnet_activation.h:45]   --->   Operation 57 'select' 'datareg_36' <Predicate = true> <Delay = 0.29> <CoreInst = "Sel">   --->   Core 73 'Sel' <Latency = 0> <II = 1> <Delay = 0.29> <FuncUnit> <Opcode : 'select'> <InPorts = 3> <OutPorts = 1>
ST_1 : Operation 58 [1/1] (0.00ns)   --->   "%zext_ln45_36 = zext i15 %datareg_36" [firmware/nnet_utils/nnet_activation.h:45]   --->   Operation 58 'zext' 'zext_ln45_36' <Predicate = true> <Delay = 0.00>
ST_1 : Operation 59 [1/1] (0.78ns)   --->   "%icmp_ln45_37 = icmp_sgt  i16 %data_25_val_read, i16 0" [firmware/nnet_utils/nnet_activation.h:45]   --->   Operation 59 'icmp' 'icmp_ln45_37' <Predicate = true> <Delay = 0.78> <CoreInst = "Cmp">   --->   Core 9 'Cmp' <Latency = 0> <II = 1> <Delay = 0.78> <FuncUnit> <Opcode : 'icmp'> <InPorts = 2> <OutPorts = 1>
ST_1 : Operation 60 [1/1] (0.29ns)   --->   "%datareg_37 = select i1 %icmp_ln45_37, i15 %trunc_ln42_29, i15 0" [firmware/nnet_utils/nnet_activation.h:45]   --->   Operation 60 'select' 'datareg_37' <Predicate = true> <Delay = 0.29> <CoreInst = "Sel">   --->   Core 73 'Sel' <Latency = 0> <II = 1> <Delay = 0.29> <FuncUnit> <Opcode : 'select'> <InPorts = 3> <OutPorts = 1>
ST_1 : Operation 61 [1/1] (0.00ns)   --->   "%zext_ln45_37 = zext i15 %datareg_37" [firmware/nnet_utils/nnet_activation.h:45]   --->   Operation 61 'zext' 'zext_ln45_37' <Predicate = true> <Delay = 0.00>
ST_1 : Operation 62 [1/1] (0.78ns)   --->   "%icmp_ln45_38 = icmp_sgt  i16 %data_28_val_read, i16 0" [firmware/nnet_utils/nnet_activation.h:45]   --->   Operation 62 'icmp' 'icmp_ln45_38' <Predicate = true> <Delay = 0.78> <CoreInst = "Cmp">   --->   Core 9 'Cmp' <Latency = 0> <II = 1> <Delay = 0.78> <FuncUnit> <Opcode : 'icmp'> <InPorts = 2> <OutPorts = 1>
ST_1 : Operation 63 [1/1] (0.29ns)   --->   "%datareg_38 = select i1 %icmp_ln45_38, i15 %trunc_ln42_28, i15 0" [firmware/nnet_utils/nnet_activation.h:45]   --->   Operation 63 'select' 'datareg_38' <Predicate = true> <Delay = 0.29> <CoreInst = "Sel">   --->   Core 73 'Sel' <Latency = 0> <II = 1> <Delay = 0.29> <FuncUnit> <Opcode : 'select'> <InPorts = 3> <OutPorts = 1>
ST_1 : Operation 64 [1/1] (0.00ns)   --->   "%zext_ln45_38 = zext i15 %datareg_38" [firmware/nnet_utils/nnet_activation.h:45]   --->   Operation 64 'zext' 'zext_ln45_38' <Predicate = true> <Delay = 0.00>
ST_1 : Operation 65 [1/1] (0.78ns)   --->   "%icmp_ln45_39 = icmp_sgt  i16 %data_29_val_read, i16 0" [firmware/nnet_utils/nnet_activation.h:45]   --->   Operation 65 'icmp' 'icmp_ln45_39' <Predicate = true> <Delay = 0.78> <CoreInst = "Cmp">   --->   Core 9 'Cmp' <Latency = 0> <II = 1> <Delay = 0.78> <FuncUnit> <Opcode : 'icmp'> <InPorts = 2> <OutPorts = 1>
ST_1 : Operation 66 [1/1] (0.29ns)   --->   "%datareg_39 = select i1 %icmp_ln45_39, i15 %trunc_ln42, i15 0" [firmware/nnet_utils/nnet_activation.h:45]   --->   Operation 66 'select' 'datareg_39' <Predicate = true> <Delay = 0.29> <CoreInst = "Sel">   --->   Core 73 'Sel' <Latency = 0> <II = 1> <Delay = 0.29> <FuncUnit> <Opcode : 'select'> <InPorts = 3> <OutPorts = 1>
ST_1 : Operation 67 [1/1] (0.00ns)   --->   "%zext_ln45_39 = zext i15 %datareg_39" [firmware/nnet_utils/nnet_activation.h:45]   --->   Operation 67 'zext' 'zext_ln45_39' <Predicate = true> <Delay = 0.00>
ST_1 : Operation 68 [1/1] (0.00ns)   --->   "%newret = insertvalue i208 <undef>, i16 %zext_ln45" [firmware/nnet_utils/nnet_activation.h:45]   --->   Operation 68 'insertvalue' 'newret' <Predicate = true> <Delay = 0.00>
ST_1 : Operation 69 [1/1] (0.00ns)   --->   "%newret2 = insertvalue i208 %newret, i16 %zext_ln45_28" [firmware/nnet_utils/nnet_activation.h:45]   --->   Operation 69 'insertvalue' 'newret2' <Predicate = true> <Delay = 0.00>
ST_1 : Operation 70 [1/1] (0.00ns)   --->   "%newret4 = insertvalue i208 %newret2, i16 %zext_ln45_29" [firmware/nnet_utils/nnet_activation.h:45]   --->   Operation 70 'insertvalue' 'newret4' <Predicate = true> <Delay = 0.00>
ST_1 : Operation 71 [1/1] (0.00ns)   --->   "%newret6 = insertvalue i208 %newret4, i16 %zext_ln45_30" [firmware/nnet_utils/nnet_activation.h:45]   --->   Operation 71 'insertvalue' 'newret6' <Predicate = true> <Delay = 0.00>
ST_1 : Operation 72 [1/1] (0.00ns)   --->   "%newret8 = insertvalue i208 %newret6, i16 %zext_ln45_31" [firmware/nnet_utils/nnet_activation.h:45]   --->   Operation 72 'insertvalue' 'newret8' <Predicate = true> <Delay = 0.00>
ST_1 : Operation 73 [1/1] (0.00ns)   --->   "%newret10 = insertvalue i208 %newret8, i16 %zext_ln45_32" [firmware/nnet_utils/nnet_activation.h:45]   --->   Operation 73 'insertvalue' 'newret10' <Predicate = true> <Delay = 0.00>
ST_1 : Operation 74 [1/1] (0.00ns)   --->   "%newret12 = insertvalue i208 %newret10, i16 %zext_ln45_33" [firmware/nnet_utils/nnet_activation.h:45]   --->   Operation 74 'insertvalue' 'newret12' <Predicate = true> <Delay = 0.00>
ST_1 : Operation 75 [1/1] (0.00ns)   --->   "%newret14 = insertvalue i208 %newret12, i16 %zext_ln45_34" [firmware/nnet_utils/nnet_activation.h:45]   --->   Operation 75 'insertvalue' 'newret14' <Predicate = true> <Delay = 0.00>
ST_1 : Operation 76 [1/1] (0.00ns)   --->   "%newret16 = insertvalue i208 %newret14, i16 %zext_ln45_35" [firmware/nnet_utils/nnet_activation.h:45]   --->   Operation 76 'insertvalue' 'newret16' <Predicate = true> <Delay = 0.00>
ST_1 : Operation 77 [1/1] (0.00ns)   --->   "%newret18 = insertvalue i208 %newret16, i16 %zext_ln45_36" [firmware/nnet_utils/nnet_activation.h:45]   --->   Operation 77 'insertvalue' 'newret18' <Predicate = true> <Delay = 0.00>
ST_1 : Operation 78 [1/1] (0.00ns)   --->   "%newret20 = insertvalue i208 %newret18, i16 %zext_ln45_37" [firmware/nnet_utils/nnet_activation.h:45]   --->   Operation 78 'insertvalue' 'newret20' <Predicate = true> <Delay = 0.00>
ST_1 : Operation 79 [1/1] (0.00ns)   --->   "%newret22 = insertvalue i208 %newret20, i16 %zext_ln45_38" [firmware/nnet_utils/nnet_activation.h:45]   --->   Operation 79 'insertvalue' 'newret22' <Predicate = true> <Delay = 0.00>
ST_1 : Operation 80 [1/1] (0.00ns)   --->   "%newret24 = insertvalue i208 %newret22, i16 %zext_ln45_39" [firmware/nnet_utils/nnet_activation.h:45]   --->   Operation 80 'insertvalue' 'newret24' <Predicate = true> <Delay = 0.00>
ST_1 : Operation 81 [1/1] (0.00ns)   --->   "%ret_ln45 = ret i208 %newret24" [firmware/nnet_utils/nnet_activation.h:45]   --->   Operation 81 'ret' 'ret_ln45' <Predicate = true> <Delay = 0.00>


============================================================
+ Verbose Summary: Timing violations
============================================================
Target clock period: 5.000ns, clock uncertainty: 1.350ns.

 <State 1>: 1.078ns
The critical path consists of the following:
	wire read operation ('data_1_val_read', firmware/nnet_utils/nnet_activation.h:42) on port 'data_1_val' (firmware/nnet_utils/nnet_activation.h:42) [26]  (0.000 ns)
	'icmp' operation 1 bit ('icmp_ln45', firmware/nnet_utils/nnet_activation.h:45) [41]  (0.785 ns)
	'select' operation 15 bit ('datareg', firmware/nnet_utils/nnet_activation.h:45) [42]  (0.292 ns)


============================================================
+ Verbose Summary: Binding
============================================================
N/A
* FSMD analyzer results:
  - Output states:
 - Input state : 
  - Chain level:
	State 1


============================================================
+ Verbose Summary: Datapath Resource usage 
============================================================
N/A
