

================================================================
== Vitis HLS Report for 'relu_ap_fixed_16_6_5_3_0_ap_fixed_16_6_5_3_0_ReLU_config6_s'
================================================================
* Date:           Fri Oct 17 12:08:04 2025

* Version:        2023.2 (Build 4023990 on Oct 11 2023)
* Project:        myproject_prj
* Solution:       solution1 (Vivado IP Flow Target)
* Product family: virtexuplus
* Target device:  xcu250-figd2104-2L-e


================================================================
== Performance Estimates
================================================================
+ Timing: 
    * Summary: 
    +--------+---------+----------+------------+
    |  Clock |  Target | Estimated| Uncertainty|
    +--------+---------+----------+------------+
    |ap_clk  |  5.00 ns|  1.078 ns|     1.35 ns|
    +--------+---------+----------+------------+

+ Latency: 
    * Summary: 
    +---------+---------+----------+----------+-----+-----+---------+
    |  Latency (cycles) |  Latency (absolute) |  Interval | Pipeline|
    |   min   |   max   |    min   |    max   | min | max |   Type  |
    +---------+---------+----------+----------+-----+-----+---------+
    |        0|        0|      0 ns|      0 ns|    1|    1|      yes|
    +---------+---------+----------+----------+-----+-----+---------+

    + Detail: 
        * Instance: 
        N/A

        * Loop: 
        N/A

============================================================
+ Verbose Summary: Synthesis Manager
============================================================
InlineROM: 1
ExposeGlobal: 0
============================================================
+ Verbose Summary: CDFG Model
============================================================
IsTopModel: 0
ResetActiveHigh: 1
IsCombinational: 0
IsDatapathOnly: 0
HasWiredReturn: 1
HasMFsm: 2
HasVarLatency: 0
IsPipeline: 1
IsRtlPipelined: 0
IsInstanceOverlapped: 0
IsDontTouch: 0
HasImplIP: 0
IsGatedGlobalClock: 0

+ Individual pipeline summary: 
  * Pipeline-0: initiation interval (II) = 1, depth = 1


============================================================
+ Verbose Summary: Schedule
============================================================
* Number of FSM states : 1
* Pipeline : 1
  Pipeline-0 : II = 1, D = 1, States = { 1 }
* Dataflow Pipeline: 0

* FSM state transitions: 
1 --> 

* FSM state operations: 

State 1 <SV = 0> <Delay = 1.07>
ST_1 : Operation 2 [1/1] (0.00ns)   --->   "%data_60_val_read = read i16 @_ssdm_op_Read.ap_auto.i16, i16 %data_60_val" [firmware/nnet_utils/nnet_activation.h:42]   --->   Operation 2 'read' 'data_60_val_read' <Predicate = true> <Delay = 0.00>
ST_1 : Operation 3 [1/1] (0.00ns)   --->   "%data_59_val_read = read i16 @_ssdm_op_Read.ap_auto.i16, i16 %data_59_val" [firmware/nnet_utils/nnet_activation.h:42]   --->   Operation 3 'read' 'data_59_val_read' <Predicate = true> <Delay = 0.00>
ST_1 : Operation 4 [1/1] (0.00ns)   --->   "%data_58_val_read = read i16 @_ssdm_op_Read.ap_auto.i16, i16 %data_58_val" [firmware/nnet_utils/nnet_activation.h:42]   --->   Operation 4 'read' 'data_58_val_read' <Predicate = true> <Delay = 0.00>
ST_1 : Operation 5 [1/1] (0.00ns)   --->   "%data_56_val_read = read i16 @_ssdm_op_Read.ap_auto.i16, i16 %data_56_val" [firmware/nnet_utils/nnet_activation.h:42]   --->   Operation 5 'read' 'data_56_val_read' <Predicate = true> <Delay = 0.00>
ST_1 : Operation 6 [1/1] (0.00ns)   --->   "%data_55_val_read = read i16 @_ssdm_op_Read.ap_auto.i16, i16 %data_55_val" [firmware/nnet_utils/nnet_activation.h:42]   --->   Operation 6 'read' 'data_55_val_read' <Predicate = true> <Delay = 0.00>
ST_1 : Operation 7 [1/1] (0.00ns)   --->   "%data_54_val_read = read i16 @_ssdm_op_Read.ap_auto.i16, i16 %data_54_val" [firmware/nnet_utils/nnet_activation.h:42]   --->   Operation 7 'read' 'data_54_val_read' <Predicate = true> <Delay = 0.00>
ST_1 : Operation 8 [1/1] (0.00ns)   --->   "%data_52_val_read = read i16 @_ssdm_op_Read.ap_auto.i16, i16 %data_52_val" [firmware/nnet_utils/nnet_activation.h:42]   --->   Operation 8 'read' 'data_52_val_read' <Predicate = true> <Delay = 0.00>
ST_1 : Operation 9 [1/1] (0.00ns)   --->   "%data_51_val_read = read i16 @_ssdm_op_Read.ap_auto.i16, i16 %data_51_val" [firmware/nnet_utils/nnet_activation.h:42]   --->   Operation 9 'read' 'data_51_val_read' <Predicate = true> <Delay = 0.00>
ST_1 : Operation 10 [1/1] (0.00ns)   --->   "%data_49_val_read = read i16 @_ssdm_op_Read.ap_auto.i16, i16 %data_49_val" [firmware/nnet_utils/nnet_activation.h:42]   --->   Operation 10 'read' 'data_49_val_read' <Predicate = true> <Delay = 0.00>
ST_1 : Operation 11 [1/1] (0.00ns)   --->   "%data_48_val_read = read i16 @_ssdm_op_Read.ap_auto.i16, i16 %data_48_val" [firmware/nnet_utils/nnet_activation.h:42]   --->   Operation 11 'read' 'data_48_val_read' <Predicate = true> <Delay = 0.00>
ST_1 : Operation 12 [1/1] (0.00ns)   --->   "%data_47_val_read = read i16 @_ssdm_op_Read.ap_auto.i16, i16 %data_47_val" [firmware/nnet_utils/nnet_activation.h:42]   --->   Operation 12 'read' 'data_47_val_read' <Predicate = true> <Delay = 0.00>
ST_1 : Operation 13 [1/1] (0.00ns)   --->   "%data_46_val_read = read i16 @_ssdm_op_Read.ap_auto.i16, i16 %data_46_val" [firmware/nnet_utils/nnet_activation.h:42]   --->   Operation 13 'read' 'data_46_val_read' <Predicate = true> <Delay = 0.00>
ST_1 : Operation 14 [1/1] (0.00ns)   --->   "%data_36_val_read = read i16 @_ssdm_op_Read.ap_auto.i16, i16 %data_36_val" [firmware/nnet_utils/nnet_activation.h:42]   --->   Operation 14 'read' 'data_36_val_read' <Predicate = true> <Delay = 0.00>
ST_1 : Operation 15 [1/1] (0.00ns)   --->   "%data_35_val_read = read i16 @_ssdm_op_Read.ap_auto.i16, i16 %data_35_val" [firmware/nnet_utils/nnet_activation.h:42]   --->   Operation 15 'read' 'data_35_val_read' <Predicate = true> <Delay = 0.00>
ST_1 : Operation 16 [1/1] (0.00ns)   --->   "%data_31_val_read = read i16 @_ssdm_op_Read.ap_auto.i16, i16 %data_31_val" [firmware/nnet_utils/nnet_activation.h:42]   --->   Operation 16 'read' 'data_31_val_read' <Predicate = true> <Delay = 0.00>
ST_1 : Operation 17 [1/1] (0.00ns)   --->   "%data_30_val_read = read i16 @_ssdm_op_Read.ap_auto.i16, i16 %data_30_val" [firmware/nnet_utils/nnet_activation.h:42]   --->   Operation 17 'read' 'data_30_val_read' <Predicate = true> <Delay = 0.00>
ST_1 : Operation 18 [1/1] (0.00ns)   --->   "%data_29_val_read = read i16 @_ssdm_op_Read.ap_auto.i16, i16 %data_29_val" [firmware/nnet_utils/nnet_activation.h:42]   --->   Operation 18 'read' 'data_29_val_read' <Predicate = true> <Delay = 0.00>
ST_1 : Operation 19 [1/1] (0.00ns)   --->   "%data_25_val_read = read i16 @_ssdm_op_Read.ap_auto.i16, i16 %data_25_val" [firmware/nnet_utils/nnet_activation.h:42]   --->   Operation 19 'read' 'data_25_val_read' <Predicate = true> <Delay = 0.00>
ST_1 : Operation 20 [1/1] (0.00ns)   --->   "%data_20_val_read = read i16 @_ssdm_op_Read.ap_auto.i16, i16 %data_20_val" [firmware/nnet_utils/nnet_activation.h:42]   --->   Operation 20 'read' 'data_20_val_read' <Predicate = true> <Delay = 0.00>
ST_1 : Operation 21 [1/1] (0.00ns)   --->   "%data_17_val_read = read i16 @_ssdm_op_Read.ap_auto.i16, i16 %data_17_val" [firmware/nnet_utils/nnet_activation.h:42]   --->   Operation 21 'read' 'data_17_val_read' <Predicate = true> <Delay = 0.00>
ST_1 : Operation 22 [1/1] (0.00ns)   --->   "%data_16_val_read = read i16 @_ssdm_op_Read.ap_auto.i16, i16 %data_16_val" [firmware/nnet_utils/nnet_activation.h:42]   --->   Operation 22 'read' 'data_16_val_read' <Predicate = true> <Delay = 0.00>
ST_1 : Operation 23 [1/1] (0.00ns)   --->   "%data_9_val_read = read i16 @_ssdm_op_Read.ap_auto.i16, i16 %data_9_val" [firmware/nnet_utils/nnet_activation.h:42]   --->   Operation 23 'read' 'data_9_val_read' <Predicate = true> <Delay = 0.00>
ST_1 : Operation 24 [1/1] (0.00ns)   --->   "%data_8_val_read = read i16 @_ssdm_op_Read.ap_auto.i16, i16 %data_8_val" [firmware/nnet_utils/nnet_activation.h:42]   --->   Operation 24 'read' 'data_8_val_read' <Predicate = true> <Delay = 0.00>
ST_1 : Operation 25 [1/1] (0.00ns)   --->   "%data_7_val_read = read i16 @_ssdm_op_Read.ap_auto.i16, i16 %data_7_val" [firmware/nnet_utils/nnet_activation.h:42]   --->   Operation 25 'read' 'data_7_val_read' <Predicate = true> <Delay = 0.00>
ST_1 : Operation 26 [1/1] (0.00ns)   --->   "%data_5_val_read = read i16 @_ssdm_op_Read.ap_auto.i16, i16 %data_5_val" [firmware/nnet_utils/nnet_activation.h:42]   --->   Operation 26 'read' 'data_5_val_read' <Predicate = true> <Delay = 0.00>
ST_1 : Operation 27 [1/1] (0.00ns)   --->   "%data_4_val_read = read i16 @_ssdm_op_Read.ap_auto.i16, i16 %data_4_val" [firmware/nnet_utils/nnet_activation.h:42]   --->   Operation 27 'read' 'data_4_val_read' <Predicate = true> <Delay = 0.00>
ST_1 : Operation 28 [1/1] (0.00ns)   --->   "%data_1_val_read = read i16 @_ssdm_op_Read.ap_auto.i16, i16 %data_1_val" [firmware/nnet_utils/nnet_activation.h:42]   --->   Operation 28 'read' 'data_1_val_read' <Predicate = true> <Delay = 0.00>
ST_1 : Operation 29 [1/1] (0.00ns)   --->   "%data_0_val_read = read i16 @_ssdm_op_Read.ap_auto.i16, i16 %data_0_val" [firmware/nnet_utils/nnet_activation.h:42]   --->   Operation 29 'read' 'data_0_val_read' <Predicate = true> <Delay = 0.00>
ST_1 : Operation 30 [1/1] (0.00ns)   --->   "%trunc_ln42 = trunc i16 %data_60_val_read" [firmware/nnet_utils/nnet_activation.h:42]   --->   Operation 30 'trunc' 'trunc_ln42' <Predicate = (icmp_ln45_27)> <Delay = 0.00>
ST_1 : Operation 31 [1/1] (0.00ns)   --->   "%trunc_ln42_1 = trunc i16 %data_59_val_read" [firmware/nnet_utils/nnet_activation.h:42]   --->   Operation 31 'trunc' 'trunc_ln42_1' <Predicate = (icmp_ln45_26)> <Delay = 0.00>
ST_1 : Operation 32 [1/1] (0.00ns)   --->   "%trunc_ln42_2 = trunc i16 %data_58_val_read" [firmware/nnet_utils/nnet_activation.h:42]   --->   Operation 32 'trunc' 'trunc_ln42_2' <Predicate = (icmp_ln45_25)> <Delay = 0.00>
ST_1 : Operation 33 [1/1] (0.00ns)   --->   "%trunc_ln42_3 = trunc i16 %data_56_val_read" [firmware/nnet_utils/nnet_activation.h:42]   --->   Operation 33 'trunc' 'trunc_ln42_3' <Predicate = (icmp_ln45_24)> <Delay = 0.00>
ST_1 : Operation 34 [1/1] (0.00ns)   --->   "%trunc_ln42_4 = trunc i16 %data_55_val_read" [firmware/nnet_utils/nnet_activation.h:42]   --->   Operation 34 'trunc' 'trunc_ln42_4' <Predicate = (icmp_ln45_23)> <Delay = 0.00>
ST_1 : Operation 35 [1/1] (0.00ns)   --->   "%trunc_ln42_5 = trunc i16 %data_54_val_read" [firmware/nnet_utils/nnet_activation.h:42]   --->   Operation 35 'trunc' 'trunc_ln42_5' <Predicate = (icmp_ln45_22)> <Delay = 0.00>
ST_1 : Operation 36 [1/1] (0.00ns)   --->   "%trunc_ln42_6 = trunc i16 %data_52_val_read" [firmware/nnet_utils/nnet_activation.h:42]   --->   Operation 36 'trunc' 'trunc_ln42_6' <Predicate = (icmp_ln45_21)> <Delay = 0.00>
ST_1 : Operation 37 [1/1] (0.00ns)   --->   "%trunc_ln42_7 = trunc i16 %data_51_val_read" [firmware/nnet_utils/nnet_activation.h:42]   --->   Operation 37 'trunc' 'trunc_ln42_7' <Predicate = (icmp_ln45_20)> <Delay = 0.00>
ST_1 : Operation 38 [1/1] (0.00ns)   --->   "%trunc_ln42_8 = trunc i16 %data_49_val_read" [firmware/nnet_utils/nnet_activation.h:42]   --->   Operation 38 'trunc' 'trunc_ln42_8' <Predicate = (icmp_ln45_19)> <Delay = 0.00>
ST_1 : Operation 39 [1/1] (0.00ns)   --->   "%trunc_ln42_9 = trunc i16 %data_48_val_read" [firmware/nnet_utils/nnet_activation.h:42]   --->   Operation 39 'trunc' 'trunc_ln42_9' <Predicate = (icmp_ln45_18)> <Delay = 0.00>
ST_1 : Operation 40 [1/1] (0.00ns)   --->   "%trunc_ln42_10 = trunc i16 %data_47_val_read" [firmware/nnet_utils/nnet_activation.h:42]   --->   Operation 40 'trunc' 'trunc_ln42_10' <Predicate = (icmp_ln45_17)> <Delay = 0.00>
ST_1 : Operation 41 [1/1] (0.00ns)   --->   "%trunc_ln42_11 = trunc i16 %data_46_val_read" [firmware/nnet_utils/nnet_activation.h:42]   --->   Operation 41 'trunc' 'trunc_ln42_11' <Predicate = (icmp_ln45_16)> <Delay = 0.00>
ST_1 : Operation 42 [1/1] (0.00ns)   --->   "%trunc_ln42_12 = trunc i16 %data_36_val_read" [firmware/nnet_utils/nnet_activation.h:42]   --->   Operation 42 'trunc' 'trunc_ln42_12' <Predicate = (icmp_ln45_15)> <Delay = 0.00>
ST_1 : Operation 43 [1/1] (0.00ns)   --->   "%trunc_ln42_13 = trunc i16 %data_35_val_read" [firmware/nnet_utils/nnet_activation.h:42]   --->   Operation 43 'trunc' 'trunc_ln42_13' <Predicate = (icmp_ln45_14)> <Delay = 0.00>
ST_1 : Operation 44 [1/1] (0.00ns)   --->   "%trunc_ln42_14 = trunc i16 %data_31_val_read" [firmware/nnet_utils/nnet_activation.h:42]   --->   Operation 44 'trunc' 'trunc_ln42_14' <Predicate = (icmp_ln45_13)> <Delay = 0.00>
ST_1 : Operation 45 [1/1] (0.00ns)   --->   "%trunc_ln42_15 = trunc i16 %data_30_val_read" [firmware/nnet_utils/nnet_activation.h:42]   --->   Operation 45 'trunc' 'trunc_ln42_15' <Predicate = (icmp_ln45_12)> <Delay = 0.00>
ST_1 : Operation 46 [1/1] (0.00ns)   --->   "%trunc_ln42_16 = trunc i16 %data_29_val_read" [firmware/nnet_utils/nnet_activation.h:42]   --->   Operation 46 'trunc' 'trunc_ln42_16' <Predicate = (icmp_ln45_11)> <Delay = 0.00>
ST_1 : Operation 47 [1/1] (0.00ns)   --->   "%trunc_ln42_17 = trunc i16 %data_25_val_read" [firmware/nnet_utils/nnet_activation.h:42]   --->   Operation 47 'trunc' 'trunc_ln42_17' <Predicate = (icmp_ln45_10)> <Delay = 0.00>
ST_1 : Operation 48 [1/1] (0.00ns)   --->   "%trunc_ln42_18 = trunc i16 %data_20_val_read" [firmware/nnet_utils/nnet_activation.h:42]   --->   Operation 48 'trunc' 'trunc_ln42_18' <Predicate = (icmp_ln45_9)> <Delay = 0.00>
ST_1 : Operation 49 [1/1] (0.00ns)   --->   "%trunc_ln42_19 = trunc i16 %data_17_val_read" [firmware/nnet_utils/nnet_activation.h:42]   --->   Operation 49 'trunc' 'trunc_ln42_19' <Predicate = (icmp_ln45_8)> <Delay = 0.00>
ST_1 : Operation 50 [1/1] (0.00ns)   --->   "%trunc_ln42_20 = trunc i16 %data_16_val_read" [firmware/nnet_utils/nnet_activation.h:42]   --->   Operation 50 'trunc' 'trunc_ln42_20' <Predicate = (icmp_ln45_7)> <Delay = 0.00>
ST_1 : Operation 51 [1/1] (0.00ns)   --->   "%trunc_ln42_21 = trunc i16 %data_9_val_read" [firmware/nnet_utils/nnet_activation.h:42]   --->   Operation 51 'trunc' 'trunc_ln42_21' <Predicate = (icmp_ln45_6)> <Delay = 0.00>
ST_1 : Operation 52 [1/1] (0.00ns)   --->   "%trunc_ln42_22 = trunc i16 %data_8_val_read" [firmware/nnet_utils/nnet_activation.h:42]   --->   Operation 52 'trunc' 'trunc_ln42_22' <Predicate = (icmp_ln45_5)> <Delay = 0.00>
ST_1 : Operation 53 [1/1] (0.00ns)   --->   "%trunc_ln42_23 = trunc i16 %data_7_val_read" [firmware/nnet_utils/nnet_activation.h:42]   --->   Operation 53 'trunc' 'trunc_ln42_23' <Predicate = (icmp_ln45_4)> <Delay = 0.00>
ST_1 : Operation 54 [1/1] (0.00ns)   --->   "%trunc_ln42_24 = trunc i16 %data_5_val_read" [firmware/nnet_utils/nnet_activation.h:42]   --->   Operation 54 'trunc' 'trunc_ln42_24' <Predicate = (icmp_ln45_3)> <Delay = 0.00>
ST_1 : Operation 55 [1/1] (0.00ns)   --->   "%trunc_ln42_25 = trunc i16 %data_4_val_read" [firmware/nnet_utils/nnet_activation.h:42]   --->   Operation 55 'trunc' 'trunc_ln42_25' <Predicate = (icmp_ln45_2)> <Delay = 0.00>
ST_1 : Operation 56 [1/1] (0.00ns)   --->   "%trunc_ln42_26 = trunc i16 %data_1_val_read" [firmware/nnet_utils/nnet_activation.h:42]   --->   Operation 56 'trunc' 'trunc_ln42_26' <Predicate = (icmp_ln45_1)> <Delay = 0.00>
ST_1 : Operation 57 [1/1] (0.00ns)   --->   "%trunc_ln42_27 = trunc i16 %data_0_val_read" [firmware/nnet_utils/nnet_activation.h:42]   --->   Operation 57 'trunc' 'trunc_ln42_27' <Predicate = (icmp_ln45)> <Delay = 0.00>
ST_1 : Operation 58 [1/1] (0.00ns)   --->   "%specpipeline_ln42 = specpipeline void @_ssdm_op_SpecPipeline, i32 4294967295, i32 0, i32 0, i32 0, void @empty_0" [firmware/nnet_utils/nnet_activation.h:42]   --->   Operation 58 'specpipeline' 'specpipeline_ln42' <Predicate = true> <Delay = 0.00>
ST_1 : Operation 59 [1/1] (0.78ns)   --->   "%icmp_ln45 = icmp_sgt  i16 %data_0_val_read, i16 0" [firmware/nnet_utils/nnet_activation.h:45]   --->   Operation 59 'icmp' 'icmp_ln45' <Predicate = true> <Delay = 0.78> <CoreInst = "Cmp">   --->   Core 9 'Cmp' <Latency = 0> <II = 1> <Delay = 0.78> <FuncUnit> <Opcode : 'icmp'> <InPorts = 2> <OutPorts = 1>
ST_1 : Operation 60 [1/1] (0.29ns)   --->   "%datareg = select i1 %icmp_ln45, i15 %trunc_ln42_27, i15 0" [firmware/nnet_utils/nnet_activation.h:45]   --->   Operation 60 'select' 'datareg' <Predicate = true> <Delay = 0.29> <CoreInst = "Sel">   --->   Core 73 'Sel' <Latency = 0> <II = 1> <Delay = 0.29> <FuncUnit> <Opcode : 'select'> <InPorts = 3> <OutPorts = 1>
ST_1 : Operation 61 [1/1] (0.00ns)   --->   "%zext_ln45 = zext i15 %datareg" [firmware/nnet_utils/nnet_activation.h:45]   --->   Operation 61 'zext' 'zext_ln45' <Predicate = true> <Delay = 0.00>
ST_1 : Operation 62 [1/1] (0.78ns)   --->   "%icmp_ln45_1 = icmp_sgt  i16 %data_1_val_read, i16 0" [firmware/nnet_utils/nnet_activation.h:45]   --->   Operation 62 'icmp' 'icmp_ln45_1' <Predicate = true> <Delay = 0.78> <CoreInst = "Cmp">   --->   Core 9 'Cmp' <Latency = 0> <II = 1> <Delay = 0.78> <FuncUnit> <Opcode : 'icmp'> <InPorts = 2> <OutPorts = 1>
ST_1 : Operation 63 [1/1] (0.29ns)   --->   "%datareg_1 = select i1 %icmp_ln45_1, i15 %trunc_ln42_26, i15 0" [firmware/nnet_utils/nnet_activation.h:45]   --->   Operation 63 'select' 'datareg_1' <Predicate = true> <Delay = 0.29> <CoreInst = "Sel">   --->   Core 73 'Sel' <Latency = 0> <II = 1> <Delay = 0.29> <FuncUnit> <Opcode : 'select'> <InPorts = 3> <OutPorts = 1>
ST_1 : Operation 64 [1/1] (0.00ns)   --->   "%zext_ln45_1 = zext i15 %datareg_1" [firmware/nnet_utils/nnet_activation.h:45]   --->   Operation 64 'zext' 'zext_ln45_1' <Predicate = true> <Delay = 0.00>
ST_1 : Operation 65 [1/1] (0.78ns)   --->   "%icmp_ln45_2 = icmp_sgt  i16 %data_4_val_read, i16 0" [firmware/nnet_utils/nnet_activation.h:45]   --->   Operation 65 'icmp' 'icmp_ln45_2' <Predicate = true> <Delay = 0.78> <CoreInst = "Cmp">   --->   Core 9 'Cmp' <Latency = 0> <II = 1> <Delay = 0.78> <FuncUnit> <Opcode : 'icmp'> <InPorts = 2> <OutPorts = 1>
ST_1 : Operation 66 [1/1] (0.29ns)   --->   "%datareg_2 = select i1 %icmp_ln45_2, i15 %trunc_ln42_25, i15 0" [firmware/nnet_utils/nnet_activation.h:45]   --->   Operation 66 'select' 'datareg_2' <Predicate = true> <Delay = 0.29> <CoreInst = "Sel">   --->   Core 73 'Sel' <Latency = 0> <II = 1> <Delay = 0.29> <FuncUnit> <Opcode : 'select'> <InPorts = 3> <OutPorts = 1>
ST_1 : Operation 67 [1/1] (0.00ns)   --->   "%zext_ln45_2 = zext i15 %datareg_2" [firmware/nnet_utils/nnet_activation.h:45]   --->   Operation 67 'zext' 'zext_ln45_2' <Predicate = true> <Delay = 0.00>
ST_1 : Operation 68 [1/1] (0.78ns)   --->   "%icmp_ln45_3 = icmp_sgt  i16 %data_5_val_read, i16 0" [firmware/nnet_utils/nnet_activation.h:45]   --->   Operation 68 'icmp' 'icmp_ln45_3' <Predicate = true> <Delay = 0.78> <CoreInst = "Cmp">   --->   Core 9 'Cmp' <Latency = 0> <II = 1> <Delay = 0.78> <FuncUnit> <Opcode : 'icmp'> <InPorts = 2> <OutPorts = 1>
ST_1 : Operation 69 [1/1] (0.29ns)   --->   "%datareg_3 = select i1 %icmp_ln45_3, i15 %trunc_ln42_24, i15 0" [firmware/nnet_utils/nnet_activation.h:45]   --->   Operation 69 'select' 'datareg_3' <Predicate = true> <Delay = 0.29> <CoreInst = "Sel">   --->   Core 73 'Sel' <Latency = 0> <II = 1> <Delay = 0.29> <FuncUnit> <Opcode : 'select'> <InPorts = 3> <OutPorts = 1>
ST_1 : Operation 70 [1/1] (0.00ns)   --->   "%zext_ln45_3 = zext i15 %datareg_3" [firmware/nnet_utils/nnet_activation.h:45]   --->   Operation 70 'zext' 'zext_ln45_3' <Predicate = true> <Delay = 0.00>
ST_1 : Operation 71 [1/1] (0.78ns)   --->   "%icmp_ln45_4 = icmp_sgt  i16 %data_7_val_read, i16 0" [firmware/nnet_utils/nnet_activation.h:45]   --->   Operation 71 'icmp' 'icmp_ln45_4' <Predicate = true> <Delay = 0.78> <CoreInst = "Cmp">   --->   Core 9 'Cmp' <Latency = 0> <II = 1> <Delay = 0.78> <FuncUnit> <Opcode : 'icmp'> <InPorts = 2> <OutPorts = 1>
ST_1 : Operation 72 [1/1] (0.29ns)   --->   "%datareg_4 = select i1 %icmp_ln45_4, i15 %trunc_ln42_23, i15 0" [firmware/nnet_utils/nnet_activation.h:45]   --->   Operation 72 'select' 'datareg_4' <Predicate = true> <Delay = 0.29> <CoreInst = "Sel">   --->   Core 73 'Sel' <Latency = 0> <II = 1> <Delay = 0.29> <FuncUnit> <Opcode : 'select'> <InPorts = 3> <OutPorts = 1>
ST_1 : Operation 73 [1/1] (0.00ns)   --->   "%zext_ln45_4 = zext i15 %datareg_4" [firmware/nnet_utils/nnet_activation.h:45]   --->   Operation 73 'zext' 'zext_ln45_4' <Predicate = true> <Delay = 0.00>
ST_1 : Operation 74 [1/1] (0.78ns)   --->   "%icmp_ln45_5 = icmp_sgt  i16 %data_8_val_read, i16 0" [firmware/nnet_utils/nnet_activation.h:45]   --->   Operation 74 'icmp' 'icmp_ln45_5' <Predicate = true> <Delay = 0.78> <CoreInst = "Cmp">   --->   Core 9 'Cmp' <Latency = 0> <II = 1> <Delay = 0.78> <FuncUnit> <Opcode : 'icmp'> <InPorts = 2> <OutPorts = 1>
ST_1 : Operation 75 [1/1] (0.29ns)   --->   "%datareg_5 = select i1 %icmp_ln45_5, i15 %trunc_ln42_22, i15 0" [firmware/nnet_utils/nnet_activation.h:45]   --->   Operation 75 'select' 'datareg_5' <Predicate = true> <Delay = 0.29> <CoreInst = "Sel">   --->   Core 73 'Sel' <Latency = 0> <II = 1> <Delay = 0.29> <FuncUnit> <Opcode : 'select'> <InPorts = 3> <OutPorts = 1>
ST_1 : Operation 76 [1/1] (0.00ns)   --->   "%zext_ln45_5 = zext i15 %datareg_5" [firmware/nnet_utils/nnet_activation.h:45]   --->   Operation 76 'zext' 'zext_ln45_5' <Predicate = true> <Delay = 0.00>
ST_1 : Operation 77 [1/1] (0.78ns)   --->   "%icmp_ln45_6 = icmp_sgt  i16 %data_9_val_read, i16 0" [firmware/nnet_utils/nnet_activation.h:45]   --->   Operation 77 'icmp' 'icmp_ln45_6' <Predicate = true> <Delay = 0.78> <CoreInst = "Cmp">   --->   Core 9 'Cmp' <Latency = 0> <II = 1> <Delay = 0.78> <FuncUnit> <Opcode : 'icmp'> <InPorts = 2> <OutPorts = 1>
ST_1 : Operation 78 [1/1] (0.29ns)   --->   "%datareg_6 = select i1 %icmp_ln45_6, i15 %trunc_ln42_21, i15 0" [firmware/nnet_utils/nnet_activation.h:45]   --->   Operation 78 'select' 'datareg_6' <Predicate = true> <Delay = 0.29> <CoreInst = "Sel">   --->   Core 73 'Sel' <Latency = 0> <II = 1> <Delay = 0.29> <FuncUnit> <Opcode : 'select'> <InPorts = 3> <OutPorts = 1>
ST_1 : Operation 79 [1/1] (0.00ns)   --->   "%zext_ln45_6 = zext i15 %datareg_6" [firmware/nnet_utils/nnet_activation.h:45]   --->   Operation 79 'zext' 'zext_ln45_6' <Predicate = true> <Delay = 0.00>
ST_1 : Operation 80 [1/1] (0.78ns)   --->   "%icmp_ln45_7 = icmp_sgt  i16 %data_16_val_read, i16 0" [firmware/nnet_utils/nnet_activation.h:45]   --->   Operation 80 'icmp' 'icmp_ln45_7' <Predicate = true> <Delay = 0.78> <CoreInst = "Cmp">   --->   Core 9 'Cmp' <Latency = 0> <II = 1> <Delay = 0.78> <FuncUnit> <Opcode : 'icmp'> <InPorts = 2> <OutPorts = 1>
ST_1 : Operation 81 [1/1] (0.29ns)   --->   "%datareg_7 = select i1 %icmp_ln45_7, i15 %trunc_ln42_20, i15 0" [firmware/nnet_utils/nnet_activation.h:45]   --->   Operation 81 'select' 'datareg_7' <Predicate = true> <Delay = 0.29> <CoreInst = "Sel">   --->   Core 73 'Sel' <Latency = 0> <II = 1> <Delay = 0.29> <FuncUnit> <Opcode : 'select'> <InPorts = 3> <OutPorts = 1>
ST_1 : Operation 82 [1/1] (0.00ns)   --->   "%zext_ln45_7 = zext i15 %datareg_7" [firmware/nnet_utils/nnet_activation.h:45]   --->   Operation 82 'zext' 'zext_ln45_7' <Predicate = true> <Delay = 0.00>
ST_1 : Operation 83 [1/1] (0.78ns)   --->   "%icmp_ln45_8 = icmp_sgt  i16 %data_17_val_read, i16 0" [firmware/nnet_utils/nnet_activation.h:45]   --->   Operation 83 'icmp' 'icmp_ln45_8' <Predicate = true> <Delay = 0.78> <CoreInst = "Cmp">   --->   Core 9 'Cmp' <Latency = 0> <II = 1> <Delay = 0.78> <FuncUnit> <Opcode : 'icmp'> <InPorts = 2> <OutPorts = 1>
ST_1 : Operation 84 [1/1] (0.29ns)   --->   "%datareg_8 = select i1 %icmp_ln45_8, i15 %trunc_ln42_19, i15 0" [firmware/nnet_utils/nnet_activation.h:45]   --->   Operation 84 'select' 'datareg_8' <Predicate = true> <Delay = 0.29> <CoreInst = "Sel">   --->   Core 73 'Sel' <Latency = 0> <II = 1> <Delay = 0.29> <FuncUnit> <Opcode : 'select'> <InPorts = 3> <OutPorts = 1>
ST_1 : Operation 85 [1/1] (0.00ns)   --->   "%zext_ln45_8 = zext i15 %datareg_8" [firmware/nnet_utils/nnet_activation.h:45]   --->   Operation 85 'zext' 'zext_ln45_8' <Predicate = true> <Delay = 0.00>
ST_1 : Operation 86 [1/1] (0.78ns)   --->   "%icmp_ln45_9 = icmp_sgt  i16 %data_20_val_read, i16 0" [firmware/nnet_utils/nnet_activation.h:45]   --->   Operation 86 'icmp' 'icmp_ln45_9' <Predicate = true> <Delay = 0.78> <CoreInst = "Cmp">   --->   Core 9 'Cmp' <Latency = 0> <II = 1> <Delay = 0.78> <FuncUnit> <Opcode : 'icmp'> <InPorts = 2> <OutPorts = 1>
ST_1 : Operation 87 [1/1] (0.29ns)   --->   "%datareg_9 = select i1 %icmp_ln45_9, i15 %trunc_ln42_18, i15 0" [firmware/nnet_utils/nnet_activation.h:45]   --->   Operation 87 'select' 'datareg_9' <Predicate = true> <Delay = 0.29> <CoreInst = "Sel">   --->   Core 73 'Sel' <Latency = 0> <II = 1> <Delay = 0.29> <FuncUnit> <Opcode : 'select'> <InPorts = 3> <OutPorts = 1>
ST_1 : Operation 88 [1/1] (0.00ns)   --->   "%zext_ln45_9 = zext i15 %datareg_9" [firmware/nnet_utils/nnet_activation.h:45]   --->   Operation 88 'zext' 'zext_ln45_9' <Predicate = true> <Delay = 0.00>
ST_1 : Operation 89 [1/1] (0.78ns)   --->   "%icmp_ln45_10 = icmp_sgt  i16 %data_25_val_read, i16 0" [firmware/nnet_utils/nnet_activation.h:45]   --->   Operation 89 'icmp' 'icmp_ln45_10' <Predicate = true> <Delay = 0.78> <CoreInst = "Cmp">   --->   Core 9 'Cmp' <Latency = 0> <II = 1> <Delay = 0.78> <FuncUnit> <Opcode : 'icmp'> <InPorts = 2> <OutPorts = 1>
ST_1 : Operation 90 [1/1] (0.29ns)   --->   "%datareg_10 = select i1 %icmp_ln45_10, i15 %trunc_ln42_17, i15 0" [firmware/nnet_utils/nnet_activation.h:45]   --->   Operation 90 'select' 'datareg_10' <Predicate = true> <Delay = 0.29> <CoreInst = "Sel">   --->   Core 73 'Sel' <Latency = 0> <II = 1> <Delay = 0.29> <FuncUnit> <Opcode : 'select'> <InPorts = 3> <OutPorts = 1>
ST_1 : Operation 91 [1/1] (0.00ns)   --->   "%zext_ln45_10 = zext i15 %datareg_10" [firmware/nnet_utils/nnet_activation.h:45]   --->   Operation 91 'zext' 'zext_ln45_10' <Predicate = true> <Delay = 0.00>
ST_1 : Operation 92 [1/1] (0.78ns)   --->   "%icmp_ln45_11 = icmp_sgt  i16 %data_29_val_read, i16 0" [firmware/nnet_utils/nnet_activation.h:45]   --->   Operation 92 'icmp' 'icmp_ln45_11' <Predicate = true> <Delay = 0.78> <CoreInst = "Cmp">   --->   Core 9 'Cmp' <Latency = 0> <II = 1> <Delay = 0.78> <FuncUnit> <Opcode : 'icmp'> <InPorts = 2> <OutPorts = 1>
ST_1 : Operation 93 [1/1] (0.29ns)   --->   "%datareg_11 = select i1 %icmp_ln45_11, i15 %trunc_ln42_16, i15 0" [firmware/nnet_utils/nnet_activation.h:45]   --->   Operation 93 'select' 'datareg_11' <Predicate = true> <Delay = 0.29> <CoreInst = "Sel">   --->   Core 73 'Sel' <Latency = 0> <II = 1> <Delay = 0.29> <FuncUnit> <Opcode : 'select'> <InPorts = 3> <OutPorts = 1>
ST_1 : Operation 94 [1/1] (0.00ns)   --->   "%zext_ln45_11 = zext i15 %datareg_11" [firmware/nnet_utils/nnet_activation.h:45]   --->   Operation 94 'zext' 'zext_ln45_11' <Predicate = true> <Delay = 0.00>
ST_1 : Operation 95 [1/1] (0.78ns)   --->   "%icmp_ln45_12 = icmp_sgt  i16 %data_30_val_read, i16 0" [firmware/nnet_utils/nnet_activation.h:45]   --->   Operation 95 'icmp' 'icmp_ln45_12' <Predicate = true> <Delay = 0.78> <CoreInst = "Cmp">   --->   Core 9 'Cmp' <Latency = 0> <II = 1> <Delay = 0.78> <FuncUnit> <Opcode : 'icmp'> <InPorts = 2> <OutPorts = 1>
ST_1 : Operation 96 [1/1] (0.29ns)   --->   "%datareg_12 = select i1 %icmp_ln45_12, i15 %trunc_ln42_15, i15 0" [firmware/nnet_utils/nnet_activation.h:45]   --->   Operation 96 'select' 'datareg_12' <Predicate = true> <Delay = 0.29> <CoreInst = "Sel">   --->   Core 73 'Sel' <Latency = 0> <II = 1> <Delay = 0.29> <FuncUnit> <Opcode : 'select'> <InPorts = 3> <OutPorts = 1>
ST_1 : Operation 97 [1/1] (0.00ns)   --->   "%zext_ln45_12 = zext i15 %datareg_12" [firmware/nnet_utils/nnet_activation.h:45]   --->   Operation 97 'zext' 'zext_ln45_12' <Predicate = true> <Delay = 0.00>
ST_1 : Operation 98 [1/1] (0.78ns)   --->   "%icmp_ln45_13 = icmp_sgt  i16 %data_31_val_read, i16 0" [firmware/nnet_utils/nnet_activation.h:45]   --->   Operation 98 'icmp' 'icmp_ln45_13' <Predicate = true> <Delay = 0.78> <CoreInst = "Cmp">   --->   Core 9 'Cmp' <Latency = 0> <II = 1> <Delay = 0.78> <FuncUnit> <Opcode : 'icmp'> <InPorts = 2> <OutPorts = 1>
ST_1 : Operation 99 [1/1] (0.29ns)   --->   "%datareg_13 = select i1 %icmp_ln45_13, i15 %trunc_ln42_14, i15 0" [firmware/nnet_utils/nnet_activation.h:45]   --->   Operation 99 'select' 'datareg_13' <Predicate = true> <Delay = 0.29> <CoreInst = "Sel">   --->   Core 73 'Sel' <Latency = 0> <II = 1> <Delay = 0.29> <FuncUnit> <Opcode : 'select'> <InPorts = 3> <OutPorts = 1>
ST_1 : Operation 100 [1/1] (0.00ns)   --->   "%zext_ln45_13 = zext i15 %datareg_13" [firmware/nnet_utils/nnet_activation.h:45]   --->   Operation 100 'zext' 'zext_ln45_13' <Predicate = true> <Delay = 0.00>
ST_1 : Operation 101 [1/1] (0.78ns)   --->   "%icmp_ln45_14 = icmp_sgt  i16 %data_35_val_read, i16 0" [firmware/nnet_utils/nnet_activation.h:45]   --->   Operation 101 'icmp' 'icmp_ln45_14' <Predicate = true> <Delay = 0.78> <CoreInst = "Cmp">   --->   Core 9 'Cmp' <Latency = 0> <II = 1> <Delay = 0.78> <FuncUnit> <Opcode : 'icmp'> <InPorts = 2> <OutPorts = 1>
ST_1 : Operation 102 [1/1] (0.29ns)   --->   "%datareg_14 = select i1 %icmp_ln45_14, i15 %trunc_ln42_13, i15 0" [firmware/nnet_utils/nnet_activation.h:45]   --->   Operation 102 'select' 'datareg_14' <Predicate = true> <Delay = 0.29> <CoreInst = "Sel">   --->   Core 73 'Sel' <Latency = 0> <II = 1> <Delay = 0.29> <FuncUnit> <Opcode : 'select'> <InPorts = 3> <OutPorts = 1>
ST_1 : Operation 103 [1/1] (0.00ns)   --->   "%zext_ln45_14 = zext i15 %datareg_14" [firmware/nnet_utils/nnet_activation.h:45]   --->   Operation 103 'zext' 'zext_ln45_14' <Predicate = true> <Delay = 0.00>
ST_1 : Operation 104 [1/1] (0.78ns)   --->   "%icmp_ln45_15 = icmp_sgt  i16 %data_36_val_read, i16 0" [firmware/nnet_utils/nnet_activation.h:45]   --->   Operation 104 'icmp' 'icmp_ln45_15' <Predicate = true> <Delay = 0.78> <CoreInst = "Cmp">   --->   Core 9 'Cmp' <Latency = 0> <II = 1> <Delay = 0.78> <FuncUnit> <Opcode : 'icmp'> <InPorts = 2> <OutPorts = 1>
ST_1 : Operation 105 [1/1] (0.29ns)   --->   "%datareg_15 = select i1 %icmp_ln45_15, i15 %trunc_ln42_12, i15 0" [firmware/nnet_utils/nnet_activation.h:45]   --->   Operation 105 'select' 'datareg_15' <Predicate = true> <Delay = 0.29> <CoreInst = "Sel">   --->   Core 73 'Sel' <Latency = 0> <II = 1> <Delay = 0.29> <FuncUnit> <Opcode : 'select'> <InPorts = 3> <OutPorts = 1>
ST_1 : Operation 106 [1/1] (0.00ns)   --->   "%zext_ln45_15 = zext i15 %datareg_15" [firmware/nnet_utils/nnet_activation.h:45]   --->   Operation 106 'zext' 'zext_ln45_15' <Predicate = true> <Delay = 0.00>
ST_1 : Operation 107 [1/1] (0.78ns)   --->   "%icmp_ln45_16 = icmp_sgt  i16 %data_46_val_read, i16 0" [firmware/nnet_utils/nnet_activation.h:45]   --->   Operation 107 'icmp' 'icmp_ln45_16' <Predicate = true> <Delay = 0.78> <CoreInst = "Cmp">   --->   Core 9 'Cmp' <Latency = 0> <II = 1> <Delay = 0.78> <FuncUnit> <Opcode : 'icmp'> <InPorts = 2> <OutPorts = 1>
ST_1 : Operation 108 [1/1] (0.29ns)   --->   "%datareg_16 = select i1 %icmp_ln45_16, i15 %trunc_ln42_11, i15 0" [firmware/nnet_utils/nnet_activation.h:45]   --->   Operation 108 'select' 'datareg_16' <Predicate = true> <Delay = 0.29> <CoreInst = "Sel">   --->   Core 73 'Sel' <Latency = 0> <II = 1> <Delay = 0.29> <FuncUnit> <Opcode : 'select'> <InPorts = 3> <OutPorts = 1>
ST_1 : Operation 109 [1/1] (0.00ns)   --->   "%zext_ln45_16 = zext i15 %datareg_16" [firmware/nnet_utils/nnet_activation.h:45]   --->   Operation 109 'zext' 'zext_ln45_16' <Predicate = true> <Delay = 0.00>
ST_1 : Operation 110 [1/1] (0.78ns)   --->   "%icmp_ln45_17 = icmp_sgt  i16 %data_47_val_read, i16 0" [firmware/nnet_utils/nnet_activation.h:45]   --->   Operation 110 'icmp' 'icmp_ln45_17' <Predicate = true> <Delay = 0.78> <CoreInst = "Cmp">   --->   Core 9 'Cmp' <Latency = 0> <II = 1> <Delay = 0.78> <FuncUnit> <Opcode : 'icmp'> <InPorts = 2> <OutPorts = 1>
ST_1 : Operation 111 [1/1] (0.29ns)   --->   "%datareg_17 = select i1 %icmp_ln45_17, i15 %trunc_ln42_10, i15 0" [firmware/nnet_utils/nnet_activation.h:45]   --->   Operation 111 'select' 'datareg_17' <Predicate = true> <Delay = 0.29> <CoreInst = "Sel">   --->   Core 73 'Sel' <Latency = 0> <II = 1> <Delay = 0.29> <FuncUnit> <Opcode : 'select'> <InPorts = 3> <OutPorts = 1>
ST_1 : Operation 112 [1/1] (0.00ns)   --->   "%zext_ln45_17 = zext i15 %datareg_17" [firmware/nnet_utils/nnet_activation.h:45]   --->   Operation 112 'zext' 'zext_ln45_17' <Predicate = true> <Delay = 0.00>
ST_1 : Operation 113 [1/1] (0.78ns)   --->   "%icmp_ln45_18 = icmp_sgt  i16 %data_48_val_read, i16 0" [firmware/nnet_utils/nnet_activation.h:45]   --->   Operation 113 'icmp' 'icmp_ln45_18' <Predicate = true> <Delay = 0.78> <CoreInst = "Cmp">   --->   Core 9 'Cmp' <Latency = 0> <II = 1> <Delay = 0.78> <FuncUnit> <Opcode : 'icmp'> <InPorts = 2> <OutPorts = 1>
ST_1 : Operation 114 [1/1] (0.29ns)   --->   "%datareg_18 = select i1 %icmp_ln45_18, i15 %trunc_ln42_9, i15 0" [firmware/nnet_utils/nnet_activation.h:45]   --->   Operation 114 'select' 'datareg_18' <Predicate = true> <Delay = 0.29> <CoreInst = "Sel">   --->   Core 73 'Sel' <Latency = 0> <II = 1> <Delay = 0.29> <FuncUnit> <Opcode : 'select'> <InPorts = 3> <OutPorts = 1>
ST_1 : Operation 115 [1/1] (0.00ns)   --->   "%zext_ln45_18 = zext i15 %datareg_18" [firmware/nnet_utils/nnet_activation.h:45]   --->   Operation 115 'zext' 'zext_ln45_18' <Predicate = true> <Delay = 0.00>
ST_1 : Operation 116 [1/1] (0.78ns)   --->   "%icmp_ln45_19 = icmp_sgt  i16 %data_49_val_read, i16 0" [firmware/nnet_utils/nnet_activation.h:45]   --->   Operation 116 'icmp' 'icmp_ln45_19' <Predicate = true> <Delay = 0.78> <CoreInst = "Cmp">   --->   Core 9 'Cmp' <Latency = 0> <II = 1> <Delay = 0.78> <FuncUnit> <Opcode : 'icmp'> <InPorts = 2> <OutPorts = 1>
ST_1 : Operation 117 [1/1] (0.29ns)   --->   "%datareg_19 = select i1 %icmp_ln45_19, i15 %trunc_ln42_8, i15 0" [firmware/nnet_utils/nnet_activation.h:45]   --->   Operation 117 'select' 'datareg_19' <Predicate = true> <Delay = 0.29> <CoreInst = "Sel">   --->   Core 73 'Sel' <Latency = 0> <II = 1> <Delay = 0.29> <FuncUnit> <Opcode : 'select'> <InPorts = 3> <OutPorts = 1>
ST_1 : Operation 118 [1/1] (0.00ns)   --->   "%zext_ln45_19 = zext i15 %datareg_19" [firmware/nnet_utils/nnet_activation.h:45]   --->   Operation 118 'zext' 'zext_ln45_19' <Predicate = true> <Delay = 0.00>
ST_1 : Operation 119 [1/1] (0.78ns)   --->   "%icmp_ln45_20 = icmp_sgt  i16 %data_51_val_read, i16 0" [firmware/nnet_utils/nnet_activation.h:45]   --->   Operation 119 'icmp' 'icmp_ln45_20' <Predicate = true> <Delay = 0.78> <CoreInst = "Cmp">   --->   Core 9 'Cmp' <Latency = 0> <II = 1> <Delay = 0.78> <FuncUnit> <Opcode : 'icmp'> <InPorts = 2> <OutPorts = 1>
ST_1 : Operation 120 [1/1] (0.29ns)   --->   "%datareg_20 = select i1 %icmp_ln45_20, i15 %trunc_ln42_7, i15 0" [firmware/nnet_utils/nnet_activation.h:45]   --->   Operation 120 'select' 'datareg_20' <Predicate = true> <Delay = 0.29> <CoreInst = "Sel">   --->   Core 73 'Sel' <Latency = 0> <II = 1> <Delay = 0.29> <FuncUnit> <Opcode : 'select'> <InPorts = 3> <OutPorts = 1>
ST_1 : Operation 121 [1/1] (0.00ns)   --->   "%zext_ln45_20 = zext i15 %datareg_20" [firmware/nnet_utils/nnet_activation.h:45]   --->   Operation 121 'zext' 'zext_ln45_20' <Predicate = true> <Delay = 0.00>
ST_1 : Operation 122 [1/1] (0.78ns)   --->   "%icmp_ln45_21 = icmp_sgt  i16 %data_52_val_read, i16 0" [firmware/nnet_utils/nnet_activation.h:45]   --->   Operation 122 'icmp' 'icmp_ln45_21' <Predicate = true> <Delay = 0.78> <CoreInst = "Cmp">   --->   Core 9 'Cmp' <Latency = 0> <II = 1> <Delay = 0.78> <FuncUnit> <Opcode : 'icmp'> <InPorts = 2> <OutPorts = 1>
ST_1 : Operation 123 [1/1] (0.29ns)   --->   "%datareg_21 = select i1 %icmp_ln45_21, i15 %trunc_ln42_6, i15 0" [firmware/nnet_utils/nnet_activation.h:45]   --->   Operation 123 'select' 'datareg_21' <Predicate = true> <Delay = 0.29> <CoreInst = "Sel">   --->   Core 73 'Sel' <Latency = 0> <II = 1> <Delay = 0.29> <FuncUnit> <Opcode : 'select'> <InPorts = 3> <OutPorts = 1>
ST_1 : Operation 124 [1/1] (0.00ns)   --->   "%zext_ln45_21 = zext i15 %datareg_21" [firmware/nnet_utils/nnet_activation.h:45]   --->   Operation 124 'zext' 'zext_ln45_21' <Predicate = true> <Delay = 0.00>
ST_1 : Operation 125 [1/1] (0.78ns)   --->   "%icmp_ln45_22 = icmp_sgt  i16 %data_54_val_read, i16 0" [firmware/nnet_utils/nnet_activation.h:45]   --->   Operation 125 'icmp' 'icmp_ln45_22' <Predicate = true> <Delay = 0.78> <CoreInst = "Cmp">   --->   Core 9 'Cmp' <Latency = 0> <II = 1> <Delay = 0.78> <FuncUnit> <Opcode : 'icmp'> <InPorts = 2> <OutPorts = 1>
ST_1 : Operation 126 [1/1] (0.29ns)   --->   "%datareg_22 = select i1 %icmp_ln45_22, i15 %trunc_ln42_5, i15 0" [firmware/nnet_utils/nnet_activation.h:45]   --->   Operation 126 'select' 'datareg_22' <Predicate = true> <Delay = 0.29> <CoreInst = "Sel">   --->   Core 73 'Sel' <Latency = 0> <II = 1> <Delay = 0.29> <FuncUnit> <Opcode : 'select'> <InPorts = 3> <OutPorts = 1>
ST_1 : Operation 127 [1/1] (0.00ns)   --->   "%zext_ln45_22 = zext i15 %datareg_22" [firmware/nnet_utils/nnet_activation.h:45]   --->   Operation 127 'zext' 'zext_ln45_22' <Predicate = true> <Delay = 0.00>
ST_1 : Operation 128 [1/1] (0.78ns)   --->   "%icmp_ln45_23 = icmp_sgt  i16 %data_55_val_read, i16 0" [firmware/nnet_utils/nnet_activation.h:45]   --->   Operation 128 'icmp' 'icmp_ln45_23' <Predicate = true> <Delay = 0.78> <CoreInst = "Cmp">   --->   Core 9 'Cmp' <Latency = 0> <II = 1> <Delay = 0.78> <FuncUnit> <Opcode : 'icmp'> <InPorts = 2> <OutPorts = 1>
ST_1 : Operation 129 [1/1] (0.29ns)   --->   "%datareg_23 = select i1 %icmp_ln45_23, i15 %trunc_ln42_4, i15 0" [firmware/nnet_utils/nnet_activation.h:45]   --->   Operation 129 'select' 'datareg_23' <Predicate = true> <Delay = 0.29> <CoreInst = "Sel">   --->   Core 73 'Sel' <Latency = 0> <II = 1> <Delay = 0.29> <FuncUnit> <Opcode : 'select'> <InPorts = 3> <OutPorts = 1>
ST_1 : Operation 130 [1/1] (0.00ns)   --->   "%zext_ln45_23 = zext i15 %datareg_23" [firmware/nnet_utils/nnet_activation.h:45]   --->   Operation 130 'zext' 'zext_ln45_23' <Predicate = true> <Delay = 0.00>
ST_1 : Operation 131 [1/1] (0.78ns)   --->   "%icmp_ln45_24 = icmp_sgt  i16 %data_56_val_read, i16 0" [firmware/nnet_utils/nnet_activation.h:45]   --->   Operation 131 'icmp' 'icmp_ln45_24' <Predicate = true> <Delay = 0.78> <CoreInst = "Cmp">   --->   Core 9 'Cmp' <Latency = 0> <II = 1> <Delay = 0.78> <FuncUnit> <Opcode : 'icmp'> <InPorts = 2> <OutPorts = 1>
ST_1 : Operation 132 [1/1] (0.29ns)   --->   "%datareg_24 = select i1 %icmp_ln45_24, i15 %trunc_ln42_3, i15 0" [firmware/nnet_utils/nnet_activation.h:45]   --->   Operation 132 'select' 'datareg_24' <Predicate = true> <Delay = 0.29> <CoreInst = "Sel">   --->   Core 73 'Sel' <Latency = 0> <II = 1> <Delay = 0.29> <FuncUnit> <Opcode : 'select'> <InPorts = 3> <OutPorts = 1>
ST_1 : Operation 133 [1/1] (0.00ns)   --->   "%zext_ln45_24 = zext i15 %datareg_24" [firmware/nnet_utils/nnet_activation.h:45]   --->   Operation 133 'zext' 'zext_ln45_24' <Predicate = true> <Delay = 0.00>
ST_1 : Operation 134 [1/1] (0.78ns)   --->   "%icmp_ln45_25 = icmp_sgt  i16 %data_58_val_read, i16 0" [firmware/nnet_utils/nnet_activation.h:45]   --->   Operation 134 'icmp' 'icmp_ln45_25' <Predicate = true> <Delay = 0.78> <CoreInst = "Cmp">   --->   Core 9 'Cmp' <Latency = 0> <II = 1> <Delay = 0.78> <FuncUnit> <Opcode : 'icmp'> <InPorts = 2> <OutPorts = 1>
ST_1 : Operation 135 [1/1] (0.29ns)   --->   "%datareg_25 = select i1 %icmp_ln45_25, i15 %trunc_ln42_2, i15 0" [firmware/nnet_utils/nnet_activation.h:45]   --->   Operation 135 'select' 'datareg_25' <Predicate = true> <Delay = 0.29> <CoreInst = "Sel">   --->   Core 73 'Sel' <Latency = 0> <II = 1> <Delay = 0.29> <FuncUnit> <Opcode : 'select'> <InPorts = 3> <OutPorts = 1>
ST_1 : Operation 136 [1/1] (0.00ns)   --->   "%zext_ln45_25 = zext i15 %datareg_25" [firmware/nnet_utils/nnet_activation.h:45]   --->   Operation 136 'zext' 'zext_ln45_25' <Predicate = true> <Delay = 0.00>
ST_1 : Operation 137 [1/1] (0.78ns)   --->   "%icmp_ln45_26 = icmp_sgt  i16 %data_59_val_read, i16 0" [firmware/nnet_utils/nnet_activation.h:45]   --->   Operation 137 'icmp' 'icmp_ln45_26' <Predicate = true> <Delay = 0.78> <CoreInst = "Cmp">   --->   Core 9 'Cmp' <Latency = 0> <II = 1> <Delay = 0.78> <FuncUnit> <Opcode : 'icmp'> <InPorts = 2> <OutPorts = 1>
ST_1 : Operation 138 [1/1] (0.29ns)   --->   "%datareg_26 = select i1 %icmp_ln45_26, i15 %trunc_ln42_1, i15 0" [firmware/nnet_utils/nnet_activation.h:45]   --->   Operation 138 'select' 'datareg_26' <Predicate = true> <Delay = 0.29> <CoreInst = "Sel">   --->   Core 73 'Sel' <Latency = 0> <II = 1> <Delay = 0.29> <FuncUnit> <Opcode : 'select'> <InPorts = 3> <OutPorts = 1>
ST_1 : Operation 139 [1/1] (0.00ns)   --->   "%zext_ln45_26 = zext i15 %datareg_26" [firmware/nnet_utils/nnet_activation.h:45]   --->   Operation 139 'zext' 'zext_ln45_26' <Predicate = true> <Delay = 0.00>
ST_1 : Operation 140 [1/1] (0.78ns)   --->   "%icmp_ln45_27 = icmp_sgt  i16 %data_60_val_read, i16 0" [firmware/nnet_utils/nnet_activation.h:45]   --->   Operation 140 'icmp' 'icmp_ln45_27' <Predicate = true> <Delay = 0.78> <CoreInst = "Cmp">   --->   Core 9 'Cmp' <Latency = 0> <II = 1> <Delay = 0.78> <FuncUnit> <Opcode : 'icmp'> <InPorts = 2> <OutPorts = 1>
ST_1 : Operation 141 [1/1] (0.29ns)   --->   "%datareg_27 = select i1 %icmp_ln45_27, i15 %trunc_ln42, i15 0" [firmware/nnet_utils/nnet_activation.h:45]   --->   Operation 141 'select' 'datareg_27' <Predicate = true> <Delay = 0.29> <CoreInst = "Sel">   --->   Core 73 'Sel' <Latency = 0> <II = 1> <Delay = 0.29> <FuncUnit> <Opcode : 'select'> <InPorts = 3> <OutPorts = 1>
ST_1 : Operation 142 [1/1] (0.00ns)   --->   "%zext_ln45_27 = zext i15 %datareg_27" [firmware/nnet_utils/nnet_activation.h:45]   --->   Operation 142 'zext' 'zext_ln45_27' <Predicate = true> <Delay = 0.00>
ST_1 : Operation 143 [1/1] (0.00ns)   --->   "%newret = insertvalue i448 <undef>, i16 %zext_ln45" [firmware/nnet_utils/nnet_activation.h:45]   --->   Operation 143 'insertvalue' 'newret' <Predicate = true> <Delay = 0.00>
ST_1 : Operation 144 [1/1] (0.00ns)   --->   "%newret2 = insertvalue i448 %newret, i16 %zext_ln45_1" [firmware/nnet_utils/nnet_activation.h:45]   --->   Operation 144 'insertvalue' 'newret2' <Predicate = true> <Delay = 0.00>
ST_1 : Operation 145 [1/1] (0.00ns)   --->   "%newret4 = insertvalue i448 %newret2, i16 %zext_ln45_2" [firmware/nnet_utils/nnet_activation.h:45]   --->   Operation 145 'insertvalue' 'newret4' <Predicate = true> <Delay = 0.00>
ST_1 : Operation 146 [1/1] (0.00ns)   --->   "%newret6 = insertvalue i448 %newret4, i16 %zext_ln45_3" [firmware/nnet_utils/nnet_activation.h:45]   --->   Operation 146 'insertvalue' 'newret6' <Predicate = true> <Delay = 0.00>
ST_1 : Operation 147 [1/1] (0.00ns)   --->   "%newret8 = insertvalue i448 %newret6, i16 %zext_ln45_4" [firmware/nnet_utils/nnet_activation.h:45]   --->   Operation 147 'insertvalue' 'newret8' <Predicate = true> <Delay = 0.00>
ST_1 : Operation 148 [1/1] (0.00ns)   --->   "%newret1 = insertvalue i448 %newret8, i16 %zext_ln45_5" [firmware/nnet_utils/nnet_activation.h:45]   --->   Operation 148 'insertvalue' 'newret1' <Predicate = true> <Delay = 0.00>
ST_1 : Operation 149 [1/1] (0.00ns)   --->   "%newret3 = insertvalue i448 %newret1, i16 %zext_ln45_6" [firmware/nnet_utils/nnet_activation.h:45]   --->   Operation 149 'insertvalue' 'newret3' <Predicate = true> <Delay = 0.00>
ST_1 : Operation 150 [1/1] (0.00ns)   --->   "%newret5 = insertvalue i448 %newret3, i16 %zext_ln45_7" [firmware/nnet_utils/nnet_activation.h:45]   --->   Operation 150 'insertvalue' 'newret5' <Predicate = true> <Delay = 0.00>
ST_1 : Operation 151 [1/1] (0.00ns)   --->   "%newret7 = insertvalue i448 %newret5, i16 %zext_ln45_8" [firmware/nnet_utils/nnet_activation.h:45]   --->   Operation 151 'insertvalue' 'newret7' <Predicate = true> <Delay = 0.00>
ST_1 : Operation 152 [1/1] (0.00ns)   --->   "%newret9 = insertvalue i448 %newret7, i16 %zext_ln45_9" [firmware/nnet_utils/nnet_activation.h:45]   --->   Operation 152 'insertvalue' 'newret9' <Predicate = true> <Delay = 0.00>
ST_1 : Operation 153 [1/1] (0.00ns)   --->   "%newret10 = insertvalue i448 %newret9, i16 %zext_ln45_10" [firmware/nnet_utils/nnet_activation.h:45]   --->   Operation 153 'insertvalue' 'newret10' <Predicate = true> <Delay = 0.00>
ST_1 : Operation 154 [1/1] (0.00ns)   --->   "%newret11 = insertvalue i448 %newret10, i16 %zext_ln45_11" [firmware/nnet_utils/nnet_activation.h:45]   --->   Operation 154 'insertvalue' 'newret11' <Predicate = true> <Delay = 0.00>
ST_1 : Operation 155 [1/1] (0.00ns)   --->   "%newret12 = insertvalue i448 %newret11, i16 %zext_ln45_12" [firmware/nnet_utils/nnet_activation.h:45]   --->   Operation 155 'insertvalue' 'newret12' <Predicate = true> <Delay = 0.00>
ST_1 : Operation 156 [1/1] (0.00ns)   --->   "%newret13 = insertvalue i448 %newret12, i16 %zext_ln45_13" [firmware/nnet_utils/nnet_activation.h:45]   --->   Operation 156 'insertvalue' 'newret13' <Predicate = true> <Delay = 0.00>
ST_1 : Operation 157 [1/1] (0.00ns)   --->   "%newret14 = insertvalue i448 %newret13, i16 %zext_ln45_14" [firmware/nnet_utils/nnet_activation.h:45]   --->   Operation 157 'insertvalue' 'newret14' <Predicate = true> <Delay = 0.00>
ST_1 : Operation 158 [1/1] (0.00ns)   --->   "%newret15 = insertvalue i448 %newret14, i16 %zext_ln45_15" [firmware/nnet_utils/nnet_activation.h:45]   --->   Operation 158 'insertvalue' 'newret15' <Predicate = true> <Delay = 0.00>
ST_1 : Operation 159 [1/1] (0.00ns)   --->   "%newret16 = insertvalue i448 %newret15, i16 %zext_ln45_16" [firmware/nnet_utils/nnet_activation.h:45]   --->   Operation 159 'insertvalue' 'newret16' <Predicate = true> <Delay = 0.00>
ST_1 : Operation 160 [1/1] (0.00ns)   --->   "%newret17 = insertvalue i448 %newret16, i16 %zext_ln45_17" [firmware/nnet_utils/nnet_activation.h:45]   --->   Operation 160 'insertvalue' 'newret17' <Predicate = true> <Delay = 0.00>
ST_1 : Operation 161 [1/1] (0.00ns)   --->   "%newret18 = insertvalue i448 %newret17, i16 %zext_ln45_18" [firmware/nnet_utils/nnet_activation.h:45]   --->   Operation 161 'insertvalue' 'newret18' <Predicate = true> <Delay = 0.00>
ST_1 : Operation 162 [1/1] (0.00ns)   --->   "%newret19 = insertvalue i448 %newret18, i16 %zext_ln45_19" [firmware/nnet_utils/nnet_activation.h:45]   --->   Operation 162 'insertvalue' 'newret19' <Predicate = true> <Delay = 0.00>
ST_1 : Operation 163 [1/1] (0.00ns)   --->   "%newret20 = insertvalue i448 %newret19, i16 %zext_ln45_20" [firmware/nnet_utils/nnet_activation.h:45]   --->   Operation 163 'insertvalue' 'newret20' <Predicate = true> <Delay = 0.00>
ST_1 : Operation 164 [1/1] (0.00ns)   --->   "%newret21 = insertvalue i448 %newret20, i16 %zext_ln45_21" [firmware/nnet_utils/nnet_activation.h:45]   --->   Operation 164 'insertvalue' 'newret21' <Predicate = true> <Delay = 0.00>
ST_1 : Operation 165 [1/1] (0.00ns)   --->   "%newret22 = insertvalue i448 %newret21, i16 %zext_ln45_22" [firmware/nnet_utils/nnet_activation.h:45]   --->   Operation 165 'insertvalue' 'newret22' <Predicate = true> <Delay = 0.00>
ST_1 : Operation 166 [1/1] (0.00ns)   --->   "%newret23 = insertvalue i448 %newret22, i16 %zext_ln45_23" [firmware/nnet_utils/nnet_activation.h:45]   --->   Operation 166 'insertvalue' 'newret23' <Predicate = true> <Delay = 0.00>
ST_1 : Operation 167 [1/1] (0.00ns)   --->   "%newret24 = insertvalue i448 %newret23, i16 %zext_ln45_24" [firmware/nnet_utils/nnet_activation.h:45]   --->   Operation 167 'insertvalue' 'newret24' <Predicate = true> <Delay = 0.00>
ST_1 : Operation 168 [1/1] (0.00ns)   --->   "%newret25 = insertvalue i448 %newret24, i16 %zext_ln45_25" [firmware/nnet_utils/nnet_activation.h:45]   --->   Operation 168 'insertvalue' 'newret25' <Predicate = true> <Delay = 0.00>
ST_1 : Operation 169 [1/1] (0.00ns)   --->   "%newret26 = insertvalue i448 %newret25, i16 %zext_ln45_26" [firmware/nnet_utils/nnet_activation.h:45]   --->   Operation 169 'insertvalue' 'newret26' <Predicate = true> <Delay = 0.00>
ST_1 : Operation 170 [1/1] (0.00ns)   --->   "%newret27 = insertvalue i448 %newret26, i16 %zext_ln45_27" [firmware/nnet_utils/nnet_activation.h:45]   --->   Operation 170 'insertvalue' 'newret27' <Predicate = true> <Delay = 0.00>
ST_1 : Operation 171 [1/1] (0.00ns)   --->   "%ret_ln45 = ret i448 %newret27" [firmware/nnet_utils/nnet_activation.h:45]   --->   Operation 171 'ret' 'ret_ln45' <Predicate = true> <Delay = 0.00>


============================================================
+ Verbose Summary: Timing violations
============================================================
Target clock period: 5.000ns, clock uncertainty: 1.350ns.

 <State 1>: 1.078ns
The critical path consists of the following:
	wire read operation ('data_0_val_read', firmware/nnet_utils/nnet_activation.h:42) on port 'data_0_val' (firmware/nnet_utils/nnet_activation.h:42) [56]  (0.000 ns)
	'icmp' operation 1 bit ('icmp_ln45', firmware/nnet_utils/nnet_activation.h:45) [86]  (0.785 ns)
	'select' operation 15 bit ('datareg', firmware/nnet_utils/nnet_activation.h:45) [87]  (0.292 ns)


============================================================
+ Verbose Summary: Binding
============================================================
N/A
* FSMD analyzer results:
  - Output states:
 - Input state : 
  - Chain level:
	State 1


============================================================
+ Verbose Summary: Datapath Resource usage 
============================================================
N/A
