0.9625906348228455 0.8077049255371094
0.7757868766784668 0.7617016434669495
0.748053252696991 0.7466854453086853
0.7345697283744812 0.7346938252449036
0.7964457273483276 0.7517706751823425
0.7395104765892029 0.7357027530670166
0.7277431488037109 0.7266179919242859
0.7209036946296692 0.7217280864715576
0.7156102061271667 0.7200092077255249
0.7126869559288025 0.7151086926460266
0.7104923725128174 0.7138335704803467
0.7080439329147339 0.712591290473938
0.7062551975250244 0.7098082900047302
0.7049440145492554 0.7086782455444336
0.7035337686538696 0.7073648571968079
0.7021571397781372 0.709684431552887
0.7015286087989807 0.7057163119316101
0.7003185153007507 0.7070506811141968
0.6994953155517578 0.7062295079231262
0.6988004446029663 0.7043808102607727
0.6978815793991089 0.7040680050849915
0.6973896622657776 0.7020170092582703
0.6974001526832581 0.7008798718452454
0.6963683366775513 0.7028300762176514
0.6960206627845764 0.7035425901412964
0.6961641311645508 0.7021296620368958
0.6956009268760681 0.7004691958427429
0.6948716044425964 0.6996034383773804
0.694579005241394 0.6992549300193787
0.6941118836402893 0.6995174884796143
