================================================================
== Design Size Report
================================================================

* Total Instructions per Compilation Phase
+---------------+-----------------------------+--------------+----------------------------------------------------------------------------------------+
| Phase         | Step                        | Instructions | Description                                                                            |
+---------------+-----------------------------+--------------+----------------------------------------------------------------------------------------+
| Compile/Link  |                             |   8,522      | After all functions are compiled and linked into a single design                       |
|               |                             |              |                                                                                        |
| Unroll/Inline |                             |              | After user unroll and inline pragmas are applied                                       |
|               | (1) unroll                  | 258,173 *    | user unroll pragmas are applied                                                        |
|               | (2) simplification          |  74,161      | simplification of applied user unroll pragmas                                          |
|               | (3) inline                  |  74,554      | user inline pragmas are applied                                                        |
|               | (4) simplification          |  73,445      | simplification of applied user inline pragmas                                          |
|               |                             |              |                                                                                        |
| Array/Struct  |                             |              | After user array partition and struct aggregate/disaggregate pragmas are applied       |
|               | (1) array partition         |  51,755      | user array partition pragmas are applied                                               |
|               | (2) simplification          |  17,149      | simplification of applied user array partition & struct aggregate/disaggregate pragmas |
|               | (3) aggregate/disaggregate  |  17,149      | user struct aggregate/disaggregate pragmas are applied                                 |
|               | (4) array reshape           |  17,181      | apply array reshape pragmas                                                            |
|               | (5) access patterns         |  17,133      | array access pattern optmizations                                                      |
|               |                             |              |                                                                                        |
| Performance   |                             |              | After transformations are applied to meet performance pragma targets                   |
|               | (1) loop simplification     |  17,004      | loop and instruction simplification                                                    |
|               | (2) parallelization         |  16,618      | loops are unrolled or pipelined to meet performance targets                            |
|               | (3) array partition         |  16,618      | arrays are partitioned to meet performance targets                                     |
|               | (4) simplification          |  16,618      | simplification of design after performance transformations                             |
|               |                             |              |                                                                                        |
| HW Transforms |                             |              | After hardware transfomations                                                          |
|               | (1) lowering                |  16,624      | initial conversion to HW specific instructions                                         |
|               | (2) optimizations           |  16,634      | high level synthesis optimizations                                                     |
+---------------+-----------------------------+--------------+----------------------------------------------------------------------------------------+
    * - Exceeded design size warning message threshold

* Instructions per Function for each Compilation Phase
+----------------------------------------+-------------------------+----------------+------------------+------------------+-------------+---------------+
| Function                               | Location                | Compile/Link   | Unroll/Inline    | Array/Struct     | Performance | HW Transforms |
+----------------------------------------+-------------------------+----------------+------------------+------------------+-------------+---------------+
| + myproject                            | myproject.cpp:7         | 8,522          | 73,445           | 17,133           | 16,618      | 16,634        |
|  + dense<ap_fixed<16, 6, AP_TRN...     | nnet_dense.h:41         |  590           |                  |                  |             |               |
|   + dense                              | nnet_dense.h:50         |  588           |                  |                  |             |               |
|    + dense_latency<ap_fixed<16, 6...   | nnet_dense_latency.h:13 |  586           |                  |                  |             |               |
|       product                          | nnet_mult.h:70          |  141           |                  |                  |             |               |
|       cast<ap_fixed<16, 6, AP_TRN,...  | nnet_mult.h:110         |    3           |                  |                  |             |               |
|    relu<ap_fixed<27, 12, AP_TRN...     | nnet_activation.h:39    |  811           | 3,326            | 3,393            | 3,329       | 3,330         |
|  + dense<ap_ufixed<6, 0, AP_RND...     | nnet_dense.h:41         |  590           |                  |                  |             |               |
|   + dense                              | nnet_dense.h:50         |  588           |                  |                  |             |               |
|    + dense_latency<ap_ufixed<6, 0...   | nnet_dense_latency.h:13 |  586           |                  |                  |             |               |
|       product                          | nnet_mult.h:70          |  141           |                  |                  |             |               |
|       cast<ap_ufixed<6, 0, AP_RND_...  | nnet_mult.h:110         |    3           |                  |                  |             |               |
|    relu<ap_fixed<19, 8, AP_TRN,...     | nnet_activation.h:39    |  811           | 1,662            | 1,697            | 1,665       | 1,666         |
|  + dense<ap_ufixed<6, 0, AP_RND...     | nnet_dense.h:41         |  590           |                  |                  |             |               |
|   + dense                              | nnet_dense.h:50         |  588           |                  |                  |             |               |
|    + dense_latency<ap_ufixed<6, 0...   | nnet_dense_latency.h:13 |  586           |                  |                  |             |               |
|       product                          | nnet_mult.h:70          |  141           |                  |                  |             |               |
|       cast<ap_ufixed<6, 0, AP_RND_...  | nnet_mult.h:110         |    3           |                  |                  |             |               |
|    relu<ap_fixed<18, 7, AP_TRN,...     | nnet_activation.h:39    |  811           | 1,662            | 1,697            | 1,665       | 1,666         |
|  + dense<ap_ufixed<6, 0, AP_RND...     | nnet_dense.h:41         |  590           |                  |                  |             |               |
|   + dense                              | nnet_dense.h:50         |  588           |                  |                  |             |               |
|    + dense_latency<ap_ufixed<6, 0...   | nnet_dense_latency.h:13 |  586           |                  |                  |             |               |
|       product                          | nnet_mult.h:70          |  141           |                  |                  |             |               |
|       cast<ap_ufixed<6, 0, AP_RND_...  | nnet_mult.h:110         |    3           |                  |                  |             |               |
|  + softmax<ap_fixed<18, 7, AP_T...     | nnet_activation.h:379   | 3,660          |                  |                  |             |               |
|   + softmax_stable<ap_fixed<18, ...    | nnet_activation.h:216   | 3,658          |                  |                  |             |               |
|    + init_exp_table<ap_fixed<18, ...   | nnet_activation.h:149   |  836           |                  |                  |             |               |
|       softmax_real_val_from_idx<ap...  | nnet_activation.h:133   |  414           |                  |                  |             |               |
|       exp_fcn_float                    | nnet_activation.h:131   |    4           |                  |                  |             |               |
|    + init_invert_table<ap_fixed<1...   | nnet_activation.h:160   |  832           |                  |                  |             |               |
|       softmax_real_val_from_idx<ap...  | nnet_activation.h:133   |  414           |                  |                  |             |               |
|    + reduce<ap_fixed<18, 7, AP_TR...   | nnet_common.h:37        |  122           |                  |                  |             |               |
|     + reduce<ap_fixed<18, 7, AP_TR...  | nnet_common.h:37        |   89           |                  |                  |             |               |
|      + reduce<ap_fixed<18, 7, AP_TR... | nnet_common.h:37        |   60 (2 calls) |                  |                  |             |               |
|         operator()                     | nnet_common.h:66        |   40 (2 calls) |                  |                  |             |               |
|        operator()                      | nnet_common.h:66        |   20           |                  |                  |             |               |
|       reduce<ap_fixed<18, 7, AP_TR...  | nnet_common.h:37        |    4           |                  |                  |             |               |
|       operator()                       | nnet_common.h:66        |   20           |                  |                  |             |               |
|      softmax_idx_from_real_val<ap...   | nnet_activation.h:141   |   98           |                  |                  |             |               |
|    + reduce<ap_fixed<18, 8, AP_TR...   | nnet_common.h:37        |  926           |                  |                  |             |               |
|     + reduce<ap_fixed<18, 8, AP_TR...  | nnet_common.h:37        |  692           |                  |                  |             |               |
|      + reduce<ap_fixed<18, 8, AP_TR... | nnet_common.h:37        |  462 (2 calls) |                  |                  |             |               |
|         operator()                     | nnet_common.h:51        |  442 (2 calls) |                  |                  |             |               |
|        operator()                      | nnet_common.h:51        |  221           |                  |                  |             |               |
|       reduce<ap_fixed<18, 8, AP_TR...  | nnet_common.h:37        |    4           |                  |                  |             |               |
|       operator()                       | nnet_common.h:51        |  221           |                  |                  |             |               |
|      softmax_idx_from_real_val<ap...   | nnet_activation.h:141   |   98           |                  |                  |             |               |
|  + dense_latency<ap_fixed<16, 6...     | nnet_dense_latency.h:13 |                | 16,624           | 2,659            | 2,143       | 2,144         |
|     cast<ap_fixed<16, 6, AP_TRN,...    | nnet_mult.h:110         |                |   192 (64 calls) |   192 (64 calls) |             |               |
|    dense_latency<ap_ufixed<6, 0...     | nnet_dense_latency.h:13 |                | 32,153           | 4,348            | 4,285       | 4,286         |
|    dense_latency<ap_ufixed<6, 0...     | nnet_dense_latency.h:13 |                | 16,190           | 2,378            | 2,347       | 2,348         |
|    dense_latency<ap_ufixed<6, 0...     | nnet_dense_latency.h:13 |                | 1,506            |   468            |   441       |   442         |
|    softmax_stable<ap_fixed<18, ...     | nnet_activation.h:216   |                |   286            |   217            |   212       |   213         |
+----------------------------------------+-------------------------+----------------+------------------+------------------+-------------+---------------+

* Design Size Message Settings
+---------------------------------------------+--------+------------------------------------------------------------------+
| Message Setting                             | Value  | Description                                                      |
+---------------------------------------------+--------+------------------------------------------------------------------+
| config_compile -design_size_maximum_warning | 100000 | Show a warning when total design instructions exceeds this value |
+---------------------------------------------+--------+------------------------------------------------------------------+


