

================================================================
== Vitis HLS Report for 'dense_latency_ap_ufixed_6_0_4_0_0_ap_fixed_18_7_5_3_0_config11_s'
================================================================
* Date:           Fri Oct 17 11:03:53 2025

* Version:        2023.2 (Build 4023990 on Oct 11 2023)
* Project:        myproject_prj
* Solution:       solution1 (Vivado IP Flow Target)
* Product family: virtexuplus
* Target device:  xcu250-figd2104-2L-e


================================================================
== Performance Estimates
================================================================
+ Timing: 
    * Summary: 
    +--------+---------+----------+------------+
    |  Clock |  Target | Estimated| Uncertainty|
    +--------+---------+----------+------------+
    |ap_clk  |  5.00 ns|  3.495 ns|     1.35 ns|
    +--------+---------+----------+------------+

+ Latency: 
    * Summary: 
    +---------+---------+----------+----------+-----+-----+---------+
    |  Latency (cycles) |  Latency (absolute) |  Interval | Pipeline|
    |   min   |   max   |    min   |    max   | min | max |   Type  |
    +---------+---------+----------+----------+-----+-----+---------+
    |        1|        1|  5.000 ns|  5.000 ns|    1|    1|      yes|
    +---------+---------+----------+----------+-----+-----+---------+

    + Detail: 
        * Instance: 
        N/A

        * Loop: 
        N/A



================================================================
== Utilization Estimates
================================================================
* Summary: 
+---------------------+---------+-------+---------+---------+------+
|         Name        | BRAM_18K|  DSP  |    FF   |   LUT   | URAM |
+---------------------+---------+-------+---------+---------+------+
|DSP                  |        -|      -|        -|        -|     -|
|Expression           |        -|      -|        0|     1445|     -|
|FIFO                 |        -|      -|        -|        -|     -|
|Instance             |        -|      0|        0|       69|     -|
|Memory               |        -|      -|        -|        -|     -|
|Multiplexer          |        -|      -|        -|       70|     -|
|Register             |        -|      -|      216|        -|     -|
+---------------------+---------+-------+---------+---------+------+
|Total                |        0|      0|      216|     1584|     0|
+---------------------+---------+-------+---------+---------+------+
|Available SLR        |     1344|   3072|   864000|   432000|   320|
+---------------------+---------+-------+---------+---------+------+
|Utilization SLR (%)  |        0|      0|       ~0|       ~0|     0|
+---------------------+---------+-------+---------+---------+------+
|Available            |     5376|  12288|  3456000|  1728000|  1280|
+---------------------+---------+-------+---------+---------+------+
|Utilization (%)      |        0|      0|       ~0|       ~0|     0|
+---------------------+---------+-------+---------+---------+------+

+ Detail: 
    * Instance: 
    +-------------------------+--------------------+---------+----+---+----+-----+
    |         Instance        |       Module       | BRAM_18K| DSP| FF| LUT| URAM|
    +-------------------------+--------------------+---------+----+---+----+-----+
    |mul_6ns_6ns_11_1_0_U355  |mul_6ns_6ns_11_1_0  |        0|   0|  0|  23|    0|
    |mul_6ns_6ns_11_1_0_U357  |mul_6ns_6ns_11_1_0  |        0|   0|  0|  23|    0|
    |mul_6ns_6s_12_1_0_U356   |mul_6ns_6s_12_1_0   |        0|   0|  0|  23|    0|
    +-------------------------+--------------------+---------+----+---+----+-----+
    |Total                    |                    |        0|   0|  0|  69|    0|
    +-------------------------+--------------------+---------+----+---+----+-----+

    * DSP: 
    N/A

    * Memory: 
    N/A

    * FIFO: 
    N/A

    * Expression: 
    +-------------------------+----------+----+---+----+------------+------------+
    |      Variable Name      | Operation| DSP| FF| LUT| Bitwidth P0| Bitwidth P1|
    +-------------------------+----------+----+---+----+------------+------------+
    |add_ln58_650_fu_1577_p2  |         +|   0|  0|  20|          13|          11|
    |add_ln58_651_fu_1587_p2  |         +|   0|  0|  16|          14|          14|
    |add_ln58_652_fu_1593_p2  |         +|   0|  0|  16|          14|          14|
    |add_ln58_653_fu_1635_p2  |         +|   0|  0|  20|          13|          13|
    |add_ln58_654_fu_1645_p2  |         +|   0|  0|  19|          12|          10|
    |add_ln58_655_fu_1655_p2  |         +|   0|  0|  20|          13|          13|
    |add_ln58_656_fu_1665_p2  |         +|   0|  0|  21|          14|          14|
    |add_ln58_657_fu_1675_p2  |         +|   0|  0|  20|          13|          13|
    |add_ln58_658_fu_1685_p2  |         +|   0|  0|  21|          14|          14|
    |add_ln58_659_fu_1695_p2  |         +|   0|  0|  20|          13|          13|
    |add_ln58_660_fu_1705_p2  |         +|   0|  0|  20|          13|          11|
    |add_ln58_661_fu_1715_p2  |         +|   0|  0|  16|          15|          15|
    |add_ln58_662_fu_1721_p2  |         +|   0|  0|  16|          15|          15|
    |add_ln58_663_fu_1731_p2  |         +|   0|  0|  20|          13|          13|
    |add_ln58_664_fu_1741_p2  |         +|   0|  0|  21|          14|          14|
    |add_ln58_665_fu_1751_p2  |         +|   0|  0|  20|          13|          13|
    |add_ln58_666_fu_1761_p2  |         +|   0|  0|  21|          14|          14|
    |add_ln58_667_fu_1771_p2  |         +|   0|  0|  22|          15|          15|
    |add_ln58_668_fu_1777_p2  |         +|   0|  0|  20|          13|          13|
    |add_ln58_669_fu_1787_p2  |         +|   0|  0|  21|          14|          14|
    |add_ln58_670_fu_1793_p2  |         +|   0|  0|  20|          13|           8|
    |add_ln58_671_fu_1803_p2  |         +|   0|  0|  21|          14|          14|
    |add_ln58_672_fu_1953_p2  |         +|   0|  0|  16|          16|          16|
    |add_ln58_673_fu_1959_p2  |         +|   0|  0|  16|          16|          16|
    |add_ln58_674_fu_1817_p2  |         +|   0|  0|  20|          13|          13|
    |add_ln58_675_fu_1827_p2  |         +|   0|  0|  20|          13|          13|
    |add_ln58_676_fu_1837_p2  |         +|   0|  0|  21|          14|          14|
    |add_ln58_677_fu_1847_p2  |         +|   0|  0|  20|          13|          13|
    |add_ln58_678_fu_1857_p2  |         +|   0|  0|  20|          13|          13|
    |add_ln58_679_fu_1867_p2  |         +|   0|  0|  21|          14|          14|
    |add_ln58_680_fu_1877_p2  |         +|   0|  0|  22|          15|          15|
    |add_ln58_681_fu_1883_p2  |         +|   0|  0|  20|          13|          13|
    |add_ln58_682_fu_1893_p2  |         +|   0|  0|  20|          13|          13|
    |add_ln58_683_fu_1903_p2  |         +|   0|  0|  21|          14|          14|
    |add_ln58_684_fu_1909_p2  |         +|   0|  0|  20|          13|          13|
    |add_ln58_685_fu_1919_p2  |         +|   0|  0|  20|          13|           9|
    |add_ln58_686_fu_1929_p2  |         +|   0|  0|  22|          15|          15|
    |add_ln58_687_fu_1978_p2  |         +|   0|  0|  16|          16|          16|
    |add_ln58_688_fu_1984_p2  |         +|   0|  0|  16|          16|          16|
    |add_ln58_fu_1567_p2      |         +|   0|  0|  20|          13|          13|
    |add_ln73_fu_1301_p2      |         +|   0|  0|  18|          11|          11|
    |sub_ln73_284_fu_832_p2   |         -|   0|  0|  19|           1|          12|
    |sub_ln73_285_fu_854_p2   |         -|   0|  0|  19|          12|          12|
    |sub_ln73_286_fu_872_p2   |         -|   0|  0|  19|           1|          12|
    |sub_ln73_287_fu_894_p2   |         -|   0|  0|  19|          12|          12|
    |sub_ln73_288_fu_900_p2   |         -|   0|  0|  19|           1|          12|
    |sub_ln73_289_fu_918_p2   |         -|   0|  0|  19|           1|          12|
    |sub_ln73_290_fu_942_p2   |         -|   0|  0|  19|           1|          12|
    |sub_ln73_291_fu_964_p2   |         -|   0|  0|  19|           1|          12|
    |sub_ln73_292_fu_970_p2   |         -|   0|  0|  19|          12|          12|
    |sub_ln73_293_fu_988_p2   |         -|   0|  0|  19|           1|          12|
    |sub_ln73_294_fu_1006_p2  |         -|   0|  0|  19|           1|          12|
    |sub_ln73_295_fu_1028_p2  |         -|   0|  0|  19|          12|          12|
    |sub_ln73_296_fu_1050_p2  |         -|   0|  0|  19|          12|          12|
    |sub_ln73_297_fu_1068_p2  |         -|   0|  0|  19|           1|          12|
    |sub_ln73_298_fu_1090_p2  |         -|   0|  0|  19|          12|          12|
    |sub_ln73_299_fu_1112_p2  |         -|   0|  0|  19|          12|          12|
    |sub_ln73_300_fu_1130_p2  |         -|   0|  0|  19|          12|          12|
    |sub_ln73_301_fu_1148_p2  |         -|   0|  0|  19|           1|          12|
    |sub_ln73_302_fu_1166_p2  |         -|   0|  0|  19|           1|          12|
    |sub_ln73_303_fu_1196_p2  |         -|   0|  0|  18|          11|          11|
    |sub_ln73_304_fu_1214_p2  |         -|   0|  0|  19|           1|          12|
    |sub_ln73_305_fu_1232_p2  |         -|   0|  0|  19|           1|          12|
    |sub_ln73_306_fu_1255_p2  |         -|   0|  0|  19|           1|          12|
    |sub_ln73_307_fu_1261_p2  |         -|   0|  0|  19|          12|          12|
    |sub_ln73_308_fu_1283_p2  |         -|   0|  0|  19|           1|          12|
    |sub_ln73_309_fu_1323_p2  |         -|   0|  0|  19|           1|          12|
    |sub_ln73_310_fu_1329_p2  |         -|   0|  0|  19|          12|          12|
    |sub_ln73_311_fu_1351_p2  |         -|   0|  0|  19|          12|          12|
    |sub_ln73_312_fu_1369_p2  |         -|   0|  0|  19|           1|          12|
    |sub_ln73_313_fu_1387_p2  |         -|   0|  0|  19|           1|          12|
    |sub_ln73_314_fu_1405_p2  |         -|   0|  0|  19|           1|          12|
    |sub_ln73_315_fu_1435_p2  |         -|   0|  0|  19|          12|          12|
    |sub_ln73_316_fu_1453_p2  |         -|   0|  0|  19|           1|          12|
    |sub_ln73_fu_826_p2       |         -|   0|  0|  19|          12|          12|
    +-------------------------+----------+----+---+----+------------+------------+
    |Total                    |          |   0|  0|1445|         750|         955|
    +-------------------------+----------+----+---+----+------------+------------+

    * Multiplexer: 
    +-------------+----+-----------+-----+-----------+
    |     Name    | LUT| Input Size| Bits| Total Bits|
    +-------------+----+-----------+-----+-----------+
    |ap_return_0  |  14|          3|   18|         54|
    |ap_return_1  |  14|          3|   18|         54|
    |ap_return_2  |  14|          3|   18|         54|
    |ap_return_3  |  14|          3|   18|         54|
    |ap_return_4  |  14|          3|   18|         54|
    +-------------+----+-----------+-----+-----------+
    |Total        |  70|         15|   90|        270|
    +-------------+----+-----------+-----+-----------+

    * Register: 
    +-----------------------+----+----+-----+-----------+
    |          Name         | FF | LUT| Bits| Const Bits|
    +-----------------------+----+----+-----+-----------+
    |add_ln58_652_reg_2024  |  14|   0|   14|          0|
    |add_ln58_656_reg_2029  |  14|   0|   14|          0|
    |add_ln58_662_reg_2034  |  15|   0|   15|          0|
    |add_ln58_667_reg_2039  |  10|   0|   15|          5|
    |add_ln58_669_reg_2044  |  14|   0|   14|          0|
    |add_ln58_671_reg_2049  |  14|   0|   14|          0|
    |add_ln58_680_reg_2054  |  15|   0|   15|          0|
    |add_ln58_683_reg_2059  |  14|   0|   14|          0|
    |add_ln58_686_reg_2064  |  15|   0|   15|          0|
    |ap_ce_reg              |   1|   0|    1|          0|
    |ap_return_0_int_reg    |  18|   0|   18|          0|
    |ap_return_1_int_reg    |  18|   0|   18|          0|
    |ap_return_2_int_reg    |  18|   0|   18|          0|
    |ap_return_3_int_reg    |  18|   0|   18|          0|
    |ap_return_4_int_reg    |  18|   0|   18|          0|
    +-----------------------+----+----+-----+-----------+
    |Total                  | 216|   0|  221|          5|
    +-----------------------+----+----+-----+-----------+



================================================================
== Interface
================================================================
* Summary: 
+-------------+-----+-----+------------+-----------------------------------------------------------------------------+--------------+
|  RTL Ports  | Dir | Bits|  Protocol  |                                Source Object                                |    C Type    |
+-------------+-----+-----+------------+-----------------------------------------------------------------------------+--------------+
|ap_clk       |   in|    1|  ap_ctrl_hs|  dense_latency<ap_ufixed<6, 0, 4, 0, 0>, ap_fixed<18, 7, 5, 3, 0>, config11>|  return value|
|ap_rst       |   in|    1|  ap_ctrl_hs|  dense_latency<ap_ufixed<6, 0, 4, 0, 0>, ap_fixed<18, 7, 5, 3, 0>, config11>|  return value|
|ap_return_0  |  out|   18|  ap_ctrl_hs|  dense_latency<ap_ufixed<6, 0, 4, 0, 0>, ap_fixed<18, 7, 5, 3, 0>, config11>|  return value|
|ap_return_1  |  out|   18|  ap_ctrl_hs|  dense_latency<ap_ufixed<6, 0, 4, 0, 0>, ap_fixed<18, 7, 5, 3, 0>, config11>|  return value|
|ap_return_2  |  out|   18|  ap_ctrl_hs|  dense_latency<ap_ufixed<6, 0, 4, 0, 0>, ap_fixed<18, 7, 5, 3, 0>, config11>|  return value|
|ap_return_3  |  out|   18|  ap_ctrl_hs|  dense_latency<ap_ufixed<6, 0, 4, 0, 0>, ap_fixed<18, 7, 5, 3, 0>, config11>|  return value|
|ap_return_4  |  out|   18|  ap_ctrl_hs|  dense_latency<ap_ufixed<6, 0, 4, 0, 0>, ap_fixed<18, 7, 5, 3, 0>, config11>|  return value|
|ap_ce        |   in|    1|  ap_ctrl_hs|  dense_latency<ap_ufixed<6, 0, 4, 0, 0>, ap_fixed<18, 7, 5, 3, 0>, config11>|  return value|
|data_0_val   |   in|    6|     ap_none|                                                                   data_0_val|        scalar|
|data_1_val   |   in|    6|     ap_none|                                                                   data_1_val|        scalar|
|data_3_val   |   in|    6|     ap_none|                                                                   data_3_val|        scalar|
|data_4_val   |   in|    6|     ap_none|                                                                   data_4_val|        scalar|
|data_5_val   |   in|    6|     ap_none|                                                                   data_5_val|        scalar|
|data_6_val   |   in|    6|     ap_none|                                                                   data_6_val|        scalar|
|data_7_val   |   in|    6|     ap_none|                                                                   data_7_val|        scalar|
|data_9_val   |   in|    6|     ap_none|                                                                   data_9_val|        scalar|
|data_11_val  |   in|    6|     ap_none|                                                                  data_11_val|        scalar|
|data_12_val  |   in|    6|     ap_none|                                                                  data_12_val|        scalar|
|data_13_val  |   in|    6|     ap_none|                                                                  data_13_val|        scalar|
|data_14_val  |   in|    6|     ap_none|                                                                  data_14_val|        scalar|
|data_15_val  |   in|    6|     ap_none|                                                                  data_15_val|        scalar|
|data_17_val  |   in|    6|     ap_none|                                                                  data_17_val|        scalar|
|data_18_val  |   in|    6|     ap_none|                                                                  data_18_val|        scalar|
|data_19_val  |   in|    6|     ap_none|                                                                  data_19_val|        scalar|
|data_20_val  |   in|    6|     ap_none|                                                                  data_20_val|        scalar|
|data_21_val  |   in|    6|     ap_none|                                                                  data_21_val|        scalar|
|data_22_val  |   in|    6|     ap_none|                                                                  data_22_val|        scalar|
|data_23_val  |   in|    6|     ap_none|                                                                  data_23_val|        scalar|
|data_24_val  |   in|    6|     ap_none|                                                                  data_24_val|        scalar|
|data_25_val  |   in|    6|     ap_none|                                                                  data_25_val|        scalar|
|data_26_val  |   in|    6|     ap_none|                                                                  data_26_val|        scalar|
|data_27_val  |   in|    6|     ap_none|                                                                  data_27_val|        scalar|
|data_28_val  |   in|    6|     ap_none|                                                                  data_28_val|        scalar|
|data_29_val  |   in|    6|     ap_none|                                                                  data_29_val|        scalar|
|data_31_val  |   in|    6|     ap_none|                                                                  data_31_val|        scalar|
+-------------+-----+-----+------------+-----------------------------------------------------------------------------+--------------+

