

================================================================
== Vitis HLS Report for 'dense_latency_ap_ufixed_6_0_4_0_0_ap_fixed_19_8_5_3_0_config5_s'
================================================================
* Date:           Tue Oct 14 15:22:57 2025

* Version:        2024.2 (Build 5238294 on Nov  8 2024)
* Project:        myproject_prj
* Solution:       solution1 (Vivado IP Flow Target)
* Product family: virtexuplus
* Target device:  xcu250-figd2104-2L-e


================================================================
== Performance Estimates
================================================================
+ Timing: 
    * Summary: 
    +--------+---------+----------+------------+
    |  Clock |  Target | Estimated| Uncertainty|
    +--------+---------+----------+------------+
    |ap_clk  |  5.00 ns|  3.646 ns|     1.35 ns|
    +--------+---------+----------+------------+

+ Latency: 
    * Summary: 
    +---------+---------+----------+----------+-----+-----+---------+
    |  Latency (cycles) |  Latency (absolute) |  Interval | Pipeline|
    |   min   |   max   |    min   |    max   | min | max |   Type  |
    +---------+---------+----------+----------+-----+-----+---------+
    |        1|        1|  5.000 ns|  5.000 ns|    1|    1|      yes|
    +---------+---------+----------+----------+-----+-----+---------+

    + Detail: 
        * Instance: 
        N/A

        * Loop: 
        N/A



================================================================
== Utilization Estimates
================================================================
* Summary: 
+---------------------+---------+-------+---------+---------+------+
|         Name        | BRAM_18K|  DSP  |    FF   |   LUT   | URAM |
+---------------------+---------+-------+---------+---------+------+
|DSP                  |        -|      -|        -|        -|     -|
|Expression           |        -|      -|        0|    12479|     -|
|FIFO                 |        -|      -|        -|        -|     -|
|Instance             |        -|      0|        0|     1012|     -|
|Memory               |        -|      -|        -|        -|     -|
|Multiplexer          |        -|      -|        -|        -|     -|
|Register             |        -|      -|      818|        -|     -|
+---------------------+---------+-------+---------+---------+------+
|Total                |        0|      0|      818|    13491|     0|
+---------------------+---------+-------+---------+---------+------+
|Available SLR        |     1344|   3072|   864000|   432000|   320|
+---------------------+---------+-------+---------+---------+------+
|Utilization SLR (%)  |        0|      0|       ~0|        3|     0|
+---------------------+---------+-------+---------+---------+------+
|Available            |     5376|  12288|  3456000|  1728000|  1280|
+---------------------+---------+-------+---------+---------+------+
|Utilization (%)      |        0|      0|       ~0|       ~0|     0|
+---------------------+---------+-------+---------+---------+------+

+ Detail: 
    * Instance: 
    +-------------------------+--------------------+---------+----+---+----+-----+
    |         Instance        |       Module       | BRAM_18K| DSP| FF| LUT| URAM|
    +-------------------------+--------------------+---------+----+---+----+-----+
    |mul_6ns_5ns_10_1_1_U110  |mul_6ns_5ns_10_1_1  |        0|   0|  0|  23|    0|
    |mul_6ns_5ns_10_1_1_U114  |mul_6ns_5ns_10_1_1  |        0|   0|  0|  23|    0|
    |mul_6ns_5ns_10_1_1_U115  |mul_6ns_5ns_10_1_1  |        0|   0|  0|  23|    0|
    |mul_6ns_5ns_10_1_1_U117  |mul_6ns_5ns_10_1_1  |        0|   0|  0|  23|    0|
    |mul_6ns_5ns_10_1_1_U119  |mul_6ns_5ns_10_1_1  |        0|   0|  0|  23|    0|
    |mul_6ns_5ns_10_1_1_U126  |mul_6ns_5ns_10_1_1  |        0|   0|  0|  23|    0|
    |mul_6ns_5ns_10_1_1_U127  |mul_6ns_5ns_10_1_1  |        0|   0|  0|  23|    0|
    |mul_6ns_5ns_10_1_1_U128  |mul_6ns_5ns_10_1_1  |        0|   0|  0|  23|    0|
    |mul_6ns_5ns_10_1_1_U129  |mul_6ns_5ns_10_1_1  |        0|   0|  0|  23|    0|
    |mul_6ns_5ns_10_1_1_U131  |mul_6ns_5ns_10_1_1  |        0|   0|  0|  23|    0|
    |mul_6ns_5ns_10_1_1_U134  |mul_6ns_5ns_10_1_1  |        0|   0|  0|  23|    0|
    |mul_6ns_5ns_10_1_1_U139  |mul_6ns_5ns_10_1_1  |        0|   0|  0|  23|    0|
    |mul_6ns_5ns_10_1_1_U140  |mul_6ns_5ns_10_1_1  |        0|   0|  0|  23|    0|
    |mul_6ns_5ns_10_1_1_U146  |mul_6ns_5ns_10_1_1  |        0|   0|  0|  23|    0|
    |mul_6ns_5ns_10_1_1_U147  |mul_6ns_5ns_10_1_1  |        0|   0|  0|  23|    0|
    |mul_6ns_5ns_10_1_1_U148  |mul_6ns_5ns_10_1_1  |        0|   0|  0|  23|    0|
    |mul_6ns_5ns_10_1_1_U150  |mul_6ns_5ns_10_1_1  |        0|   0|  0|  23|    0|
    |mul_6ns_5ns_10_1_1_U151  |mul_6ns_5ns_10_1_1  |        0|   0|  0|  23|    0|
    |mul_6ns_5s_11_1_1_U120   |mul_6ns_5s_11_1_1   |        0|   0|  0|  23|    0|
    |mul_6ns_5s_11_1_1_U122   |mul_6ns_5s_11_1_1   |        0|   0|  0|  23|    0|
    |mul_6ns_5s_11_1_1_U123   |mul_6ns_5s_11_1_1   |        0|   0|  0|  23|    0|
    |mul_6ns_5s_11_1_1_U125   |mul_6ns_5s_11_1_1   |        0|   0|  0|  23|    0|
    |mul_6ns_5s_11_1_1_U132   |mul_6ns_5s_11_1_1   |        0|   0|  0|  23|    0|
    |mul_6ns_5s_11_1_1_U135   |mul_6ns_5s_11_1_1   |        0|   0|  0|  23|    0|
    |mul_6ns_5s_11_1_1_U137   |mul_6ns_5s_11_1_1   |        0|   0|  0|  23|    0|
    |mul_6ns_5s_11_1_1_U144   |mul_6ns_5s_11_1_1   |        0|   0|  0|  23|    0|
    |mul_6ns_6ns_11_1_1_U111  |mul_6ns_6ns_11_1_1  |        0|   0|  0|  23|    0|
    |mul_6ns_6ns_11_1_1_U112  |mul_6ns_6ns_11_1_1  |        0|   0|  0|  23|    0|
    |mul_6ns_6ns_11_1_1_U113  |mul_6ns_6ns_11_1_1  |        0|   0|  0|  23|    0|
    |mul_6ns_6ns_11_1_1_U116  |mul_6ns_6ns_11_1_1  |        0|   0|  0|  23|    0|
    |mul_6ns_6ns_11_1_1_U118  |mul_6ns_6ns_11_1_1  |        0|   0|  0|  23|    0|
    |mul_6ns_6ns_11_1_1_U121  |mul_6ns_6ns_11_1_1  |        0|   0|  0|  23|    0|
    |mul_6ns_6ns_11_1_1_U130  |mul_6ns_6ns_11_1_1  |        0|   0|  0|  23|    0|
    |mul_6ns_6ns_11_1_1_U133  |mul_6ns_6ns_11_1_1  |        0|   0|  0|  23|    0|
    |mul_6ns_6ns_11_1_1_U138  |mul_6ns_6ns_11_1_1  |        0|   0|  0|  23|    0|
    |mul_6ns_6ns_11_1_1_U142  |mul_6ns_6ns_11_1_1  |        0|   0|  0|  23|    0|
    |mul_6ns_6ns_11_1_1_U143  |mul_6ns_6ns_11_1_1  |        0|   0|  0|  23|    0|
    |mul_6ns_6ns_11_1_1_U145  |mul_6ns_6ns_11_1_1  |        0|   0|  0|  23|    0|
    |mul_6ns_6s_12_1_1_U124   |mul_6ns_6s_12_1_1   |        0|   0|  0|  23|    0|
    |mul_6ns_6s_12_1_1_U136   |mul_6ns_6s_12_1_1   |        0|   0|  0|  23|    0|
    |mul_6ns_6s_12_1_1_U141   |mul_6ns_6s_12_1_1   |        0|   0|  0|  23|    0|
    |mul_6ns_6s_12_1_1_U149   |mul_6ns_6s_12_1_1   |        0|   0|  0|  23|    0|
    |mul_6ns_6s_12_1_1_U152   |mul_6ns_6s_12_1_1   |        0|   0|  0|  23|    0|
    |mul_6ns_6s_12_1_1_U153   |mul_6ns_6s_12_1_1   |        0|   0|  0|  23|    0|
    +-------------------------+--------------------+---------+----+---+----+-----+
    |Total                    |                    |        0|   0|  0|1012|    0|
    +-------------------------+--------------------+---------+----+---+----+-----+

    * DSP: 
    N/A

    * Memory: 
    N/A

    * FIFO: 
    N/A

    * Expression: 
    +--------------------------+----------+----+---+-----+------------+------------+
    |       Variable Name      | Operation| DSP| FF| LUT | Bitwidth P0| Bitwidth P1|
    +--------------------------+----------+----+---+-----+------------+------------+
    |add_ln58_100_fu_88645_p2  |         +|   0|  0|   20|          13|          13|
    |add_ln58_101_fu_88651_p2  |         +|   0|  0|   17|          13|          13|
    |add_ln58_102_fu_88657_p2  |         +|   0|  0|   17|          11|          11|
    |add_ln58_103_fu_88663_p2  |         +|   0|  0|   17|          11|          11|
    |add_ln58_104_fu_88673_p2  |         +|   0|  0|   17|          10|          10|
    |add_ln58_105_fu_88683_p2  |         +|   0|  0|   17|          10|          10|
    |add_ln58_106_fu_88693_p2  |         +|   0|  0|   18|          11|          11|
    |add_ln58_107_fu_88703_p2  |         +|   0|  0|   19|          12|          12|
    |add_ln58_108_fu_88713_p2  |         +|   0|  0|   17|          13|          13|
    |add_ln58_109_fu_88719_p2  |         +|   0|  0|   16|           9|           9|
    |add_ln58_10_fu_87753_p2   |         +|   0|  0|   17|          12|          12|
    |add_ln58_110_fu_88729_p2  |         +|   0|  0|   20|          13|          13|
    |add_ln58_111_fu_88735_p2  |         +|   0|  0|   17|          13|          13|
    |add_ln58_112_fu_88741_p2  |         +|   0|  0|   17|          10|          10|
    |add_ln58_113_fu_88751_p2  |         +|   0|  0|   17|          10|          10|
    |add_ln58_114_fu_88761_p2  |         +|   0|  0|   18|          11|          11|
    |add_ln58_115_fu_88771_p2  |         +|   0|  0|   17|          13|          13|
    |add_ln58_116_fu_88777_p2  |         +|   0|  0|   17|          11|          11|
    |add_ln58_117_fu_88787_p2  |         +|   0|  0|   18|          11|          11|
    |add_ln58_118_fu_88797_p2  |         +|   0|  0|   19|          12|          12|
    |add_ln58_119_fu_88807_p2  |         +|   0|  0|   17|          10|          10|
    |add_ln58_11_fu_87763_p2   |         +|   0|  0|   17|          12|          10|
    |add_ln58_120_fu_88817_p2  |         +|   0|  0|   14|           7|           7|
    |add_ln58_121_fu_88827_p2  |         +|   0|  0|   18|          11|          11|
    |add_ln58_122_fu_88837_p2  |         +|   0|  0|   20|          13|          13|
    |add_ln58_123_fu_91471_p2  |         +|   0|  0|   21|          14|          14|
    |add_ln58_124_fu_88843_p2  |         +|   0|  0|   17|          11|          11|
    |add_ln58_125_fu_88849_p2  |         +|   0|  0|   16|           9|           9|
    |add_ln58_126_fu_88859_p2  |         +|   0|  0|   17|          11|          11|
    |add_ln58_127_fu_88865_p2  |         +|   0|  0|   19|          12|          12|
    |add_ln58_128_fu_88875_p2  |         +|   0|  0|   17|          13|          13|
    |add_ln58_129_fu_88881_p2  |         +|   0|  0|   17|          13|          13|
    |add_ln58_12_fu_87769_p2   |         +|   0|  0|   17|          12|          12|
    |add_ln58_130_fu_91487_p2  |         +|   0|  0|   16|          14|          14|
    |add_ln58_131_fu_88887_p2  |         +|   0|  0|   18|          11|          11|
    |add_ln58_132_fu_88897_p2  |         +|   0|  0|   17|          11|          11|
    |add_ln58_133_fu_88907_p2  |         +|   0|  0|   19|          12|          12|
    |add_ln58_134_fu_88917_p2  |         +|   0|  0|   18|          11|          11|
    |add_ln58_135_fu_88935_p2  |         +|   0|  0|   17|          10|          10|
    |add_ln58_136_fu_88945_p2  |         +|   0|  0|   19|          12|          12|
    |add_ln58_137_fu_88955_p2  |         +|   0|  0|   21|          14|          14|
    |add_ln58_138_fu_91493_p2  |         +|   0|  0|   16|          14|          14|
    |add_ln58_139_fu_88961_p2  |         +|   0|  0|   16|           9|           9|
    |add_ln58_13_fu_87779_p2   |         +|   0|  0|   20|          13|          13|
    |add_ln58_140_fu_88971_p2  |         +|   0|  0|   18|           9|           9|
    |add_ln58_141_fu_88981_p2  |         +|   0|  0|   17|          10|          10|
    |add_ln58_142_fu_88991_p2  |         +|   0|  0|   17|          10|          10|
    |add_ln58_143_fu_89001_p2  |         +|   0|  0|   18|          11|          11|
    |add_ln58_144_fu_89011_p2  |         +|   0|  0|   17|          12|          12|
    |add_ln58_145_fu_89017_p2  |         +|   0|  0|   17|          12|          12|
    |add_ln58_146_fu_89023_p2  |         +|   0|  0|   18|          11|          11|
    |add_ln58_147_fu_89033_p2  |         +|   0|  0|   18|          11|          11|
    |add_ln58_148_fu_89043_p2  |         +|   0|  0|   17|          12|          12|
    |add_ln58_149_fu_89049_p2  |         +|   0|  0|   18|           9|           9|
    |add_ln58_14_fu_87833_p2   |         +|   0|  0|   18|           9|           9|
    |add_ln58_150_fu_89079_p2  |         +|   0|  0|   17|          10|          10|
    |add_ln58_151_fu_89089_p2  |         +|   0|  0|   17|          12|          12|
    |add_ln58_152_fu_91508_p2  |         +|   0|  0|   21|          14|          14|
    |add_ln58_153_fu_89099_p2  |         +|   0|  0|   18|          10|          10|
    |add_ln58_154_fu_89109_p2  |         +|   0|  0|   18|          10|          10|
    |add_ln58_155_fu_89119_p2  |         +|   0|  0|   17|          11|          11|
    |add_ln58_156_fu_89125_p2  |         +|   0|  0|   17|          11|          11|
    |add_ln58_157_fu_89131_p2  |         +|   0|  0|   19|          12|          12|
    |add_ln58_158_fu_89141_p2  |         +|   0|  0|   20|          13|          13|
    |add_ln58_159_fu_89147_p2  |         +|   0|  0|   17|          13|          13|
    |add_ln58_15_fu_87843_p2   |         +|   0|  0|   19|           8|           8|
    |add_ln58_160_fu_89153_p2  |         +|   0|  0|   17|          13|          13|
    |add_ln58_161_fu_91524_p2  |         +|   0|  0|   16|          14|          14|
    |add_ln58_162_fu_89159_p2  |         +|   0|  0|   18|           9|           9|
    |add_ln58_163_fu_89169_p2  |         +|   0|  0|   17|          10|          10|
    |add_ln58_164_fu_89179_p2  |         +|   0|  0|   18|          11|          11|
    |add_ln58_165_fu_89189_p2  |         +|   0|  0|   20|          13|          13|
    |add_ln58_166_fu_89195_p2  |         +|   0|  0|   18|          11|          11|
    |add_ln58_167_fu_89205_p2  |         +|   0|  0|   17|          12|          12|
    |add_ln58_168_fu_89211_p2  |         +|   0|  0|   18|          10|          10|
    |add_ln58_169_fu_89217_p2  |         +|   0|  0|   18|          10|          10|
    |add_ln58_16_fu_87853_p2   |         +|   0|  0|   16|           9|           9|
    |add_ln58_170_fu_89227_p2  |         +|   0|  0|   17|          12|          12|
    |add_ln58_171_fu_91536_p2  |         +|   0|  0|   21|          14|          14|
    |add_ln58_172_fu_91542_p2  |         +|   0|  0|   16|          14|          14|
    |add_ln58_173_fu_89233_p2  |         +|   0|  0|   16|           9|           9|
    |add_ln58_174_fu_89243_p2  |         +|   0|  0|   18|          11|          11|
    |add_ln58_175_fu_89253_p2  |         +|   0|  0|   17|          12|          12|
    |add_ln58_176_fu_89259_p2  |         +|   0|  0|   17|          10|          10|
    |add_ln58_177_fu_89269_p2  |         +|   0|  0|   18|          10|          10|
    |add_ln58_178_fu_89279_p2  |         +|   0|  0|   18|          11|          11|
    |add_ln58_179_fu_89289_p2  |         +|   0|  0|   17|          12|          12|
    |add_ln58_17_fu_87863_p2   |         +|   0|  0|   18|          11|          11|
    |add_ln58_180_fu_89295_p2  |         +|   0|  0|   15|           8|           8|
    |add_ln58_181_fu_89305_p2  |         +|   0|  0|   19|          12|          12|
    |add_ln58_182_fu_89315_p2  |         +|   0|  0|   20|          13|          13|
    |add_ln58_183_fu_89321_p2  |         +|   0|  0|   19|          12|          12|
    |add_ln58_184_fu_89331_p2  |         +|   0|  0|   17|          10|          10|
    |add_ln58_185_fu_89341_p2  |         +|   0|  0|   20|          13|          13|
    |add_ln58_186_fu_91561_p2  |         +|   0|  0|   16|          14|          14|
    |add_ln58_187_fu_91567_p2  |         +|   0|  0|   16|          14|          14|
    |add_ln58_188_fu_89355_p2  |         +|   0|  0|   18|          10|          10|
    |add_ln58_189_fu_89365_p2  |         +|   0|  0|   18|          10|          10|
    |add_ln58_18_fu_87901_p2   |         +|   0|  0|   17|          12|          12|
    |add_ln58_190_fu_89375_p2  |         +|   0|  0|   18|          11|          11|
    |add_ln58_191_fu_89381_p2  |         +|   0|  0|   18|          11|          11|
    |add_ln58_192_fu_89391_p2  |         +|   0|  0|   16|           9|           9|
    |add_ln58_193_fu_89401_p2  |         +|   0|  0|   17|          10|          10|
    |add_ln58_194_fu_89411_p2  |         +|   0|  0|   19|          12|          12|
    |add_ln58_195_fu_91583_p2  |         +|   0|  0|   17|          13|          13|
    |add_ln58_196_fu_89417_p2  |         +|   0|  0|   18|          10|          10|
    |add_ln58_197_fu_89427_p2  |         +|   0|  0|   18|          10|          10|
    |add_ln58_198_fu_89437_p2  |         +|   0|  0|   17|          11|          11|
    |add_ln58_199_fu_89443_p2  |         +|   0|  0|   17|          11|          11|
    |add_ln58_19_fu_87907_p2   |         +|   0|  0|   17|          12|          12|
    |add_ln58_1_fu_87469_p2    |         +|   0|  0|   15|           8|           8|
    |add_ln58_200_fu_89453_p2  |         +|   0|  0|   18|          10|          10|
    |add_ln58_201_fu_89479_p2  |         +|   0|  0|   17|          10|          10|
    |add_ln58_202_fu_89489_p2  |         +|   0|  0|   18|          11|          11|
    |add_ln58_203_fu_89499_p2  |         +|   0|  0|   19|          12|          12|
    |add_ln58_204_fu_91592_p2  |         +|   0|  0|   17|          13|          13|
    |add_ln58_205_fu_89505_p2  |         +|   0|  0|   17|          11|          11|
    |add_ln58_206_fu_89511_p2  |         +|   0|  0|   17|          11|          11|
    |add_ln58_207_fu_89531_p2  |         +|   0|  0|   18|          11|          11|
    |add_ln58_208_fu_89541_p2  |         +|   0|  0|   19|          12|          12|
    |add_ln58_209_fu_89547_p2  |         +|   0|  0|   17|          11|          11|
    |add_ln58_20_fu_87913_p2   |         +|   0|  0|   17|          12|          12|
    |add_ln58_210_fu_89553_p2  |         +|   0|  0|   17|          11|          11|
    |add_ln58_211_fu_89563_p2  |         +|   0|  0|   17|          10|          10|
    |add_ln58_212_fu_89573_p2  |         +|   0|  0|   14|           7|           7|
    |add_ln58_213_fu_89583_p2  |         +|   0|  0|   18|          11|          11|
    |add_ln58_214_fu_89593_p2  |         +|   0|  0|   19|          12|          12|
    |add_ln58_215_fu_91608_p2  |         +|   0|  0|   20|          13|          13|
    |add_ln58_216_fu_89599_p2  |         +|   0|  0|   16|           9|           9|
    |add_ln58_217_fu_89605_p2  |         +|   0|  0|   19|          12|          12|
    |add_ln58_218_fu_89615_p2  |         +|   0|  0|   20|          13|          13|
    |add_ln58_219_fu_91621_p2  |         +|   0|  0|   17|          13|          13|
    |add_ln58_21_fu_87923_p2   |         +|   0|  0|   18|          11|          11|
    |add_ln58_220_fu_89621_p2  |         +|   0|  0|   17|          12|          12|
    |add_ln58_221_fu_89627_p2  |         +|   0|  0|   17|          10|          10|
    |add_ln58_222_fu_89637_p2  |         +|   0|  0|   18|          11|          11|
    |add_ln58_223_fu_89647_p2  |         +|   0|  0|   17|          12|          12|
    |add_ln58_224_fu_91629_p2  |         +|   0|  0|   17|          13|          13|
    |add_ln58_225_fu_89653_p2  |         +|   0|  0|   17|          10|          10|
    |add_ln58_226_fu_89663_p2  |         +|   0|  0|   17|          11|          11|
    |add_ln58_227_fu_89673_p2  |         +|   0|  0|   17|          12|          12|
    |add_ln58_228_fu_89679_p2  |         +|   0|  0|   17|          12|          12|
    |add_ln58_229_fu_89685_p2  |         +|   0|  0|   18|          11|          11|
    |add_ln58_22_fu_87933_p2   |         +|   0|  0|   20|          13|          13|
    |add_ln58_230_fu_89695_p2  |         +|   0|  0|   19|          12|          12|
    |add_ln58_231_fu_89705_p2  |         +|   0|  0|   18|          10|          10|
    |add_ln58_232_fu_89711_p2  |         +|   0|  0|   18|          10|          10|
    |add_ln58_233_fu_89721_p2  |         +|   0|  0|   20|          13|          13|
    |add_ln58_234_fu_91645_p2  |         +|   0|  0|   16|          14|          14|
    |add_ln58_235_fu_91651_p2  |         +|   0|  0|   16|          14|          14|
    |add_ln58_236_fu_89727_p2  |         +|   0|  0|   17|          11|          11|
    |add_ln58_237_fu_89733_p2  |         +|   0|  0|   17|          11|          11|
    |add_ln58_238_fu_89743_p2  |         +|   0|  0|   18|          11|          11|
    |add_ln58_239_fu_89753_p2  |         +|   0|  0|   19|          12|          12|
    |add_ln58_23_fu_91402_p2   |         +|   0|  0|   16|          14|          14|
    |add_ln58_240_fu_89763_p2  |         +|   0|  0|   17|          13|          13|
    |add_ln58_241_fu_89769_p2  |         +|   0|  0|   18|          11|          11|
    |add_ln58_242_fu_89775_p2  |         +|   0|  0|   17|          11|          11|
    |add_ln58_243_fu_89781_p2  |         +|   0|  0|   14|           7|           7|
    |add_ln58_244_fu_89791_p2  |         +|   0|  0|   16|           9|           9|
    |add_ln58_245_fu_89801_p2  |         +|   0|  0|   17|          11|          11|
    |add_ln58_246_fu_89811_p2  |         +|   0|  0|   17|          13|          13|
    |add_ln58_247_fu_89821_p2  |         +|   0|  0|   14|           7|           7|
    |add_ln58_248_fu_89841_p2  |         +|   0|  0|   19|          12|          12|
    |add_ln58_249_fu_89851_p2  |         +|   0|  0|   16|           9|           9|
    |add_ln58_24_fu_87939_p2   |         +|   0|  0|   18|          11|          11|
    |add_ln58_250_fu_89861_p2  |         +|   0|  0|   17|          10|          10|
    |add_ln58_251_fu_89871_p2  |         +|   0|  0|   20|          13|          13|
    |add_ln58_252_fu_89877_p2  |         +|   0|  0|   18|           9|           9|
    |add_ln58_253_fu_89887_p2  |         +|   0|  0|   18|          11|          11|
    |add_ln58_254_fu_89897_p2  |         +|   0|  0|   20|          13|          13|
    |add_ln58_255_fu_89903_p2  |         +|   0|  0|   18|          10|          10|
    |add_ln58_256_fu_89913_p2  |         +|   0|  0|   17|          13|          13|
    |add_ln58_257_fu_89919_p2  |         +|   0|  0|   17|          13|          13|
    |add_ln58_258_fu_91670_p2  |         +|   0|  0|   16|          14|          14|
    |add_ln58_259_fu_89925_p2  |         +|   0|  0|   17|          11|          11|
    |add_ln58_25_fu_87949_p2   |         +|   0|  0|   19|          12|          12|
    |add_ln58_260_fu_89931_p2  |         +|   0|  0|   17|          11|          11|
    |add_ln58_261_fu_89941_p2  |         +|   0|  0|   17|          11|          11|
    |add_ln58_262_fu_89947_p2  |         +|   0|  0|   17|          11|          11|
    |add_ln58_263_fu_89957_p2  |         +|   0|  0|   19|          12|          12|
    |add_ln58_264_fu_89967_p2  |         +|   0|  0|   17|          11|          11|
    |add_ln58_265_fu_89973_p2  |         +|   0|  0|   17|          11|          11|
    |add_ln58_266_fu_89983_p2  |         +|   0|  0|   17|          11|          11|
    |add_ln58_267_fu_89989_p2  |         +|   0|  0|   14|           7|           7|
    |add_ln58_268_fu_89999_p2  |         +|   0|  0|   17|          11|          11|
    |add_ln58_269_fu_90009_p2  |         +|   0|  0|   19|          12|          12|
    |add_ln58_26_fu_87959_p2   |         +|   0|  0|   17|          12|          12|
    |add_ln58_270_fu_90019_p2  |         +|   0|  0|   20|          13|          13|
    |add_ln58_271_fu_91679_p2  |         +|   0|  0|   16|          14|          14|
    |add_ln58_272_fu_90025_p2  |         +|   0|  0|   19|          12|          12|
    |add_ln58_273_fu_90035_p2  |         +|   0|  0|   17|          12|          12|
    |add_ln58_274_fu_90041_p2  |         +|   0|  0|   17|          12|          12|
    |add_ln58_275_fu_90051_p2  |         +|   0|  0|   20|          13|          13|
    |add_ln58_276_fu_90057_p2  |         +|   0|  0|   17|          12|          12|
    |add_ln58_277_fu_90063_p2  |         +|   0|  0|   17|          12|          12|
    |add_ln58_278_fu_90073_p2  |         +|   0|  0|   17|          10|          10|
    |add_ln58_279_fu_90083_p2  |         +|   0|  0|   18|          11|          11|
    |add_ln58_27_fu_87965_p2   |         +|   0|  0|   17|          10|           8|
    |add_ln58_280_fu_90093_p2  |         +|   0|  0|   20|          13|          13|
    |add_ln58_281_fu_91695_p2  |         +|   0|  0|   16|          14|          14|
    |add_ln58_282_fu_90099_p2  |         +|   0|  0|   18|          11|          11|
    |add_ln58_283_fu_90109_p2  |         +|   0|  0|   17|          10|          10|
    |add_ln58_284_fu_90119_p2  |         +|   0|  0|   18|          11|          11|
    |add_ln58_285_fu_90129_p2  |         +|   0|  0|   19|          12|          12|
    |add_ln58_286_fu_90135_p2  |         +|   0|  0|   18|          11|          11|
    |add_ln58_287_fu_90145_p2  |         +|   0|  0|   17|          12|          12|
    |add_ln58_288_fu_90151_p2  |         +|   0|  0|   14|           7|           7|
    |add_ln58_289_fu_90173_p2  |         +|   0|  0|   17|          12|          12|
    |add_ln58_28_fu_87975_p2   |         +|   0|  0|   17|          12|          12|
    |add_ln58_290_fu_91707_p2  |         +|   0|  0|   20|          13|          13|
    |add_ln58_291_fu_91717_p2  |         +|   0|  0|   16|          14|          14|
    |add_ln58_292_fu_90179_p2  |         +|   0|  0|   18|          10|          10|
    |add_ln58_293_fu_90185_p2  |         +|   0|  0|   18|          10|          10|
    |add_ln58_294_fu_90195_p2  |         +|   0|  0|   18|           9|           9|
    |add_ln58_295_fu_90201_p2  |         +|   0|  0|   18|           9|           9|
    |add_ln58_296_fu_90211_p2  |         +|   0|  0|   18|          11|          11|
    |add_ln58_297_fu_90221_p2  |         +|   0|  0|   18|          11|          11|
    |add_ln58_298_fu_90231_p2  |         +|   0|  0|   17|          12|          12|
    |add_ln58_299_fu_90237_p2  |         +|   0|  0|   14|           7|           7|
    |add_ln58_29_fu_87985_p2   |         +|   0|  0|   20|          13|          13|
    |add_ln58_2_fu_87539_p2    |         +|   0|  0|   14|           7|           7|
    |add_ln58_300_fu_90247_p2  |         +|   0|  0|   15|           8|           8|
    |add_ln58_301_fu_90257_p2  |         +|   0|  0|   17|          12|          12|
    |add_ln58_302_fu_90267_p2  |         +|   0|  0|   20|          13|          13|
    |add_ln58_303_fu_90273_p2  |         +|   0|  0|   17|          11|          11|
    |add_ln58_304_fu_90279_p2  |         +|   0|  0|   17|          11|          11|
    |add_ln58_305_fu_90289_p2  |         +|   0|  0|   17|          11|          11|
    |add_ln58_306_fu_90299_p2  |         +|   0|  0|   17|          12|          12|
    |add_ln58_307_fu_90305_p2  |         +|   0|  0|   17|          12|          12|
    |add_ln58_308_fu_90315_p2  |         +|   0|  0|   17|          11|          11|
    |add_ln58_309_fu_90321_p2  |         +|   0|  0|   17|          11|          11|
    |add_ln58_30_fu_91411_p2   |         +|   0|  0|   16|          14|          14|
    |add_ln58_310_fu_90331_p2  |         +|   0|  0|   18|          10|          10|
    |add_ln58_311_fu_90353_p2  |         +|   0|  0|   18|          11|          11|
    |add_ln58_312_fu_90363_p2  |         +|   0|  0|   19|          12|          12|
    |add_ln58_313_fu_90373_p2  |         +|   0|  0|   20|          13|          13|
    |add_ln58_314_fu_90379_p2  |         +|   0|  0|   18|          10|          10|
    |add_ln58_315_fu_90389_p2  |         +|   0|  0|   17|          13|          13|
    |add_ln58_316_fu_90395_p2  |         +|   0|  0|   17|          13|          13|
    |add_ln58_317_fu_90401_p2  |         +|   0|  0|   17|          13|          13|
    |add_ln58_318_fu_90407_p2  |         +|   0|  0|   17|          10|          10|
    |add_ln58_319_fu_90417_p2  |         +|   0|  0|   15|           8|           8|
    |add_ln58_31_fu_87991_p2   |         +|   0|  0|   18|           9|           9|
    |add_ln58_320_fu_90427_p2  |         +|   0|  0|   17|          10|          10|
    |add_ln58_321_fu_90437_p2  |         +|   0|  0|   18|          11|          11|
    |add_ln58_322_fu_90447_p2  |         +|   0|  0|   17|          13|          13|
    |add_ln58_323_fu_90457_p2  |         +|   0|  0|   18|          11|          11|
    |add_ln58_324_fu_90467_p2  |         +|   0|  0|   17|          11|          11|
    |add_ln58_325_fu_90473_p2  |         +|   0|  0|   17|          11|          11|
    |add_ln58_326_fu_90483_p2  |         +|   0|  0|   19|          12|          12|
    |add_ln58_327_fu_90493_p2  |         +|   0|  0|   18|          11|          11|
    |add_ln58_328_fu_90515_p2  |         +|   0|  0|   18|          11|          11|
    |add_ln58_329_fu_90525_p2  |         +|   0|  0|   20|          13|          13|
    |add_ln58_32_fu_88001_p2   |         +|   0|  0|   18|          11|          11|
    |add_ln58_330_fu_90535_p2  |         +|   0|  0|   16|          14|          14|
    |add_ln58_331_fu_90541_p2  |         +|   0|  0|   16|          14|          14|
    |add_ln58_332_fu_90547_p2  |         +|   0|  0|   18|          10|          10|
    |add_ln58_333_fu_90553_p2  |         +|   0|  0|   18|          10|          10|
    |add_ln58_334_fu_90563_p2  |         +|   0|  0|   18|          11|          11|
    |add_ln58_335_fu_90573_p2  |         +|   0|  0|   16|           9|           9|
    |add_ln58_336_fu_90583_p2  |         +|   0|  0|   19|          12|          12|
    |add_ln58_337_fu_90593_p2  |         +|   0|  0|   20|          13|          13|
    |add_ln58_338_fu_90599_p2  |         +|   0|  0|   17|          11|          11|
    |add_ln58_339_fu_90605_p2  |         +|   0|  0|   17|          11|          11|
    |add_ln58_33_fu_88011_p2   |         +|   0|  0|   18|          11|          11|
    |add_ln58_340_fu_90615_p2  |         +|   0|  0|   15|           8|           8|
    |add_ln58_341_fu_90637_p2  |         +|   0|  0|   16|           9|           9|
    |add_ln58_342_fu_90647_p2  |         +|   0|  0|   19|          12|          12|
    |add_ln58_343_fu_91742_p2  |         +|   0|  0|   21|          14|          14|
    |add_ln58_344_fu_90653_p2  |         +|   0|  0|   19|          12|          12|
    |add_ln58_345_fu_90659_p2  |         +|   0|  0|   17|          12|          12|
    |add_ln58_346_fu_90665_p2  |         +|   0|  0|   17|          10|          10|
    |add_ln58_347_fu_90675_p2  |         +|   0|  0|   17|          10|          10|
    |add_ln58_348_fu_90685_p2  |         +|   0|  0|   18|          11|          11|
    |add_ln58_349_fu_90695_p2  |         +|   0|  0|   17|          12|          12|
    |add_ln58_34_fu_88021_p2   |         +|   0|  0|   18|          10|          10|
    |add_ln58_350_fu_90701_p2  |         +|   0|  0|   14|           7|           7|
    |add_ln58_351_fu_90721_p2  |         +|   0|  0|   17|          12|          12|
    |add_ln58_352_fu_90727_p2  |         +|   0|  0|   17|          12|          12|
    |add_ln58_353_fu_90737_p2  |         +|   0|  0|   17|          12|          12|
    |add_ln58_354_fu_90743_p2  |         +|   0|  0|   17|          10|          10|
    |add_ln58_355_fu_90753_p2  |         +|   0|  0|   17|          12|          12|
    |add_ln58_356_fu_90763_p2  |         +|   0|  0|   20|          13|          13|
    |add_ln58_357_fu_91758_p2  |         +|   0|  0|   16|          14|          14|
    |add_ln58_358_fu_90769_p2  |         +|   0|  0|   16|           9|           9|
    |add_ln58_359_fu_90779_p2  |         +|   0|  0|   17|          10|          10|
    |add_ln58_35_fu_88031_p2   |         +|   0|  0|   19|          12|          12|
    |add_ln58_360_fu_90789_p2  |         +|   0|  0|   17|          11|          11|
    |add_ln58_361_fu_90795_p2  |         +|   0|  0|   18|          10|          10|
    |add_ln58_362_fu_90801_p2  |         +|   0|  0|   16|           9|           9|
    |add_ln58_363_fu_90811_p2  |         +|   0|  0|   18|          10|          10|
    |add_ln58_364_fu_90821_p2  |         +|   0|  0|   17|          11|          11|
    |add_ln58_365_fu_90827_p2  |         +|   0|  0|   18|          11|          11|
    |add_ln58_366_fu_90837_p2  |         +|   0|  0|   17|          10|          10|
    |add_ln58_367_fu_90847_p2  |         +|   0|  0|   19|          12|          12|
    |add_ln58_368_fu_90853_p2  |         +|   0|  0|   18|          11|          11|
    |add_ln58_369_fu_90863_p2  |         +|   0|  0|   18|          11|           9|
    |add_ln58_36_fu_88041_p2   |         +|   0|  0|   20|          13|          13|
    |add_ln58_370_fu_90873_p2  |         +|   0|  0|   19|          12|          12|
    |add_ln58_371_fu_91773_p2  |         +|   0|  0|   17|          13|          13|
    |add_ln58_372_fu_91779_p2  |         +|   0|  0|   17|          13|          13|
    |add_ln58_373_fu_91789_p2  |         +|   0|  0|   16|          14|          14|
    |add_ln58_374_fu_90879_p2  |         +|   0|  0|   17|          12|          12|
    |add_ln58_375_fu_90885_p2  |         +|   0|  0|   16|           9|           9|
    |add_ln58_376_fu_90895_p2  |         +|   0|  0|   17|          12|          12|
    |add_ln58_377_fu_90901_p2  |         +|   0|  0|   18|          10|          10|
    |add_ln58_378_fu_90907_p2  |         +|   0|  0|   16|           9|           9|
    |add_ln58_379_fu_90917_p2  |         +|   0|  0|   18|          10|          10|
    |add_ln58_37_fu_88047_p2   |         +|   0|  0|   17|          11|          11|
    |add_ln58_380_fu_90927_p2  |         +|   0|  0|   17|          12|          12|
    |add_ln58_381_fu_90933_p2  |         +|   0|  0|   18|          11|          11|
    |add_ln58_382_fu_90943_p2  |         +|   0|  0|   18|          11|          11|
    |add_ln58_383_fu_90953_p2  |         +|   0|  0|   19|          12|          12|
    |add_ln58_384_fu_90959_p2  |         +|   0|  0|   17|          10|          10|
    |add_ln58_385_fu_90969_p2  |         +|   0|  0|   18|          10|          10|
    |add_ln58_386_fu_90979_p2  |         +|   0|  0|   18|          11|          11|
    |add_ln58_387_fu_90989_p2  |         +|   0|  0|   19|          12|          12|
    |add_ln58_388_fu_91808_p2  |         +|   0|  0|   17|          13|          13|
    |add_ln58_389_fu_91814_p2  |         +|   0|  0|   17|          13|          13|
    |add_ln58_38_fu_88057_p2   |         +|   0|  0|   17|          10|          10|
    |add_ln58_390_fu_90995_p2  |         +|   0|  0|   17|          11|          11|
    |add_ln58_391_fu_91005_p2  |         +|   0|  0|   18|          10|          10|
    |add_ln58_392_fu_91015_p2  |         +|   0|  0|   19|          12|          12|
    |add_ln58_393_fu_91025_p2  |         +|   0|  0|   17|          12|          12|
    |add_ln58_394_fu_91035_p2  |         +|   0|  0|   17|          12|          12|
    |add_ln58_395_fu_91041_p2  |         +|   0|  0|   17|          12|          12|
    |add_ln58_396_fu_91051_p2  |         +|   0|  0|   20|          13|          13|
    |add_ln58_397_fu_91061_p2  |         +|   0|  0|   16|          14|          14|
    |add_ln58_398_fu_91067_p2  |         +|   0|  0|   16|           9|           9|
    |add_ln58_399_fu_91077_p2  |         +|   0|  0|   18|          11|          11|
    |add_ln58_39_fu_88067_p2   |         +|   0|  0|   19|          12|          12|
    |add_ln58_3_fu_87559_p2    |         +|   0|  0|   18|          11|          11|
    |add_ln58_400_fu_91087_p2  |         +|   0|  0|   19|          12|          12|
    |add_ln58_401_fu_91097_p2  |         +|   0|  0|   17|          13|          13|
    |add_ln58_402_fu_91103_p2  |         +|   0|  0|   17|          11|          11|
    |add_ln58_403_fu_91117_p2  |         +|   0|  0|   17|          10|          10|
    |add_ln58_404_fu_91127_p2  |         +|   0|  0|   17|          11|          11|
    |add_ln58_405_fu_91137_p2  |         +|   0|  0|   17|          13|          13|
    |add_ln58_406_fu_91147_p2  |         +|   0|  0|   16|          14|          14|
    |add_ln58_407_fu_91153_p2  |         +|   0|  0|   14|           7|           7|
    |add_ln58_408_fu_91173_p2  |         +|   0|  0|   17|          12|          12|
    |add_ln58_409_fu_91183_p2  |         +|   0|  0|   19|          12|          12|
    |add_ln58_40_fu_88077_p2   |         +|   0|  0|   18|          11|          11|
    |add_ln58_410_fu_91193_p2  |         +|   0|  0|   17|          13|          13|
    |add_ln58_411_fu_91199_p2  |         +|   0|  0|   17|          13|          13|
    |add_ln58_412_fu_91209_p2  |         +|   0|  0|   21|          14|          14|
    |add_ln58_413_fu_91215_p2  |         +|   0|  0|   17|          12|          12|
    |add_ln58_414_fu_91225_p2  |         +|   0|  0|   20|          13|          13|
    |add_ln58_415_fu_91235_p2  |         +|   0|  0|   19|          12|          12|
    |add_ln58_416_fu_91255_p2  |         +|   0|  0|   20|          13|          13|
    |add_ln58_417_fu_91265_p2  |         +|   0|  0|   21|          14|          14|
    |add_ln58_418_fu_91833_p2  |         +|   0|  0|   16|          15|          15|
    |add_ln58_419_fu_91271_p2  |         +|   0|  0|   18|          10|          10|
    |add_ln58_41_fu_88087_p2   |         +|   0|  0|   18|          11|          11|
    |add_ln58_420_fu_91281_p2  |         +|   0|  0|   18|          11|          11|
    |add_ln58_421_fu_91291_p2  |         +|   0|  0|   17|          11|          11|
    |add_ln58_422_fu_91297_p2  |         +|   0|  0|   16|           9|           9|
    |add_ln58_423_fu_91307_p2  |         +|   0|  0|   17|          11|          11|
    |add_ln58_424_fu_91317_p2  |         +|   0|  0|   19|          12|          12|
    |add_ln58_425_fu_91323_p2  |         +|   0|  0|   17|          12|          12|
    |add_ln58_426_fu_91329_p2  |         +|   0|  0|   18|          11|          11|
    |add_ln58_427_fu_91339_p2  |         +|   0|  0|   17|          12|          12|
    |add_ln58_428_fu_91349_p2  |         +|   0|  0|   17|          11|          11|
    |add_ln58_429_fu_91355_p2  |         +|   0|  0|   17|          10|           7|
    |add_ln58_42_fu_88097_p2   |         +|   0|  0|   19|          12|          12|
    |add_ln58_430_fu_91365_p2  |         +|   0|  0|   17|          11|          11|
    |add_ln58_431_fu_91375_p2  |         +|   0|  0|   20|          13|          13|
    |add_ln58_432_fu_91845_p2  |         +|   0|  0|   21|          14|          14|
    |add_ln58_433_fu_91855_p2  |         +|   0|  0|   16|          15|          15|
    |add_ln58_43_fu_88107_p2   |         +|   0|  0|   20|          13|          13|
    |add_ln58_44_fu_88113_p2   |         +|   0|  0|   17|          10|          10|
    |add_ln58_45_fu_88123_p2   |         +|   0|  0|   17|          10|          10|
    |add_ln58_46_fu_88133_p2   |         +|   0|  0|   18|          11|          11|
    |add_ln58_47_fu_88143_p2   |         +|   0|  0|   17|          11|          11|
    |add_ln58_48_fu_88165_p2   |         +|   0|  0|   18|          10|          10|
    |add_ln58_49_fu_88175_p2   |         +|   0|  0|   19|          12|          12|
    |add_ln58_4_fu_87569_p2    |         +|   0|  0|   19|          12|          12|
    |add_ln58_50_fu_88185_p2   |         +|   0|  0|   20|          13|          13|
    |add_ln58_51_fu_91430_p2   |         +|   0|  0|   21|          14|          14|
    |add_ln58_52_fu_88191_p2   |         +|   0|  0|   18|          11|          11|
    |add_ln58_53_fu_88201_p2   |         +|   0|  0|   17|          12|          12|
    |add_ln58_54_fu_88207_p2   |         +|   0|  0|   17|          12|          12|
    |add_ln58_55_fu_88217_p2   |         +|   0|  0|   20|          13|          13|
    |add_ln58_56_fu_88227_p2   |         +|   0|  0|   18|          11|          11|
    |add_ln58_57_fu_88237_p2   |         +|   0|  0|   19|          12|          12|
    |add_ln58_58_fu_88247_p2   |         +|   0|  0|   17|          11|          11|
    |add_ln58_59_fu_88253_p2   |         +|   0|  0|   17|          11|          11|
    |add_ln58_5_fu_87579_p2    |         +|   0|  0|   18|          11|          11|
    |add_ln58_60_fu_88263_p2   |         +|   0|  0|   20|          13|          13|
    |add_ln58_61_fu_88273_p2   |         +|   0|  0|   16|          14|          14|
    |add_ln58_62_fu_88279_p2   |         +|   0|  0|   17|          11|          11|
    |add_ln58_63_fu_88285_p2   |         +|   0|  0|   17|          11|          11|
    |add_ln58_64_fu_88295_p2   |         +|   0|  0|   17|          10|          10|
    |add_ln58_65_fu_88305_p2   |         +|   0|  0|   19|          12|          12|
    |add_ln58_66_fu_88315_p2   |         +|   0|  0|   17|          13|          13|
    |add_ln58_67_fu_88333_p2   |         +|   0|  0|   17|          11|          11|
    |add_ln58_68_fu_88339_p2   |         +|   0|  0|   14|           7|           7|
    |add_ln58_69_fu_88349_p2   |         +|   0|  0|   15|           8|           8|
    |add_ln58_6_fu_87589_p2    |         +|   0|  0|   18|          11|           8|
    |add_ln58_70_fu_88359_p2   |         +|   0|  0|   17|          11|          11|
    |add_ln58_71_fu_88369_p2   |         +|   0|  0|   17|          13|          13|
    |add_ln58_72_fu_88379_p2   |         +|   0|  0|   16|          14|          14|
    |add_ln58_73_fu_88397_p2   |         +|   0|  0|   17|          10|          10|
    |add_ln58_74_fu_88407_p2   |         +|   0|  0|   18|           9|           9|
    |add_ln58_75_fu_88417_p2   |         +|   0|  0|   18|          11|          11|
    |add_ln58_76_fu_88427_p2   |         +|   0|  0|   16|           9|           9|
    |add_ln58_77_fu_88437_p2   |         +|   0|  0|   17|          10|           9|
    |add_ln58_78_fu_88447_p2   |         +|   0|  0|   17|          11|          11|
    |add_ln58_79_fu_88453_p2   |         +|   0|  0|   17|          11|          11|
    |add_ln58_7_fu_87599_p2    |         +|   0|  0|   20|          13|          13|
    |add_ln58_80_fu_88463_p2   |         +|   0|  0|   19|          12|          12|
    |add_ln58_81_fu_88469_p2   |         +|   0|  0|   17|          10|          10|
    |add_ln58_82_fu_88479_p2   |         +|   0|  0|   20|          13|          13|
    |add_ln58_83_fu_88485_p2   |         +|   0|  0|   17|          13|          13|
    |add_ln58_84_fu_88491_p2   |         +|   0|  0|   18|          11|          11|
    |add_ln58_85_fu_88501_p2   |         +|   0|  0|   18|          10|          10|
    |add_ln58_86_fu_88511_p2   |         +|   0|  0|   19|          12|          12|
    |add_ln58_87_fu_88521_p2   |         +|   0|  0|   17|          13|          13|
    |add_ln58_88_fu_88527_p2   |         +|   0|  0|   16|           9|           9|
    |add_ln58_89_fu_88537_p2   |         +|   0|  0|   18|          10|          10|
    |add_ln58_8_fu_87609_p2    |         +|   0|  0|   21|          14|          14|
    |add_ln58_90_fu_88543_p2   |         +|   0|  0|   18|          10|          10|
    |add_ln58_91_fu_88553_p2   |         +|   0|  0|   18|          11|          11|
    |add_ln58_92_fu_88571_p2   |         +|   0|  0|   17|          10|          10|
    |add_ln58_93_fu_88581_p2   |         +|   0|  0|   17|          12|          12|
    |add_ln58_94_fu_88587_p2   |         +|   0|  0|   17|          12|          12|
    |add_ln58_95_fu_91452_p2   |         +|   0|  0|   21|          14|          14|
    |add_ln58_96_fu_88605_p2   |         +|   0|  0|   17|          10|          10|
    |add_ln58_97_fu_88615_p2   |         +|   0|  0|   18|          11|          11|
    |add_ln58_98_fu_88625_p2   |         +|   0|  0|   19|          12|          12|
    |add_ln58_99_fu_88635_p2   |         +|   0|  0|   17|          11|          11|
    |add_ln58_9_fu_87747_p2    |         +|   0|  0|   17|          12|          12|
    |add_ln58_fu_87307_p2      |         +|   0|  0|   16|           9|           9|
    |add_ln73_10_fu_83415_p2   |         +|   0|  0|   17|          10|          10|
    |add_ln73_11_fu_83520_p2   |         +|   0|  0|   18|          11|          11|
    |add_ln73_12_fu_83655_p2   |         +|   0|  0|   17|          10|          10|
    |add_ln73_13_fu_83824_p2   |         +|   0|  0|   17|          11|          11|
    |add_ln73_14_fu_83896_p2   |         +|   0|  0|   16|           9|           9|
    |add_ln73_15_fu_83922_p2   |         +|   0|  0|   18|          10|          10|
    |add_ln73_16_fu_84008_p2   |         +|   0|  0|   16|           9|           9|
    |add_ln73_17_fu_84291_p2   |         +|   0|  0|   16|           9|           9|
    |add_ln73_18_fu_84405_p2   |         +|   0|  0|   17|          11|          11|
    |add_ln73_19_fu_84842_p2   |         +|   0|  0|   18|          10|          10|
    |add_ln73_1_fu_81886_p2    |         +|   0|  0|   17|          10|          10|
    |add_ln73_20_fu_85159_p2   |         +|   0|  0|   17|          10|          10|
    |add_ln73_21_fu_85169_p2   |         +|   0|  0|   16|           9|           9|
    |add_ln73_22_fu_85179_p2   |         +|   0|  0|   17|          10|          10|
    |add_ln73_23_fu_85322_p2   |         +|   0|  0|   16|           9|           9|
    |add_ln73_24_fu_85634_p2   |         +|   0|  0|   17|          10|          10|
    |add_ln73_25_fu_85998_p2   |         +|   0|  0|   17|          10|          10|
    |add_ln73_26_fu_86179_p2   |         +|   0|  0|   16|           9|           9|
    |add_ln73_27_fu_86256_p2   |         +|   0|  0|   18|          10|          10|
    |add_ln73_28_fu_86274_p2   |         +|   0|  0|   17|          10|          10|
    |add_ln73_29_fu_86553_p2   |         +|   0|  0|   18|          10|          10|
    |add_ln73_2_fu_81892_p2    |         +|   0|  0|   18|          10|          10|
    |add_ln73_30_fu_86579_p2   |         +|   0|  0|   17|          10|          10|
    |add_ln73_31_fu_86721_p2   |         +|   0|  0|   17|          10|          10|
    |add_ln73_32_fu_86737_p2   |         +|   0|  0|   16|           9|           9|
    |add_ln73_33_fu_86795_p2   |         +|   0|  0|   17|          10|          10|
    |add_ln73_34_fu_86845_p2   |         +|   0|  0|   16|           9|           9|
    |add_ln73_35_fu_87071_p2   |         +|   0|  0|   17|          10|          10|
    |add_ln73_3_fu_82035_p2    |         +|   0|  0|   18|          10|          10|
    |add_ln73_4_fu_82210_p2    |         +|   0|  0|   16|           9|           9|
    |add_ln73_5_fu_82402_p2    |         +|   0|  0|   17|          10|          10|
    |add_ln73_6_fu_82444_p2    |         +|   0|  0|   16|           9|           9|
    |add_ln73_7_fu_82737_p2    |         +|   0|  0|   17|          10|          10|
    |add_ln73_8_fu_83221_p2    |         +|   0|  0|   18|          10|          10|
    |add_ln73_9_fu_83299_p2    |         +|   0|  0|   16|           9|           9|
    |add_ln73_fu_81788_p2      |         +|   0|  0|   16|           9|           9|
    |mult_101_fu_84395_p2      |         -|   0|  0|   18|          10|          10|
    |mult_103_fu_84423_p2      |         -|   0|  0|   18|           1|          11|
    |mult_104_fu_84463_p2      |         -|   0|  0|   15|           1|           8|
    |mult_105_fu_84509_p2      |         -|   0|  0|   18|          11|          11|
    |mult_106_fu_84525_p2      |         -|   0|  0|   18|          10|          10|
    |mult_108_fu_84560_p2      |         -|   0|  0|   18|           1|          11|
    |mult_109_fu_84588_p2      |         -|   0|  0|   17|          11|          11|
    |mult_10_fu_81876_p2       |         -|   0|  0|   15|           1|           8|
    |mult_110_fu_84610_p2      |         -|   0|  0|   19|           1|          12|
    |mult_111_fu_84620_p2      |         -|   0|  0|   18|          11|          11|
    |mult_113_fu_84660_p2      |         -|   0|  0|   17|           1|          10|
    |mult_114_fu_84674_p2      |         -|   0|  0|   15|           1|           8|
    |mult_116_fu_84714_p2      |         -|   0|  0|   15|           1|           8|
    |mult_119_fu_84780_p2      |         -|   0|  0|   16|           1|           9|
    |mult_11_fu_81971_p2       |         -|   0|  0|   18|          10|          10|
    |mult_120_fu_84806_p2      |         -|   0|  0|   15|           1|           8|
    |mult_123_fu_84911_p2      |         -|   0|  0|   14|           1|           7|
    |mult_124_fu_84933_p2      |         -|   0|  0|   16|           1|           9|
    |mult_126_fu_84989_p2      |         -|   0|  0|   16|           1|           9|
    |mult_127_fu_84999_p2      |         -|   0|  0|   16|           9|           9|
    |mult_128_fu_85027_p2      |         -|   0|  0|   17|          11|          11|
    |mult_129_fu_85105_p2      |         -|   0|  0|   19|          12|          12|
    |mult_12_fu_81999_p2       |         -|   0|  0|   17|          12|          12|
    |mult_130_fu_85115_p2      |         -|   0|  0|   14|           1|           7|
    |mult_134_fu_85236_p2      |         -|   0|  0|   17|          12|          12|
    |mult_135_fu_85242_p2      |         -|   0|  0|   17|          10|          10|
    |mult_136_fu_85266_p2      |         -|   0|  0|   17|          11|          11|
    |mult_138_fu_85336_p2      |         -|   0|  0|   17|          10|          10|
    |mult_139_fu_85346_p2      |         -|   0|  0|   16|           9|           9|
    |mult_140_fu_85356_p2      |         -|   0|  0|   15|           1|           8|
    |mult_141_fu_85391_p2      |         -|   0|  0|   16|           9|           9|
    |mult_142_fu_85431_p2      |         -|   0|  0|   17|          11|          11|
    |mult_144_fu_85445_p2      |         -|   0|  0|   14|           1|           7|
    |mult_145_fu_85491_p2      |         -|   0|  0|   17|          12|          12|
    |mult_146_fu_85556_p2      |         -|   0|  0|   16|           1|           9|
    |mult_147_fu_85566_p2      |         -|   0|  0|   16|           9|           9|
    |mult_148_fu_85594_p2      |         -|   0|  0|   18|          11|          11|
    |mult_149_fu_85604_p2      |         -|   0|  0|   14|           1|           7|
    |mult_151_fu_85652_p2      |         -|   0|  0|   16|           1|           9|
    |mult_152_fu_85692_p2      |         -|   0|  0|   17|          11|          11|
    |mult_153_fu_85702_p2      |         -|   0|  0|   15|           1|           8|
    |mult_157_fu_85764_p2      |         -|   0|  0|   17|          12|          12|
    |mult_158_fu_85782_p2      |         -|   0|  0|   16|           1|           9|
    |mult_159_fu_85792_p2      |         -|   0|  0|   14|           1|           7|
    |mult_15_fu_82092_p2       |         -|   0|  0|   16|           1|           9|
    |mult_160_fu_85818_p2      |         -|   0|  0|   15|           1|           8|
    |mult_161_fu_85846_p2      |         -|   0|  0|   18|          11|          11|
    |mult_164_fu_86022_p2      |         -|   0|  0|   18|          10|          10|
    |mult_166_fu_86072_p2      |         -|   0|  0|   17|          11|          11|
    |mult_167_fu_86104_p2      |         -|   0|  0|   17|          10|          10|
    |mult_168_fu_86130_p2      |         -|   0|  0|   18|          11|          11|
    |mult_16_fu_82154_p2       |         -|   0|  0|   15|           1|           8|
    |mult_172_fu_86144_p2      |         -|   0|  0|   15|           1|           8|
    |mult_173_fu_86197_p2      |         -|   0|  0|   15|           1|           8|
    |mult_174_fu_86219_p2      |         -|   0|  0|   17|           1|          10|
    |mult_176_fu_86292_p2      |         -|   0|  0|   16|           9|           9|
    |mult_177_fu_86327_p2      |         -|   0|  0|   15|           1|           8|
    |mult_179_fu_86359_p2      |         -|   0|  0|   14|           1|           7|
    |mult_17_fu_82178_p2       |         -|   0|  0|   14|           1|           7|
    |mult_180_fu_86387_p2      |         -|   0|  0|   18|          10|          10|
    |mult_181_fu_86417_p2      |         -|   0|  0|   18|           9|           9|
    |mult_182_fu_86433_p2      |         -|   0|  0|   18|          10|          10|
    |mult_183_fu_86455_p2      |         -|   0|  0|   18|          11|          11|
    |mult_184_fu_86539_p2      |         -|   0|  0|   17|          11|          11|
    |mult_186_fu_86559_p2      |         -|   0|  0|   17|          10|          10|
    |mult_188_fu_86569_p2      |         -|   0|  0|   14|           1|           7|
    |mult_190_fu_86625_p2      |         -|   0|  0|   18|          10|          10|
    |mult_192_fu_86657_p2      |         -|   0|  0|   17|          12|          12|
    |mult_194_fu_86689_p2      |         -|   0|  0|   17|          11|          11|
    |mult_196_fu_86769_p2      |         -|   0|  0|   15|           1|           8|
    |mult_198_fu_86805_p2      |         -|   0|  0|   17|           1|          10|
    |mult_1_fu_81692_p2        |         -|   0|  0|   18|           9|           9|
    |mult_200_fu_86831_p2      |         -|   0|  0|   16|           9|           9|
    |mult_202_fu_86871_p2      |         -|   0|  0|   18|           9|           9|
    |mult_204_fu_86889_p2      |         -|   0|  0|   14|           1|           7|
    |mult_205_fu_86915_p2      |         -|   0|  0|   17|          10|          10|
    |mult_207_fu_86974_p2      |         -|   0|  0|   14|           1|           7|
    |mult_208_fu_86996_p2      |         -|   0|  0|   18|          11|          11|
    |mult_209_fu_87023_p2      |         -|   0|  0|   18|           1|          11|
    |mult_20_fu_82283_p2       |         -|   0|  0|   18|          11|          11|
    |mult_210_fu_87057_p2      |         -|   0|  0|   15|           1|           8|
    |mult_213_fu_87135_p2      |         -|   0|  0|   15|           1|           8|
    |mult_215_fu_87153_p2      |         -|   0|  0|   17|          11|          11|
    |mult_216_fu_87173_p2      |         -|   0|  0|   17|          12|          12|
    |mult_217_fu_87199_p2      |         -|   0|  0|   15|           1|           8|
    |mult_218_fu_87213_p2      |         -|   0|  0|   14|           1|           7|
    |mult_21_fu_82297_p2       |         -|   0|  0|   15|           1|           8|
    |mult_22_fu_82332_p2       |         -|   0|  0|   15|           1|           8|
    |mult_24_fu_82364_p2       |         -|   0|  0|   14|           1|           7|
    |mult_26_fu_82476_p2       |         -|   0|  0|   15|           1|           8|
    |mult_27_fu_82490_p2       |         -|   0|  0|   17|          10|          10|
    |mult_28_fu_82504_p2       |         -|   0|  0|   18|          10|          10|
    |mult_29_fu_82567_p2       |         -|   0|  0|   17|          11|          11|
    |mult_2_fu_81710_p2        |         -|   0|  0|   17|          10|          10|
    |mult_30_fu_82577_p2       |         -|   0|  0|   14|           1|           7|
    |mult_31_fu_82629_p2       |         -|   0|  0|   17|          11|          11|
    |mult_32_fu_82635_p2       |         -|   0|  0|   14|           1|           7|
    |mult_34_fu_82703_p2       |         -|   0|  0|   18|          10|          10|
    |mult_35_fu_82791_p2       |         -|   0|  0|   16|           9|           9|
    |mult_37_fu_82831_p2       |         -|   0|  0|   17|          11|          11|
    |mult_38_fu_82845_p2       |         -|   0|  0|   17|           1|          10|
    |mult_39_fu_82921_p2       |         -|   0|  0|   17|           1|          10|
    |mult_3_fu_81738_p2        |         -|   0|  0|   17|          12|          12|
    |mult_41_fu_82961_p2       |         -|   0|  0|   14|           1|           7|
    |mult_44_fu_82979_p2       |         -|   0|  0|   15|           1|           8|
    |mult_45_fu_83041_p2       |         -|   0|  0|   16|           9|           9|
    |mult_47_fu_83057_p2       |         -|   0|  0|   14|           1|           7|
    |mult_48_fu_83079_p2       |         -|   0|  0|   17|          10|          10|
    |mult_49_fu_83089_p2       |         -|   0|  0|   17|           1|          10|
    |mult_50_fu_83117_p2       |         -|   0|  0|   15|           1|           8|
    |mult_51_fu_83143_p2       |         -|   0|  0|   18|          11|          11|
    |mult_52_fu_83169_p2       |         -|   0|  0|   15|           1|           8|
    |mult_54_fu_83253_p2       |         -|   0|  0|   16|           1|           9|
    |mult_55_fu_83263_p2       |         -|   0|  0|   14|           1|           7|
    |mult_56_fu_83289_p2       |         -|   0|  0|   16|           9|           9|
    |mult_57_fu_83329_p2       |         -|   0|  0|   18|          10|          10|
    |mult_58_fu_83391_p2       |         -|   0|  0|   18|          11|          11|
    |mult_61_fu_83453_p2       |         -|   0|  0|   19|          12|          12|
    |mult_62_fu_83467_p2       |         -|   0|  0|   16|           9|           9|
    |mult_63_fu_83477_p2       |         -|   0|  0|   16|           1|           9|
    |mult_65_fu_83556_p2       |         -|   0|  0|   16|           9|           9|
    |mult_66_fu_83592_p2       |         -|   0|  0|   16|           9|           9|
    |mult_70_fu_83649_p2       |         -|   0|  0|   18|           9|           9|
    |mult_71_fu_83671_p2       |         -|   0|  0|   18|          10|          10|
    |mult_73_fu_83697_p2       |         -|   0|  0|   15|           1|           8|
    |mult_76_fu_83727_p2       |         -|   0|  0|   17|           1|          10|
    |mult_77_fu_83763_p2       |         -|   0|  0|   16|           1|           9|
    |mult_78_fu_83842_p2       |         -|   0|  0|   16|           9|           9|
    |mult_79_fu_83862_p2       |         -|   0|  0|   18|          10|          10|
    |mult_80_fu_83872_p2       |         -|   0|  0|   17|          11|          11|
    |mult_81_fu_83886_p2       |         -|   0|  0|   17|          10|          10|
    |mult_84_fu_83970_p2       |         -|   0|  0|   17|          11|          11|
    |mult_85_fu_83986_p2       |         -|   0|  0|   16|           9|           9|
    |mult_88_fu_84065_p2       |         -|   0|  0|   15|           1|           8|
    |mult_8_fu_81848_p2        |         -|   0|  0|   18|          10|          10|
    |mult_90_fu_84097_p2       |         -|   0|  0|   14|           1|           7|
    |mult_93_fu_84143_p2       |         -|   0|  0|   17|          10|          10|
    |mult_95_fu_84201_p2       |         -|   0|  0|   15|           1|           8|
    |mult_96_fu_84257_p2       |         -|   0|  0|   17|          11|          11|
    |mult_99_fu_84353_p2       |         -|   0|  0|   18|          11|          11|
    |mult_9_fu_81866_p2        |         -|   0|  0|   17|          10|          10|
    |mult_fu_81657_p2          |         -|   0|  0|   17|          10|          10|
    |sub_ln58_1_fu_87549_p2    |         -|   0|  0|   15|           1|           8|
    |sub_ln58_2_fu_89831_p2    |         -|   0|  0|   15|           1|           8|
    |sub_ln58_3_fu_90711_p2    |         -|   0|  0|   15|           1|           8|
    |sub_ln58_4_fu_91163_p2    |         -|   0|  0|   15|           1|           8|
    |sub_ln58_5_fu_89521_p2    |         -|   0|  0|   17|          10|          10|
    |sub_ln58_6_fu_91245_p2    |         -|   0|  0|   18|          11|          11|
    |sub_ln58_fu_87281_p2      |         -|   0|  0|   18|           9|           9|
    |sub_ln73_101_fu_84087_p2  |         -|   0|  0|   17|          10|          10|
    |sub_ln73_104_fu_84161_p2  |         -|   0|  0|   15|           8|           8|
    |sub_ln73_105_fu_84183_p2  |         -|   0|  0|   17|          10|          10|
    |sub_ln73_107_fu_84215_p2  |         -|   0|  0|   16|           9|           9|
    |sub_ln73_108_fu_84221_p2  |         -|   0|  0|   17|          10|          10|
    |sub_ln73_109_fu_84251_p2  |         -|   0|  0|   17|           1|          11|
    |sub_ln73_111_fu_84297_p2  |         -|   0|  0|   15|           8|           8|
    |sub_ln73_112_fu_84315_p2  |         -|   0|  0|   17|          10|          10|
    |sub_ln73_115_fu_84411_p2  |         -|   0|  0|   17|          10|          10|
    |sub_ln73_116_fu_84417_p2  |         -|   0|  0|   15|           8|           8|
    |sub_ln73_118_fu_84437_p2  |         -|   0|  0|   18|           9|           9|
    |sub_ln73_11_fu_81993_p2   |         -|   0|  0|   19|           1|          12|
    |sub_ln73_120_fu_84481_p2  |         -|   0|  0|   17|          10|          10|
    |sub_ln73_121_fu_84499_p2  |         -|   0|  0|   17|          10|          10|
    |sub_ln73_123_fu_84519_p2  |         -|   0|  0|   17|           1|          10|
    |sub_ln73_126_fu_84582_p2  |         -|   0|  0|   17|           1|          11|
    |sub_ln73_130_fu_84638_p2  |         -|   0|  0|   15|           8|           8|
    |sub_ln73_134_fu_84736_p2  |         -|   0|  0|   15|           8|           8|
    |sub_ln73_135_fu_84758_p2  |         -|   0|  0|   17|          11|          11|
    |sub_ln73_138_fu_84832_p2  |         -|   0|  0|   16|           9|           9|
    |sub_ln73_139_fu_84860_p2  |         -|   0|  0|   17|          10|          10|
    |sub_ln73_13_fu_82005_p2   |         -|   0|  0|   15|           8|           8|
    |sub_ln73_140_fu_84905_p2  |         -|   0|  0|   17|          10|          10|
    |sub_ln73_143_fu_84955_p2  |         -|   0|  0|   16|           9|           9|
    |sub_ln73_146_fu_85021_p2  |         -|   0|  0|   17|           1|          11|
    |sub_ln73_148_fu_85045_p2  |         -|   0|  0|   17|          10|          10|
    |sub_ln73_149_fu_85083_p2  |         -|   0|  0|   16|           9|           9|
    |sub_ln73_14_fu_82070_p2   |         -|   0|  0|   16|           9|           9|
    |sub_ln73_152_fu_85149_p2  |         -|   0|  0|   17|          10|          10|
    |sub_ln73_153_fu_85218_p2  |         -|   0|  0|   19|           1|          12|
    |sub_ln73_156_fu_85256_p2  |         -|   0|  0|   17|           1|          11|
    |sub_ln73_158_fu_85304_p2  |         -|   0|  0|   16|           9|           9|
    |sub_ln73_163_fu_85413_p2  |         -|   0|  0|   17|           1|          11|
    |sub_ln73_166_fu_85463_p2  |         -|   0|  0|   16|           9|           9|
    |sub_ln73_167_fu_85481_p2  |         -|   0|  0|   19|           1|          12|
    |sub_ln73_169_fu_85538_p2  |         -|   0|  0|   17|          11|          11|
    |sub_ln73_16_fu_82110_p2   |         -|   0|  0|   17|          10|          10|
    |sub_ln73_172_fu_85576_p2  |         -|   0|  0|   19|           8|           8|
    |sub_ln73_176_fu_85674_p2  |         -|   0|  0|   18|           1|          11|
    |sub_ln73_179_fu_85758_p2  |         -|   0|  0|   19|           1|          12|
    |sub_ln73_17_fu_82136_p2   |         -|   0|  0|   15|           8|           8|
    |sub_ln73_184_fu_85832_p2  |         -|   0|  0|   17|          10|          10|
    |sub_ln73_186_fu_85864_p2  |         -|   0|  0|   18|          11|          11|
    |sub_ln73_187_fu_85902_p2  |         -|   0|  0|   16|           9|           9|
    |sub_ln73_188_fu_85928_p2  |         -|   0|  0|   17|          10|          10|
    |sub_ln73_189_fu_85934_p2  |         -|   0|  0|   15|           8|           8|
    |sub_ln73_190_fu_85940_p2  |         -|   0|  0|   17|          10|          10|
    |sub_ln73_191_fu_85978_p2  |         -|   0|  0|   16|           9|           9|
    |sub_ln73_192_fu_85988_p2  |         -|   0|  0|   18|           9|           9|
    |sub_ln73_193_fu_86016_p2  |         -|   0|  0|   18|           1|          10|
    |sub_ln73_195_fu_86066_p2  |         -|   0|  0|   17|           1|          11|
    |sub_ln73_197_fu_86094_p2  |         -|   0|  0|   17|          10|          10|
    |sub_ln73_19_fu_82172_p2   |         -|   0|  0|   16|           9|           9|
    |sub_ln73_205_fu_86353_p2  |         -|   0|  0|   16|           9|           9|
    |sub_ln73_207_fu_86381_p2  |         -|   0|  0|   18|           1|          10|
    |sub_ln73_210_fu_86427_p2  |         -|   0|  0|   17|           1|          10|
    |sub_ln73_213_fu_86497_p2  |         -|   0|  0|   16|           9|           9|
    |sub_ln73_214_fu_86523_p2  |         -|   0|  0|   17|          10|          10|
    |sub_ln73_215_fu_86533_p2  |         -|   0|  0|   17|           1|          11|
    |sub_ln73_219_fu_86619_p2  |         -|   0|  0|   18|           1|          10|
    |sub_ln73_21_fu_82200_p2   |         -|   0|  0|   18|          10|          10|
    |sub_ln73_221_fu_86647_p2  |         -|   0|  0|   17|           1|          12|
    |sub_ln73_223_fu_86683_p2  |         -|   0|  0|   17|           1|          11|
    |sub_ln73_225_fu_86699_p2  |         -|   0|  0|   16|           9|           9|
    |sub_ln73_226_fu_86727_p2  |         -|   0|  0|   17|          10|          10|
    |sub_ln73_22_fu_82253_p2   |         -|   0|  0|   16|           9|           9|
    |sub_ln73_233_fu_86937_p2  |         -|   0|  0|   18|          10|          10|
    |sub_ln73_234_fu_86943_p2  |         -|   0|  0|   17|          10|          10|
    |sub_ln73_239_fu_87113_p2  |         -|   0|  0|   16|           9|           9|
    |sub_ln73_23_fu_82267_p2   |         -|   0|  0|   17|          10|          10|
    |sub_ln73_242_fu_87163_p2  |         -|   0|  0|   17|           1|          12|
    |sub_ln73_246_fu_87243_p2  |         -|   0|  0|   18|          10|          10|
    |sub_ln73_24_fu_82273_p2   |         -|   0|  0|   16|           9|           9|
    |sub_ln73_29_fu_82458_p2   |         -|   0|  0|   17|          10|          10|
    |sub_ln73_2_fu_81818_p2    |         -|   0|  0|   16|           9|           9|
    |sub_ln73_33_fu_82543_p2   |         -|   0|  0|   17|          10|          10|
    |sub_ln73_34_fu_82561_p2   |         -|   0|  0|   17|           1|          11|
    |sub_ln73_39_fu_82665_p2   |         -|   0|  0|   16|           9|           9|
    |sub_ln73_40_fu_82671_p2   |         -|   0|  0|   16|           9|           9|
    |sub_ln73_41_fu_82697_p2   |         -|   0|  0|   18|           1|          10|
    |sub_ln73_43_fu_82775_p2   |         -|   0|  0|   17|          10|          10|
    |sub_ln73_44_fu_82781_p2   |         -|   0|  0|   15|           8|           8|
    |sub_ln73_46_fu_82825_p2   |         -|   0|  0|   17|           1|          11|
    |sub_ln73_49_fu_82871_p2   |         -|   0|  0|   16|           9|           9|
    |sub_ln73_50_fu_82885_p2   |         -|   0|  0|   15|           8|           8|
    |sub_ln73_52_fu_82951_p2   |         -|   0|  0|   17|          10|          10|
    |sub_ln73_55_fu_82989_p2   |         -|   0|  0|   16|           9|           9|
    |sub_ln73_56_fu_83007_p2   |         -|   0|  0|   17|          10|          10|
    |sub_ln73_58_fu_83051_p2   |         -|   0|  0|   15|           8|           8|
    |sub_ln73_62_fu_83099_p2   |         -|   0|  0|   16|           9|           9|
    |sub_ln73_66_fu_83199_p2   |         -|   0|  0|   15|           8|           8|
    |sub_ln73_67_fu_83243_p2   |         -|   0|  0|   15|           8|           8|
    |sub_ln73_6_fu_81902_p2    |         -|   0|  0|   16|           9|           9|
    |sub_ln73_72_fu_83361_p2   |         -|   0|  0|   16|           9|           9|
    |sub_ln73_74_fu_83401_p2   |         -|   0|  0|   15|           8|           8|
    |sub_ln73_78_fu_83546_p2   |         -|   0|  0|   16|           9|           9|
    |sub_ln73_7_fu_81916_p2    |         -|   0|  0|   15|           8|           8|
    |sub_ln73_81_fu_83631_p2   |         -|   0|  0|   16|           9|           9|
    |sub_ln73_83_fu_83665_p2   |         -|   0|  0|   17|           1|          10|
    |sub_ln73_87_fu_83745_p2   |         -|   0|  0|   17|          10|          10|
    |sub_ln73_89_fu_83794_p2   |         -|   0|  0|   16|           9|           9|
    |sub_ln73_8_fu_81934_p2    |         -|   0|  0|   17|          10|          10|
    |sub_ln73_91_fu_83856_p2   |         -|   0|  0|   18|           1|          10|
    |sub_ln73_95_fu_83964_p2   |         -|   0|  0|   17|           1|          11|
    |sub_ln73_97_fu_83976_p2   |         -|   0|  0|   15|           8|           8|
    |sub_ln73_99_fu_84026_p2   |         -|   0|  0|   16|           9|           9|
    |sub_ln73_9_fu_81965_p2    |         -|   0|  0|   18|           1|          10|
    |sub_ln73_fu_81732_p2      |         -|   0|  0|   19|           1|          12|
    |ap_enable_pp0             |       xor|   0|  0|    2|           1|           2|
    +--------------------------+----------+----+---+-----+------------+------------+
    |Total                     |          |   0|  0|12479|        6940|        7701|
    +--------------------------+----------+----+---+-----+------------+------------+

    * Multiplexer: 
    N/A

    * Register: 
    +-------------------------+----+----+-----+-----------+
    |           Name          | FF | LUT| Bits| Const Bits|
    +-------------------------+----+----+-----+-----------+
    |add_ln58_108_reg_92126   |  13|   0|   13|          0|
    |add_ln58_115_reg_92131   |  13|   0|   13|          0|
    |add_ln58_122_reg_92136   |  13|   0|   13|          0|
    |add_ln58_126_reg_92141   |  11|   0|   11|          0|
    |add_ln58_129_reg_92146   |  13|   0|   13|          0|
    |add_ln58_137_reg_92151   |  14|   0|   14|          0|
    |add_ln58_13_reg_92066    |  13|   0|   13|          0|
    |add_ln58_145_reg_92156   |  12|   0|   12|          0|
    |add_ln58_151_reg_92161   |  12|   0|   12|          0|
    |add_ln58_156_reg_92166   |  11|   0|   11|          0|
    |add_ln58_160_reg_92171   |  13|   0|   13|          0|
    |add_ln58_165_reg_92176   |  13|   0|   13|          0|
    |add_ln58_170_reg_92181   |  12|   0|   12|          0|
    |add_ln58_179_reg_92186   |  12|   0|   12|          0|
    |add_ln58_17_reg_92071    |  11|   0|   11|          0|
    |add_ln58_182_reg_92191   |  13|   0|   13|          0|
    |add_ln58_185_reg_92196   |  13|   0|   13|          0|
    |add_ln58_190_reg_92201   |  11|   0|   11|          0|
    |add_ln58_194_reg_92206   |  12|   0|   12|          0|
    |add_ln58_19_reg_92076    |  12|   0|   12|          0|
    |add_ln58_1_reg_92056     |   8|   0|    8|          0|
    |add_ln58_203_reg_92211   |  12|   0|   12|          0|
    |add_ln58_208_reg_92216   |  12|   0|   12|          0|
    |add_ln58_214_reg_92221   |  12|   0|   12|          0|
    |add_ln58_216_reg_92226   |   9|   0|    9|          0|
    |add_ln58_218_reg_92231   |  13|   0|   13|          0|
    |add_ln58_223_reg_92236   |  12|   0|   12|          0|
    |add_ln58_228_reg_92241   |  12|   0|   12|          0|
    |add_ln58_22_reg_92081    |  13|   0|   13|          0|
    |add_ln58_233_reg_92246   |  13|   0|   13|          0|
    |add_ln58_246_reg_92251   |  13|   0|   13|          0|
    |add_ln58_251_reg_92256   |  13|   0|   13|          0|
    |add_ln58_257_reg_92261   |  13|   0|   13|          0|
    |add_ln58_270_reg_92266   |  13|   0|   13|          0|
    |add_ln58_275_reg_92271   |  13|   0|   13|          0|
    |add_ln58_280_reg_92276   |  13|   0|   13|          0|
    |add_ln58_285_reg_92281   |  12|   0|   12|          0|
    |add_ln58_289_reg_92286   |  12|   0|   12|          0|
    |add_ln58_29_reg_92086    |  13|   0|   13|          0|
    |add_ln58_302_reg_92291   |  13|   0|   13|          0|
    |add_ln58_313_reg_92296   |  13|   0|   13|          0|
    |add_ln58_331_reg_92301   |  14|   0|   14|          0|
    |add_ln58_337_reg_92306   |  13|   0|   13|          0|
    |add_ln58_342_reg_92311   |  12|   0|   12|          0|
    |add_ln58_349_reg_92316   |  12|   0|   12|          0|
    |add_ln58_356_reg_92321   |  13|   0|   13|          0|
    |add_ln58_364_reg_92326   |  11|   0|   11|          0|
    |add_ln58_367_reg_92331   |  12|   0|   12|          0|
    |add_ln58_36_reg_92091    |  13|   0|   13|          0|
    |add_ln58_370_reg_92336   |  12|   0|   12|          0|
    |add_ln58_380_reg_92341   |  12|   0|   12|          0|
    |add_ln58_383_reg_92346   |  12|   0|   12|          0|
    |add_ln58_387_reg_92351   |  12|   0|   12|          0|
    |add_ln58_406_reg_92356   |  14|   0|   14|          0|
    |add_ln58_412_reg_92361   |  14|   0|   14|          0|
    |add_ln58_417_reg_92366   |  14|   0|   14|          0|
    |add_ln58_424_reg_92371   |  12|   0|   12|          0|
    |add_ln58_431_reg_92376   |  13|   0|   13|          0|
    |add_ln58_43_reg_92096    |  13|   0|   13|          0|
    |add_ln58_50_reg_92101    |  13|   0|   13|          0|
    |add_ln58_72_reg_92106    |  14|   0|   14|          0|
    |add_ln58_80_reg_92111    |  12|   0|   12|          0|
    |add_ln58_87_reg_92116    |  13|   0|   13|          0|
    |add_ln58_8_reg_92061     |  14|   0|   14|          0|
    |add_ln58_94_reg_92121    |  12|   0|   12|          0|
    |ap_CS_fsm                |   1|   0|    1|          0|
    |ap_enable_reg_pp0_iter1  |   1|   0|    1|          0|
    |mult_199_reg_92051       |   6|   0|    8|          2|
    +-------------------------+----+----+-----+-----------+
    |Total                    | 818|   0|  820|          2|
    +-------------------------+----+----+-----+-----------+



================================================================
== Interface
================================================================
* Summary: 
+-------------------+-----+-----+------------+----------------------------------------------------------------------------+--------------+
|     RTL Ports     | Dir | Bits|  Protocol  |                                Source Object                               |    C Type    |
+-------------------+-----+-----+------------+----------------------------------------------------------------------------+--------------+
|ap_clk             |   in|    1|  ap_ctrl_hs|  dense_latency<ap_ufixed<6, 0, 4, 0, 0>, ap_fixed<19, 8, 5, 3, 0>, config5>|  return value|
|ap_rst             |   in|    1|  ap_ctrl_hs|  dense_latency<ap_ufixed<6, 0, 4, 0, 0>, ap_fixed<19, 8, 5, 3, 0>, config5>|  return value|
|ap_start           |   in|    1|  ap_ctrl_hs|  dense_latency<ap_ufixed<6, 0, 4, 0, 0>, ap_fixed<19, 8, 5, 3, 0>, config5>|  return value|
|ap_done            |  out|    1|  ap_ctrl_hs|  dense_latency<ap_ufixed<6, 0, 4, 0, 0>, ap_fixed<19, 8, 5, 3, 0>, config5>|  return value|
|ap_idle            |  out|    1|  ap_ctrl_hs|  dense_latency<ap_ufixed<6, 0, 4, 0, 0>, ap_fixed<19, 8, 5, 3, 0>, config5>|  return value|
|ap_ready           |  out|    1|  ap_ctrl_hs|  dense_latency<ap_ufixed<6, 0, 4, 0, 0>, ap_fixed<19, 8, 5, 3, 0>, config5>|  return value|
|ap_ce              |   in|    1|  ap_ctrl_hs|  dense_latency<ap_ufixed<6, 0, 4, 0, 0>, ap_fixed<19, 8, 5, 3, 0>, config5>|  return value|
|ap_return_0        |  out|   19|  ap_ctrl_hs|  dense_latency<ap_ufixed<6, 0, 4, 0, 0>, ap_fixed<19, 8, 5, 3, 0>, config5>|  return value|
|ap_return_1        |  out|   19|  ap_ctrl_hs|  dense_latency<ap_ufixed<6, 0, 4, 0, 0>, ap_fixed<19, 8, 5, 3, 0>, config5>|  return value|
|ap_return_2        |  out|   19|  ap_ctrl_hs|  dense_latency<ap_ufixed<6, 0, 4, 0, 0>, ap_fixed<19, 8, 5, 3, 0>, config5>|  return value|
|ap_return_3        |  out|   19|  ap_ctrl_hs|  dense_latency<ap_ufixed<6, 0, 4, 0, 0>, ap_fixed<19, 8, 5, 3, 0>, config5>|  return value|
|ap_return_4        |  out|   19|  ap_ctrl_hs|  dense_latency<ap_ufixed<6, 0, 4, 0, 0>, ap_fixed<19, 8, 5, 3, 0>, config5>|  return value|
|ap_return_5        |  out|   19|  ap_ctrl_hs|  dense_latency<ap_ufixed<6, 0, 4, 0, 0>, ap_fixed<19, 8, 5, 3, 0>, config5>|  return value|
|ap_return_6        |  out|   19|  ap_ctrl_hs|  dense_latency<ap_ufixed<6, 0, 4, 0, 0>, ap_fixed<19, 8, 5, 3, 0>, config5>|  return value|
|ap_return_7        |  out|   19|  ap_ctrl_hs|  dense_latency<ap_ufixed<6, 0, 4, 0, 0>, ap_fixed<19, 8, 5, 3, 0>, config5>|  return value|
|ap_return_8        |  out|   19|  ap_ctrl_hs|  dense_latency<ap_ufixed<6, 0, 4, 0, 0>, ap_fixed<19, 8, 5, 3, 0>, config5>|  return value|
|ap_return_9        |  out|   19|  ap_ctrl_hs|  dense_latency<ap_ufixed<6, 0, 4, 0, 0>, ap_fixed<19, 8, 5, 3, 0>, config5>|  return value|
|ap_return_10       |  out|   19|  ap_ctrl_hs|  dense_latency<ap_ufixed<6, 0, 4, 0, 0>, ap_fixed<19, 8, 5, 3, 0>, config5>|  return value|
|ap_return_11       |  out|   19|  ap_ctrl_hs|  dense_latency<ap_ufixed<6, 0, 4, 0, 0>, ap_fixed<19, 8, 5, 3, 0>, config5>|  return value|
|ap_return_12       |  out|   19|  ap_ctrl_hs|  dense_latency<ap_ufixed<6, 0, 4, 0, 0>, ap_fixed<19, 8, 5, 3, 0>, config5>|  return value|
|ap_return_13       |  out|   19|  ap_ctrl_hs|  dense_latency<ap_ufixed<6, 0, 4, 0, 0>, ap_fixed<19, 8, 5, 3, 0>, config5>|  return value|
|ap_return_14       |  out|   19|  ap_ctrl_hs|  dense_latency<ap_ufixed<6, 0, 4, 0, 0>, ap_fixed<19, 8, 5, 3, 0>, config5>|  return value|
|ap_return_15       |  out|   19|  ap_ctrl_hs|  dense_latency<ap_ufixed<6, 0, 4, 0, 0>, ap_fixed<19, 8, 5, 3, 0>, config5>|  return value|
|ap_return_16       |  out|   19|  ap_ctrl_hs|  dense_latency<ap_ufixed<6, 0, 4, 0, 0>, ap_fixed<19, 8, 5, 3, 0>, config5>|  return value|
|ap_return_17       |  out|   19|  ap_ctrl_hs|  dense_latency<ap_ufixed<6, 0, 4, 0, 0>, ap_fixed<19, 8, 5, 3, 0>, config5>|  return value|
|ap_return_18       |  out|   19|  ap_ctrl_hs|  dense_latency<ap_ufixed<6, 0, 4, 0, 0>, ap_fixed<19, 8, 5, 3, 0>, config5>|  return value|
|ap_return_19       |  out|   19|  ap_ctrl_hs|  dense_latency<ap_ufixed<6, 0, 4, 0, 0>, ap_fixed<19, 8, 5, 3, 0>, config5>|  return value|
|ap_return_20       |  out|   19|  ap_ctrl_hs|  dense_latency<ap_ufixed<6, 0, 4, 0, 0>, ap_fixed<19, 8, 5, 3, 0>, config5>|  return value|
|ap_return_21       |  out|   19|  ap_ctrl_hs|  dense_latency<ap_ufixed<6, 0, 4, 0, 0>, ap_fixed<19, 8, 5, 3, 0>, config5>|  return value|
|ap_return_22       |  out|   19|  ap_ctrl_hs|  dense_latency<ap_ufixed<6, 0, 4, 0, 0>, ap_fixed<19, 8, 5, 3, 0>, config5>|  return value|
|ap_return_23       |  out|   19|  ap_ctrl_hs|  dense_latency<ap_ufixed<6, 0, 4, 0, 0>, ap_fixed<19, 8, 5, 3, 0>, config5>|  return value|
|ap_return_24       |  out|   19|  ap_ctrl_hs|  dense_latency<ap_ufixed<6, 0, 4, 0, 0>, ap_fixed<19, 8, 5, 3, 0>, config5>|  return value|
|ap_return_25       |  out|   19|  ap_ctrl_hs|  dense_latency<ap_ufixed<6, 0, 4, 0, 0>, ap_fixed<19, 8, 5, 3, 0>, config5>|  return value|
|ap_return_26       |  out|   19|  ap_ctrl_hs|  dense_latency<ap_ufixed<6, 0, 4, 0, 0>, ap_fixed<19, 8, 5, 3, 0>, config5>|  return value|
|ap_return_27       |  out|   19|  ap_ctrl_hs|  dense_latency<ap_ufixed<6, 0, 4, 0, 0>, ap_fixed<19, 8, 5, 3, 0>, config5>|  return value|
|ap_return_28       |  out|   19|  ap_ctrl_hs|  dense_latency<ap_ufixed<6, 0, 4, 0, 0>, ap_fixed<19, 8, 5, 3, 0>, config5>|  return value|
|ap_return_29       |  out|   19|  ap_ctrl_hs|  dense_latency<ap_ufixed<6, 0, 4, 0, 0>, ap_fixed<19, 8, 5, 3, 0>, config5>|  return value|
|ap_return_30       |  out|   19|  ap_ctrl_hs|  dense_latency<ap_ufixed<6, 0, 4, 0, 0>, ap_fixed<19, 8, 5, 3, 0>, config5>|  return value|
|layer4_out_0_val   |   in|    6|     ap_none|                                                            layer4_out_0_val|        scalar|
|layer4_out_1_val   |   in|    6|     ap_none|                                                            layer4_out_1_val|        scalar|
|layer4_out_2_val   |   in|    6|     ap_none|                                                            layer4_out_2_val|        scalar|
|layer4_out_3_val   |   in|    6|     ap_none|                                                            layer4_out_3_val|        scalar|
|layer4_out_4_val   |   in|    6|     ap_none|                                                            layer4_out_4_val|        scalar|
|layer4_out_5_val   |   in|    6|     ap_none|                                                            layer4_out_5_val|        scalar|
|layer4_out_6_val   |   in|    6|     ap_none|                                                            layer4_out_6_val|        scalar|
|layer4_out_7_val   |   in|    6|     ap_none|                                                            layer4_out_7_val|        scalar|
|layer4_out_8_val   |   in|    6|     ap_none|                                                            layer4_out_8_val|        scalar|
|layer4_out_9_val   |   in|    6|     ap_none|                                                            layer4_out_9_val|        scalar|
|layer4_out_10_val  |   in|    6|     ap_none|                                                           layer4_out_10_val|        scalar|
|layer4_out_11_val  |   in|    6|     ap_none|                                                           layer4_out_11_val|        scalar|
|layer4_out_12_val  |   in|    6|     ap_none|                                                           layer4_out_12_val|        scalar|
|layer4_out_13_val  |   in|    6|     ap_none|                                                           layer4_out_13_val|        scalar|
|layer4_out_14_val  |   in|    6|     ap_none|                                                           layer4_out_14_val|        scalar|
|layer4_out_15_val  |   in|    6|     ap_none|                                                           layer4_out_15_val|        scalar|
|layer4_out_16_val  |   in|    6|     ap_none|                                                           layer4_out_16_val|        scalar|
|layer4_out_17_val  |   in|    6|     ap_none|                                                           layer4_out_17_val|        scalar|
|layer4_out_18_val  |   in|    6|     ap_none|                                                           layer4_out_18_val|        scalar|
|layer4_out_19_val  |   in|    6|     ap_none|                                                           layer4_out_19_val|        scalar|
|layer4_out_20_val  |   in|    6|     ap_none|                                                           layer4_out_20_val|        scalar|
|layer4_out_21_val  |   in|    6|     ap_none|                                                           layer4_out_21_val|        scalar|
|layer4_out_22_val  |   in|    6|     ap_none|                                                           layer4_out_22_val|        scalar|
|layer4_out_23_val  |   in|    6|     ap_none|                                                           layer4_out_23_val|        scalar|
|layer4_out_24_val  |   in|    6|     ap_none|                                                           layer4_out_24_val|        scalar|
|layer4_out_25_val  |   in|    6|     ap_none|                                                           layer4_out_25_val|        scalar|
|layer4_out_26_val  |   in|    6|     ap_none|                                                           layer4_out_26_val|        scalar|
|layer4_out_27_val  |   in|    6|     ap_none|                                                           layer4_out_27_val|        scalar|
|layer4_out_28_val  |   in|    6|     ap_none|                                                           layer4_out_28_val|        scalar|
|layer4_out_29_val  |   in|    6|     ap_none|                                                           layer4_out_29_val|        scalar|
|layer4_out_30_val  |   in|    6|     ap_none|                                                           layer4_out_30_val|        scalar|
|layer4_out_31_val  |   in|    6|     ap_none|                                                           layer4_out_31_val|        scalar|
|layer4_out_32_val  |   in|    6|     ap_none|                                                           layer4_out_32_val|        scalar|
|layer4_out_33_val  |   in|    6|     ap_none|                                                           layer4_out_33_val|        scalar|
|layer4_out_34_val  |   in|    6|     ap_none|                                                           layer4_out_34_val|        scalar|
|layer4_out_35_val  |   in|    6|     ap_none|                                                           layer4_out_35_val|        scalar|
|layer4_out_36_val  |   in|    6|     ap_none|                                                           layer4_out_36_val|        scalar|
|layer4_out_37_val  |   in|    6|     ap_none|                                                           layer4_out_37_val|        scalar|
|layer4_out_38_val  |   in|    6|     ap_none|                                                           layer4_out_38_val|        scalar|
|layer4_out_39_val  |   in|    6|     ap_none|                                                           layer4_out_39_val|        scalar|
|layer4_out_40_val  |   in|    6|     ap_none|                                                           layer4_out_40_val|        scalar|
|layer4_out_41_val  |   in|    6|     ap_none|                                                           layer4_out_41_val|        scalar|
|layer4_out_42_val  |   in|    6|     ap_none|                                                           layer4_out_42_val|        scalar|
|layer4_out_43_val  |   in|    6|     ap_none|                                                           layer4_out_43_val|        scalar|
|layer4_out_44_val  |   in|    6|     ap_none|                                                           layer4_out_44_val|        scalar|
|layer4_out_45_val  |   in|    6|     ap_none|                                                           layer4_out_45_val|        scalar|
|layer4_out_46_val  |   in|    6|     ap_none|                                                           layer4_out_46_val|        scalar|
|layer4_out_47_val  |   in|    6|     ap_none|                                                           layer4_out_47_val|        scalar|
|layer4_out_48_val  |   in|    6|     ap_none|                                                           layer4_out_48_val|        scalar|
|layer4_out_49_val  |   in|    6|     ap_none|                                                           layer4_out_49_val|        scalar|
|layer4_out_50_val  |   in|    6|     ap_none|                                                           layer4_out_50_val|        scalar|
|layer4_out_51_val  |   in|    6|     ap_none|                                                           layer4_out_51_val|        scalar|
|layer4_out_52_val  |   in|    6|     ap_none|                                                           layer4_out_52_val|        scalar|
|layer4_out_53_val  |   in|    6|     ap_none|                                                           layer4_out_53_val|        scalar|
|layer4_out_54_val  |   in|    6|     ap_none|                                                           layer4_out_54_val|        scalar|
|layer4_out_55_val  |   in|    6|     ap_none|                                                           layer4_out_55_val|        scalar|
|layer4_out_56_val  |   in|    6|     ap_none|                                                           layer4_out_56_val|        scalar|
|layer4_out_58_val  |   in|    6|     ap_none|                                                           layer4_out_58_val|        scalar|
|layer4_out_59_val  |   in|    6|     ap_none|                                                           layer4_out_59_val|        scalar|
|layer4_out_60_val  |   in|    6|     ap_none|                                                           layer4_out_60_val|        scalar|
|layer4_out_61_val  |   in|    6|     ap_none|                                                           layer4_out_61_val|        scalar|
|layer4_out_62_val  |   in|    6|     ap_none|                                                           layer4_out_62_val|        scalar|
|layer4_out_63_val  |   in|    6|     ap_none|                                                           layer4_out_63_val|        scalar|
+-------------------+-----+-----+------------+----------------------------------------------------------------------------+--------------+

