

================================================================
== Vitis HLS Report for 'dense_latency_ap_ufixed_6_0_4_0_0_ap_fixed_18_7_5_3_0_config11_s'
================================================================
* Date:           Tue Oct 14 15:23:00 2025

* Version:        2024.2 (Build 5238294 on Nov  8 2024)
* Project:        myproject_prj
* Solution:       solution1 (Vivado IP Flow Target)
* Product family: virtexuplus
* Target device:  xcu250-figd2104-2L-e


================================================================
== Performance Estimates
================================================================
+ Timing: 
    * Summary: 
    +--------+---------+----------+------------+
    |  Clock |  Target | Estimated| Uncertainty|
    +--------+---------+----------+------------+
    |ap_clk  |  5.00 ns|  3.475 ns|     1.35 ns|
    +--------+---------+----------+------------+

+ Latency: 
    * Summary: 
    +---------+---------+----------+----------+-----+-----+---------+
    |  Latency (cycles) |  Latency (absolute) |  Interval | Pipeline|
    |   min   |   max   |    min   |    max   | min | max |   Type  |
    +---------+---------+----------+----------+-----+-----+---------+
    |        1|        1|  5.000 ns|  5.000 ns|    1|    1|      yes|
    +---------+---------+----------+----------+-----+-----+---------+

    + Detail: 
        * Instance: 
        N/A

        * Loop: 
        N/A



================================================================
== Utilization Estimates
================================================================
* Summary: 
+---------------------+---------+-------+---------+---------+------+
|         Name        | BRAM_18K|  DSP  |    FF   |   LUT   | URAM |
+---------------------+---------+-------+---------+---------+------+
|DSP                  |        -|      -|        -|        -|     -|
|Expression           |        -|      -|        0|     1426|     -|
|FIFO                 |        -|      -|        -|        -|     -|
|Instance             |        -|      0|        0|       69|     -|
|Memory               |        -|      -|        -|        -|     -|
|Multiplexer          |        -|      -|        -|        -|     -|
|Register             |        -|      -|      114|        -|     -|
+---------------------+---------+-------+---------+---------+------+
|Total                |        0|      0|      114|     1495|     0|
+---------------------+---------+-------+---------+---------+------+
|Available SLR        |     1344|   3072|   864000|   432000|   320|
+---------------------+---------+-------+---------+---------+------+
|Utilization SLR (%)  |        0|      0|       ~0|       ~0|     0|
+---------------------+---------+-------+---------+---------+------+
|Available            |     5376|  12288|  3456000|  1728000|  1280|
+---------------------+---------+-------+---------+---------+------+
|Utilization (%)      |        0|      0|       ~0|       ~0|     0|
+---------------------+---------+-------+---------+---------+------+

+ Detail: 
    * Instance: 
    +-------------------------+--------------------+---------+----+---+----+-----+
    |         Instance        |       Module       | BRAM_18K| DSP| FF| LUT| URAM|
    +-------------------------+--------------------+---------+----+---+----+-----+
    |mul_6ns_6ns_11_1_1_U356  |mul_6ns_6ns_11_1_1  |        0|   0|  0|  23|    0|
    |mul_6ns_6ns_11_1_1_U358  |mul_6ns_6ns_11_1_1  |        0|   0|  0|  23|    0|
    |mul_6ns_6s_12_1_1_U357   |mul_6ns_6s_12_1_1   |        0|   0|  0|  23|    0|
    +-------------------------+--------------------+---------+----+---+----+-----+
    |Total                    |                    |        0|   0|  0|  69|    0|
    +-------------------------+--------------------+---------+----+---+----+-----+

    * DSP: 
    N/A

    * Memory: 
    N/A

    * FIFO: 
    N/A

    * Expression: 
    +-------------------------+----------+----+---+----+------------+------------+
    |      Variable Name      | Operation| DSP| FF| LUT| Bitwidth P0| Bitwidth P1|
    +-------------------------+----------+----+---+----+------------+------------+
    |add_ln58_664_fu_1581_p2  |         +|   0|  0|  19|          12|          11|
    |add_ln58_665_fu_1591_p2  |         +|   0|  0|  20|          13|          13|
    |add_ln58_666_fu_1601_p2  |         +|   0|  0|  21|          14|          14|
    |add_ln58_667_fu_1619_p2  |         +|   0|  0|  20|          13|          13|
    |add_ln58_668_fu_1629_p2  |         +|   0|  0|  19|          12|          10|
    |add_ln58_669_fu_1639_p2  |         +|   0|  0|  20|          13|          13|
    |add_ln58_670_fu_1649_p2  |         +|   0|  0|  21|          14|          14|
    |add_ln58_671_fu_1655_p2  |         +|   0|  0|  20|          13|          13|
    |add_ln58_672_fu_1665_p2  |         +|   0|  0|  16|          14|          14|
    |add_ln58_673_fu_1671_p2  |         +|   0|  0|  19|          12|          12|
    |add_ln58_674_fu_1681_p2  |         +|   0|  0|  19|          12|          11|
    |add_ln58_675_fu_1691_p2  |         +|   0|  0|  21|          14|          14|
    |add_ln58_676_fu_1697_p2  |         +|   0|  0|  16|          14|          14|
    |add_ln58_677_fu_1703_p2  |         +|   0|  0|  20|          13|          13|
    |add_ln58_678_fu_1713_p2  |         +|   0|  0|  21|          14|          14|
    |add_ln58_679_fu_1719_p2  |         +|   0|  0|  20|          13|          13|
    |add_ln58_680_fu_1729_p2  |         +|   0|  0|  21|          14|          14|
    |add_ln58_681_fu_1918_p2  |         +|   0|  0|  16|          15|          15|
    |add_ln58_682_fu_1735_p2  |         +|   0|  0|  19|          12|          12|
    |add_ln58_683_fu_1745_p2  |         +|   0|  0|  20|          13|          13|
    |add_ln58_684_fu_1755_p2  |         +|   0|  0|  19|          12|           8|
    |add_ln58_685_fu_1765_p2  |         +|   0|  0|  20|          13|          13|
    |add_ln58_686_fu_1775_p2  |         +|   0|  0|  21|          14|          14|
    |add_ln58_687_fu_1927_p2  |         +|   0|  0|  16|          15|          15|
    |add_ln58_688_fu_1785_p2  |         +|   0|  0|  20|          13|          13|
    |add_ln58_689_fu_1795_p2  |         +|   0|  0|  20|          13|          13|
    |add_ln58_690_fu_1805_p2  |         +|   0|  0|  21|          14|          14|
    |add_ln58_691_fu_1811_p2  |         +|   0|  0|  20|          13|          13|
    |add_ln58_692_fu_1821_p2  |         +|   0|  0|  20|          13|          13|
    |add_ln58_693_fu_1831_p2  |         +|   0|  0|  21|          14|          14|
    |add_ln58_694_fu_1943_p2  |         +|   0|  0|  16|          15|          15|
    |add_ln58_695_fu_1837_p2  |         +|   0|  0|  19|          12|          12|
    |add_ln58_696_fu_1847_p2  |         +|   0|  0|  17|          11|          11|
    |add_ln58_697_fu_1857_p2  |         +|   0|  0|  20|          13|          13|
    |add_ln58_698_fu_1867_p2  |         +|   0|  0|  19|          12|          12|
    |add_ln58_699_fu_1877_p2  |         +|   0|  0|  19|          12|           9|
    |add_ln58_700_fu_1887_p2  |         +|   0|  0|  21|          14|          14|
    |add_ln58_701_fu_1897_p2  |         +|   0|  0|  22|          15|          15|
    |add_ln58_702_fu_1949_p2  |         +|   0|  0|  16|          15|          15|
    |add_ln58_fu_1571_p2      |         +|   0|  0|  20|          13|          13|
    |add_ln73_fu_1349_p2      |         +|   0|  0|  17|          11|          11|
    |sub_ln73_366_fu_832_p2   |         -|   0|  0|  19|           1|          12|
    |sub_ln73_367_fu_854_p2   |         -|   0|  0|  18|          11|          11|
    |sub_ln73_368_fu_872_p2   |         -|   0|  0|  19|           1|          12|
    |sub_ln73_369_fu_894_p2   |         -|   0|  0|  18|          11|          11|
    |sub_ln73_370_fu_904_p2   |         -|   0|  0|  19|           1|          12|
    |sub_ln73_371_fu_926_p2   |         -|   0|  0|  19|           1|          12|
    |sub_ln73_372_fu_954_p2   |         -|   0|  0|  19|           1|          12|
    |sub_ln73_373_fu_980_p2   |         -|   0|  0|  19|           1|          12|
    |sub_ln73_374_fu_990_p2   |         -|   0|  0|  18|          11|          11|
    |sub_ln73_375_fu_1008_p2  |         -|   0|  0|  19|           1|          12|
    |sub_ln73_376_fu_1030_p2  |         -|   0|  0|  19|           1|          12|
    |sub_ln73_377_fu_1052_p2  |         -|   0|  0|  18|          11|          11|
    |sub_ln73_378_fu_1070_p2  |         -|   0|  0|  18|          11|          11|
    |sub_ln73_379_fu_1088_p2  |         -|   0|  0|  19|           1|          12|
    |sub_ln73_380_fu_1110_p2  |         -|   0|  0|  18|          11|          11|
    |sub_ln73_381_fu_1128_p2  |         -|   0|  0|  18|          11|          11|
    |sub_ln73_382_fu_1150_p2  |         -|   0|  0|  19|          12|          12|
    |sub_ln73_383_fu_1172_p2  |         -|   0|  0|  19|           1|          12|
    |sub_ln73_384_fu_1194_p2  |         -|   0|  0|  19|           1|          12|
    |sub_ln73_385_fu_1224_p2  |         -|   0|  0|  17|          10|          10|
    |sub_ln73_386_fu_1242_p2  |         -|   0|  0|  19|           1|          12|
    |sub_ln73_387_fu_1260_p2  |         -|   0|  0|  19|           1|          12|
    |sub_ln73_388_fu_1291_p2  |         -|   0|  0|  19|           1|          12|
    |sub_ln73_389_fu_1301_p2  |         -|   0|  0|  18|          11|          11|
    |sub_ln73_390_fu_1327_p2  |         -|   0|  0|  19|           1|          12|
    |sub_ln73_391_fu_1371_p2  |         -|   0|  0|  19|           1|          12|
    |sub_ln73_392_fu_1381_p2  |         -|   0|  0|  18|          11|          11|
    |sub_ln73_393_fu_1399_p2  |         -|   0|  0|  18|          11|          11|
    |sub_ln73_394_fu_1417_p2  |         -|   0|  0|  19|           1|          12|
    |sub_ln73_395_fu_1439_p2  |         -|   0|  0|  19|           1|          12|
    |sub_ln73_396_fu_1461_p2  |         -|   0|  0|  19|           1|          12|
    |sub_ln73_397_fu_1491_p2  |         -|   0|  0|  18|          11|          11|
    |sub_ln73_398_fu_1509_p2  |         -|   0|  0|  19|           1|          12|
    |sub_ln73_fu_822_p2       |         -|   0|  0|  18|          11|          11|
    |ap_enable_pp0            |       xor|   0|  0|   2|           1|           2|
    +-------------------------+----------+----+---+----+------------+------------+
    |Total                    |          |   0|  0|1426|         716|         926|
    +-------------------------+----------+----+---+----+------------+------------+

    * Multiplexer: 
    N/A

    * Register: 
    +-------------------------+----+----+-----+-----------+
    |           Name          | FF | LUT| Bits| Const Bits|
    +-------------------------+----+----+-----+-----------+
    |add_ln58_666_reg_1988    |  14|   0|   14|          0|
    |add_ln58_670_reg_1993    |  14|   0|   14|          0|
    |add_ln58_676_reg_1998    |  14|   0|   14|          0|
    |add_ln58_678_reg_2003    |   9|   0|   14|          5|
    |add_ln58_680_reg_2008    |   9|   0|   14|          5|
    |add_ln58_686_reg_2013    |  14|   0|   14|          0|
    |add_ln58_690_reg_2018    |   9|   0|   14|          5|
    |add_ln58_693_reg_2023    |  14|   0|   14|          0|
    |add_ln58_701_reg_2028    |  15|   0|   15|          0|
    |ap_CS_fsm                |   1|   0|    1|          0|
    |ap_enable_reg_pp0_iter1  |   1|   0|    1|          0|
    +-------------------------+----+----+-----+-----------+
    |Total                    | 114|   0|  129|         15|
    +-------------------------+----+----+-----+-----------+



================================================================
== Interface
================================================================
* Summary: 
+-------------+-----+-----+------------+-----------------------------------------------------------------------------+--------------+
|  RTL Ports  | Dir | Bits|  Protocol  |                                Source Object                                |    C Type    |
+-------------+-----+-----+------------+-----------------------------------------------------------------------------+--------------+
|ap_clk       |   in|    1|  ap_ctrl_hs|  dense_latency<ap_ufixed<6, 0, 4, 0, 0>, ap_fixed<18, 7, 5, 3, 0>, config11>|  return value|
|ap_rst       |   in|    1|  ap_ctrl_hs|  dense_latency<ap_ufixed<6, 0, 4, 0, 0>, ap_fixed<18, 7, 5, 3, 0>, config11>|  return value|
|ap_start     |   in|    1|  ap_ctrl_hs|  dense_latency<ap_ufixed<6, 0, 4, 0, 0>, ap_fixed<18, 7, 5, 3, 0>, config11>|  return value|
|ap_done      |  out|    1|  ap_ctrl_hs|  dense_latency<ap_ufixed<6, 0, 4, 0, 0>, ap_fixed<18, 7, 5, 3, 0>, config11>|  return value|
|ap_idle      |  out|    1|  ap_ctrl_hs|  dense_latency<ap_ufixed<6, 0, 4, 0, 0>, ap_fixed<18, 7, 5, 3, 0>, config11>|  return value|
|ap_ready     |  out|    1|  ap_ctrl_hs|  dense_latency<ap_ufixed<6, 0, 4, 0, 0>, ap_fixed<18, 7, 5, 3, 0>, config11>|  return value|
|ap_ce        |   in|    1|  ap_ctrl_hs|  dense_latency<ap_ufixed<6, 0, 4, 0, 0>, ap_fixed<18, 7, 5, 3, 0>, config11>|  return value|
|ap_return_0  |  out|   18|  ap_ctrl_hs|  dense_latency<ap_ufixed<6, 0, 4, 0, 0>, ap_fixed<18, 7, 5, 3, 0>, config11>|  return value|
|ap_return_1  |  out|   18|  ap_ctrl_hs|  dense_latency<ap_ufixed<6, 0, 4, 0, 0>, ap_fixed<18, 7, 5, 3, 0>, config11>|  return value|
|ap_return_2  |  out|   18|  ap_ctrl_hs|  dense_latency<ap_ufixed<6, 0, 4, 0, 0>, ap_fixed<18, 7, 5, 3, 0>, config11>|  return value|
|ap_return_3  |  out|   18|  ap_ctrl_hs|  dense_latency<ap_ufixed<6, 0, 4, 0, 0>, ap_fixed<18, 7, 5, 3, 0>, config11>|  return value|
|ap_return_4  |  out|   18|  ap_ctrl_hs|  dense_latency<ap_ufixed<6, 0, 4, 0, 0>, ap_fixed<18, 7, 5, 3, 0>, config11>|  return value|
|data_0_val   |   in|    6|     ap_none|                                                                   data_0_val|        scalar|
|data_1_val   |   in|    6|     ap_none|                                                                   data_1_val|        scalar|
|data_3_val   |   in|    6|     ap_none|                                                                   data_3_val|        scalar|
|data_4_val   |   in|    6|     ap_none|                                                                   data_4_val|        scalar|
|data_5_val   |   in|    6|     ap_none|                                                                   data_5_val|        scalar|
|data_6_val   |   in|    6|     ap_none|                                                                   data_6_val|        scalar|
|data_7_val   |   in|    6|     ap_none|                                                                   data_7_val|        scalar|
|data_9_val   |   in|    6|     ap_none|                                                                   data_9_val|        scalar|
|data_11_val  |   in|    6|     ap_none|                                                                  data_11_val|        scalar|
|data_12_val  |   in|    6|     ap_none|                                                                  data_12_val|        scalar|
|data_13_val  |   in|    6|     ap_none|                                                                  data_13_val|        scalar|
|data_14_val  |   in|    6|     ap_none|                                                                  data_14_val|        scalar|
|data_15_val  |   in|    6|     ap_none|                                                                  data_15_val|        scalar|
|data_17_val  |   in|    6|     ap_none|                                                                  data_17_val|        scalar|
|data_18_val  |   in|    6|     ap_none|                                                                  data_18_val|        scalar|
|data_19_val  |   in|    6|     ap_none|                                                                  data_19_val|        scalar|
|data_20_val  |   in|    6|     ap_none|                                                                  data_20_val|        scalar|
|data_21_val  |   in|    6|     ap_none|                                                                  data_21_val|        scalar|
|data_22_val  |   in|    6|     ap_none|                                                                  data_22_val|        scalar|
|data_23_val  |   in|    6|     ap_none|                                                                  data_23_val|        scalar|
|data_24_val  |   in|    6|     ap_none|                                                                  data_24_val|        scalar|
|data_25_val  |   in|    6|     ap_none|                                                                  data_25_val|        scalar|
|data_26_val  |   in|    6|     ap_none|                                                                  data_26_val|        scalar|
|data_27_val  |   in|    6|     ap_none|                                                                  data_27_val|        scalar|
|data_28_val  |   in|    6|     ap_none|                                                                  data_28_val|        scalar|
|data_29_val  |   in|    6|     ap_none|                                                                  data_29_val|        scalar|
|data_31_val  |   in|    6|     ap_none|                                                                  data_31_val|        scalar|
+-------------+-----+-----+------------+-----------------------------------------------------------------------------+--------------+

