

================================================================
== Vitis HLS Report for 'dense_latency_ap_fixed_16_6_5_3_0_ap_fixed_27_12_5_3_0_config2_s'
================================================================
* Date:           Tue Oct 14 15:22:55 2025

* Version:        2024.2 (Build 5238294 on Nov  8 2024)
* Project:        myproject_prj
* Solution:       solution1 (Vivado IP Flow Target)
* Product family: virtexuplus
* Target device:  xcu250-figd2104-2L-e


================================================================
== Performance Estimates
================================================================
+ Timing: 
    * Summary: 
    +--------+---------+----------+------------+
    |  Clock |  Target | Estimated| Uncertainty|
    +--------+---------+----------+------------+
    |ap_clk  |  5.00 ns|  3.581 ns|     1.35 ns|
    +--------+---------+----------+------------+

+ Latency: 
    * Summary: 
    +---------+---------+----------+----------+-----+-----+---------+
    |  Latency (cycles) |  Latency (absolute) |  Interval | Pipeline|
    |   min   |   max   |    min   |    max   | min | max |   Type  |
    +---------+---------+----------+----------+-----+-----+---------+
    |        1|        1|  5.000 ns|  5.000 ns|    1|    1|      yes|
    +---------+---------+----------+----------+-----+-----+---------+

    + Detail: 
        * Instance: 
        N/A

        * Loop: 
        N/A



================================================================
== Utilization Estimates
================================================================
* Summary: 
+---------------------+---------+-------+---------+---------+------+
|         Name        | BRAM_18K|  DSP  |    FF   |   LUT   | URAM |
+---------------------+---------+-------+---------+---------+------+
|DSP                  |        -|      -|        -|        -|     -|
|Expression           |        -|      -|        0|     8721|     -|
|FIFO                 |        -|      -|        -|        -|     -|
|Instance             |        -|     37|        0|      185|     -|
|Memory               |        -|      -|        -|        -|     -|
|Multiplexer          |        -|      -|        -|        -|     -|
|Register             |        -|      -|     1056|        -|     -|
+---------------------+---------+-------+---------+---------+------+
|Total                |        0|     37|     1056|     8906|     0|
+---------------------+---------+-------+---------+---------+------+
|Available SLR        |     1344|   3072|   864000|   432000|   320|
+---------------------+---------+-------+---------+---------+------+
|Utilization SLR (%)  |        0|      1|       ~0|        2|     0|
+---------------------+---------+-------+---------+---------+------+
|Available            |     5376|  12288|  3456000|  1728000|  1280|
+---------------------+---------+-------+---------+---------+------+
|Utilization (%)      |        0|     ~0|       ~0|       ~0|     0|
+---------------------+---------+-------+---------+---------+------+

+ Detail: 
    * Instance: 
    +------------------------+--------------------+---------+----+---+----+-----+
    |        Instance        |       Module       | BRAM_18K| DSP| FF| LUT| URAM|
    +------------------------+--------------------+---------+----+---+----+-----+
    |mul_16s_5ns_20_1_1_U15  |mul_16s_5ns_20_1_1  |        0|   1|  0|   5|    0|
    |mul_16s_5ns_20_1_1_U22  |mul_16s_5ns_20_1_1  |        0|   1|  0|   5|    0|
    |mul_16s_5ns_20_1_1_U24  |mul_16s_5ns_20_1_1  |        0|   1|  0|   5|    0|
    |mul_16s_5ns_20_1_1_U28  |mul_16s_5ns_20_1_1  |        0|   1|  0|   5|    0|
    |mul_16s_5ns_21_1_1_U2   |mul_16s_5ns_21_1_1  |        0|   1|  0|   5|    0|
    |mul_16s_5ns_21_1_1_U3   |mul_16s_5ns_21_1_1  |        0|   1|  0|   5|    0|
    |mul_16s_5ns_21_1_1_U4   |mul_16s_5ns_21_1_1  |        0|   1|  0|   5|    0|
    |mul_16s_5ns_21_1_1_U8   |mul_16s_5ns_21_1_1  |        0|   1|  0|   5|    0|
    |mul_16s_5ns_21_1_1_U25  |mul_16s_5ns_21_1_1  |        0|   1|  0|   5|    0|
    |mul_16s_5ns_21_1_1_U30  |mul_16s_5ns_21_1_1  |        0|   1|  0|   5|    0|
    |mul_16s_5ns_21_1_1_U37  |mul_16s_5ns_21_1_1  |        0|   1|  0|   5|    0|
    |mul_16s_5s_20_1_1_U12   |mul_16s_5s_20_1_1   |        0|   1|  0|   5|    0|
    |mul_16s_5s_20_1_1_U16   |mul_16s_5s_20_1_1   |        0|   1|  0|   5|    0|
    |mul_16s_5s_20_1_1_U17   |mul_16s_5s_20_1_1   |        0|   1|  0|   5|    0|
    |mul_16s_5s_20_1_1_U34   |mul_16s_5s_20_1_1   |        0|   1|  0|   5|    0|
    |mul_16s_5s_21_1_1_U10   |mul_16s_5s_21_1_1   |        0|   1|  0|   5|    0|
    |mul_16s_5s_21_1_1_U13   |mul_16s_5s_21_1_1   |        0|   1|  0|   5|    0|
    |mul_16s_5s_21_1_1_U14   |mul_16s_5s_21_1_1   |        0|   1|  0|   5|    0|
    |mul_16s_5s_21_1_1_U33   |mul_16s_5s_21_1_1   |        0|   1|  0|   5|    0|
    |mul_16s_5s_21_1_1_U36   |mul_16s_5s_21_1_1   |        0|   1|  0|   5|    0|
    |mul_16s_6ns_21_1_1_U7   |mul_16s_6ns_21_1_1  |        0|   1|  0|   5|    0|
    |mul_16s_6ns_21_1_1_U9   |mul_16s_6ns_21_1_1  |        0|   1|  0|   5|    0|
    |mul_16s_6ns_21_1_1_U11  |mul_16s_6ns_21_1_1  |        0|   1|  0|   5|    0|
    |mul_16s_6ns_21_1_1_U18  |mul_16s_6ns_21_1_1  |        0|   1|  0|   5|    0|
    |mul_16s_6ns_22_1_1_U21  |mul_16s_6ns_22_1_1  |        0|   1|  0|   5|    0|
    |mul_16s_6ns_22_1_1_U31  |mul_16s_6ns_22_1_1  |        0|   1|  0|   5|    0|
    |mul_16s_6ns_22_1_1_U35  |mul_16s_6ns_22_1_1  |        0|   1|  0|   5|    0|
    |mul_16s_6s_21_1_1_U1    |mul_16s_6s_21_1_1   |        0|   1|  0|   5|    0|
    |mul_16s_6s_21_1_1_U6    |mul_16s_6s_21_1_1   |        0|   1|  0|   5|    0|
    |mul_16s_6s_21_1_1_U19   |mul_16s_6s_21_1_1   |        0|   1|  0|   5|    0|
    |mul_16s_6s_21_1_1_U23   |mul_16s_6s_21_1_1   |        0|   1|  0|   5|    0|
    |mul_16s_6s_21_1_1_U26   |mul_16s_6s_21_1_1   |        0|   1|  0|   5|    0|
    |mul_16s_6s_21_1_1_U32   |mul_16s_6s_21_1_1   |        0|   1|  0|   5|    0|
    |mul_16s_6s_22_1_1_U5    |mul_16s_6s_22_1_1   |        0|   1|  0|   5|    0|
    |mul_16s_6s_22_1_1_U20   |mul_16s_6s_22_1_1   |        0|   1|  0|   5|    0|
    |mul_16s_6s_22_1_1_U27   |mul_16s_6s_22_1_1   |        0|   1|  0|   5|    0|
    |mul_16s_6s_22_1_1_U29   |mul_16s_6s_22_1_1   |        0|   1|  0|   5|    0|
    +------------------------+--------------------+---------+----+---+----+-----+
    |Total                   |                    |        0|  37|  0| 185|    0|
    +------------------------+--------------------+---------+----+---+----+-----+

    * DSP: 
    N/A

    * Memory: 
    N/A

    * FIFO: 
    N/A

    * Expression: 
    +--------------------------+----------+----+---+----+------------+------------+
    |       Variable Name      | Operation| DSP| FF| LUT| Bitwidth P0| Bitwidth P1|
    +--------------------------+----------+----+---+----+------------+------------+
    |add_ln17_10_fu_38126_p2   |         +|   0|  0|  20|          20|          20|
    |add_ln17_11_fu_38173_p2   |         +|   0|  0|  21|          21|          21|
    |add_ln17_1_fu_36229_p2    |         +|   0|  0|  19|          19|          19|
    |add_ln17_2_fu_36637_p2    |         +|   0|  0|  21|          21|          21|
    |add_ln17_3_fu_36664_p2    |         +|   0|  0|  20|          20|          20|
    |add_ln17_4_fu_36780_p2    |         +|   0|  0|  21|          21|          21|
    |add_ln17_5_fu_36954_p2    |         +|   0|  0|  27|          20|          20|
    |add_ln17_6_fu_37607_p2    |         +|   0|  0|  20|          20|          20|
    |add_ln17_7_fu_37911_p2    |         +|   0|  0|  20|          20|          20|
    |add_ln17_8_fu_38030_p2    |         +|   0|  0|  28|          21|          21|
    |add_ln17_9_fu_38101_p2    |         +|   0|  0|  21|          21|          21|
    |add_ln17_fu_36175_p2      |         +|   0|  0|  28|          21|          21|
    |add_ln58_703_fu_37019_p2  |         +|   0|  0|  21|          21|          21|
    |add_ln58_704_fu_38224_p2  |         +|   0|  0|  26|          19|          12|
    |add_ln58_705_fu_38234_p2  |         +|   0|  0|  27|          20|          14|
    |add_ln58_706_fu_38244_p2  |         +|   0|  0|  27|          20|          12|
    |add_ln58_707_fu_38254_p2  |         +|   0|  0|  21|          21|          13|
    |add_ln58_708_fu_38274_p2  |         +|   0|  0|  28|          21|          21|
    |add_ln58_709_fu_38284_p2  |         +|   0|  0|  20|          20|          13|
    |add_ln58_710_fu_38294_p2  |         +|   0|  0|  22|          22|          22|
    |add_ln58_711_fu_38300_p2  |         +|   0|  0|  22|          22|          22|
    |add_ln58_712_fu_38310_p2  |         +|   0|  0|  28|          21|          12|
    |add_ln58_713_fu_38320_p2  |         +|   0|  0|  19|          19|          13|
    |add_ln58_714_fu_38364_p2  |         +|   0|  0|  25|          18|          15|
    |add_ln58_715_fu_38374_p2  |         +|   0|  0|  19|          19|          19|
    |add_ln58_716_fu_38384_p2  |         +|   0|  0|  29|          22|          22|
    |add_ln58_717_fu_38400_p2  |         +|   0|  0|  22|          22|          22|
    |add_ln58_718_fu_38410_p2  |         +|   0|  0|  21|          21|          21|
    |add_ln58_719_fu_38420_p2  |         +|   0|  0|  20|          20|          13|
    |add_ln58_720_fu_38430_p2  |         +|   0|  0|  28|          21|          21|
    |add_ln58_721_fu_38440_p2  |         +|   0|  0|  29|          22|          22|
    |add_ln58_722_fu_38450_p2  |         +|   0|  0|  20|          20|          14|
    |add_ln58_723_fu_38460_p2  |         +|   0|  0|  27|          20|          20|
    |add_ln58_724_fu_38470_p2  |         +|   0|  0|  24|          17|          14|
    |add_ln58_725_fu_38480_p2  |         +|   0|  0|  28|          21|          21|
    |add_ln58_726_fu_38490_p2  |         +|   0|  0|  21|          21|          21|
    |add_ln58_727_fu_38510_p2  |         +|   0|  0|  26|          19|          19|
    |add_ln58_728_fu_38520_p2  |         +|   0|  0|  29|          22|          22|
    |add_ln58_729_fu_38530_p2  |         +|   0|  0|  21|          21|          21|
    |add_ln58_730_fu_38536_p2  |         +|   0|  0|  21|          21|          21|
    |add_ln58_731_fu_36087_p2  |         +|   0|  0|  27|          20|          20|
    |add_ln58_732_fu_36097_p2  |         +|   0|  0|  27|          20|          14|
    |add_ln58_733_fu_36107_p2  |         +|   0|  0|  28|          21|          21|
    |add_ln58_734_fu_38549_p2  |         +|   0|  0|  29|          22|          22|
    |add_ln58_735_fu_38559_p2  |         +|   0|  0|  20|          20|          20|
    |add_ln58_736_fu_38569_p2  |         +|   0|  0|  21|          21|          21|
    |add_ln58_737_fu_38575_p2  |         +|   0|  0|  24|          17|          14|
    |add_ln58_738_fu_38585_p2  |         +|   0|  0|  25|          18|          18|
    |add_ln58_739_fu_38595_p2  |         +|   0|  0|  21|          21|          21|
    |add_ln58_740_fu_38605_p2  |         +|   0|  0|  28|          21|          21|
    |add_ln58_741_fu_38615_p2  |         +|   0|  0|  19|          19|          13|
    |add_ln58_742_fu_38625_p2  |         +|   0|  0|  29|          22|          22|
    |add_ln58_743_fu_38635_p2  |         +|   0|  0|  29|          22|          22|
    |add_ln58_744_fu_38645_p2  |         +|   0|  0|  23|          23|          23|
    |add_ln58_745_fu_38651_p2  |         +|   0|  0|  19|          19|          11|
    |add_ln58_746_fu_38661_p2  |         +|   0|  0|  27|          20|          20|
    |add_ln58_747_fu_38671_p2  |         +|   0|  0|  23|          23|          23|
    |add_ln58_748_fu_38681_p2  |         +|   0|  0|  22|          22|          22|
    |add_ln58_749_fu_38687_p2  |         +|   0|  0|  21|          21|          21|
    |add_ln58_750_fu_38697_p2  |         +|   0|  0|  22|          22|          22|
    |add_ln58_751_fu_38707_p2  |         +|   0|  0|  19|          19|          19|
    |add_ln58_752_fu_38717_p2  |         +|   0|  0|  22|          22|          22|
    |add_ln58_753_fu_38723_p2  |         +|   0|  0|  20|          20|          14|
    |add_ln58_754_fu_38729_p2  |         +|   0|  0|  20|          20|          20|
    |add_ln58_755_fu_38739_p2  |         +|   0|  0|  22|          22|          22|
    |add_ln58_756_fu_38749_p2  |         +|   0|  0|  20|          20|          14|
    |add_ln58_757_fu_38755_p2  |         +|   0|  0|  20|          20|          20|
    |add_ln58_758_fu_38765_p2  |         +|   0|  0|  27|          20|          13|
    |add_ln58_759_fu_38775_p2  |         +|   0|  0|  22|          22|          22|
    |add_ln58_760_fu_38785_p2  |         +|   0|  0|  28|          21|          21|
    |add_ln58_761_fu_38795_p2  |         +|   0|  0|  23|          23|          23|
    |add_ln58_762_fu_38801_p2  |         +|   0|  0|  20|          20|          20|
    |add_ln58_763_fu_38807_p2  |         +|   0|  0|  18|          18|          12|
    |add_ln58_764_fu_38817_p2  |         +|   0|  0|  20|          20|          20|
    |add_ln58_765_fu_38827_p2  |         +|   0|  0|  23|          23|          23|
    |add_ln58_766_fu_38847_p2  |         +|   0|  0|  27|          20|          20|
    |add_ln58_767_fu_38863_p2  |         +|   0|  0|  22|          22|          22|
    |add_ln58_768_fu_38873_p2  |         +|   0|  0|  20|          20|          20|
    |add_ln58_769_fu_38899_p2  |         +|   0|  0|  20|          20|          20|
    |add_ln58_770_fu_38909_p2  |         +|   0|  0|  29|          22|          22|
    |add_ln58_771_fu_38919_p2  |         +|   0|  0|  29|          22|          22|
    |add_ln58_772_fu_38929_p2  |         +|   0|  0|  28|          21|          13|
    |add_ln58_773_fu_38939_p2  |         +|   0|  0|  30|          23|          23|
    |add_ln58_774_fu_38949_p2  |         +|   0|  0|  21|          21|          21|
    |add_ln58_775_fu_38959_p2  |         +|   0|  0|  22|          22|          22|
    |add_ln58_776_fu_38969_p2  |         +|   0|  0|  24|          17|          17|
    |add_ln58_777_fu_38975_p2  |         +|   0|  0|  20|          20|          14|
    |add_ln58_778_fu_38999_p2  |         +|   0|  0|  30|          23|          23|
    |add_ln58_779_fu_39009_p2  |         +|   0|  0|  21|          21|          21|
    |add_ln58_780_fu_39019_p2  |         +|   0|  0|  22|          22|          22|
    |add_ln58_781_fu_39025_p2  |         +|   0|  0|  22|          22|          22|
    |add_ln58_782_fu_39035_p2  |         +|   0|  0|  22|          22|          22|
    |add_ln58_783_fu_39041_p2  |         +|   0|  0|  22|          22|          22|
    |add_ln58_784_fu_39051_p2  |         +|   0|  0|  21|          21|          12|
    |add_ln58_785_fu_39057_p2  |         +|   0|  0|  21|          21|          21|
    |add_ln58_786_fu_39067_p2  |         +|   0|  0|  30|          23|          23|
    |add_ln58_787_fu_39077_p2  |         +|   0|  0|  27|          20|          20|
    |add_ln58_788_fu_39087_p2  |         +|   0|  0|  28|          21|          21|
    |add_ln58_789_fu_39115_p2  |         +|   0|  0|  24|          17|          14|
    |add_ln58_790_fu_39125_p2  |         +|   0|  0|  21|          21|          21|
    |add_ln58_791_fu_39131_p2  |         +|   0|  0|  21|          21|          21|
    |add_ln58_792_fu_39141_p2  |         +|   0|  0|  28|          21|          21|
    |add_ln58_793_fu_39151_p2  |         +|   0|  0|  28|          21|          11|
    |add_ln58_794_fu_39161_p2  |         +|   0|  0|  22|          22|          22|
    |add_ln58_795_fu_39167_p2  |         +|   0|  0|  22|          22|          22|
    |add_ln58_796_fu_39177_p2  |         +|   0|  0|  21|          21|          21|
    |add_ln58_797_fu_39183_p2  |         +|   0|  0|  21|          21|          21|
    |add_ln58_798_fu_39193_p2  |         +|   0|  0|  22|          22|          22|
    |add_ln58_799_fu_39199_p2  |         +|   0|  0|  25|          18|          14|
    |add_ln58_800_fu_39209_p2  |         +|   0|  0|  19|          19|          19|
    |add_ln58_801_fu_39219_p2  |         +|   0|  0|  22|          22|          22|
    |add_ln58_802_fu_39229_p2  |         +|   0|  0|  21|          21|          21|
    |add_ln58_803_fu_39239_p2  |         +|   0|  0|  28|          21|          12|
    |add_ln58_804_fu_39249_p2  |         +|   0|  0|  22|          22|          22|
    |add_ln58_805_fu_39255_p2  |         +|   0|  0|  22|          22|          22|
    |add_ln58_806_fu_39265_p2  |         +|   0|  0|  21|          21|          21|
    |add_ln58_807_fu_39275_p2  |         +|   0|  0|  27|          20|          15|
    |add_ln58_808_fu_39285_p2  |         +|   0|  0|  29|          22|          22|
    |add_ln58_809_fu_39295_p2  |         +|   0|  0|  28|          21|          21|
    |add_ln58_810_fu_39305_p2  |         +|   0|  0|  29|          22|          22|
    |add_ln58_811_fu_39315_p2  |         +|   0|  0|  22|          22|          22|
    |add_ln58_812_fu_39321_p2  |         +|   0|  0|  22|          22|          22|
    |add_ln58_813_fu_39331_p2  |         +|   0|  0|  30|          23|          23|
    |add_ln58_814_fu_39347_p2  |         +|   0|  0|  22|          22|          22|
    |add_ln58_815_fu_39357_p2  |         +|   0|  0|  28|          21|          21|
    |add_ln58_816_fu_39367_p2  |         +|   0|  0|  20|          20|          20|
    |add_ln58_817_fu_39377_p2  |         +|   0|  0|  29|          22|          22|
    |add_ln58_818_fu_39393_p2  |         +|   0|  0|  24|          17|          13|
    |add_ln58_819_fu_39403_p2  |         +|   0|  0|  22|          22|          22|
    |add_ln58_820_fu_39413_p2  |         +|   0|  0|  30|          23|          23|
    |add_ln58_821_fu_39429_p2  |         +|   0|  0|  21|          21|          21|
    |add_ln58_822_fu_39455_p2  |         +|   0|  0|  22|          22|          22|
    |add_ln58_823_fu_39465_p2  |         +|   0|  0|  30|          23|          23|
    |add_ln58_824_fu_39475_p2  |         +|   0|  0|  21|          21|          21|
    |add_ln58_825_fu_39485_p2  |         +|   0|  0|  29|          22|          22|
    |add_ln58_826_fu_39495_p2  |         +|   0|  0|  21|          21|          21|
    |add_ln58_827_fu_39501_p2  |         +|   0|  0|  21|          21|          21|
    |add_ln58_828_fu_39511_p2  |         +|   0|  0|  30|          23|          23|
    |add_ln58_829_fu_39521_p2  |         +|   0|  0|  21|          21|          21|
    |add_ln58_830_fu_39537_p2  |         +|   0|  0|  22|          22|          22|
    |add_ln58_831_fu_39547_p2  |         +|   0|  0|  20|          20|          20|
    |add_ln58_832_fu_39553_p2  |         +|   0|  0|  20|          20|          20|
    |add_ln58_833_fu_39563_p2  |         +|   0|  0|  21|          21|          14|
    |add_ln58_834_fu_39573_p2  |         +|   0|  0|  22|          22|          22|
    |add_ln58_835_fu_39579_p2  |         +|   0|  0|  22|          22|          22|
    |add_ln58_836_fu_39599_p2  |         +|   0|  0|  19|          19|          19|
    |add_ln58_837_fu_39609_p2  |         +|   0|  0|  28|          21|          14|
    |add_ln58_838_fu_39615_p2  |         +|   0|  0|  21|          21|          21|
    |add_ln58_839_fu_39625_p2  |         +|   0|  0|  29|          22|          22|
    |add_ln58_840_fu_39635_p2  |         +|   0|  0|  21|          21|          11|
    |add_ln58_841_fu_39645_p2  |         +|   0|  0|  28|          21|          21|
    |add_ln58_842_fu_39655_p2  |         +|   0|  0|  24|          17|          15|
    |add_ln58_843_fu_39665_p2  |         +|   0|  0|  29|          22|          22|
    |add_ln58_844_fu_39675_p2  |         +|   0|  0|  27|          20|          13|
    |add_ln58_845_fu_39685_p2  |         +|   0|  0|  22|          22|          22|
    |add_ln58_846_fu_39695_p2  |         +|   0|  0|  28|          21|          13|
    |add_ln58_847_fu_39705_p2  |         +|   0|  0|  21|          21|          21|
    |add_ln58_848_fu_39715_p2  |         +|   0|  0|  20|          20|          13|
    |add_ln58_849_fu_39725_p2  |         +|   0|  0|  29|          22|          22|
    |add_ln58_850_fu_39735_p2  |         +|   0|  0|  21|          21|          21|
    |add_ln58_851_fu_39745_p2  |         +|   0|  0|  28|          21|          21|
    |add_ln58_852_fu_39755_p2  |         +|   0|  0|  29|          22|          22|
    |add_ln58_853_fu_39765_p2  |         +|   0|  0|  27|          20|          12|
    |add_ln58_854_fu_39795_p2  |         +|   0|  0|  21|          21|          21|
    |add_ln58_855_fu_39801_p2  |         +|   0|  0|  21|          21|          21|
    |add_ln58_856_fu_39811_p2  |         +|   0|  0|  28|          21|          21|
    |add_ln58_857_fu_39831_p2  |         +|   0|  0|  29|          22|          22|
    |add_ln58_858_fu_39841_p2  |         +|   0|  0|  30|          23|          23|
    |add_ln58_859_fu_39851_p2  |         +|   0|  0|  21|          21|          21|
    |add_ln58_860_fu_36113_p2  |         +|   0|  0|  27|          20|          20|
    |add_ln58_861_fu_39864_p2  |         +|   0|  0|  29|          22|          22|
    |add_ln58_862_fu_39874_p2  |         +|   0|  0|  21|          21|          21|
    |add_ln58_863_fu_39884_p2  |         +|   0|  0|  21|          21|          13|
    |add_ln58_864_fu_39894_p2  |         +|   0|  0|  29|          22|          22|
    |add_ln58_865_fu_39904_p2  |         +|   0|  0|  30|          23|          23|
    |add_ln58_866_fu_39914_p2  |         +|   0|  0|  28|          21|          21|
    |add_ln58_867_fu_39924_p2  |         +|   0|  0|  22|          22|          22|
    |add_ln58_868_fu_39930_p2  |         +|   0|  0|  24|          17|          12|
    |add_ln58_869_fu_39950_p2  |         +|   0|  0|  22|          22|          22|
    |add_ln58_870_fu_39960_p2  |         +|   0|  0|  19|          19|          19|
    |add_ln58_871_fu_39970_p2  |         +|   0|  0|  21|          21|          15|
    |add_ln58_872_fu_39976_p2  |         +|   0|  0|  21|          21|          21|
    |add_ln58_873_fu_39996_p2  |         +|   0|  0|  22|          22|          22|
    |add_ln58_874_fu_40008_p2  |         +|   0|  0|  20|          20|          20|
    |add_ln58_875_fu_40018_p2  |         +|   0|  0|  22|          22|          22|
    |add_ln58_876_fu_40028_p2  |         +|   0|  0|  22|          22|          22|
    |add_ln58_877_fu_40034_p2  |         +|   0|  0|  21|          21|          21|
    |add_ln58_878_fu_40044_p2  |         +|   0|  0|  22|          22|          22|
    |add_ln58_879_fu_40054_p2  |         +|   0|  0|  20|          20|          20|
    |add_ln58_880_fu_40060_p2  |         +|   0|  0|  24|          17|          14|
    |add_ln58_881_fu_40070_p2  |         +|   0|  0|  20|          20|          20|
    |add_ln58_882_fu_40080_p2  |         +|   0|  0|  30|          23|          23|
    |add_ln58_883_fu_40090_p2  |         +|   0|  0|  28|          21|          21|
    |add_ln58_884_fu_40100_p2  |         +|   0|  0|  27|          20|          15|
    |add_ln58_885_fu_40110_p2  |         +|   0|  0|  29|          22|          22|
    |add_ln58_886_fu_40120_p2  |         +|   0|  0|  20|          20|          20|
    |add_ln58_887_fu_40130_p2  |         +|   0|  0|  20|          20|          12|
    |add_ln58_888_fu_40140_p2  |         +|   0|  0|  21|          21|          21|
    |add_ln58_889_fu_40150_p2  |         +|   0|  0|  29|          22|          22|
    |add_ln58_890_fu_40160_p2  |         +|   0|  0|  28|          21|          21|
    |add_ln58_891_fu_40170_p2  |         +|   0|  0|  27|          20|          13|
    |add_ln58_892_fu_40180_p2  |         +|   0|  0|  28|          21|          21|
    |add_ln58_893_fu_40190_p2  |         +|   0|  0|  29|          22|          22|
    |add_ln58_894_fu_40200_p2  |         +|   0|  0|  21|          21|          21|
    |add_ln58_895_fu_40220_p2  |         +|   0|  0|  29|          22|          22|
    |add_ln58_896_fu_40230_p2  |         +|   0|  0|  21|          21|          21|
    |add_ln58_897_fu_40240_p2  |         +|   0|  0|  29|          22|          22|
    |add_ln58_898_fu_40260_p2  |         +|   0|  0|  29|          22|          22|
    |add_ln58_899_fu_40270_p2  |         +|   0|  0|  30|          23|          23|
    |add_ln58_900_fu_40280_p2  |         +|   0|  0|  29|          22|          22|
    |add_ln58_901_fu_40286_p2  |         +|   0|  0|  22|          22|          22|
    |add_ln58_902_fu_40292_p2  |         +|   0|  0|  24|          17|          14|
    |add_ln58_903_fu_40302_p2  |         +|   0|  0|  25|          18|          18|
    |add_ln58_904_fu_40312_p2  |         +|   0|  0|  22|          22|          22|
    |add_ln58_905_fu_40332_p2  |         +|   0|  0|  26|          19|          15|
    |add_ln58_906_fu_40342_p2  |         +|   0|  0|  28|          21|          21|
    |add_ln58_907_fu_40352_p2  |         +|   0|  0|  29|          22|          22|
    |add_ln58_908_fu_40396_p2  |         +|   0|  0|  22|          22|          22|
    |add_ln58_fu_38214_p2      |         +|   0|  0|  20|          20|          12|
    |mult_333_fu_36289_p2      |         +|   0|  0|  21|          21|          21|
    |mult_340_fu_36428_p2      |         +|   0|  0|  22|          22|          22|
    |mult_344_fu_36473_p2      |         +|   0|  0|  22|          22|          22|
    |mult_360_fu_36704_p2      |         +|   0|  0|  28|          21|          21|
    |mult_375_fu_36891_p2      |         +|   0|  0|  28|          21|          21|
    |mult_383_fu_37013_p2      |         +|   0|  0|  20|          20|          20|
    |mult_414_fu_37538_p2      |         +|   0|  0|  27|          20|          20|
    |mult_415_fu_37551_p2      |         +|   0|  0|  21|          21|          21|
    |mult_430_fu_37815_p2      |         +|   0|  0|  21|          21|          21|
    |mult_330_fu_36219_p2      |         -|   0|  0|  27|           1|          20|
    |mult_331_fu_36241_p2      |         -|   0|  0|  20|          20|          20|
    |mult_332_fu_36264_p2      |         -|   0|  0|  24|           1|          17|
    |mult_335_fu_36317_p2      |         -|   0|  0|  28|          21|          21|
    |mult_337_fu_36356_p2      |         -|   0|  0|  29|          22|          22|
    |mult_338_fu_36366_p2      |         -|   0|  0|  27|          20|          20|
    |mult_339_fu_36397_p2      |         -|   0|  0|  28|          21|          21|
    |mult_341_fu_36450_p2      |         -|   0|  0|  28|          21|          21|
    |mult_343_fu_36459_p2      |         -|   0|  0|  26|          19|          19|
    |mult_346_fu_36483_p2      |         -|   0|  0|  28|          21|          21|
    |mult_347_fu_36515_p2      |         -|   0|  0|  29|          22|          22|
    |mult_348_fu_36525_p2      |         -|   0|  0|  28|          21|          21|
    |mult_350_fu_36529_p2      |         -|   0|  0|  21|          21|          21|
    |mult_352_fu_36556_p2      |         -|   0|  0|  20|          20|          20|
    |mult_353_fu_36592_p2      |         -|   0|  0|  29|          22|          22|
    |mult_354_fu_36620_p2      |         -|   0|  0|  28|          21|          21|
    |mult_356_fu_36654_p2      |         -|   0|  0|  27|          20|          20|
    |mult_358_fu_36670_p2      |         -|   0|  0|  27|          20|          20|
    |mult_359_fu_36690_p2      |         -|   0|  0|  27|           1|          20|
    |mult_362_fu_36717_p2      |         -|   0|  0|  26|          19|          19|
    |mult_364_fu_36797_p2      |         -|   0|  0|  28|          21|          21|
    |mult_365_fu_36803_p2      |         -|   0|  0|  21|          21|          21|
    |mult_366_fu_36826_p2      |         -|   0|  0|  21|          21|          21|
    |mult_370_fu_36846_p2      |         -|   0|  0|  21|          21|          21|
    |mult_378_fu_36937_p2      |         -|   0|  0|  21|          21|          21|
    |mult_379_fu_36971_p2      |         -|   0|  0|  21|          21|          21|
    |mult_380_fu_36977_p2      |         -|   0|  0|  27|          20|          20|
    |mult_381_fu_36997_p2      |         -|   0|  0|  20|          20|          20|
    |mult_382_fu_37007_p2      |         -|   0|  0|  19|          19|          19|
    |mult_385_fu_37058_p2      |         -|   0|  0|  27|          20|          20|
    |mult_386_fu_37079_p2      |         -|   0|  0|  27|          20|          20|
    |mult_387_fu_37100_p2      |         -|   0|  0|  26|           1|          19|
    |mult_388_fu_37110_p2      |         -|   0|  0|  19|          19|          19|
    |mult_391_fu_37123_p2      |         -|   0|  0|  27|          20|          20|
    |mult_393_fu_37149_p2      |         -|   0|  0|  27|          20|          20|
    |mult_394_fu_37170_p2      |         -|   0|  0|  25|           1|          18|
    |mult_395_fu_37191_p2      |         -|   0|  0|  21|          21|          21|
    |mult_396_fu_37208_p2      |         -|   0|  0|  26|           1|          19|
    |mult_397_fu_37218_p2      |         -|   0|  0|  26|          19|          19|
    |mult_398_fu_37258_p2      |         -|   0|  0|  20|          20|          20|
    |mult_399_fu_37282_p2      |         -|   0|  0|  27|          20|          20|
    |mult_401_fu_35870_p2      |         -|   0|  0|  25|           1|          18|
    |mult_404_fu_37311_p2      |         -|   0|  0|  26|          19|          19|
    |mult_405_fu_37325_p2      |         -|   0|  0|  27|           1|          20|
    |mult_407_fu_37371_p2      |         -|   0|  0|  27|          20|          20|
    |mult_410_fu_37428_p2      |         -|   0|  0|  20|          20|          20|
    |mult_411_fu_37490_p2      |         -|   0|  0|  25|           1|          18|
    |mult_412_fu_37500_p2      |         -|   0|  0|  27|          20|          20|
    |mult_413_fu_37521_p2      |         -|   0|  0|  21|          21|          21|
    |mult_417_fu_37597_p2      |         -|   0|  0|  27|          20|          20|
    |mult_419_fu_37624_p2      |         -|   0|  0|  26|           1|          19|
    |mult_421_fu_37655_p2      |         -|   0|  0|  22|          22|          22|
    |mult_422_fu_37665_p2      |         -|   0|  0|  25|           1|          18|
    |mult_423_fu_37683_p2      |         -|   0|  0|  21|          21|          21|
    |mult_424_fu_37699_p2      |         -|   0|  0|  21|          21|          21|
    |mult_425_fu_37722_p2      |         -|   0|  0|  26|          19|          19|
    |mult_426_fu_37762_p2      |         -|   0|  0|  19|          19|          19|
    |mult_427_fu_37782_p2      |         -|   0|  0|  21|          21|          21|
    |mult_428_fu_37798_p2      |         -|   0|  0|  20|          20|          20|
    |mult_431_fu_37825_p2      |         -|   0|  0|  27|          20|          20|
    |mult_432_fu_37852_p2      |         -|   0|  0|  26|          19|          19|
    |mult_433_fu_37862_p2      |         -|   0|  0|  19|          19|          19|
    |mult_434_fu_37890_p2      |         -|   0|  0|  20|          20|          20|
    |mult_436_fu_37921_p2      |         -|   0|  0|  25|           1|          18|
    |mult_437_fu_37965_p2      |         -|   0|  0|  22|          22|          22|
    |mult_438_fu_38024_p2      |         -|   0|  0|  21|          21|          21|
    |mult_441_fu_38063_p2      |         -|   0|  0|  29|          22|          22|
    |mult_442_fu_38142_p2      |         -|   0|  0|  28|          21|          21|
    |mult_443_fu_38152_p2      |         -|   0|  0|  27|           1|          20|
    |mult_fu_36191_p2          |         -|   0|  0|  22|          22|          22|
    |sub_ln17_10_fu_37416_p2   |         -|   0|  0|  20|          20|          20|
    |sub_ln17_11_fu_37463_p2   |         -|   0|  0|  27|           1|          20|
    |sub_ln17_12_fu_37480_p2   |         -|   0|  0|  20|          20|          20|
    |sub_ln17_13_fu_37739_p2   |         -|   0|  0|  19|          19|          19|
    |sub_ln17_14_fu_37756_p2   |         -|   0|  0|  19|          19|          19|
    |sub_ln17_15_fu_37971_p2   |         -|   0|  0|  18|          18|          18|
    |sub_ln17_16_fu_37999_p2   |         -|   0|  0|  21|          21|          21|
    |sub_ln17_17_fu_38035_p2   |         -|   0|  0|  20|          20|          20|
    |sub_ln17_18_fu_38041_p2   |         -|   0|  0|  28|           1|          21|
    |sub_ln17_19_fu_38051_p2   |         -|   0|  0|  28|          21|          21|
    |sub_ln17_1_fu_36438_p2    |         -|   0|  0|  21|           1|          21|
    |sub_ln17_20_fu_38057_p2   |         -|   0|  0|  21|          21|          21|
    |sub_ln17_21_fu_38095_p2   |         -|   0|  0|  21|          21|          21|
    |sub_ln17_22_fu_38186_p2   |         -|   0|  0|  20|          20|          20|
    |sub_ln17_2_fu_36444_p2    |         -|   0|  0|  21|          21|          21|
    |sub_ln17_3_fu_36684_p2    |         -|   0|  0|  20|          20|          20|
    |sub_ln17_4_fu_36738_p2    |         -|   0|  0|  21|           1|          21|
    |sub_ln17_5_fu_36744_p2    |         -|   0|  0|  21|          21|          21|
    |sub_ln17_6_fu_36863_p2    |         -|   0|  0|  19|          19|          19|
    |sub_ln17_7_fu_36880_p2    |         -|   0|  0|  28|           1|          21|
    |sub_ln17_8_fu_36886_p2    |         -|   0|  0|  21|          21|          21|
    |sub_ln17_9_fu_37388_p2    |         -|   0|  0|  20|          20|          20|
    |sub_ln17_fu_36150_p2      |         -|   0|  0|  20|          20|          20|
    |sub_ln58_10_fu_38334_p2   |         -|   0|  0|  27|          20|          20|
    |sub_ln58_11_fu_38354_p2   |         -|   0|  0|  28|          21|          21|
    |sub_ln58_12_fu_38394_p2   |         -|   0|  0|  22|          22|          22|
    |sub_ln58_13_fu_38837_p2   |         -|   0|  0|  25|          12|          18|
    |sub_ln58_14_fu_38857_p2   |         -|   0|  0|  22|          14|          22|
    |sub_ln58_15_fu_38883_p2   |         -|   0|  0|  28|          21|          21|
    |sub_ln58_16_fu_38893_p2   |         -|   0|  0|  20|          14|          20|
    |sub_ln58_17_fu_39105_p2   |         -|   0|  0|  26|          19|          19|
    |sub_ln58_18_fu_39341_p2   |         -|   0|  0|  22|          14|          22|
    |sub_ln58_19_fu_39387_p2   |         -|   0|  0|  22|          22|          22|
    |sub_ln58_1_fu_38344_p2    |         -|   0|  0|  21|          21|          21|
    |sub_ln58_20_fu_39423_p2   |         -|   0|  0|  21|          21|          21|
    |sub_ln58_21_fu_39449_p2   |         -|   0|  0|  22|          15|          22|
    |sub_ln58_22_fu_39531_p2   |         -|   0|  0|  22|          14|          22|
    |sub_ln58_23_fu_39775_p2   |         -|   0|  0|  28|          21|          21|
    |sub_ln58_24_fu_39785_p2   |         -|   0|  0|  26|          19|          19|
    |sub_ln58_25_fu_39821_p2   |         -|   0|  0|  27|          14|          20|
    |sub_ln58_26_fu_39986_p2   |         -|   0|  0|  28|          21|          21|
    |sub_ln58_27_fu_40002_p2   |         -|   0|  0|  27|          20|          20|
    |sub_ln58_28_fu_40210_p2   |         -|   0|  0|  27|          13|          20|
    |sub_ln58_29_fu_40250_p2   |         -|   0|  0|  25|          13|          18|
    |sub_ln58_30_fu_40322_p2   |         -|   0|  0|  28|          21|          21|
    |sub_ln58_31_fu_40366_p2   |         -|   0|  0|  28|          21|          21|
    |sub_ln58_32_fu_40376_p2   |         -|   0|  0|  28|          14|          21|
    |sub_ln58_33_fu_40390_p2   |         -|   0|  0|  22|          22|          22|
    |sub_ln58_5_fu_38500_p2    |         -|   0|  0|  24|          11|          17|
    |sub_ln58_6_fu_38989_p2    |         -|   0|  0|  28|          21|          21|
    |sub_ln58_7_fu_39439_p2    |         -|   0|  0|  27|          20|          20|
    |sub_ln58_8_fu_39589_p2    |         -|   0|  0|  25|          18|          18|
    |sub_ln58_9_fu_39940_p2    |         -|   0|  0|  25|          18|          18|
    |sub_ln58_fu_38264_p2      |         -|   0|  0|  24|          13|          17|
    |sub_ln73_401_fu_36235_p2  |         -|   0|  0|  20|           1|          20|
    |sub_ln73_407_fu_35675_p2  |         -|   0|  0|  28|           1|          21|
    |sub_ln73_415_fu_36550_p2  |         -|   0|  0|  20|           1|          20|
    |sub_ln73_425_fu_36820_p2  |         -|   0|  0|  28|           1|          21|
    |sub_ln73_431_fu_36991_p2  |         -|   0|  0|  27|           1|          20|
    |sub_ln73_444_fu_37252_p2  |         -|   0|  0|  20|           1|          20|
    |sub_ln73_451_fu_37422_p2  |         -|   0|  0|  20|           1|          20|
    |sub_ln73_458_fu_37645_p2  |         -|   0|  0|  22|           1|          22|
    |sub_ln73_462_fu_37693_p2  |         -|   0|  0|  21|           1|          21|
    |sub_ln73_466_fu_37772_p2  |         -|   0|  0|  28|           1|          21|
    |sub_ln73_468_fu_37792_p2  |         -|   0|  0|  20|           1|          20|
    |sub_ln73_fu_36185_p2      |         -|   0|  0|  22|           1|          22|
    |ap_enable_pp0             |       xor|   0|  0|   2|           1|           2|
    +--------------------------+----------+----+---+----+------------+------------+
    |Total                     |          |   0|  0|8721|        6872|        7228|
    +--------------------------+----------+----+---+----+------------+------------+

    * Multiplexer: 
    N/A

    * Register: 
    +-------------------------+----+----+-----+-----------+
    |           Name          | FF | LUT| Bits| Const Bits|
    +-------------------------+----+----+-----+-----------+
    |a_12_reg_41006           |  16|   0|   16|          0|
    |a_14_reg_41044           |  16|   0|   16|          0|
    |a_15_reg_41062           |  16|   0|   16|          0|
    |a_16_reg_41080           |  16|   0|   16|          0|
    |a_18_reg_40784           |  16|   0|   16|          0|
    |a_19_reg_40797           |  16|   0|   16|          0|
    |a_20_reg_40853           |  16|   0|   16|          0|
    |a_21_reg_40881           |  16|   0|   16|          0|
    |a_22_reg_40911           |  16|   0|   16|          0|
    |a_23_reg_40927           |  16|   0|   16|          0|
    |a_24_reg_40947           |  16|   0|   16|          0|
    |a_25_reg_40962           |  16|   0|   16|          0|
    |a_26_reg_41025           |  16|   0|   16|          0|
    |a_27_reg_41112           |  16|   0|   16|          0|
    |a_9_reg_40987            |  16|   0|   16|          0|
    |a_reg_40819              |  16|   0|   16|          0|
    |add_ln58_733_reg_41139   |  21|   0|   21|          0|
    |add_ln58_860_reg_41144   |  20|   0|   20|          0|
    |ap_CS_fsm                |   1|   0|    1|          0|
    |ap_enable_reg_pp0_iter1  |   1|   0|    1|          0|
    |mul_ln17_11_reg_9307     |  21|   0|   21|          0|
    |mul_ln17_17_reg_9311     |  20|   0|   20|          0|
    |mul_ln17_6_reg_9303      |  21|   0|   21|          0|
    |mul_ln17_reg_9288        |  21|   0|   21|          0|
    |mult_345_reg_9280        |  21|   0|   21|          0|
    |mult_355_reg_9284        |  21|   0|   21|          0|
    |mult_367_reg_9292        |  21|   0|   21|          0|
    |mult_429_reg_9299        |  21|   0|   21|          0|
    |sext_ln73_19_reg_40826   |  21|   0|   21|          0|
    |sext_ln73_24_reg_40861   |  21|   0|   21|          0|
    |sext_ln73_27_reg_40888   |  21|   0|   21|          0|
    |sext_ln73_45_reg_41012   |  20|   0|   20|          0|
    |sext_ln73_60_reg_41087   |  21|   0|   21|          0|
    |sext_ln73_64_reg_41119   |  20|   0|   20|          0|
    |sub_ln73_407_reg_40841   |  18|   0|   21|          3|
    |tmp1_reg_40814           |  16|   0|   16|          0|
    |tmp_1001_reg_41036       |  16|   0|   16|          0|
    |tmp_1006_reg_41050       |  16|   0|   16|          0|
    |tmp_1009_reg_41068       |  16|   0|   16|          0|
    |tmp_1013_reg_41097       |  16|   0|   16|          0|
    |tmp_1019_reg_41126       |  16|   0|   16|          0|
    |tmp_15_reg_40847         |  16|   0|   16|          0|
    |tmp_36_reg_40876         |  16|   0|   16|          0|
    |tmp_47_reg_40904         |  16|   0|   16|          0|
    |tmp_726_reg_41031        |  16|   0|   16|          0|
    |tmp_727_reg_41057        |  16|   0|   16|          0|
    |tmp_728_reg_41075        |  16|   0|   16|          0|
    |tmp_729_reg_41106        |  16|   0|   16|          0|
    |tmp_730_reg_41134        |  16|   0|   16|          0|
    |tmp_78_reg_40935         |  16|   0|   16|          0|
    |tmp_89_reg_40981         |  16|   0|   16|          0|
    |tmp_952_reg_40805        |  16|   0|   16|          0|
    |tmp_958_reg_40833        |  16|   0|   16|          0|
    |tmp_964_reg_40867        |  16|   0|   16|          0|
    |tmp_970_reg_40896        |  16|   0|   16|          0|
    |tmp_975_reg_40919        |  16|   0|   16|          0|
    |tmp_980_reg_40940        |  16|   0|   16|          0|
    |tmp_984_reg_40954        |  16|   0|   16|          0|
    |tmp_989_reg_40970        |  16|   0|   16|          0|
    |tmp_992_reg_40976        |  16|   0|   17|          1|
    |tmp_993_reg_40994        |  16|   0|   16|          0|
    |tmp_996_reg_41017        |  16|   0|   16|          0|
    |tmp_s_reg_41001          |  16|   0|   16|          0|
    +-------------------------+----+----+-----+-----------+
    |Total                    |1056|   0| 1060|          4|
    +-------------------------+----+----+-----+-----------+



================================================================
== Interface
================================================================
* Summary: 
+--------------+-----+-----+------------+-----------------------------------------------------------------------------+--------------+
|   RTL Ports  | Dir | Bits|  Protocol  |                                Source Object                                |    C Type    |
+--------------+-----+-----+------------+-----------------------------------------------------------------------------+--------------+
|ap_clk        |   in|    1|  ap_ctrl_hs|  dense_latency<ap_fixed<16, 6, 5, 3, 0>, ap_fixed<27, 12, 5, 3, 0>, config2>|  return value|
|ap_rst        |   in|    1|  ap_ctrl_hs|  dense_latency<ap_fixed<16, 6, 5, 3, 0>, ap_fixed<27, 12, 5, 3, 0>, config2>|  return value|
|ap_start      |   in|    1|  ap_ctrl_hs|  dense_latency<ap_fixed<16, 6, 5, 3, 0>, ap_fixed<27, 12, 5, 3, 0>, config2>|  return value|
|ap_done       |  out|    1|  ap_ctrl_hs|  dense_latency<ap_fixed<16, 6, 5, 3, 0>, ap_fixed<27, 12, 5, 3, 0>, config2>|  return value|
|ap_idle       |  out|    1|  ap_ctrl_hs|  dense_latency<ap_fixed<16, 6, 5, 3, 0>, ap_fixed<27, 12, 5, 3, 0>, config2>|  return value|
|ap_ready      |  out|    1|  ap_ctrl_hs|  dense_latency<ap_fixed<16, 6, 5, 3, 0>, ap_fixed<27, 12, 5, 3, 0>, config2>|  return value|
|ap_ce         |   in|    1|  ap_ctrl_hs|  dense_latency<ap_fixed<16, 6, 5, 3, 0>, ap_fixed<27, 12, 5, 3, 0>, config2>|  return value|
|ap_return_0   |  out|   27|  ap_ctrl_hs|  dense_latency<ap_fixed<16, 6, 5, 3, 0>, ap_fixed<27, 12, 5, 3, 0>, config2>|  return value|
|ap_return_1   |  out|   27|  ap_ctrl_hs|  dense_latency<ap_fixed<16, 6, 5, 3, 0>, ap_fixed<27, 12, 5, 3, 0>, config2>|  return value|
|ap_return_2   |  out|   27|  ap_ctrl_hs|  dense_latency<ap_fixed<16, 6, 5, 3, 0>, ap_fixed<27, 12, 5, 3, 0>, config2>|  return value|
|ap_return_3   |  out|   27|  ap_ctrl_hs|  dense_latency<ap_fixed<16, 6, 5, 3, 0>, ap_fixed<27, 12, 5, 3, 0>, config2>|  return value|
|ap_return_4   |  out|   27|  ap_ctrl_hs|  dense_latency<ap_fixed<16, 6, 5, 3, 0>, ap_fixed<27, 12, 5, 3, 0>, config2>|  return value|
|ap_return_5   |  out|   27|  ap_ctrl_hs|  dense_latency<ap_fixed<16, 6, 5, 3, 0>, ap_fixed<27, 12, 5, 3, 0>, config2>|  return value|
|ap_return_6   |  out|   27|  ap_ctrl_hs|  dense_latency<ap_fixed<16, 6, 5, 3, 0>, ap_fixed<27, 12, 5, 3, 0>, config2>|  return value|
|ap_return_7   |  out|   27|  ap_ctrl_hs|  dense_latency<ap_fixed<16, 6, 5, 3, 0>, ap_fixed<27, 12, 5, 3, 0>, config2>|  return value|
|ap_return_8   |  out|   27|  ap_ctrl_hs|  dense_latency<ap_fixed<16, 6, 5, 3, 0>, ap_fixed<27, 12, 5, 3, 0>, config2>|  return value|
|ap_return_9   |  out|   27|  ap_ctrl_hs|  dense_latency<ap_fixed<16, 6, 5, 3, 0>, ap_fixed<27, 12, 5, 3, 0>, config2>|  return value|
|ap_return_10  |  out|   27|  ap_ctrl_hs|  dense_latency<ap_fixed<16, 6, 5, 3, 0>, ap_fixed<27, 12, 5, 3, 0>, config2>|  return value|
|ap_return_11  |  out|   27|  ap_ctrl_hs|  dense_latency<ap_fixed<16, 6, 5, 3, 0>, ap_fixed<27, 12, 5, 3, 0>, config2>|  return value|
|ap_return_12  |  out|   27|  ap_ctrl_hs|  dense_latency<ap_fixed<16, 6, 5, 3, 0>, ap_fixed<27, 12, 5, 3, 0>, config2>|  return value|
|ap_return_13  |  out|   27|  ap_ctrl_hs|  dense_latency<ap_fixed<16, 6, 5, 3, 0>, ap_fixed<27, 12, 5, 3, 0>, config2>|  return value|
|ap_return_14  |  out|   27|  ap_ctrl_hs|  dense_latency<ap_fixed<16, 6, 5, 3, 0>, ap_fixed<27, 12, 5, 3, 0>, config2>|  return value|
|ap_return_15  |  out|   27|  ap_ctrl_hs|  dense_latency<ap_fixed<16, 6, 5, 3, 0>, ap_fixed<27, 12, 5, 3, 0>, config2>|  return value|
|ap_return_16  |  out|   27|  ap_ctrl_hs|  dense_latency<ap_fixed<16, 6, 5, 3, 0>, ap_fixed<27, 12, 5, 3, 0>, config2>|  return value|
|ap_return_17  |  out|   27|  ap_ctrl_hs|  dense_latency<ap_fixed<16, 6, 5, 3, 0>, ap_fixed<27, 12, 5, 3, 0>, config2>|  return value|
|ap_return_18  |  out|   27|  ap_ctrl_hs|  dense_latency<ap_fixed<16, 6, 5, 3, 0>, ap_fixed<27, 12, 5, 3, 0>, config2>|  return value|
|ap_return_19  |  out|   27|  ap_ctrl_hs|  dense_latency<ap_fixed<16, 6, 5, 3, 0>, ap_fixed<27, 12, 5, 3, 0>, config2>|  return value|
|ap_return_20  |  out|   27|  ap_ctrl_hs|  dense_latency<ap_fixed<16, 6, 5, 3, 0>, ap_fixed<27, 12, 5, 3, 0>, config2>|  return value|
|ap_return_21  |  out|   27|  ap_ctrl_hs|  dense_latency<ap_fixed<16, 6, 5, 3, 0>, ap_fixed<27, 12, 5, 3, 0>, config2>|  return value|
|ap_return_22  |  out|   27|  ap_ctrl_hs|  dense_latency<ap_fixed<16, 6, 5, 3, 0>, ap_fixed<27, 12, 5, 3, 0>, config2>|  return value|
|ap_return_23  |  out|   27|  ap_ctrl_hs|  dense_latency<ap_fixed<16, 6, 5, 3, 0>, ap_fixed<27, 12, 5, 3, 0>, config2>|  return value|
|ap_return_24  |  out|   27|  ap_ctrl_hs|  dense_latency<ap_fixed<16, 6, 5, 3, 0>, ap_fixed<27, 12, 5, 3, 0>, config2>|  return value|
|ap_return_25  |  out|   27|  ap_ctrl_hs|  dense_latency<ap_fixed<16, 6, 5, 3, 0>, ap_fixed<27, 12, 5, 3, 0>, config2>|  return value|
|ap_return_26  |  out|   27|  ap_ctrl_hs|  dense_latency<ap_fixed<16, 6, 5, 3, 0>, ap_fixed<27, 12, 5, 3, 0>, config2>|  return value|
|ap_return_27  |  out|   27|  ap_ctrl_hs|  dense_latency<ap_fixed<16, 6, 5, 3, 0>, ap_fixed<27, 12, 5, 3, 0>, config2>|  return value|
|ap_return_28  |  out|   27|  ap_ctrl_hs|  dense_latency<ap_fixed<16, 6, 5, 3, 0>, ap_fixed<27, 12, 5, 3, 0>, config2>|  return value|
|ap_return_29  |  out|   27|  ap_ctrl_hs|  dense_latency<ap_fixed<16, 6, 5, 3, 0>, ap_fixed<27, 12, 5, 3, 0>, config2>|  return value|
|ap_return_30  |  out|   27|  ap_ctrl_hs|  dense_latency<ap_fixed<16, 6, 5, 3, 0>, ap_fixed<27, 12, 5, 3, 0>, config2>|  return value|
|ap_return_31  |  out|   27|  ap_ctrl_hs|  dense_latency<ap_fixed<16, 6, 5, 3, 0>, ap_fixed<27, 12, 5, 3, 0>, config2>|  return value|
|ap_return_32  |  out|   27|  ap_ctrl_hs|  dense_latency<ap_fixed<16, 6, 5, 3, 0>, ap_fixed<27, 12, 5, 3, 0>, config2>|  return value|
|ap_return_33  |  out|   27|  ap_ctrl_hs|  dense_latency<ap_fixed<16, 6, 5, 3, 0>, ap_fixed<27, 12, 5, 3, 0>, config2>|  return value|
|ap_return_34  |  out|   27|  ap_ctrl_hs|  dense_latency<ap_fixed<16, 6, 5, 3, 0>, ap_fixed<27, 12, 5, 3, 0>, config2>|  return value|
|ap_return_35  |  out|   27|  ap_ctrl_hs|  dense_latency<ap_fixed<16, 6, 5, 3, 0>, ap_fixed<27, 12, 5, 3, 0>, config2>|  return value|
|ap_return_36  |  out|   27|  ap_ctrl_hs|  dense_latency<ap_fixed<16, 6, 5, 3, 0>, ap_fixed<27, 12, 5, 3, 0>, config2>|  return value|
|ap_return_37  |  out|   27|  ap_ctrl_hs|  dense_latency<ap_fixed<16, 6, 5, 3, 0>, ap_fixed<27, 12, 5, 3, 0>, config2>|  return value|
|ap_return_38  |  out|   27|  ap_ctrl_hs|  dense_latency<ap_fixed<16, 6, 5, 3, 0>, ap_fixed<27, 12, 5, 3, 0>, config2>|  return value|
|ap_return_39  |  out|   27|  ap_ctrl_hs|  dense_latency<ap_fixed<16, 6, 5, 3, 0>, ap_fixed<27, 12, 5, 3, 0>, config2>|  return value|
|ap_return_40  |  out|   27|  ap_ctrl_hs|  dense_latency<ap_fixed<16, 6, 5, 3, 0>, ap_fixed<27, 12, 5, 3, 0>, config2>|  return value|
|ap_return_41  |  out|   27|  ap_ctrl_hs|  dense_latency<ap_fixed<16, 6, 5, 3, 0>, ap_fixed<27, 12, 5, 3, 0>, config2>|  return value|
|ap_return_42  |  out|   27|  ap_ctrl_hs|  dense_latency<ap_fixed<16, 6, 5, 3, 0>, ap_fixed<27, 12, 5, 3, 0>, config2>|  return value|
|ap_return_43  |  out|   27|  ap_ctrl_hs|  dense_latency<ap_fixed<16, 6, 5, 3, 0>, ap_fixed<27, 12, 5, 3, 0>, config2>|  return value|
|ap_return_44  |  out|   27|  ap_ctrl_hs|  dense_latency<ap_fixed<16, 6, 5, 3, 0>, ap_fixed<27, 12, 5, 3, 0>, config2>|  return value|
|ap_return_45  |  out|   27|  ap_ctrl_hs|  dense_latency<ap_fixed<16, 6, 5, 3, 0>, ap_fixed<27, 12, 5, 3, 0>, config2>|  return value|
|ap_return_46  |  out|   27|  ap_ctrl_hs|  dense_latency<ap_fixed<16, 6, 5, 3, 0>, ap_fixed<27, 12, 5, 3, 0>, config2>|  return value|
|ap_return_47  |  out|   27|  ap_ctrl_hs|  dense_latency<ap_fixed<16, 6, 5, 3, 0>, ap_fixed<27, 12, 5, 3, 0>, config2>|  return value|
|ap_return_48  |  out|   27|  ap_ctrl_hs|  dense_latency<ap_fixed<16, 6, 5, 3, 0>, ap_fixed<27, 12, 5, 3, 0>, config2>|  return value|
|ap_return_49  |  out|   27|  ap_ctrl_hs|  dense_latency<ap_fixed<16, 6, 5, 3, 0>, ap_fixed<27, 12, 5, 3, 0>, config2>|  return value|
|ap_return_50  |  out|   27|  ap_ctrl_hs|  dense_latency<ap_fixed<16, 6, 5, 3, 0>, ap_fixed<27, 12, 5, 3, 0>, config2>|  return value|
|ap_return_51  |  out|   27|  ap_ctrl_hs|  dense_latency<ap_fixed<16, 6, 5, 3, 0>, ap_fixed<27, 12, 5, 3, 0>, config2>|  return value|
|ap_return_52  |  out|   27|  ap_ctrl_hs|  dense_latency<ap_fixed<16, 6, 5, 3, 0>, ap_fixed<27, 12, 5, 3, 0>, config2>|  return value|
|ap_return_53  |  out|   27|  ap_ctrl_hs|  dense_latency<ap_fixed<16, 6, 5, 3, 0>, ap_fixed<27, 12, 5, 3, 0>, config2>|  return value|
|ap_return_54  |  out|   27|  ap_ctrl_hs|  dense_latency<ap_fixed<16, 6, 5, 3, 0>, ap_fixed<27, 12, 5, 3, 0>, config2>|  return value|
|ap_return_55  |  out|   27|  ap_ctrl_hs|  dense_latency<ap_fixed<16, 6, 5, 3, 0>, ap_fixed<27, 12, 5, 3, 0>, config2>|  return value|
|ap_return_56  |  out|   27|  ap_ctrl_hs|  dense_latency<ap_fixed<16, 6, 5, 3, 0>, ap_fixed<27, 12, 5, 3, 0>, config2>|  return value|
|ap_return_57  |  out|   27|  ap_ctrl_hs|  dense_latency<ap_fixed<16, 6, 5, 3, 0>, ap_fixed<27, 12, 5, 3, 0>, config2>|  return value|
|ap_return_58  |  out|   27|  ap_ctrl_hs|  dense_latency<ap_fixed<16, 6, 5, 3, 0>, ap_fixed<27, 12, 5, 3, 0>, config2>|  return value|
|ap_return_59  |  out|   27|  ap_ctrl_hs|  dense_latency<ap_fixed<16, 6, 5, 3, 0>, ap_fixed<27, 12, 5, 3, 0>, config2>|  return value|
|ap_return_60  |  out|   27|  ap_ctrl_hs|  dense_latency<ap_fixed<16, 6, 5, 3, 0>, ap_fixed<27, 12, 5, 3, 0>, config2>|  return value|
|ap_return_61  |  out|   27|  ap_ctrl_hs|  dense_latency<ap_fixed<16, 6, 5, 3, 0>, ap_fixed<27, 12, 5, 3, 0>, config2>|  return value|
|ap_return_62  |  out|   27|  ap_ctrl_hs|  dense_latency<ap_fixed<16, 6, 5, 3, 0>, ap_fixed<27, 12, 5, 3, 0>, config2>|  return value|
|empty         |   in|  256|     ap_none|                                                                        empty|        scalar|
+--------------+-----+-----+------------+-----------------------------------------------------------------------------+--------------+

