

================================================================
== Vitis HLS Report for 'myproject'
================================================================
* Date:           Fri Oct 17 11:03:54 2025

* Version:        2023.2 (Build 4023990 on Oct 11 2023)
* Project:        myproject_prj
* Solution:       solution1 (Vivado IP Flow Target)
* Product family: virtexuplus
* Target device:  xcu250-figd2104-2L-e


================================================================
== Performance Estimates
================================================================
+ Timing: 
    * Summary: 
    +--------+---------+----------+------------+
    |  Clock |  Target | Estimated| Uncertainty|
    +--------+---------+----------+------------+
    |ap_clk  |  5.00 ns|  3.647 ns|     1.35 ns|
    +--------+---------+----------+------------+

+ Latency: 
    * Summary: 
    +---------+---------+-----------+-----------+-----+-----+---------+
    |  Latency (cycles) |   Latency (absolute)  |  Interval | Pipeline|
    |   min   |   max   |    min    |    max    | min | max |   Type  |
    +---------+---------+-----------+-----------+-----+-----+---------+
    |       14|       14|  70.000 ns|  70.000 ns|    1|    1|      yes|
    +---------+---------+-----------+-----------+-----+-----+---------+

    + Detail: 
        * Instance: 
        +-------------------------------------------------------------------------------+------------------------------------------------------------------+---------+---------+-----------+-----------+-----+-----+---------+
        |                                                                               |                                                                  |  Latency (cycles) |   Latency (absolute)  |  Interval | Pipeline|
        |                                    Instance                                   |                              Module                              |   min   |   max   |    min    |    max    | min | max |   Type  |
        +-------------------------------------------------------------------------------+------------------------------------------------------------------+---------+---------+-----------+-----------+-----+-----+---------+
        |grp_dense_latency_ap_fixed_16_6_5_3_0_ap_fixed_27_12_5_3_0_config2_s_fu_95     |dense_latency_ap_fixed_16_6_5_3_0_ap_fixed_27_12_5_3_0_config2_s  |        1|        1|   5.000 ns|   5.000 ns|    1|    1|      yes|
        |call_ret2_relu_ap_fixed_27_12_5_3_0_ap_ufixed_6_0_4_0_0_relu_config4_s_fu_101  |relu_ap_fixed_27_12_5_3_0_ap_ufixed_6_0_4_0_0_relu_config4_s      |        0|        0|       0 ns|       0 ns|    1|    1|      yes|
        |grp_dense_latency_ap_ufixed_6_0_4_0_0_ap_fixed_19_8_5_3_0_config5_s_fu_168     |dense_latency_ap_ufixed_6_0_4_0_0_ap_fixed_19_8_5_3_0_config5_s   |        1|        1|   5.000 ns|   5.000 ns|    1|    1|      yes|
        |call_ret4_relu_ap_fixed_19_8_5_3_0_ap_ufixed_6_0_4_0_0_relu_config7_s_fu_235   |relu_ap_fixed_19_8_5_3_0_ap_ufixed_6_0_4_0_0_relu_config7_s       |        0|        0|       0 ns|       0 ns|    1|    1|      yes|
        |grp_dense_latency_ap_ufixed_6_0_4_0_0_ap_fixed_18_7_5_3_0_config8_s_fu_270     |dense_latency_ap_ufixed_6_0_4_0_0_ap_fixed_18_7_5_3_0_config8_s   |        1|        1|   5.000 ns|   5.000 ns|    1|    1|      yes|
        |call_ret6_relu_ap_fixed_18_7_5_3_0_ap_ufixed_6_0_4_0_0_relu_config10_s_fu_305  |relu_ap_fixed_18_7_5_3_0_ap_ufixed_6_0_4_0_0_relu_config10_s      |        0|        0|       0 ns|       0 ns|    1|    1|      yes|
        |grp_dense_latency_ap_ufixed_6_0_4_0_0_ap_fixed_18_7_5_3_0_config11_s_fu_336    |dense_latency_ap_ufixed_6_0_4_0_0_ap_fixed_18_7_5_3_0_config11_s  |        1|        1|   5.000 ns|   5.000 ns|    1|    1|      yes|
        |grp_softmax_stable_ap_fixed_ap_fixed_16_6_5_3_0_softmax_config13_s_fu_367      |softmax_stable_ap_fixed_ap_fixed_16_6_5_3_0_softmax_config13_s    |        4|        4|  20.000 ns|  20.000 ns|    1|    1|      yes|
        +-------------------------------------------------------------------------------+------------------------------------------------------------------+---------+---------+-----------+-----------+-----+-----+---------+

        * Loop: 
        N/A



================================================================
== Utilization Estimates
================================================================
* Summary: 
+---------------------+---------+-------+---------+---------+------+
|         Name        | BRAM_18K|  DSP  |    FF   |   LUT   | URAM |
+---------------------+---------+-------+---------+---------+------+
|DSP                  |        -|      -|        -|        -|     -|
|Expression           |        -|      -|        0|       14|     -|
|FIFO                 |        -|      -|        -|        -|     -|
|Instance             |        8|     42|     5136|    51533|     -|
|Memory               |        -|      -|        -|        -|     -|
|Multiplexer          |        -|      -|        -|       36|     -|
|Register             |        -|      -|     3775|        -|     -|
+---------------------+---------+-------+---------+---------+------+
|Total                |        8|     42|     8911|    51583|     0|
+---------------------+---------+-------+---------+---------+------+
|Available SLR        |     1344|   3072|   864000|   432000|   320|
+---------------------+---------+-------+---------+---------+------+
|Utilization SLR (%)  |       ~0|      1|        1|       11|     0|
+---------------------+---------+-------+---------+---------+------+
|Available            |     5376|  12288|  3456000|  1728000|  1280|
+---------------------+---------+-------+---------+---------+------+
|Utilization (%)      |       ~0|     ~0|       ~0|        2|     0|
+---------------------+---------+-------+---------+---------+------+

+ Detail: 
    * Instance: 
    +-------------------------------------------------------------------------------+------------------------------------------------------------------+---------+----+------+-------+-----+
    |                                    Instance                                   |                              Module                              | BRAM_18K| DSP|  FF  |  LUT  | URAM|
    +-------------------------------------------------------------------------------+------------------------------------------------------------------+---------+----+------+-------+-----+
    |grp_dense_latency_ap_fixed_16_6_5_3_0_ap_fixed_27_12_5_3_0_config2_s_fu_95     |dense_latency_ap_fixed_16_6_5_3_0_ap_fixed_27_12_5_3_0_config2_s  |        0|  37|  2235|   9857|    0|
    |grp_dense_latency_ap_ufixed_6_0_4_0_0_ap_fixed_18_7_5_3_0_config11_s_fu_336    |dense_latency_ap_ufixed_6_0_4_0_0_ap_fixed_18_7_5_3_0_config11_s  |        0|   0|   216|   1584|    0|
    |grp_dense_latency_ap_ufixed_6_0_4_0_0_ap_fixed_18_7_5_3_0_config8_s_fu_270     |dense_latency_ap_ufixed_6_0_4_0_0_ap_fixed_18_7_5_3_0_config8_s   |        0|   0|  1038|   8237|    0|
    |grp_dense_latency_ap_ufixed_6_0_4_0_0_ap_fixed_19_8_5_3_0_config5_s_fu_168     |dense_latency_ap_ufixed_6_0_4_0_0_ap_fixed_19_8_5_3_0_config5_s   |        0|   0|  1370|  13981|    0|
    |call_ret6_relu_ap_fixed_18_7_5_3_0_ap_ufixed_6_0_4_0_0_relu_config10_s_fu_305  |relu_ap_fixed_18_7_5_3_0_ap_ufixed_6_0_4_0_0_relu_config10_s      |        0|   0|     0|   3537|    0|
    |call_ret4_relu_ap_fixed_19_8_5_3_0_ap_ufixed_6_0_4_0_0_relu_config7_s_fu_235   |relu_ap_fixed_19_8_5_3_0_ap_ufixed_6_0_4_0_0_relu_config7_s       |        0|   0|     0|   4154|    0|
    |call_ret2_relu_ap_fixed_27_12_5_3_0_ap_ufixed_6_0_4_0_0_relu_config4_s_fu_101  |relu_ap_fixed_27_12_5_3_0_ap_ufixed_6_0_4_0_0_relu_config4_s      |        0|   0|     0|   9639|    0|
    |grp_softmax_stable_ap_fixed_ap_fixed_16_6_5_3_0_softmax_config13_s_fu_367      |softmax_stable_ap_fixed_ap_fixed_16_6_5_3_0_softmax_config13_s    |        8|   5|   277|    544|    0|
    +-------------------------------------------------------------------------------+------------------------------------------------------------------+---------+----+------+-------+-----+
    |Total                                                                          |                                                                  |        8|  42|  5136|  51533|    0|
    +-------------------------------------------------------------------------------+------------------------------------------------------------------+---------+----+------+-------+-----+

    * DSP: 
    N/A

    * Memory: 
    N/A

    * FIFO: 
    N/A

    * Expression: 
    +-------------------------------------------+----------+----+---+----+------------+------------+
    |               Variable Name               | Operation| DSP| FF| LUT| Bitwidth P0| Bitwidth P1|
    +-------------------------------------------+----------+----+---+----+------------+------------+
    |ap_block_pp0_stage0_01001                  |       and|   0|  0|   2|           1|           1|
    |ap_block_pp0_stage0_11001_ignoreCallOp146  |       and|   0|  0|   2|           1|           1|
    |ap_block_pp0_stage0_11001_ignoreCallOp17   |       and|   0|  0|   2|           1|           1|
    |ap_block_pp0_stage0_11001_ignoreCallOp211  |       and|   0|  0|   2|           1|           1|
    |ap_block_pp0_stage0_11001_ignoreCallOp268  |       and|   0|  0|   2|           1|           1|
    |ap_block_pp0_stage0_11001_ignoreCallOp275  |       and|   0|  0|   2|           1|           1|
    |ap_enable_pp0                              |       xor|   0|  0|   2|           1|           2|
    +-------------------------------------------+----------+----+---+----+------------+------------+
    |Total                                      |          |   0|  0|  14|           7|           8|
    +-------------------------------------------+----------+----+---+----+------------+------------+

    * Multiplexer: 
    +-------------------------+----+-----------+-----+-----------+
    |           Name          | LUT| Input Size| Bits| Total Bits|
    +-------------------------+----+-----------+-----+-----------+
    |fc1_input_ap_vld_in_sig  |   9|          2|    1|          2|
    |fc1_input_ap_vld_preg    |   9|          2|    1|          2|
    |fc1_input_blk_n          |   9|          2|    1|          2|
    |fc1_input_in_sig         |   9|          2|  256|        512|
    +-------------------------+----+-----------+-----+-----------+
    |Total                    |  36|          8|  259|        518|
    +-------------------------+----+-----------+-----+-----------+

    * Register: 
    +----------------------------------------------------------------------------------------+-----+----+-----+-----------+
    |                                          Name                                          |  FF | LUT| Bits| Const Bits|
    +----------------------------------------------------------------------------------------+-----+----+-----+-----------+
    |ap_CS_fsm                                                                               |    1|   0|    1|          0|
    |ap_enable_reg_pp0_iter1                                                                 |    1|   0|    1|          0|
    |ap_enable_reg_pp0_iter10                                                                |    1|   0|    1|          0|
    |ap_enable_reg_pp0_iter11                                                                |    1|   0|    1|          0|
    |ap_enable_reg_pp0_iter12                                                                |    1|   0|    1|          0|
    |ap_enable_reg_pp0_iter13                                                                |    1|   0|    1|          0|
    |ap_enable_reg_pp0_iter14                                                                |    1|   0|    1|          0|
    |ap_enable_reg_pp0_iter2                                                                 |    1|   0|    1|          0|
    |ap_enable_reg_pp0_iter3                                                                 |    1|   0|    1|          0|
    |ap_enable_reg_pp0_iter4                                                                 |    1|   0|    1|          0|
    |ap_enable_reg_pp0_iter5                                                                 |    1|   0|    1|          0|
    |ap_enable_reg_pp0_iter6                                                                 |    1|   0|    1|          0|
    |ap_enable_reg_pp0_iter7                                                                 |    1|   0|    1|          0|
    |ap_enable_reg_pp0_iter8                                                                 |    1|   0|    1|          0|
    |ap_enable_reg_pp0_iter9                                                                 |    1|   0|    1|          0|
    |fc1_input_ap_vld_preg                                                                   |    1|   0|    1|          0|
    |fc1_input_preg                                                                          |  256|   0|  256|          0|
    |grp_softmax_stable_ap_fixed_ap_fixed_16_6_5_3_0_softmax_config13_s_fu_367_ap_start_reg  |    1|   0|    1|          0|
    |layer10_out_10_reg_2528                                                                 |    6|   0|    6|          0|
    |layer10_out_11_reg_2533                                                                 |    6|   0|    6|          0|
    |layer10_out_12_reg_2538                                                                 |    6|   0|    6|          0|
    |layer10_out_13_reg_2543                                                                 |    6|   0|    6|          0|
    |layer10_out_14_reg_2548                                                                 |    6|   0|    6|          0|
    |layer10_out_15_reg_2553                                                                 |    6|   0|    6|          0|
    |layer10_out_16_reg_2558                                                                 |    6|   0|    6|          0|
    |layer10_out_17_reg_2563                                                                 |    6|   0|    6|          0|
    |layer10_out_18_reg_2568                                                                 |    6|   0|    6|          0|
    |layer10_out_19_reg_2573                                                                 |    6|   0|    6|          0|
    |layer10_out_1_reg_2478                                                                  |    6|   0|    6|          0|
    |layer10_out_20_reg_2578                                                                 |    6|   0|    6|          0|
    |layer10_out_21_reg_2583                                                                 |    6|   0|    6|          0|
    |layer10_out_22_reg_2588                                                                 |    6|   0|    6|          0|
    |layer10_out_23_reg_2593                                                                 |    6|   0|    6|          0|
    |layer10_out_24_reg_2598                                                                 |    6|   0|    6|          0|
    |layer10_out_25_reg_2603                                                                 |    6|   0|    6|          0|
    |layer10_out_26_reg_2523                                                                 |    6|   0|    6|          0|
    |layer10_out_2_reg_2483                                                                  |    6|   0|    6|          0|
    |layer10_out_3_reg_2488                                                                  |    6|   0|    6|          0|
    |layer10_out_4_reg_2493                                                                  |    6|   0|    6|          0|
    |layer10_out_5_reg_2498                                                                  |    6|   0|    6|          0|
    |layer10_out_6_reg_2503                                                                  |    6|   0|    6|          0|
    |layer10_out_7_reg_2508                                                                  |    6|   0|    6|          0|
    |layer10_out_8_reg_2513                                                                  |    6|   0|    6|          0|
    |layer10_out_9_reg_2518                                                                  |    6|   0|    6|          0|
    |layer10_out_reg_2473                                                                    |    6|   0|    6|          0|
    |layer2_out_10_reg_1453                                                                  |   27|   0|   27|          0|
    |layer2_out_11_reg_1458                                                                  |   27|   0|   27|          0|
    |layer2_out_12_reg_1463                                                                  |   27|   0|   27|          0|
    |layer2_out_13_reg_1468                                                                  |   27|   0|   27|          0|
    |layer2_out_14_reg_1473                                                                  |   27|   0|   27|          0|
    |layer2_out_15_reg_1478                                                                  |   27|   0|   27|          0|
    |layer2_out_16_reg_1483                                                                  |   27|   0|   27|          0|
    |layer2_out_17_reg_1488                                                                  |   27|   0|   27|          0|
    |layer2_out_18_reg_1493                                                                  |   27|   0|   27|          0|
    |layer2_out_19_reg_1498                                                                  |   27|   0|   27|          0|
    |layer2_out_1_reg_1403                                                                   |   27|   0|   27|          0|
    |layer2_out_20_reg_1503                                                                  |   27|   0|   27|          0|
    |layer2_out_21_reg_1508                                                                  |   27|   0|   27|          0|
    |layer2_out_22_reg_1513                                                                  |   27|   0|   27|          0|
    |layer2_out_23_reg_1518                                                                  |   27|   0|   27|          0|
    |layer2_out_24_reg_1523                                                                  |   27|   0|   27|          0|
    |layer2_out_25_reg_1528                                                                  |   27|   0|   27|          0|
    |layer2_out_26_reg_1533                                                                  |   27|   0|   27|          0|
    |layer2_out_27_reg_1538                                                                  |   27|   0|   27|          0|
    |layer2_out_28_reg_1543                                                                  |   27|   0|   27|          0|
    |layer2_out_29_reg_1548                                                                  |   27|   0|   27|          0|
    |layer2_out_2_reg_1408                                                                   |   27|   0|   27|          0|
    |layer2_out_30_reg_1553                                                                  |   27|   0|   27|          0|
    |layer2_out_31_reg_1558                                                                  |   27|   0|   27|          0|
    |layer2_out_32_reg_1563                                                                  |   27|   0|   27|          0|
    |layer2_out_33_reg_1568                                                                  |   27|   0|   27|          0|
    |layer2_out_34_reg_1573                                                                  |   27|   0|   27|          0|
    |layer2_out_35_reg_1578                                                                  |   27|   0|   27|          0|
    |layer2_out_36_reg_1583                                                                  |   27|   0|   27|          0|
    |layer2_out_37_reg_1588                                                                  |   27|   0|   27|          0|
    |layer2_out_38_reg_1593                                                                  |   27|   0|   27|          0|
    |layer2_out_39_reg_1598                                                                  |   27|   0|   27|          0|
    |layer2_out_3_reg_1413                                                                   |   27|   0|   27|          0|
    |layer2_out_40_reg_1603                                                                  |   27|   0|   27|          0|
    |layer2_out_41_reg_1608                                                                  |   27|   0|   27|          0|
    |layer2_out_42_reg_1613                                                                  |   27|   0|   27|          0|
    |layer2_out_43_reg_1618                                                                  |   27|   0|   27|          0|
    |layer2_out_44_reg_1623                                                                  |   27|   0|   27|          0|
    |layer2_out_45_reg_1628                                                                  |   27|   0|   27|          0|
    |layer2_out_46_reg_1633                                                                  |   27|   0|   27|          0|
    |layer2_out_47_reg_1638                                                                  |   27|   0|   27|          0|
    |layer2_out_48_reg_1643                                                                  |   27|   0|   27|          0|
    |layer2_out_49_reg_1648                                                                  |   27|   0|   27|          0|
    |layer2_out_4_reg_1418                                                                   |   27|   0|   27|          0|
    |layer2_out_50_reg_1653                                                                  |   27|   0|   27|          0|
    |layer2_out_51_reg_1658                                                                  |   27|   0|   27|          0|
    |layer2_out_52_reg_1663                                                                  |   27|   0|   27|          0|
    |layer2_out_53_reg_1668                                                                  |   27|   0|   27|          0|
    |layer2_out_54_reg_1673                                                                  |   27|   0|   27|          0|
    |layer2_out_55_reg_1678                                                                  |   27|   0|   27|          0|
    |layer2_out_56_reg_1683                                                                  |   27|   0|   27|          0|
    |layer2_out_57_reg_1688                                                                  |   27|   0|   27|          0|
    |layer2_out_58_reg_1693                                                                  |   27|   0|   27|          0|
    |layer2_out_59_reg_1698                                                                  |   27|   0|   27|          0|
    |layer2_out_5_reg_1423                                                                   |   27|   0|   27|          0|
    |layer2_out_60_reg_1703                                                                  |   27|   0|   27|          0|
    |layer2_out_61_reg_1708                                                                  |   27|   0|   27|          0|
    |layer2_out_62_reg_1448                                                                  |   27|   0|   27|          0|
    |layer2_out_6_reg_1428                                                                   |   27|   0|   27|          0|
    |layer2_out_7_reg_1433                                                                   |   27|   0|   27|          0|
    |layer2_out_8_reg_1438                                                                   |   27|   0|   27|          0|
    |layer2_out_9_reg_1443                                                                   |   27|   0|   27|          0|
    |layer2_out_reg_1398                                                                     |   27|   0|   27|          0|
    |layer4_out_10_reg_1768                                                                  |    6|   0|    6|          0|
    |layer4_out_11_reg_1773                                                                  |    6|   0|    6|          0|
    |layer4_out_12_reg_1778                                                                  |    6|   0|    6|          0|
    |layer4_out_13_reg_1783                                                                  |    6|   0|    6|          0|
    |layer4_out_14_reg_1788                                                                  |    6|   0|    6|          0|
    |layer4_out_15_reg_1793                                                                  |    6|   0|    6|          0|
    |layer4_out_16_reg_1798                                                                  |    6|   0|    6|          0|
    |layer4_out_17_reg_1803                                                                  |    6|   0|    6|          0|
    |layer4_out_18_reg_1808                                                                  |    6|   0|    6|          0|
    |layer4_out_19_reg_1813                                                                  |    6|   0|    6|          0|
    |layer4_out_1_reg_1718                                                                   |    6|   0|    6|          0|
    |layer4_out_20_reg_1818                                                                  |    6|   0|    6|          0|
    |layer4_out_21_reg_1823                                                                  |    6|   0|    6|          0|
    |layer4_out_22_reg_1828                                                                  |    6|   0|    6|          0|
    |layer4_out_23_reg_1833                                                                  |    6|   0|    6|          0|
    |layer4_out_24_reg_1838                                                                  |    6|   0|    6|          0|
    |layer4_out_25_reg_1843                                                                  |    6|   0|    6|          0|
    |layer4_out_26_reg_1848                                                                  |    6|   0|    6|          0|
    |layer4_out_27_reg_1853                                                                  |    6|   0|    6|          0|
    |layer4_out_28_reg_1858                                                                  |    6|   0|    6|          0|
    |layer4_out_29_reg_1863                                                                  |    6|   0|    6|          0|
    |layer4_out_2_reg_1723                                                                   |    6|   0|    6|          0|
    |layer4_out_30_reg_1868                                                                  |    6|   0|    6|          0|
    |layer4_out_31_reg_1873                                                                  |    6|   0|    6|          0|
    |layer4_out_32_reg_1878                                                                  |    6|   0|    6|          0|
    |layer4_out_33_reg_1883                                                                  |    6|   0|    6|          0|
    |layer4_out_34_reg_1888                                                                  |    6|   0|    6|          0|
    |layer4_out_35_reg_1893                                                                  |    6|   0|    6|          0|
    |layer4_out_36_reg_1898                                                                  |    6|   0|    6|          0|
    |layer4_out_37_reg_1903                                                                  |    6|   0|    6|          0|
    |layer4_out_38_reg_1908                                                                  |    6|   0|    6|          0|
    |layer4_out_39_reg_1913                                                                  |    6|   0|    6|          0|
    |layer4_out_3_reg_1728                                                                   |    6|   0|    6|          0|
    |layer4_out_40_reg_1918                                                                  |    6|   0|    6|          0|
    |layer4_out_41_reg_1923                                                                  |    6|   0|    6|          0|
    |layer4_out_42_reg_1928                                                                  |    6|   0|    6|          0|
    |layer4_out_43_reg_1933                                                                  |    6|   0|    6|          0|
    |layer4_out_44_reg_1938                                                                  |    6|   0|    6|          0|
    |layer4_out_45_reg_1943                                                                  |    6|   0|    6|          0|
    |layer4_out_46_reg_1948                                                                  |    6|   0|    6|          0|
    |layer4_out_47_reg_1953                                                                  |    6|   0|    6|          0|
    |layer4_out_48_reg_1958                                                                  |    6|   0|    6|          0|
    |layer4_out_49_reg_1963                                                                  |    6|   0|    6|          0|
    |layer4_out_4_reg_1733                                                                   |    6|   0|    6|          0|
    |layer4_out_50_reg_1968                                                                  |    6|   0|    6|          0|
    |layer4_out_51_reg_1973                                                                  |    6|   0|    6|          0|
    |layer4_out_52_reg_1978                                                                  |    6|   0|    6|          0|
    |layer4_out_53_reg_1983                                                                  |    6|   0|    6|          0|
    |layer4_out_54_reg_1988                                                                  |    6|   0|    6|          0|
    |layer4_out_55_reg_1993                                                                  |    6|   0|    6|          0|
    |layer4_out_56_reg_1998                                                                  |    6|   0|    6|          0|
    |layer4_out_57_reg_2003                                                                  |    6|   0|    6|          0|
    |layer4_out_58_reg_2008                                                                  |    6|   0|    6|          0|
    |layer4_out_59_reg_2013                                                                  |    6|   0|    6|          0|
    |layer4_out_5_reg_1738                                                                   |    6|   0|    6|          0|
    |layer4_out_60_reg_2018                                                                  |    6|   0|    6|          0|
    |layer4_out_61_reg_2023                                                                  |    6|   0|    6|          0|
    |layer4_out_62_reg_1763                                                                  |    6|   0|    6|          0|
    |layer4_out_6_reg_1743                                                                   |    6|   0|    6|          0|
    |layer4_out_7_reg_1748                                                                   |    6|   0|    6|          0|
    |layer4_out_8_reg_1753                                                                   |    6|   0|    6|          0|
    |layer4_out_9_reg_1758                                                                   |    6|   0|    6|          0|
    |layer4_out_reg_1713                                                                     |    6|   0|    6|          0|
    |layer5_out_10_reg_2083                                                                  |   19|   0|   19|          0|
    |layer5_out_11_reg_2088                                                                  |   19|   0|   19|          0|
    |layer5_out_12_reg_2093                                                                  |   19|   0|   19|          0|
    |layer5_out_13_reg_2098                                                                  |   19|   0|   19|          0|
    |layer5_out_14_reg_2103                                                                  |   19|   0|   19|          0|
    |layer5_out_15_reg_2108                                                                  |   19|   0|   19|          0|
    |layer5_out_16_reg_2113                                                                  |   19|   0|   19|          0|
    |layer5_out_17_reg_2118                                                                  |   19|   0|   19|          0|
    |layer5_out_18_reg_2123                                                                  |   19|   0|   19|          0|
    |layer5_out_19_reg_2128                                                                  |   19|   0|   19|          0|
    |layer5_out_1_reg_2033                                                                   |   19|   0|   19|          0|
    |layer5_out_20_reg_2133                                                                  |   19|   0|   19|          0|
    |layer5_out_21_reg_2138                                                                  |   19|   0|   19|          0|
    |layer5_out_22_reg_2143                                                                  |   19|   0|   19|          0|
    |layer5_out_23_reg_2148                                                                  |   19|   0|   19|          0|
    |layer5_out_24_reg_2153                                                                  |   19|   0|   19|          0|
    |layer5_out_25_reg_2158                                                                  |   19|   0|   19|          0|
    |layer5_out_26_reg_2163                                                                  |   19|   0|   19|          0|
    |layer5_out_27_reg_2168                                                                  |   19|   0|   19|          0|
    |layer5_out_28_reg_2173                                                                  |   19|   0|   19|          0|
    |layer5_out_29_reg_2178                                                                  |   19|   0|   19|          0|
    |layer5_out_2_reg_2038                                                                   |   19|   0|   19|          0|
    |layer5_out_30_reg_2078                                                                  |   19|   0|   19|          0|
    |layer5_out_3_reg_2043                                                                   |   19|   0|   19|          0|
    |layer5_out_4_reg_2048                                                                   |   19|   0|   19|          0|
    |layer5_out_5_reg_2053                                                                   |   19|   0|   19|          0|
    |layer5_out_6_reg_2058                                                                   |   19|   0|   19|          0|
    |layer5_out_7_reg_2063                                                                   |   19|   0|   19|          0|
    |layer5_out_8_reg_2068                                                                   |   19|   0|   19|          0|
    |layer5_out_9_reg_2073                                                                   |   19|   0|   19|          0|
    |layer5_out_reg_2028                                                                     |   19|   0|   19|          0|
    |layer7_out_10_reg_2238                                                                  |    6|   0|    6|          0|
    |layer7_out_11_reg_2243                                                                  |    6|   0|    6|          0|
    |layer7_out_12_reg_2248                                                                  |    6|   0|    6|          0|
    |layer7_out_13_reg_2253                                                                  |    6|   0|    6|          0|
    |layer7_out_14_reg_2258                                                                  |    6|   0|    6|          0|
    |layer7_out_15_reg_2263                                                                  |    6|   0|    6|          0|
    |layer7_out_16_reg_2268                                                                  |    6|   0|    6|          0|
    |layer7_out_17_reg_2273                                                                  |    6|   0|    6|          0|
    |layer7_out_18_reg_2278                                                                  |    6|   0|    6|          0|
    |layer7_out_19_reg_2283                                                                  |    6|   0|    6|          0|
    |layer7_out_1_reg_2188                                                                   |    6|   0|    6|          0|
    |layer7_out_20_reg_2288                                                                  |    6|   0|    6|          0|
    |layer7_out_21_reg_2293                                                                  |    6|   0|    6|          0|
    |layer7_out_22_reg_2298                                                                  |    6|   0|    6|          0|
    |layer7_out_23_reg_2303                                                                  |    6|   0|    6|          0|
    |layer7_out_24_reg_2308                                                                  |    6|   0|    6|          0|
    |layer7_out_25_reg_2313                                                                  |    6|   0|    6|          0|
    |layer7_out_26_reg_2318                                                                  |    6|   0|    6|          0|
    |layer7_out_27_reg_2323                                                                  |    6|   0|    6|          0|
    |layer7_out_28_reg_2328                                                                  |    6|   0|    6|          0|
    |layer7_out_29_reg_2333                                                                  |    6|   0|    6|          0|
    |layer7_out_2_reg_2193                                                                   |    6|   0|    6|          0|
    |layer7_out_30_reg_2233                                                                  |    6|   0|    6|          0|
    |layer7_out_3_reg_2198                                                                   |    6|   0|    6|          0|
    |layer7_out_4_reg_2203                                                                   |    6|   0|    6|          0|
    |layer7_out_5_reg_2208                                                                   |    6|   0|    6|          0|
    |layer7_out_6_reg_2213                                                                   |    6|   0|    6|          0|
    |layer7_out_7_reg_2218                                                                   |    6|   0|    6|          0|
    |layer7_out_8_reg_2223                                                                   |    6|   0|    6|          0|
    |layer7_out_9_reg_2228                                                                   |    6|   0|    6|          0|
    |layer7_out_reg_2183                                                                     |    6|   0|    6|          0|
    |layer8_out_10_reg_2393                                                                  |   18|   0|   18|          0|
    |layer8_out_11_reg_2398                                                                  |   18|   0|   18|          0|
    |layer8_out_12_reg_2403                                                                  |   18|   0|   18|          0|
    |layer8_out_13_reg_2408                                                                  |   18|   0|   18|          0|
    |layer8_out_14_reg_2413                                                                  |   18|   0|   18|          0|
    |layer8_out_15_reg_2418                                                                  |   18|   0|   18|          0|
    |layer8_out_16_reg_2423                                                                  |   18|   0|   18|          0|
    |layer8_out_17_reg_2428                                                                  |   18|   0|   18|          0|
    |layer8_out_18_reg_2433                                                                  |   18|   0|   18|          0|
    |layer8_out_19_reg_2438                                                                  |   18|   0|   18|          0|
    |layer8_out_1_reg_2343                                                                   |   18|   0|   18|          0|
    |layer8_out_20_reg_2443                                                                  |   18|   0|   18|          0|
    |layer8_out_21_reg_2448                                                                  |   18|   0|   18|          0|
    |layer8_out_22_reg_2453                                                                  |   18|   0|   18|          0|
    |layer8_out_23_reg_2458                                                                  |   18|   0|   18|          0|
    |layer8_out_24_reg_2463                                                                  |   18|   0|   18|          0|
    |layer8_out_25_reg_2468                                                                  |   18|   0|   18|          0|
    |layer8_out_26_reg_2388                                                                  |   18|   0|   18|          0|
    |layer8_out_2_reg_2348                                                                   |   18|   0|   18|          0|
    |layer8_out_3_reg_2353                                                                   |   18|   0|   18|          0|
    |layer8_out_4_reg_2358                                                                   |   18|   0|   18|          0|
    |layer8_out_5_reg_2363                                                                   |   18|   0|   18|          0|
    |layer8_out_6_reg_2368                                                                   |   18|   0|   18|          0|
    |layer8_out_7_reg_2373                                                                   |   18|   0|   18|          0|
    |layer8_out_8_reg_2378                                                                   |   18|   0|   18|          0|
    |layer8_out_9_reg_2383                                                                   |   18|   0|   18|          0|
    |layer8_out_reg_2338                                                                     |   18|   0|   18|          0|
    +----------------------------------------------------------------------------------------+-----+----+-----+-----------+
    |Total                                                                                   | 3775|   0| 3775|          0|
    +----------------------------------------------------------------------------------------+-----+----+-----+-----------+



================================================================
== Interface
================================================================
* Summary: 
+----------------------+-----+-----+------------+---------------+--------------+
|       RTL Ports      | Dir | Bits|  Protocol  | Source Object |    C Type    |
+----------------------+-----+-----+------------+---------------+--------------+
|ap_clk                |   in|    1|  ap_ctrl_hs|      myproject|  return value|
|ap_rst                |   in|    1|  ap_ctrl_hs|      myproject|  return value|
|ap_start              |   in|    1|  ap_ctrl_hs|      myproject|  return value|
|ap_done               |  out|    1|  ap_ctrl_hs|      myproject|  return value|
|ap_idle               |  out|    1|  ap_ctrl_hs|      myproject|  return value|
|ap_ready              |  out|    1|  ap_ctrl_hs|      myproject|  return value|
|fc1_input_ap_vld      |   in|    1|      ap_vld|      fc1_input|       pointer|
|fc1_input             |   in|  256|      ap_vld|      fc1_input|       pointer|
|layer13_out_0         |  out|   16|      ap_vld|  layer13_out_0|       pointer|
|layer13_out_0_ap_vld  |  out|    1|      ap_vld|  layer13_out_0|       pointer|
|layer13_out_1         |  out|   16|      ap_vld|  layer13_out_1|       pointer|
|layer13_out_1_ap_vld  |  out|    1|      ap_vld|  layer13_out_1|       pointer|
|layer13_out_2         |  out|   16|      ap_vld|  layer13_out_2|       pointer|
|layer13_out_2_ap_vld  |  out|    1|      ap_vld|  layer13_out_2|       pointer|
|layer13_out_3         |  out|   16|      ap_vld|  layer13_out_3|       pointer|
|layer13_out_3_ap_vld  |  out|    1|      ap_vld|  layer13_out_3|       pointer|
|layer13_out_4         |  out|   16|      ap_vld|  layer13_out_4|       pointer|
|layer13_out_4_ap_vld  |  out|    1|      ap_vld|  layer13_out_4|       pointer|
+----------------------+-----+-----+------------+---------------+--------------+

