

================================================================
== Vitis HLS Report for 'relu_ap_fixed_18_7_5_3_0_ap_ufixed_6_0_4_0_0_relu_config10_s'
================================================================
* Date:           Tue Oct 14 15:23:00 2025

* Version:        2024.2 (Build 5238294 on Nov  8 2024)
* Project:        myproject_prj
* Solution:       solution1 (Vivado IP Flow Target)
* Product family: virtexuplus
* Target device:  xcu250-figd2104-2L-e


================================================================
== Performance Estimates
================================================================
+ Timing: 
    * Summary: 
    +--------+---------+----------+------------+
    |  Clock |  Target | Estimated| Uncertainty|
    +--------+---------+----------+------------+
    |ap_clk  |  5.00 ns|  2.122 ns|     1.35 ns|
    +--------+---------+----------+------------+

+ Latency: 
    * Summary: 
    +---------+---------+----------+----------+-----+-----+---------+
    |  Latency (cycles) |  Latency (absolute) |  Interval | Pipeline|
    |   min   |   max   |    min   |    max   | min | max |   Type  |
    +---------+---------+----------+----------+-----+-----+---------+
    |        0|        0|      0 ns|      0 ns|    1|    1|      yes|
    +---------+---------+----------+----------+-----+-----+---------+

    + Detail: 
        * Instance: 
        N/A

        * Loop: 
        N/A



================================================================
== Utilization Estimates
================================================================
* Summary: 
+---------------------+---------+-------+---------+---------+------+
|         Name        | BRAM_18K|  DSP  |    FF   |   LUT   | URAM |
+---------------------+---------+-------+---------+---------+------+
|DSP                  |        -|      -|        -|        -|     -|
|Expression           |        -|      -|        0|     2808|     -|
|FIFO                 |        -|      -|        -|        -|     -|
|Instance             |        -|      -|        -|        -|     -|
|Memory               |        -|      -|        -|        -|     -|
|Multiplexer          |        -|      -|        -|        -|     -|
|Register             |        -|      -|        -|        -|     -|
+---------------------+---------+-------+---------+---------+------+
|Total                |        0|      0|        0|     2808|     0|
+---------------------+---------+-------+---------+---------+------+
|Available SLR        |     1344|   3072|   864000|   432000|   320|
+---------------------+---------+-------+---------+---------+------+
|Utilization SLR (%)  |        0|      0|        0|       ~0|     0|
+---------------------+---------+-------+---------+---------+------+
|Available            |     5376|  12288|  3456000|  1728000|  1280|
+---------------------+---------+-------+---------+---------+------+
|Utilization (%)      |        0|      0|        0|       ~0|     0|
+---------------------+---------+-------+---------+---------+------+

+ Detail: 
    * Instance: 
    N/A

    * DSP: 
    N/A

    * Memory: 
    N/A

    * FIFO: 
    N/A

    * Expression: 
    +-------------------------------+----------+----+---+----+------------+------------+
    |         Variable Name         | Operation| DSP| FF| LUT| Bitwidth P0| Bitwidth P1|
    +-------------------------------+----------+----+---+----+------------+------------+
    |add_ln46_100_fu_1692_p2        |         +|   0|  0|  13|           6|           6|
    |add_ln46_101_fu_1862_p2        |         +|   0|  0|  13|           6|           6|
    |add_ln46_102_fu_2032_p2        |         +|   0|  0|  13|           6|           6|
    |add_ln46_103_fu_2202_p2        |         +|   0|  0|  13|           6|           6|
    |add_ln46_104_fu_2372_p2        |         +|   0|  0|  13|           6|           6|
    |add_ln46_105_fu_2542_p2        |         +|   0|  0|  13|           6|           6|
    |add_ln46_106_fu_2712_p2        |         +|   0|  0|  13|           6|           6|
    |add_ln46_107_fu_2882_p2        |         +|   0|  0|  13|           6|           6|
    |add_ln46_108_fu_3052_p2        |         +|   0|  0|  13|           6|           6|
    |add_ln46_109_fu_3222_p2        |         +|   0|  0|  13|           6|           6|
    |add_ln46_110_fu_3392_p2        |         +|   0|  0|  13|           6|           6|
    |add_ln46_111_fu_3562_p2        |         +|   0|  0|  13|           6|           6|
    |add_ln46_112_fu_3732_p2        |         +|   0|  0|  13|           6|           6|
    |add_ln46_113_fu_3902_p2        |         +|   0|  0|  13|           6|           6|
    |add_ln46_114_fu_4072_p2        |         +|   0|  0|  13|           6|           6|
    |add_ln46_115_fu_4242_p2        |         +|   0|  0|  13|           6|           6|
    |add_ln46_116_fu_4412_p2        |         +|   0|  0|  13|           6|           6|
    |add_ln46_117_fu_4582_p2        |         +|   0|  0|  13|           6|           6|
    |add_ln46_118_fu_4752_p2        |         +|   0|  0|  13|           6|           6|
    |add_ln46_93_fu_502_p2          |         +|   0|  0|  13|           6|           6|
    |add_ln46_94_fu_672_p2          |         +|   0|  0|  13|           6|           6|
    |add_ln46_95_fu_842_p2          |         +|   0|  0|  13|           6|           6|
    |add_ln46_96_fu_1012_p2         |         +|   0|  0|  13|           6|           6|
    |add_ln46_97_fu_1182_p2         |         +|   0|  0|  13|           6|           6|
    |add_ln46_98_fu_1352_p2         |         +|   0|  0|  13|           6|           6|
    |add_ln46_99_fu_1522_p2         |         +|   0|  0|  13|           6|           6|
    |add_ln46_fu_332_p2             |         +|   0|  0|  13|           6|           6|
    |and_ln46_184_fu_492_p2         |       and|   0|  0|   2|           1|           1|
    |and_ln46_185_fu_662_p2         |       and|   0|  0|   2|           1|           1|
    |and_ln46_186_fu_832_p2         |       and|   0|  0|   2|           1|           1|
    |and_ln46_188_fu_1002_p2        |       and|   0|  0|   2|           1|           1|
    |and_ln46_190_fu_1172_p2        |       and|   0|  0|   2|           1|           1|
    |and_ln46_192_fu_1342_p2        |       and|   0|  0|   2|           1|           1|
    |and_ln46_194_fu_1512_p2        |       and|   0|  0|   2|           1|           1|
    |and_ln46_196_fu_1682_p2        |       and|   0|  0|   2|           1|           1|
    |and_ln46_198_fu_1852_p2        |       and|   0|  0|   2|           1|           1|
    |and_ln46_200_fu_2022_p2        |       and|   0|  0|   2|           1|           1|
    |and_ln46_202_fu_2192_p2        |       and|   0|  0|   2|           1|           1|
    |and_ln46_204_fu_2362_p2        |       and|   0|  0|   2|           1|           1|
    |and_ln46_206_fu_2532_p2        |       and|   0|  0|   2|           1|           1|
    |and_ln46_208_fu_2702_p2        |       and|   0|  0|   2|           1|           1|
    |and_ln46_210_fu_2872_p2        |       and|   0|  0|   2|           1|           1|
    |and_ln46_212_fu_3042_p2        |       and|   0|  0|   2|           1|           1|
    |and_ln46_214_fu_3212_p2        |       and|   0|  0|   2|           1|           1|
    |and_ln46_216_fu_3382_p2        |       and|   0|  0|   2|           1|           1|
    |and_ln46_218_fu_3552_p2        |       and|   0|  0|   2|           1|           1|
    |and_ln46_220_fu_3722_p2        |       and|   0|  0|   2|           1|           1|
    |and_ln46_222_fu_3892_p2        |       and|   0|  0|   2|           1|           1|
    |and_ln46_224_fu_4062_p2        |       and|   0|  0|   2|           1|           1|
    |and_ln46_226_fu_4232_p2        |       and|   0|  0|   2|           1|           1|
    |and_ln46_228_fu_4402_p2        |       and|   0|  0|   2|           1|           1|
    |and_ln46_230_fu_4572_p2        |       and|   0|  0|   2|           1|           1|
    |and_ln46_232_fu_4742_p2        |       and|   0|  0|   2|           1|           1|
    |and_ln46_fu_322_p2             |       and|   0|  0|   2|           1|           1|
    |empty_107_fu_542_p2            |       and|   0|  0|   2|           1|           1|
    |empty_108_fu_712_p2            |       and|   0|  0|   2|           1|           1|
    |empty_109_fu_882_p2            |       and|   0|  0|   2|           1|           1|
    |empty_110_fu_1052_p2           |       and|   0|  0|   2|           1|           1|
    |empty_111_fu_1222_p2           |       and|   0|  0|   2|           1|           1|
    |empty_112_fu_1392_p2           |       and|   0|  0|   2|           1|           1|
    |empty_113_fu_1562_p2           |       and|   0|  0|   2|           1|           1|
    |empty_114_fu_1732_p2           |       and|   0|  0|   2|           1|           1|
    |empty_115_fu_1902_p2           |       and|   0|  0|   2|           1|           1|
    |empty_116_fu_2072_p2           |       and|   0|  0|   2|           1|           1|
    |empty_117_fu_2242_p2           |       and|   0|  0|   2|           1|           1|
    |empty_118_fu_2412_p2           |       and|   0|  0|   2|           1|           1|
    |empty_119_fu_2582_p2           |       and|   0|  0|   2|           1|           1|
    |empty_120_fu_2752_p2           |       and|   0|  0|   2|           1|           1|
    |empty_121_fu_2922_p2           |       and|   0|  0|   2|           1|           1|
    |empty_122_fu_3092_p2           |       and|   0|  0|   2|           1|           1|
    |empty_123_fu_3262_p2           |       and|   0|  0|   2|           1|           1|
    |empty_124_fu_3432_p2           |       and|   0|  0|   2|           1|           1|
    |empty_125_fu_3602_p2           |       and|   0|  0|   2|           1|           1|
    |empty_126_fu_3772_p2           |       and|   0|  0|   2|           1|           1|
    |empty_127_fu_3942_p2           |       and|   0|  0|   2|           1|           1|
    |empty_128_fu_4112_p2           |       and|   0|  0|   2|           1|           1|
    |empty_129_fu_4282_p2           |       and|   0|  0|   2|           1|           1|
    |empty_130_fu_4452_p2           |       and|   0|  0|   2|           1|           1|
    |empty_131_fu_4622_p2           |       and|   0|  0|   2|           1|           1|
    |empty_132_fu_4792_p2           |       and|   0|  0|   2|           1|           1|
    |empty_fu_372_p2                |       and|   0|  0|   2|           1|           1|
    |icmp_ln45_100_fu_1618_p2       |      icmp|   0|  0|  25|          18|           1|
    |icmp_ln45_101_fu_1788_p2       |      icmp|   0|  0|  25|          18|           1|
    |icmp_ln45_102_fu_1958_p2       |      icmp|   0|  0|  25|          18|           1|
    |icmp_ln45_103_fu_2128_p2       |      icmp|   0|  0|  25|          18|           1|
    |icmp_ln45_104_fu_2298_p2       |      icmp|   0|  0|  25|          18|           1|
    |icmp_ln45_105_fu_2468_p2       |      icmp|   0|  0|  25|          18|           1|
    |icmp_ln45_106_fu_2638_p2       |      icmp|   0|  0|  25|          18|           1|
    |icmp_ln45_107_fu_2808_p2       |      icmp|   0|  0|  25|          18|           1|
    |icmp_ln45_108_fu_2978_p2       |      icmp|   0|  0|  25|          18|           1|
    |icmp_ln45_109_fu_3148_p2       |      icmp|   0|  0|  25|          18|           1|
    |icmp_ln45_110_fu_3318_p2       |      icmp|   0|  0|  25|          18|           1|
    |icmp_ln45_111_fu_3488_p2       |      icmp|   0|  0|  25|          18|           1|
    |icmp_ln45_112_fu_3658_p2       |      icmp|   0|  0|  25|          18|           1|
    |icmp_ln45_113_fu_3828_p2       |      icmp|   0|  0|  25|          18|           1|
    |icmp_ln45_114_fu_3998_p2       |      icmp|   0|  0|  25|          18|           1|
    |icmp_ln45_115_fu_4168_p2       |      icmp|   0|  0|  25|          18|           1|
    |icmp_ln45_116_fu_4338_p2       |      icmp|   0|  0|  25|          18|           1|
    |icmp_ln45_117_fu_4508_p2       |      icmp|   0|  0|  25|          18|           1|
    |icmp_ln45_118_fu_4678_p2       |      icmp|   0|  0|  25|          18|           1|
    |icmp_ln45_93_fu_428_p2         |      icmp|   0|  0|  25|          18|           1|
    |icmp_ln45_94_fu_598_p2         |      icmp|   0|  0|  25|          18|           1|
    |icmp_ln45_95_fu_768_p2         |      icmp|   0|  0|  25|          18|           1|
    |icmp_ln45_96_fu_938_p2         |      icmp|   0|  0|  25|          18|           1|
    |icmp_ln45_97_fu_1108_p2        |      icmp|   0|  0|  25|          18|           1|
    |icmp_ln45_98_fu_1278_p2        |      icmp|   0|  0|  25|          18|           1|
    |icmp_ln45_99_fu_1448_p2        |      icmp|   0|  0|  25|          18|           1|
    |icmp_ln45_fu_258_p2            |      icmp|   0|  0|  25|          18|           1|
    |icmp_ln46_187_fu_346_p2        |      icmp|   0|  0|  14|           7|           1|
    |icmp_ln46_188_fu_464_p2        |      icmp|   0|  0|  12|           4|           1|
    |icmp_ln46_189_fu_516_p2        |      icmp|   0|  0|  14|           7|           1|
    |icmp_ln46_190_fu_634_p2        |      icmp|   0|  0|  12|           4|           1|
    |icmp_ln46_191_fu_686_p2        |      icmp|   0|  0|  14|           7|           1|
    |icmp_ln46_192_fu_804_p2        |      icmp|   0|  0|  12|           4|           1|
    |icmp_ln46_193_fu_856_p2        |      icmp|   0|  0|  14|           7|           1|
    |icmp_ln46_194_fu_974_p2        |      icmp|   0|  0|  12|           4|           1|
    |icmp_ln46_195_fu_1026_p2       |      icmp|   0|  0|  14|           7|           1|
    |icmp_ln46_196_fu_1144_p2       |      icmp|   0|  0|  12|           4|           1|
    |icmp_ln46_197_fu_1196_p2       |      icmp|   0|  0|  14|           7|           1|
    |icmp_ln46_198_fu_1314_p2       |      icmp|   0|  0|  12|           4|           1|
    |icmp_ln46_199_fu_1366_p2       |      icmp|   0|  0|  14|           7|           1|
    |icmp_ln46_200_fu_1484_p2       |      icmp|   0|  0|  12|           4|           1|
    |icmp_ln46_201_fu_1536_p2       |      icmp|   0|  0|  14|           7|           1|
    |icmp_ln46_202_fu_1654_p2       |      icmp|   0|  0|  12|           4|           1|
    |icmp_ln46_203_fu_1706_p2       |      icmp|   0|  0|  14|           7|           1|
    |icmp_ln46_204_fu_1824_p2       |      icmp|   0|  0|  12|           4|           1|
    |icmp_ln46_205_fu_1876_p2       |      icmp|   0|  0|  14|           7|           1|
    |icmp_ln46_206_fu_1994_p2       |      icmp|   0|  0|  12|           4|           1|
    |icmp_ln46_207_fu_2046_p2       |      icmp|   0|  0|  14|           7|           1|
    |icmp_ln46_208_fu_2164_p2       |      icmp|   0|  0|  12|           4|           1|
    |icmp_ln46_209_fu_2216_p2       |      icmp|   0|  0|  14|           7|           1|
    |icmp_ln46_210_fu_2334_p2       |      icmp|   0|  0|  12|           4|           1|
    |icmp_ln46_211_fu_2386_p2       |      icmp|   0|  0|  14|           7|           1|
    |icmp_ln46_212_fu_2504_p2       |      icmp|   0|  0|  12|           4|           1|
    |icmp_ln46_213_fu_2556_p2       |      icmp|   0|  0|  14|           7|           1|
    |icmp_ln46_214_fu_2674_p2       |      icmp|   0|  0|  12|           4|           1|
    |icmp_ln46_215_fu_2726_p2       |      icmp|   0|  0|  14|           7|           1|
    |icmp_ln46_216_fu_2844_p2       |      icmp|   0|  0|  12|           4|           1|
    |icmp_ln46_217_fu_2896_p2       |      icmp|   0|  0|  14|           7|           1|
    |icmp_ln46_218_fu_3014_p2       |      icmp|   0|  0|  12|           4|           1|
    |icmp_ln46_219_fu_3066_p2       |      icmp|   0|  0|  14|           7|           1|
    |icmp_ln46_220_fu_3184_p2       |      icmp|   0|  0|  12|           4|           1|
    |icmp_ln46_221_fu_3236_p2       |      icmp|   0|  0|  14|           7|           1|
    |icmp_ln46_222_fu_3354_p2       |      icmp|   0|  0|  12|           4|           1|
    |icmp_ln46_223_fu_3406_p2       |      icmp|   0|  0|  14|           7|           1|
    |icmp_ln46_224_fu_3524_p2       |      icmp|   0|  0|  12|           4|           1|
    |icmp_ln46_225_fu_3576_p2       |      icmp|   0|  0|  14|           7|           1|
    |icmp_ln46_226_fu_3694_p2       |      icmp|   0|  0|  12|           4|           1|
    |icmp_ln46_227_fu_3746_p2       |      icmp|   0|  0|  14|           7|           1|
    |icmp_ln46_228_fu_3864_p2       |      icmp|   0|  0|  12|           4|           1|
    |icmp_ln46_229_fu_3916_p2       |      icmp|   0|  0|  14|           7|           1|
    |icmp_ln46_230_fu_4034_p2       |      icmp|   0|  0|  12|           4|           1|
    |icmp_ln46_231_fu_4086_p2       |      icmp|   0|  0|  14|           7|           1|
    |icmp_ln46_232_fu_4204_p2       |      icmp|   0|  0|  12|           4|           1|
    |icmp_ln46_233_fu_4256_p2       |      icmp|   0|  0|  14|           7|           1|
    |icmp_ln46_234_fu_4374_p2       |      icmp|   0|  0|  12|           4|           1|
    |icmp_ln46_235_fu_4426_p2       |      icmp|   0|  0|  14|           7|           1|
    |icmp_ln46_236_fu_4544_p2       |      icmp|   0|  0|  12|           4|           1|
    |icmp_ln46_237_fu_4596_p2       |      icmp|   0|  0|  14|           7|           1|
    |icmp_ln46_238_fu_4714_p2       |      icmp|   0|  0|  12|           4|           1|
    |icmp_ln46_239_fu_4766_p2       |      icmp|   0|  0|  14|           7|           1|
    |icmp_ln46_fu_294_p2            |      icmp|   0|  0|  12|           4|           1|
    |and_ln46_187_fu_366_p2         |        or|   0|  0|   2|           1|           1|
    |and_ln46_189_fu_536_p2         |        or|   0|  0|   2|           1|           1|
    |and_ln46_191_fu_706_p2         |        or|   0|  0|   2|           1|           1|
    |and_ln46_193_fu_876_p2         |        or|   0|  0|   2|           1|           1|
    |and_ln46_195_fu_1046_p2        |        or|   0|  0|   2|           1|           1|
    |and_ln46_197_fu_1216_p2        |        or|   0|  0|   2|           1|           1|
    |and_ln46_199_fu_1386_p2        |        or|   0|  0|   2|           1|           1|
    |and_ln46_201_fu_1556_p2        |        or|   0|  0|   2|           1|           1|
    |and_ln46_203_fu_1726_p2        |        or|   0|  0|   2|           1|           1|
    |and_ln46_205_fu_1896_p2        |        or|   0|  0|   2|           1|           1|
    |and_ln46_207_fu_2066_p2        |        or|   0|  0|   2|           1|           1|
    |and_ln46_209_fu_2236_p2        |        or|   0|  0|   2|           1|           1|
    |and_ln46_211_fu_2406_p2        |        or|   0|  0|   2|           1|           1|
    |and_ln46_213_fu_2576_p2        |        or|   0|  0|   2|           1|           1|
    |and_ln46_215_fu_2746_p2        |        or|   0|  0|   2|           1|           1|
    |and_ln46_217_fu_2916_p2        |        or|   0|  0|   2|           1|           1|
    |and_ln46_219_fu_3086_p2        |        or|   0|  0|   2|           1|           1|
    |and_ln46_221_fu_3256_p2        |        or|   0|  0|   2|           1|           1|
    |and_ln46_223_fu_3426_p2        |        or|   0|  0|   2|           1|           1|
    |and_ln46_225_fu_3596_p2        |        or|   0|  0|   2|           1|           1|
    |and_ln46_227_fu_3766_p2        |        or|   0|  0|   2|           1|           1|
    |and_ln46_229_fu_3936_p2        |        or|   0|  0|   2|           1|           1|
    |and_ln46_231_fu_4106_p2        |        or|   0|  0|   2|           1|           1|
    |and_ln46_233_fu_4276_p2        |        or|   0|  0|   2|           1|           1|
    |and_ln46_235_fu_4446_p2        |        or|   0|  0|   2|           1|           1|
    |and_ln46_237_fu_4616_p2        |        or|   0|  0|   2|           1|           1|
    |and_ln46_239_fu_4786_p2        |        or|   0|  0|   2|           1|           1|
    |or_ln46_281_fu_378_p2          |        or|   0|  0|   2|           1|           1|
    |or_ln46_282_fu_390_p2          |        or|   0|  0|   2|           1|           1|
    |or_ln46_283_fu_486_p2          |        or|   0|  0|   2|           1|           1|
    |or_ln46_284_fu_548_p2          |        or|   0|  0|   2|           1|           1|
    |or_ln46_285_fu_560_p2          |        or|   0|  0|   2|           1|           1|
    |or_ln46_286_fu_656_p2          |        or|   0|  0|   2|           1|           1|
    |or_ln46_287_fu_718_p2          |        or|   0|  0|   2|           1|           1|
    |or_ln46_288_fu_730_p2          |        or|   0|  0|   2|           1|           1|
    |or_ln46_289_fu_826_p2          |        or|   0|  0|   2|           1|           1|
    |or_ln46_290_fu_888_p2          |        or|   0|  0|   2|           1|           1|
    |or_ln46_291_fu_900_p2          |        or|   0|  0|   2|           1|           1|
    |or_ln46_292_fu_996_p2          |        or|   0|  0|   2|           1|           1|
    |or_ln46_293_fu_1058_p2         |        or|   0|  0|   2|           1|           1|
    |or_ln46_294_fu_1070_p2         |        or|   0|  0|   2|           1|           1|
    |or_ln46_295_fu_1166_p2         |        or|   0|  0|   2|           1|           1|
    |or_ln46_296_fu_1228_p2         |        or|   0|  0|   2|           1|           1|
    |or_ln46_297_fu_1240_p2         |        or|   0|  0|   2|           1|           1|
    |or_ln46_298_fu_1336_p2         |        or|   0|  0|   2|           1|           1|
    |or_ln46_299_fu_1398_p2         |        or|   0|  0|   2|           1|           1|
    |or_ln46_300_fu_1410_p2         |        or|   0|  0|   2|           1|           1|
    |or_ln46_301_fu_1506_p2         |        or|   0|  0|   2|           1|           1|
    |or_ln46_302_fu_1568_p2         |        or|   0|  0|   2|           1|           1|
    |or_ln46_303_fu_1580_p2         |        or|   0|  0|   2|           1|           1|
    |or_ln46_304_fu_1676_p2         |        or|   0|  0|   2|           1|           1|
    |or_ln46_305_fu_1738_p2         |        or|   0|  0|   2|           1|           1|
    |or_ln46_306_fu_1750_p2         |        or|   0|  0|   2|           1|           1|
    |or_ln46_307_fu_1846_p2         |        or|   0|  0|   2|           1|           1|
    |or_ln46_308_fu_1908_p2         |        or|   0|  0|   2|           1|           1|
    |or_ln46_309_fu_1920_p2         |        or|   0|  0|   2|           1|           1|
    |or_ln46_310_fu_2016_p2         |        or|   0|  0|   2|           1|           1|
    |or_ln46_311_fu_2078_p2         |        or|   0|  0|   2|           1|           1|
    |or_ln46_312_fu_2090_p2         |        or|   0|  0|   2|           1|           1|
    |or_ln46_313_fu_2186_p2         |        or|   0|  0|   2|           1|           1|
    |or_ln46_314_fu_2248_p2         |        or|   0|  0|   2|           1|           1|
    |or_ln46_315_fu_2260_p2         |        or|   0|  0|   2|           1|           1|
    |or_ln46_316_fu_2356_p2         |        or|   0|  0|   2|           1|           1|
    |or_ln46_317_fu_2418_p2         |        or|   0|  0|   2|           1|           1|
    |or_ln46_318_fu_2430_p2         |        or|   0|  0|   2|           1|           1|
    |or_ln46_319_fu_2526_p2         |        or|   0|  0|   2|           1|           1|
    |or_ln46_320_fu_2588_p2         |        or|   0|  0|   2|           1|           1|
    |or_ln46_321_fu_2600_p2         |        or|   0|  0|   2|           1|           1|
    |or_ln46_322_fu_2696_p2         |        or|   0|  0|   2|           1|           1|
    |or_ln46_323_fu_2758_p2         |        or|   0|  0|   2|           1|           1|
    |or_ln46_324_fu_2770_p2         |        or|   0|  0|   2|           1|           1|
    |or_ln46_325_fu_2866_p2         |        or|   0|  0|   2|           1|           1|
    |or_ln46_326_fu_2928_p2         |        or|   0|  0|   2|           1|           1|
    |or_ln46_327_fu_2940_p2         |        or|   0|  0|   2|           1|           1|
    |or_ln46_328_fu_3036_p2         |        or|   0|  0|   2|           1|           1|
    |or_ln46_329_fu_3098_p2         |        or|   0|  0|   2|           1|           1|
    |or_ln46_330_fu_3110_p2         |        or|   0|  0|   2|           1|           1|
    |or_ln46_331_fu_3206_p2         |        or|   0|  0|   2|           1|           1|
    |or_ln46_332_fu_3268_p2         |        or|   0|  0|   2|           1|           1|
    |or_ln46_333_fu_3280_p2         |        or|   0|  0|   2|           1|           1|
    |or_ln46_334_fu_3376_p2         |        or|   0|  0|   2|           1|           1|
    |or_ln46_335_fu_3438_p2         |        or|   0|  0|   2|           1|           1|
    |or_ln46_336_fu_3450_p2         |        or|   0|  0|   2|           1|           1|
    |or_ln46_337_fu_3546_p2         |        or|   0|  0|   2|           1|           1|
    |or_ln46_338_fu_3608_p2         |        or|   0|  0|   2|           1|           1|
    |or_ln46_339_fu_3620_p2         |        or|   0|  0|   2|           1|           1|
    |or_ln46_340_fu_3716_p2         |        or|   0|  0|   2|           1|           1|
    |or_ln46_341_fu_3778_p2         |        or|   0|  0|   2|           1|           1|
    |or_ln46_342_fu_3790_p2         |        or|   0|  0|   2|           1|           1|
    |or_ln46_343_fu_3886_p2         |        or|   0|  0|   2|           1|           1|
    |or_ln46_344_fu_3948_p2         |        or|   0|  0|   2|           1|           1|
    |or_ln46_345_fu_3960_p2         |        or|   0|  0|   2|           1|           1|
    |or_ln46_346_fu_4056_p2         |        or|   0|  0|   2|           1|           1|
    |or_ln46_347_fu_4118_p2         |        or|   0|  0|   2|           1|           1|
    |or_ln46_348_fu_4130_p2         |        or|   0|  0|   2|           1|           1|
    |or_ln46_349_fu_4226_p2         |        or|   0|  0|   2|           1|           1|
    |or_ln46_350_fu_4288_p2         |        or|   0|  0|   2|           1|           1|
    |or_ln46_351_fu_4300_p2         |        or|   0|  0|   2|           1|           1|
    |or_ln46_352_fu_4396_p2         |        or|   0|  0|   2|           1|           1|
    |or_ln46_353_fu_4458_p2         |        or|   0|  0|   2|           1|           1|
    |or_ln46_354_fu_4470_p2         |        or|   0|  0|   2|           1|           1|
    |or_ln46_355_fu_4566_p2         |        or|   0|  0|   2|           1|           1|
    |or_ln46_356_fu_4628_p2         |        or|   0|  0|   2|           1|           1|
    |or_ln46_357_fu_4640_p2         |        or|   0|  0|   2|           1|           1|
    |or_ln46_358_fu_4736_p2         |        or|   0|  0|   2|           1|           1|
    |or_ln46_359_fu_4798_p2         |        or|   0|  0|   2|           1|           1|
    |or_ln46_360_fu_4810_p2         |        or|   0|  0|   2|           1|           1|
    |or_ln46_fu_316_p2              |        or|   0|  0|   2|           1|           1|
    |layer10_out_0_0_fu_420_p3      |    select|   0|  0|   6|           1|           6|
    |layer10_out_11_0_fu_1780_p3    |    select|   0|  0|   6|           1|           6|
    |layer10_out_12_0_fu_1950_p3    |    select|   0|  0|   6|           1|           6|
    |layer10_out_13_0_fu_2120_p3    |    select|   0|  0|   6|           1|           6|
    |layer10_out_1436_0_fu_2290_p3  |    select|   0|  0|   6|           1|           6|
    |layer10_out_15_0_fu_2460_p3    |    select|   0|  0|   6|           1|           6|
    |layer10_out_17_0_fu_2630_p3    |    select|   0|  0|   6|           1|           6|
    |layer10_out_18_0_fu_2800_p3    |    select|   0|  0|   6|           1|           6|
    |layer10_out_19_0_fu_2970_p3    |    select|   0|  0|   6|           1|           6|
    |layer10_out_1_0_fu_590_p3      |    select|   0|  0|   6|           1|           6|
    |layer10_out_20_0_fu_3140_p3    |    select|   0|  0|   6|           1|           6|
    |layer10_out_21_0_fu_3310_p3    |    select|   0|  0|   6|           1|           6|
    |layer10_out_22_0_fu_3480_p3    |    select|   0|  0|   6|           1|           6|
    |layer10_out_23_0_fu_3650_p3    |    select|   0|  0|   6|           1|           6|
    |layer10_out_24_0_fu_3820_p3    |    select|   0|  0|   6|           1|           6|
    |layer10_out_25_0_fu_3990_p3    |    select|   0|  0|   6|           1|           6|
    |layer10_out_26_0_fu_4160_p3    |    select|   0|  0|   6|           1|           6|
    |layer10_out_27_0_fu_4330_p3    |    select|   0|  0|   6|           1|           6|
    |layer10_out_28_0_fu_4500_p3    |    select|   0|  0|   6|           1|           6|
    |layer10_out_29_0_fu_4670_p3    |    select|   0|  0|   6|           1|           6|
    |layer10_out_31_0_fu_4840_p3    |    select|   0|  0|   6|           1|           6|
    |layer10_out_3_0_fu_760_p3      |    select|   0|  0|   6|           1|           6|
    |layer10_out_4_0_fu_930_p3      |    select|   0|  0|   6|           1|           6|
    |layer10_out_5_0_fu_1100_p3     |    select|   0|  0|   6|           1|           6|
    |layer10_out_6_0_fu_1270_p3     |    select|   0|  0|   6|           1|           6|
    |layer10_out_7_0_fu_1440_p3     |    select|   0|  0|   6|           1|           6|
    |layer10_out_9_0_fu_1610_p3     |    select|   0|  0|   6|           1|           6|
    |select_ln46_281_fu_404_p3      |    select|   0|  0|   6|           1|           6|
    |select_ln46_282_fu_412_p3      |    select|   0|  0|   6|           1|           6|
    |select_ln46_283_fu_566_p3      |    select|   0|  0|   6|           1|           1|
    |select_ln46_284_fu_574_p3      |    select|   0|  0|   6|           1|           6|
    |select_ln46_285_fu_582_p3      |    select|   0|  0|   6|           1|           6|
    |select_ln46_286_fu_736_p3      |    select|   0|  0|   6|           1|           1|
    |select_ln46_287_fu_744_p3      |    select|   0|  0|   6|           1|           6|
    |select_ln46_288_fu_752_p3      |    select|   0|  0|   6|           1|           6|
    |select_ln46_289_fu_906_p3      |    select|   0|  0|   6|           1|           1|
    |select_ln46_290_fu_914_p3      |    select|   0|  0|   6|           1|           6|
    |select_ln46_291_fu_922_p3      |    select|   0|  0|   6|           1|           6|
    |select_ln46_292_fu_1076_p3     |    select|   0|  0|   6|           1|           1|
    |select_ln46_293_fu_1084_p3     |    select|   0|  0|   6|           1|           6|
    |select_ln46_294_fu_1092_p3     |    select|   0|  0|   6|           1|           6|
    |select_ln46_295_fu_1246_p3     |    select|   0|  0|   6|           1|           1|
    |select_ln46_296_fu_1254_p3     |    select|   0|  0|   6|           1|           6|
    |select_ln46_297_fu_1262_p3     |    select|   0|  0|   6|           1|           6|
    |select_ln46_298_fu_1416_p3     |    select|   0|  0|   6|           1|           1|
    |select_ln46_299_fu_1424_p3     |    select|   0|  0|   6|           1|           6|
    |select_ln46_300_fu_1432_p3     |    select|   0|  0|   6|           1|           6|
    |select_ln46_301_fu_1586_p3     |    select|   0|  0|   6|           1|           1|
    |select_ln46_302_fu_1594_p3     |    select|   0|  0|   6|           1|           6|
    |select_ln46_303_fu_1602_p3     |    select|   0|  0|   6|           1|           6|
    |select_ln46_304_fu_1756_p3     |    select|   0|  0|   6|           1|           1|
    |select_ln46_305_fu_1764_p3     |    select|   0|  0|   6|           1|           6|
    |select_ln46_306_fu_1772_p3     |    select|   0|  0|   6|           1|           6|
    |select_ln46_307_fu_1926_p3     |    select|   0|  0|   6|           1|           1|
    |select_ln46_308_fu_1934_p3     |    select|   0|  0|   6|           1|           6|
    |select_ln46_309_fu_1942_p3     |    select|   0|  0|   6|           1|           6|
    |select_ln46_310_fu_2096_p3     |    select|   0|  0|   6|           1|           1|
    |select_ln46_311_fu_2104_p3     |    select|   0|  0|   6|           1|           6|
    |select_ln46_312_fu_2112_p3     |    select|   0|  0|   6|           1|           6|
    |select_ln46_313_fu_2266_p3     |    select|   0|  0|   6|           1|           1|
    |select_ln46_314_fu_2274_p3     |    select|   0|  0|   6|           1|           6|
    |select_ln46_315_fu_2282_p3     |    select|   0|  0|   6|           1|           6|
    |select_ln46_316_fu_2436_p3     |    select|   0|  0|   6|           1|           1|
    |select_ln46_317_fu_2444_p3     |    select|   0|  0|   6|           1|           6|
    |select_ln46_318_fu_2452_p3     |    select|   0|  0|   6|           1|           6|
    |select_ln46_319_fu_2606_p3     |    select|   0|  0|   6|           1|           1|
    |select_ln46_320_fu_2614_p3     |    select|   0|  0|   6|           1|           6|
    |select_ln46_321_fu_2622_p3     |    select|   0|  0|   6|           1|           6|
    |select_ln46_322_fu_2776_p3     |    select|   0|  0|   6|           1|           1|
    |select_ln46_323_fu_2784_p3     |    select|   0|  0|   6|           1|           6|
    |select_ln46_324_fu_2792_p3     |    select|   0|  0|   6|           1|           6|
    |select_ln46_325_fu_2946_p3     |    select|   0|  0|   6|           1|           1|
    |select_ln46_326_fu_2954_p3     |    select|   0|  0|   6|           1|           6|
    |select_ln46_327_fu_2962_p3     |    select|   0|  0|   6|           1|           6|
    |select_ln46_328_fu_3116_p3     |    select|   0|  0|   6|           1|           1|
    |select_ln46_329_fu_3124_p3     |    select|   0|  0|   6|           1|           6|
    |select_ln46_330_fu_3132_p3     |    select|   0|  0|   6|           1|           6|
    |select_ln46_331_fu_3286_p3     |    select|   0|  0|   6|           1|           1|
    |select_ln46_332_fu_3294_p3     |    select|   0|  0|   6|           1|           6|
    |select_ln46_333_fu_3302_p3     |    select|   0|  0|   6|           1|           6|
    |select_ln46_334_fu_3456_p3     |    select|   0|  0|   6|           1|           1|
    |select_ln46_335_fu_3464_p3     |    select|   0|  0|   6|           1|           6|
    |select_ln46_336_fu_3472_p3     |    select|   0|  0|   6|           1|           6|
    |select_ln46_337_fu_3626_p3     |    select|   0|  0|   6|           1|           1|
    |select_ln46_338_fu_3634_p3     |    select|   0|  0|   6|           1|           6|
    |select_ln46_339_fu_3642_p3     |    select|   0|  0|   6|           1|           6|
    |select_ln46_340_fu_3796_p3     |    select|   0|  0|   6|           1|           1|
    |select_ln46_341_fu_3804_p3     |    select|   0|  0|   6|           1|           6|
    |select_ln46_342_fu_3812_p3     |    select|   0|  0|   6|           1|           6|
    |select_ln46_343_fu_3966_p3     |    select|   0|  0|   6|           1|           1|
    |select_ln46_344_fu_3974_p3     |    select|   0|  0|   6|           1|           6|
    |select_ln46_345_fu_3982_p3     |    select|   0|  0|   6|           1|           6|
    |select_ln46_346_fu_4136_p3     |    select|   0|  0|   6|           1|           1|
    |select_ln46_347_fu_4144_p3     |    select|   0|  0|   6|           1|           6|
    |select_ln46_348_fu_4152_p3     |    select|   0|  0|   6|           1|           6|
    |select_ln46_349_fu_4306_p3     |    select|   0|  0|   6|           1|           1|
    |select_ln46_350_fu_4314_p3     |    select|   0|  0|   6|           1|           6|
    |select_ln46_351_fu_4322_p3     |    select|   0|  0|   6|           1|           6|
    |select_ln46_352_fu_4476_p3     |    select|   0|  0|   6|           1|           1|
    |select_ln46_353_fu_4484_p3     |    select|   0|  0|   6|           1|           6|
    |select_ln46_354_fu_4492_p3     |    select|   0|  0|   6|           1|           6|
    |select_ln46_355_fu_4646_p3     |    select|   0|  0|   6|           1|           1|
    |select_ln46_356_fu_4654_p3     |    select|   0|  0|   6|           1|           6|
    |select_ln46_357_fu_4662_p3     |    select|   0|  0|   6|           1|           6|
    |select_ln46_358_fu_4816_p3     |    select|   0|  0|   6|           1|           1|
    |select_ln46_359_fu_4824_p3     |    select|   0|  0|   6|           1|           6|
    |select_ln46_360_fu_4832_p3     |    select|   0|  0|   6|           1|           6|
    |select_ln46_fu_396_p3          |    select|   0|  0|   6|           1|           1|
    |not_tmp_656_fu_360_p2          |       xor|   0|  0|   2|           1|           2|
    |not_tmp_663_fu_530_p2          |       xor|   0|  0|   2|           1|           2|
    |not_tmp_670_fu_700_p2          |       xor|   0|  0|   2|           1|           2|
    |not_tmp_677_fu_870_p2          |       xor|   0|  0|   2|           1|           2|
    |not_tmp_684_fu_1040_p2         |       xor|   0|  0|   2|           1|           2|
    |not_tmp_691_fu_1210_p2         |       xor|   0|  0|   2|           1|           2|
    |not_tmp_698_fu_1380_p2         |       xor|   0|  0|   2|           1|           2|
    |not_tmp_705_fu_1550_p2         |       xor|   0|  0|   2|           1|           2|
    |not_tmp_712_fu_1720_p2         |       xor|   0|  0|   2|           1|           2|
    |not_tmp_719_fu_1890_p2         |       xor|   0|  0|   2|           1|           2|
    |not_tmp_726_fu_2060_p2         |       xor|   0|  0|   2|           1|           2|
    |not_tmp_733_fu_2230_p2         |       xor|   0|  0|   2|           1|           2|
    |not_tmp_740_fu_2400_p2         |       xor|   0|  0|   2|           1|           2|
    |not_tmp_747_fu_2570_p2         |       xor|   0|  0|   2|           1|           2|
    |not_tmp_754_fu_2740_p2         |       xor|   0|  0|   2|           1|           2|
    |not_tmp_761_fu_2910_p2         |       xor|   0|  0|   2|           1|           2|
    |not_tmp_768_fu_3080_p2         |       xor|   0|  0|   2|           1|           2|
    |not_tmp_775_fu_3250_p2         |       xor|   0|  0|   2|           1|           2|
    |not_tmp_782_fu_3420_p2         |       xor|   0|  0|   2|           1|           2|
    |not_tmp_789_fu_3590_p2         |       xor|   0|  0|   2|           1|           2|
    |not_tmp_796_fu_3760_p2         |       xor|   0|  0|   2|           1|           2|
    |not_tmp_803_fu_3930_p2         |       xor|   0|  0|   2|           1|           2|
    |not_tmp_810_fu_4100_p2         |       xor|   0|  0|   2|           1|           2|
    |not_tmp_817_fu_4270_p2         |       xor|   0|  0|   2|           1|           2|
    |not_tmp_824_fu_4440_p2         |       xor|   0|  0|   2|           1|           2|
    |not_tmp_831_fu_4610_p2         |       xor|   0|  0|   2|           1|           2|
    |not_tmp_838_fu_4780_p2         |       xor|   0|  0|   2|           1|           2|
    |xor_ln46_100_fu_1744_p2        |       xor|   0|  0|   2|           1|           2|
    |xor_ln46_101_fu_1914_p2        |       xor|   0|  0|   2|           1|           2|
    |xor_ln46_102_fu_2084_p2        |       xor|   0|  0|   2|           1|           2|
    |xor_ln46_103_fu_2254_p2        |       xor|   0|  0|   2|           1|           2|
    |xor_ln46_104_fu_2424_p2        |       xor|   0|  0|   2|           1|           2|
    |xor_ln46_105_fu_2594_p2        |       xor|   0|  0|   2|           1|           2|
    |xor_ln46_106_fu_2764_p2        |       xor|   0|  0|   2|           1|           2|
    |xor_ln46_107_fu_2934_p2        |       xor|   0|  0|   2|           1|           2|
    |xor_ln46_108_fu_3104_p2        |       xor|   0|  0|   2|           1|           2|
    |xor_ln46_109_fu_3274_p2        |       xor|   0|  0|   2|           1|           2|
    |xor_ln46_110_fu_3444_p2        |       xor|   0|  0|   2|           1|           2|
    |xor_ln46_111_fu_3614_p2        |       xor|   0|  0|   2|           1|           2|
    |xor_ln46_112_fu_3784_p2        |       xor|   0|  0|   2|           1|           2|
    |xor_ln46_113_fu_3954_p2        |       xor|   0|  0|   2|           1|           2|
    |xor_ln46_114_fu_4124_p2        |       xor|   0|  0|   2|           1|           2|
    |xor_ln46_115_fu_4294_p2        |       xor|   0|  0|   2|           1|           2|
    |xor_ln46_116_fu_4464_p2        |       xor|   0|  0|   2|           1|           2|
    |xor_ln46_117_fu_4634_p2        |       xor|   0|  0|   2|           1|           2|
    |xor_ln46_118_fu_4804_p2        |       xor|   0|  0|   2|           1|           2|
    |xor_ln46_93_fu_554_p2          |       xor|   0|  0|   2|           1|           2|
    |xor_ln46_94_fu_724_p2          |       xor|   0|  0|   2|           1|           2|
    |xor_ln46_95_fu_894_p2          |       xor|   0|  0|   2|           1|           2|
    |xor_ln46_96_fu_1064_p2         |       xor|   0|  0|   2|           1|           2|
    |xor_ln46_97_fu_1234_p2         |       xor|   0|  0|   2|           1|           2|
    |xor_ln46_98_fu_1404_p2         |       xor|   0|  0|   2|           1|           2|
    |xor_ln46_99_fu_1574_p2         |       xor|   0|  0|   2|           1|           2|
    |xor_ln46_fu_384_p2             |       xor|   0|  0|   2|           1|           2|
    +-------------------------------+----------+----+---+----+------------+------------+
    |Total                          |          |   0|  0|2808|        1269|        1026|
    +-------------------------------+----------+----+---+----+------------+------------+

    * Multiplexer: 
    N/A

    * Register: 
    N/A



================================================================
== Interface
================================================================
* Summary: 
+-------------------+-----+-----+------------+-------------------------------------------------------------------------+--------------+
|     RTL Ports     | Dir | Bits|  Protocol  |                              Source Object                              |    C Type    |
+-------------------+-----+-----+------------+-------------------------------------------------------------------------+--------------+
|ap_ready           |  out|    1|  ap_ctrl_hs|  relu<ap_fixed<18, 7, 5, 3, 0>, ap_ufixed<6, 0, 4, 0, 0>, relu_config10>|  return value|
|ap_return_0        |  out|    6|  ap_ctrl_hs|  relu<ap_fixed<18, 7, 5, 3, 0>, ap_ufixed<6, 0, 4, 0, 0>, relu_config10>|  return value|
|ap_return_1        |  out|    6|  ap_ctrl_hs|  relu<ap_fixed<18, 7, 5, 3, 0>, ap_ufixed<6, 0, 4, 0, 0>, relu_config10>|  return value|
|ap_return_2        |  out|    6|  ap_ctrl_hs|  relu<ap_fixed<18, 7, 5, 3, 0>, ap_ufixed<6, 0, 4, 0, 0>, relu_config10>|  return value|
|ap_return_3        |  out|    6|  ap_ctrl_hs|  relu<ap_fixed<18, 7, 5, 3, 0>, ap_ufixed<6, 0, 4, 0, 0>, relu_config10>|  return value|
|ap_return_4        |  out|    6|  ap_ctrl_hs|  relu<ap_fixed<18, 7, 5, 3, 0>, ap_ufixed<6, 0, 4, 0, 0>, relu_config10>|  return value|
|ap_return_5        |  out|    6|  ap_ctrl_hs|  relu<ap_fixed<18, 7, 5, 3, 0>, ap_ufixed<6, 0, 4, 0, 0>, relu_config10>|  return value|
|ap_return_6        |  out|    6|  ap_ctrl_hs|  relu<ap_fixed<18, 7, 5, 3, 0>, ap_ufixed<6, 0, 4, 0, 0>, relu_config10>|  return value|
|ap_return_7        |  out|    6|  ap_ctrl_hs|  relu<ap_fixed<18, 7, 5, 3, 0>, ap_ufixed<6, 0, 4, 0, 0>, relu_config10>|  return value|
|ap_return_8        |  out|    6|  ap_ctrl_hs|  relu<ap_fixed<18, 7, 5, 3, 0>, ap_ufixed<6, 0, 4, 0, 0>, relu_config10>|  return value|
|ap_return_9        |  out|    6|  ap_ctrl_hs|  relu<ap_fixed<18, 7, 5, 3, 0>, ap_ufixed<6, 0, 4, 0, 0>, relu_config10>|  return value|
|ap_return_10       |  out|    6|  ap_ctrl_hs|  relu<ap_fixed<18, 7, 5, 3, 0>, ap_ufixed<6, 0, 4, 0, 0>, relu_config10>|  return value|
|ap_return_11       |  out|    6|  ap_ctrl_hs|  relu<ap_fixed<18, 7, 5, 3, 0>, ap_ufixed<6, 0, 4, 0, 0>, relu_config10>|  return value|
|ap_return_12       |  out|    6|  ap_ctrl_hs|  relu<ap_fixed<18, 7, 5, 3, 0>, ap_ufixed<6, 0, 4, 0, 0>, relu_config10>|  return value|
|ap_return_13       |  out|    6|  ap_ctrl_hs|  relu<ap_fixed<18, 7, 5, 3, 0>, ap_ufixed<6, 0, 4, 0, 0>, relu_config10>|  return value|
|ap_return_14       |  out|    6|  ap_ctrl_hs|  relu<ap_fixed<18, 7, 5, 3, 0>, ap_ufixed<6, 0, 4, 0, 0>, relu_config10>|  return value|
|ap_return_15       |  out|    6|  ap_ctrl_hs|  relu<ap_fixed<18, 7, 5, 3, 0>, ap_ufixed<6, 0, 4, 0, 0>, relu_config10>|  return value|
|ap_return_16       |  out|    6|  ap_ctrl_hs|  relu<ap_fixed<18, 7, 5, 3, 0>, ap_ufixed<6, 0, 4, 0, 0>, relu_config10>|  return value|
|ap_return_17       |  out|    6|  ap_ctrl_hs|  relu<ap_fixed<18, 7, 5, 3, 0>, ap_ufixed<6, 0, 4, 0, 0>, relu_config10>|  return value|
|ap_return_18       |  out|    6|  ap_ctrl_hs|  relu<ap_fixed<18, 7, 5, 3, 0>, ap_ufixed<6, 0, 4, 0, 0>, relu_config10>|  return value|
|ap_return_19       |  out|    6|  ap_ctrl_hs|  relu<ap_fixed<18, 7, 5, 3, 0>, ap_ufixed<6, 0, 4, 0, 0>, relu_config10>|  return value|
|ap_return_20       |  out|    6|  ap_ctrl_hs|  relu<ap_fixed<18, 7, 5, 3, 0>, ap_ufixed<6, 0, 4, 0, 0>, relu_config10>|  return value|
|ap_return_21       |  out|    6|  ap_ctrl_hs|  relu<ap_fixed<18, 7, 5, 3, 0>, ap_ufixed<6, 0, 4, 0, 0>, relu_config10>|  return value|
|ap_return_22       |  out|    6|  ap_ctrl_hs|  relu<ap_fixed<18, 7, 5, 3, 0>, ap_ufixed<6, 0, 4, 0, 0>, relu_config10>|  return value|
|ap_return_23       |  out|    6|  ap_ctrl_hs|  relu<ap_fixed<18, 7, 5, 3, 0>, ap_ufixed<6, 0, 4, 0, 0>, relu_config10>|  return value|
|ap_return_24       |  out|    6|  ap_ctrl_hs|  relu<ap_fixed<18, 7, 5, 3, 0>, ap_ufixed<6, 0, 4, 0, 0>, relu_config10>|  return value|
|ap_return_25       |  out|    6|  ap_ctrl_hs|  relu<ap_fixed<18, 7, 5, 3, 0>, ap_ufixed<6, 0, 4, 0, 0>, relu_config10>|  return value|
|ap_return_26       |  out|    6|  ap_ctrl_hs|  relu<ap_fixed<18, 7, 5, 3, 0>, ap_ufixed<6, 0, 4, 0, 0>, relu_config10>|  return value|
|ap_rst             |   in|    1|  ap_ctrl_hs|  relu<ap_fixed<18, 7, 5, 3, 0>, ap_ufixed<6, 0, 4, 0, 0>, relu_config10>|  return value|
|layer8_out_0_val   |   in|   18|     ap_none|                                                         layer8_out_0_val|        scalar|
|layer8_out_1_val   |   in|   18|     ap_none|                                                         layer8_out_1_val|        scalar|
|layer8_out_3_val   |   in|   18|     ap_none|                                                         layer8_out_3_val|        scalar|
|layer8_out_4_val   |   in|   18|     ap_none|                                                         layer8_out_4_val|        scalar|
|layer8_out_5_val   |   in|   18|     ap_none|                                                         layer8_out_5_val|        scalar|
|layer8_out_6_val   |   in|   18|     ap_none|                                                         layer8_out_6_val|        scalar|
|layer8_out_7_val   |   in|   18|     ap_none|                                                         layer8_out_7_val|        scalar|
|layer8_out_9_val   |   in|   18|     ap_none|                                                         layer8_out_9_val|        scalar|
|layer8_out_11_val  |   in|   18|     ap_none|                                                        layer8_out_11_val|        scalar|
|layer8_out_12_val  |   in|   18|     ap_none|                                                        layer8_out_12_val|        scalar|
|layer8_out_13_val  |   in|   18|     ap_none|                                                        layer8_out_13_val|        scalar|
|layer8_out_14_val  |   in|   18|     ap_none|                                                        layer8_out_14_val|        scalar|
|layer8_out_15_val  |   in|   18|     ap_none|                                                        layer8_out_15_val|        scalar|
|layer8_out_17_val  |   in|   18|     ap_none|                                                        layer8_out_17_val|        scalar|
|layer8_out_18_val  |   in|   18|     ap_none|                                                        layer8_out_18_val|        scalar|
|layer8_out_19_val  |   in|   18|     ap_none|                                                        layer8_out_19_val|        scalar|
|layer8_out_20_val  |   in|   18|     ap_none|                                                        layer8_out_20_val|        scalar|
|layer8_out_21_val  |   in|   18|     ap_none|                                                        layer8_out_21_val|        scalar|
|layer8_out_22_val  |   in|   18|     ap_none|                                                        layer8_out_22_val|        scalar|
|layer8_out_23_val  |   in|   18|     ap_none|                                                        layer8_out_23_val|        scalar|
|layer8_out_24_val  |   in|   18|     ap_none|                                                        layer8_out_24_val|        scalar|
|layer8_out_25_val  |   in|   18|     ap_none|                                                        layer8_out_25_val|        scalar|
|layer8_out_26_val  |   in|   18|     ap_none|                                                        layer8_out_26_val|        scalar|
|layer8_out_27_val  |   in|   18|     ap_none|                                                        layer8_out_27_val|        scalar|
|layer8_out_28_val  |   in|   18|     ap_none|                                                        layer8_out_28_val|        scalar|
|layer8_out_29_val  |   in|   18|     ap_none|                                                        layer8_out_29_val|        scalar|
|layer8_out_31_val  |   in|   18|     ap_none|                                                        layer8_out_31_val|        scalar|
+-------------------+-----+-----+------------+-------------------------------------------------------------------------+--------------+

