

================================================================
== Vitis HLS Report for 'relu_ap_fixed_18_7_5_3_0_ap_ufixed_6_0_4_0_0_relu_config10_s'
================================================================
* Date:           Fri Oct 17 11:03:52 2025

* Version:        2023.2 (Build 4023990 on Oct 11 2023)
* Project:        myproject_prj
* Solution:       solution1 (Vivado IP Flow Target)
* Product family: virtexuplus
* Target device:  xcu250-figd2104-2L-e


================================================================
== Performance Estimates
================================================================
+ Timing: 
    * Summary: 
    +--------+---------+----------+------------+
    |  Clock |  Target | Estimated| Uncertainty|
    +--------+---------+----------+------------+
    |ap_clk  |  5.00 ns|  2.278 ns|     1.35 ns|
    +--------+---------+----------+------------+

+ Latency: 
    * Summary: 
    +---------+---------+----------+----------+-----+-----+---------+
    |  Latency (cycles) |  Latency (absolute) |  Interval | Pipeline|
    |   min   |   max   |    min   |    max   | min | max |   Type  |
    +---------+---------+----------+----------+-----+-----+---------+
    |        0|        0|      0 ns|      0 ns|    1|    1|      yes|
    +---------+---------+----------+----------+-----+-----+---------+

    + Detail: 
        * Instance: 
        N/A

        * Loop: 
        N/A



================================================================
== Utilization Estimates
================================================================
* Summary: 
+---------------------+---------+-------+---------+---------+------+
|         Name        | BRAM_18K|  DSP  |    FF   |   LUT   | URAM |
+---------------------+---------+-------+---------+---------+------+
|DSP                  |        -|      -|        -|        -|     -|
|Expression           |        -|      -|        0|     3537|     -|
|FIFO                 |        -|      -|        -|        -|     -|
|Instance             |        -|      -|        -|        -|     -|
|Memory               |        -|      -|        -|        -|     -|
|Multiplexer          |        -|      -|        -|        -|     -|
|Register             |        -|      -|        -|        -|     -|
+---------------------+---------+-------+---------+---------+------+
|Total                |        0|      0|        0|     3537|     0|
+---------------------+---------+-------+---------+---------+------+
|Available SLR        |     1344|   3072|   864000|   432000|   320|
+---------------------+---------+-------+---------+---------+------+
|Utilization SLR (%)  |        0|      0|        0|       ~0|     0|
+---------------------+---------+-------+---------+---------+------+
|Available            |     5376|  12288|  3456000|  1728000|  1280|
+---------------------+---------+-------+---------+---------+------+
|Utilization (%)      |        0|      0|        0|       ~0|     0|
+---------------------+---------+-------+---------+---------+------+

+ Detail: 
    * Instance: 
    N/A

    * DSP: 
    N/A

    * Memory: 
    N/A

    * FIFO: 
    N/A

    * Expression: 
    +----------------------------+----------+----+---+----+------------+------------+
    |        Variable Name       | Operation| DSP| FF| LUT| Bitwidth P0| Bitwidth P1|
    +----------------------------+----------+----+---+----+------------+------------+
    |add_ln46_100_fu_2112_p2     |         +|   0|  0|  13|           6|           6|
    |add_ln46_101_fu_2334_p2     |         +|   0|  0|  13|           6|           6|
    |add_ln46_102_fu_2556_p2     |         +|   0|  0|  13|           6|           6|
    |add_ln46_103_fu_2778_p2     |         +|   0|  0|  13|           6|           6|
    |add_ln46_104_fu_3000_p2     |         +|   0|  0|  13|           6|           6|
    |add_ln46_105_fu_3222_p2     |         +|   0|  0|  13|           6|           6|
    |add_ln46_106_fu_3444_p2     |         +|   0|  0|  13|           6|           6|
    |add_ln46_107_fu_3666_p2     |         +|   0|  0|  13|           6|           6|
    |add_ln46_108_fu_3888_p2     |         +|   0|  0|  13|           6|           6|
    |add_ln46_109_fu_4110_p2     |         +|   0|  0|  13|           6|           6|
    |add_ln46_110_fu_4332_p2     |         +|   0|  0|  13|           6|           6|
    |add_ln46_111_fu_4554_p2     |         +|   0|  0|  13|           6|           6|
    |add_ln46_112_fu_4776_p2     |         +|   0|  0|  13|           6|           6|
    |add_ln46_113_fu_4998_p2     |         +|   0|  0|  13|           6|           6|
    |add_ln46_114_fu_5220_p2     |         +|   0|  0|  13|           6|           6|
    |add_ln46_115_fu_5442_p2     |         +|   0|  0|  13|           6|           6|
    |add_ln46_116_fu_5664_p2     |         +|   0|  0|  13|           6|           6|
    |add_ln46_117_fu_5886_p2     |         +|   0|  0|  13|           6|           6|
    |add_ln46_118_fu_6108_p2     |         +|   0|  0|  13|           6|           6|
    |add_ln46_93_fu_558_p2       |         +|   0|  0|  13|           6|           6|
    |add_ln46_94_fu_780_p2       |         +|   0|  0|  13|           6|           6|
    |add_ln46_95_fu_1002_p2      |         +|   0|  0|  13|           6|           6|
    |add_ln46_96_fu_1224_p2      |         +|   0|  0|  13|           6|           6|
    |add_ln46_97_fu_1446_p2      |         +|   0|  0|  13|           6|           6|
    |add_ln46_98_fu_1668_p2      |         +|   0|  0|  13|           6|           6|
    |add_ln46_99_fu_1890_p2      |         +|   0|  0|  13|           6|           6|
    |add_ln46_fu_336_p2          |         +|   0|  0|  13|           6|           6|
    |and_ln46_375_fu_410_p2      |       and|   0|  0|   2|           1|           1|
    |and_ln46_376_fu_416_p2      |       and|   0|  0|   2|           1|           1|
    |and_ln46_377_fu_440_p2      |       and|   0|  0|   2|           1|           1|
    |and_ln46_378_fu_548_p2      |       and|   0|  0|   2|           1|           1|
    |and_ln46_379_fu_632_p2      |       and|   0|  0|   2|           1|           1|
    |and_ln46_380_fu_638_p2      |       and|   0|  0|   2|           1|           1|
    |and_ln46_381_fu_662_p2      |       and|   0|  0|   2|           1|           1|
    |and_ln46_382_fu_770_p2      |       and|   0|  0|   2|           1|           1|
    |and_ln46_383_fu_854_p2      |       and|   0|  0|   2|           1|           1|
    |and_ln46_384_fu_860_p2      |       and|   0|  0|   2|           1|           1|
    |and_ln46_385_fu_884_p2      |       and|   0|  0|   2|           1|           1|
    |and_ln46_386_fu_992_p2      |       and|   0|  0|   2|           1|           1|
    |and_ln46_387_fu_1076_p2     |       and|   0|  0|   2|           1|           1|
    |and_ln46_388_fu_1082_p2     |       and|   0|  0|   2|           1|           1|
    |and_ln46_389_fu_1106_p2     |       and|   0|  0|   2|           1|           1|
    |and_ln46_390_fu_1214_p2     |       and|   0|  0|   2|           1|           1|
    |and_ln46_391_fu_1298_p2     |       and|   0|  0|   2|           1|           1|
    |and_ln46_392_fu_1304_p2     |       and|   0|  0|   2|           1|           1|
    |and_ln46_393_fu_1328_p2     |       and|   0|  0|   2|           1|           1|
    |and_ln46_394_fu_1436_p2     |       and|   0|  0|   2|           1|           1|
    |and_ln46_395_fu_1520_p2     |       and|   0|  0|   2|           1|           1|
    |and_ln46_396_fu_1526_p2     |       and|   0|  0|   2|           1|           1|
    |and_ln46_397_fu_1550_p2     |       and|   0|  0|   2|           1|           1|
    |and_ln46_398_fu_1658_p2     |       and|   0|  0|   2|           1|           1|
    |and_ln46_399_fu_1742_p2     |       and|   0|  0|   2|           1|           1|
    |and_ln46_400_fu_1748_p2     |       and|   0|  0|   2|           1|           1|
    |and_ln46_401_fu_1772_p2     |       and|   0|  0|   2|           1|           1|
    |and_ln46_402_fu_1880_p2     |       and|   0|  0|   2|           1|           1|
    |and_ln46_403_fu_1964_p2     |       and|   0|  0|   2|           1|           1|
    |and_ln46_404_fu_1970_p2     |       and|   0|  0|   2|           1|           1|
    |and_ln46_405_fu_1994_p2     |       and|   0|  0|   2|           1|           1|
    |and_ln46_406_fu_2102_p2     |       and|   0|  0|   2|           1|           1|
    |and_ln46_407_fu_2186_p2     |       and|   0|  0|   2|           1|           1|
    |and_ln46_408_fu_2192_p2     |       and|   0|  0|   2|           1|           1|
    |and_ln46_409_fu_2216_p2     |       and|   0|  0|   2|           1|           1|
    |and_ln46_410_fu_2324_p2     |       and|   0|  0|   2|           1|           1|
    |and_ln46_411_fu_2408_p2     |       and|   0|  0|   2|           1|           1|
    |and_ln46_412_fu_2414_p2     |       and|   0|  0|   2|           1|           1|
    |and_ln46_413_fu_2438_p2     |       and|   0|  0|   2|           1|           1|
    |and_ln46_414_fu_2546_p2     |       and|   0|  0|   2|           1|           1|
    |and_ln46_415_fu_2630_p2     |       and|   0|  0|   2|           1|           1|
    |and_ln46_416_fu_2636_p2     |       and|   0|  0|   2|           1|           1|
    |and_ln46_417_fu_2660_p2     |       and|   0|  0|   2|           1|           1|
    |and_ln46_418_fu_2768_p2     |       and|   0|  0|   2|           1|           1|
    |and_ln46_419_fu_2852_p2     |       and|   0|  0|   2|           1|           1|
    |and_ln46_420_fu_2858_p2     |       and|   0|  0|   2|           1|           1|
    |and_ln46_421_fu_2882_p2     |       and|   0|  0|   2|           1|           1|
    |and_ln46_422_fu_2990_p2     |       and|   0|  0|   2|           1|           1|
    |and_ln46_423_fu_3074_p2     |       and|   0|  0|   2|           1|           1|
    |and_ln46_424_fu_3080_p2     |       and|   0|  0|   2|           1|           1|
    |and_ln46_425_fu_3104_p2     |       and|   0|  0|   2|           1|           1|
    |and_ln46_426_fu_3212_p2     |       and|   0|  0|   2|           1|           1|
    |and_ln46_427_fu_3296_p2     |       and|   0|  0|   2|           1|           1|
    |and_ln46_428_fu_3302_p2     |       and|   0|  0|   2|           1|           1|
    |and_ln46_429_fu_3326_p2     |       and|   0|  0|   2|           1|           1|
    |and_ln46_430_fu_3434_p2     |       and|   0|  0|   2|           1|           1|
    |and_ln46_431_fu_3518_p2     |       and|   0|  0|   2|           1|           1|
    |and_ln46_432_fu_3524_p2     |       and|   0|  0|   2|           1|           1|
    |and_ln46_433_fu_3548_p2     |       and|   0|  0|   2|           1|           1|
    |and_ln46_434_fu_3656_p2     |       and|   0|  0|   2|           1|           1|
    |and_ln46_435_fu_3740_p2     |       and|   0|  0|   2|           1|           1|
    |and_ln46_436_fu_3746_p2     |       and|   0|  0|   2|           1|           1|
    |and_ln46_437_fu_3770_p2     |       and|   0|  0|   2|           1|           1|
    |and_ln46_438_fu_3878_p2     |       and|   0|  0|   2|           1|           1|
    |and_ln46_439_fu_3962_p2     |       and|   0|  0|   2|           1|           1|
    |and_ln46_440_fu_3968_p2     |       and|   0|  0|   2|           1|           1|
    |and_ln46_441_fu_3992_p2     |       and|   0|  0|   2|           1|           1|
    |and_ln46_442_fu_4100_p2     |       and|   0|  0|   2|           1|           1|
    |and_ln46_443_fu_4184_p2     |       and|   0|  0|   2|           1|           1|
    |and_ln46_444_fu_4190_p2     |       and|   0|  0|   2|           1|           1|
    |and_ln46_445_fu_4214_p2     |       and|   0|  0|   2|           1|           1|
    |and_ln46_446_fu_4322_p2     |       and|   0|  0|   2|           1|           1|
    |and_ln46_447_fu_4406_p2     |       and|   0|  0|   2|           1|           1|
    |and_ln46_448_fu_4412_p2     |       and|   0|  0|   2|           1|           1|
    |and_ln46_449_fu_4436_p2     |       and|   0|  0|   2|           1|           1|
    |and_ln46_450_fu_4544_p2     |       and|   0|  0|   2|           1|           1|
    |and_ln46_451_fu_4628_p2     |       and|   0|  0|   2|           1|           1|
    |and_ln46_452_fu_4634_p2     |       and|   0|  0|   2|           1|           1|
    |and_ln46_453_fu_4658_p2     |       and|   0|  0|   2|           1|           1|
    |and_ln46_454_fu_4766_p2     |       and|   0|  0|   2|           1|           1|
    |and_ln46_455_fu_4850_p2     |       and|   0|  0|   2|           1|           1|
    |and_ln46_456_fu_4856_p2     |       and|   0|  0|   2|           1|           1|
    |and_ln46_457_fu_4880_p2     |       and|   0|  0|   2|           1|           1|
    |and_ln46_458_fu_4988_p2     |       and|   0|  0|   2|           1|           1|
    |and_ln46_459_fu_5072_p2     |       and|   0|  0|   2|           1|           1|
    |and_ln46_460_fu_5078_p2     |       and|   0|  0|   2|           1|           1|
    |and_ln46_461_fu_5102_p2     |       and|   0|  0|   2|           1|           1|
    |and_ln46_462_fu_5210_p2     |       and|   0|  0|   2|           1|           1|
    |and_ln46_463_fu_5294_p2     |       and|   0|  0|   2|           1|           1|
    |and_ln46_464_fu_5300_p2     |       and|   0|  0|   2|           1|           1|
    |and_ln46_465_fu_5324_p2     |       and|   0|  0|   2|           1|           1|
    |and_ln46_466_fu_5432_p2     |       and|   0|  0|   2|           1|           1|
    |and_ln46_467_fu_5516_p2     |       and|   0|  0|   2|           1|           1|
    |and_ln46_468_fu_5522_p2     |       and|   0|  0|   2|           1|           1|
    |and_ln46_469_fu_5546_p2     |       and|   0|  0|   2|           1|           1|
    |and_ln46_470_fu_5654_p2     |       and|   0|  0|   2|           1|           1|
    |and_ln46_471_fu_5738_p2     |       and|   0|  0|   2|           1|           1|
    |and_ln46_472_fu_5744_p2     |       and|   0|  0|   2|           1|           1|
    |and_ln46_473_fu_5768_p2     |       and|   0|  0|   2|           1|           1|
    |and_ln46_474_fu_5876_p2     |       and|   0|  0|   2|           1|           1|
    |and_ln46_475_fu_5960_p2     |       and|   0|  0|   2|           1|           1|
    |and_ln46_476_fu_5966_p2     |       and|   0|  0|   2|           1|           1|
    |and_ln46_477_fu_5990_p2     |       and|   0|  0|   2|           1|           1|
    |and_ln46_478_fu_6098_p2     |       and|   0|  0|   2|           1|           1|
    |and_ln46_479_fu_6182_p2     |       and|   0|  0|   2|           1|           1|
    |and_ln46_480_fu_6188_p2     |       and|   0|  0|   2|           1|           1|
    |and_ln46_481_fu_6212_p2     |       and|   0|  0|   2|           1|           1|
    |and_ln46_fu_326_p2          |       and|   0|  0|   2|           1|           1|
    |icmp_ln45_100_fu_2038_p2    |      icmp|   0|  0|  25|          18|           1|
    |icmp_ln45_101_fu_2260_p2    |      icmp|   0|  0|  25|          18|           1|
    |icmp_ln45_102_fu_2482_p2    |      icmp|   0|  0|  25|          18|           1|
    |icmp_ln45_103_fu_2704_p2    |      icmp|   0|  0|  25|          18|           1|
    |icmp_ln45_104_fu_2926_p2    |      icmp|   0|  0|  25|          18|           1|
    |icmp_ln45_105_fu_3148_p2    |      icmp|   0|  0|  25|          18|           1|
    |icmp_ln45_106_fu_3370_p2    |      icmp|   0|  0|  25|          18|           1|
    |icmp_ln45_107_fu_3592_p2    |      icmp|   0|  0|  25|          18|           1|
    |icmp_ln45_108_fu_3814_p2    |      icmp|   0|  0|  25|          18|           1|
    |icmp_ln45_109_fu_4036_p2    |      icmp|   0|  0|  25|          18|           1|
    |icmp_ln45_110_fu_4258_p2    |      icmp|   0|  0|  25|          18|           1|
    |icmp_ln45_111_fu_4480_p2    |      icmp|   0|  0|  25|          18|           1|
    |icmp_ln45_112_fu_4702_p2    |      icmp|   0|  0|  25|          18|           1|
    |icmp_ln45_113_fu_4924_p2    |      icmp|   0|  0|  25|          18|           1|
    |icmp_ln45_114_fu_5146_p2    |      icmp|   0|  0|  25|          18|           1|
    |icmp_ln45_115_fu_5368_p2    |      icmp|   0|  0|  25|          18|           1|
    |icmp_ln45_116_fu_5590_p2    |      icmp|   0|  0|  25|          18|           1|
    |icmp_ln45_117_fu_5812_p2    |      icmp|   0|  0|  25|          18|           1|
    |icmp_ln45_118_fu_6034_p2    |      icmp|   0|  0|  25|          18|           1|
    |icmp_ln45_93_fu_484_p2      |      icmp|   0|  0|  25|          18|           1|
    |icmp_ln45_94_fu_706_p2      |      icmp|   0|  0|  25|          18|           1|
    |icmp_ln45_95_fu_928_p2      |      icmp|   0|  0|  25|          18|           1|
    |icmp_ln45_96_fu_1150_p2     |      icmp|   0|  0|  25|          18|           1|
    |icmp_ln45_97_fu_1372_p2     |      icmp|   0|  0|  25|          18|           1|
    |icmp_ln45_98_fu_1594_p2     |      icmp|   0|  0|  25|          18|           1|
    |icmp_ln45_99_fu_1816_p2     |      icmp|   0|  0|  25|          18|           1|
    |icmp_ln45_fu_262_p2         |      icmp|   0|  0|  25|          18|           1|
    |icmp_ln46_281_fu_356_p2     |      icmp|   0|  0|  14|           7|           2|
    |icmp_ln46_282_fu_362_p2     |      icmp|   0|  0|  14|           7|           1|
    |icmp_ln46_283_fu_528_p2     |      icmp|   0|  0|  12|           4|           1|
    |icmp_ln46_284_fu_578_p2     |      icmp|   0|  0|  14|           7|           2|
    |icmp_ln46_285_fu_584_p2     |      icmp|   0|  0|  14|           7|           1|
    |icmp_ln46_286_fu_750_p2     |      icmp|   0|  0|  12|           4|           1|
    |icmp_ln46_287_fu_800_p2     |      icmp|   0|  0|  14|           7|           2|
    |icmp_ln46_288_fu_806_p2     |      icmp|   0|  0|  14|           7|           1|
    |icmp_ln46_289_fu_972_p2     |      icmp|   0|  0|  12|           4|           1|
    |icmp_ln46_290_fu_1022_p2    |      icmp|   0|  0|  14|           7|           2|
    |icmp_ln46_291_fu_1028_p2    |      icmp|   0|  0|  14|           7|           1|
    |icmp_ln46_292_fu_1194_p2    |      icmp|   0|  0|  12|           4|           1|
    |icmp_ln46_293_fu_1244_p2    |      icmp|   0|  0|  14|           7|           2|
    |icmp_ln46_294_fu_1250_p2    |      icmp|   0|  0|  14|           7|           1|
    |icmp_ln46_295_fu_1416_p2    |      icmp|   0|  0|  12|           4|           1|
    |icmp_ln46_296_fu_1466_p2    |      icmp|   0|  0|  14|           7|           2|
    |icmp_ln46_297_fu_1472_p2    |      icmp|   0|  0|  14|           7|           1|
    |icmp_ln46_298_fu_1638_p2    |      icmp|   0|  0|  12|           4|           1|
    |icmp_ln46_299_fu_1688_p2    |      icmp|   0|  0|  14|           7|           2|
    |icmp_ln46_300_fu_1694_p2    |      icmp|   0|  0|  14|           7|           1|
    |icmp_ln46_301_fu_1860_p2    |      icmp|   0|  0|  12|           4|           1|
    |icmp_ln46_302_fu_1910_p2    |      icmp|   0|  0|  14|           7|           2|
    |icmp_ln46_303_fu_1916_p2    |      icmp|   0|  0|  14|           7|           1|
    |icmp_ln46_304_fu_2082_p2    |      icmp|   0|  0|  12|           4|           1|
    |icmp_ln46_305_fu_2132_p2    |      icmp|   0|  0|  14|           7|           2|
    |icmp_ln46_306_fu_2138_p2    |      icmp|   0|  0|  14|           7|           1|
    |icmp_ln46_307_fu_2304_p2    |      icmp|   0|  0|  12|           4|           1|
    |icmp_ln46_308_fu_2354_p2    |      icmp|   0|  0|  14|           7|           2|
    |icmp_ln46_309_fu_2360_p2    |      icmp|   0|  0|  14|           7|           1|
    |icmp_ln46_310_fu_2526_p2    |      icmp|   0|  0|  12|           4|           1|
    |icmp_ln46_311_fu_2576_p2    |      icmp|   0|  0|  14|           7|           2|
    |icmp_ln46_312_fu_2582_p2    |      icmp|   0|  0|  14|           7|           1|
    |icmp_ln46_313_fu_2748_p2    |      icmp|   0|  0|  12|           4|           1|
    |icmp_ln46_314_fu_2798_p2    |      icmp|   0|  0|  14|           7|           2|
    |icmp_ln46_315_fu_2804_p2    |      icmp|   0|  0|  14|           7|           1|
    |icmp_ln46_316_fu_2970_p2    |      icmp|   0|  0|  12|           4|           1|
    |icmp_ln46_317_fu_3020_p2    |      icmp|   0|  0|  14|           7|           2|
    |icmp_ln46_318_fu_3026_p2    |      icmp|   0|  0|  14|           7|           1|
    |icmp_ln46_319_fu_3192_p2    |      icmp|   0|  0|  12|           4|           1|
    |icmp_ln46_320_fu_3242_p2    |      icmp|   0|  0|  14|           7|           2|
    |icmp_ln46_321_fu_3248_p2    |      icmp|   0|  0|  14|           7|           1|
    |icmp_ln46_322_fu_3414_p2    |      icmp|   0|  0|  12|           4|           1|
    |icmp_ln46_323_fu_3464_p2    |      icmp|   0|  0|  14|           7|           2|
    |icmp_ln46_324_fu_3470_p2    |      icmp|   0|  0|  14|           7|           1|
    |icmp_ln46_325_fu_3636_p2    |      icmp|   0|  0|  12|           4|           1|
    |icmp_ln46_326_fu_3686_p2    |      icmp|   0|  0|  14|           7|           2|
    |icmp_ln46_327_fu_3692_p2    |      icmp|   0|  0|  14|           7|           1|
    |icmp_ln46_328_fu_3858_p2    |      icmp|   0|  0|  12|           4|           1|
    |icmp_ln46_329_fu_3908_p2    |      icmp|   0|  0|  14|           7|           2|
    |icmp_ln46_330_fu_3914_p2    |      icmp|   0|  0|  14|           7|           1|
    |icmp_ln46_331_fu_4080_p2    |      icmp|   0|  0|  12|           4|           1|
    |icmp_ln46_332_fu_4130_p2    |      icmp|   0|  0|  14|           7|           2|
    |icmp_ln46_333_fu_4136_p2    |      icmp|   0|  0|  14|           7|           1|
    |icmp_ln46_334_fu_4302_p2    |      icmp|   0|  0|  12|           4|           1|
    |icmp_ln46_335_fu_4352_p2    |      icmp|   0|  0|  14|           7|           2|
    |icmp_ln46_336_fu_4358_p2    |      icmp|   0|  0|  14|           7|           1|
    |icmp_ln46_337_fu_4524_p2    |      icmp|   0|  0|  12|           4|           1|
    |icmp_ln46_338_fu_4574_p2    |      icmp|   0|  0|  14|           7|           2|
    |icmp_ln46_339_fu_4580_p2    |      icmp|   0|  0|  14|           7|           1|
    |icmp_ln46_340_fu_4746_p2    |      icmp|   0|  0|  12|           4|           1|
    |icmp_ln46_341_fu_4796_p2    |      icmp|   0|  0|  14|           7|           2|
    |icmp_ln46_342_fu_4802_p2    |      icmp|   0|  0|  14|           7|           1|
    |icmp_ln46_343_fu_4968_p2    |      icmp|   0|  0|  12|           4|           1|
    |icmp_ln46_344_fu_5018_p2    |      icmp|   0|  0|  14|           7|           2|
    |icmp_ln46_345_fu_5024_p2    |      icmp|   0|  0|  14|           7|           1|
    |icmp_ln46_346_fu_5190_p2    |      icmp|   0|  0|  12|           4|           1|
    |icmp_ln46_347_fu_5240_p2    |      icmp|   0|  0|  14|           7|           2|
    |icmp_ln46_348_fu_5246_p2    |      icmp|   0|  0|  14|           7|           1|
    |icmp_ln46_349_fu_5412_p2    |      icmp|   0|  0|  12|           4|           1|
    |icmp_ln46_350_fu_5462_p2    |      icmp|   0|  0|  14|           7|           2|
    |icmp_ln46_351_fu_5468_p2    |      icmp|   0|  0|  14|           7|           1|
    |icmp_ln46_352_fu_5634_p2    |      icmp|   0|  0|  12|           4|           1|
    |icmp_ln46_353_fu_5684_p2    |      icmp|   0|  0|  14|           7|           2|
    |icmp_ln46_354_fu_5690_p2    |      icmp|   0|  0|  14|           7|           1|
    |icmp_ln46_355_fu_5856_p2    |      icmp|   0|  0|  12|           4|           1|
    |icmp_ln46_356_fu_5906_p2    |      icmp|   0|  0|  14|           7|           2|
    |icmp_ln46_357_fu_5912_p2    |      icmp|   0|  0|  14|           7|           1|
    |icmp_ln46_358_fu_6078_p2    |      icmp|   0|  0|  12|           4|           1|
    |icmp_ln46_359_fu_6128_p2    |      icmp|   0|  0|  14|           7|           2|
    |icmp_ln46_360_fu_6134_p2    |      icmp|   0|  0|  14|           7|           1|
    |icmp_ln46_fu_306_p2         |      icmp|   0|  0|  12|           4|           1|
    |or_ln46_281_fu_398_p2       |        or|   0|  0|   2|           1|           1|
    |or_ln46_282_fu_446_p2       |        or|   0|  0|   2|           1|           1|
    |or_ln46_283_fu_542_p2       |        or|   0|  0|   2|           1|           1|
    |or_ln46_284_fu_620_p2       |        or|   0|  0|   2|           1|           1|
    |or_ln46_285_fu_668_p2       |        or|   0|  0|   2|           1|           1|
    |or_ln46_286_fu_764_p2       |        or|   0|  0|   2|           1|           1|
    |or_ln46_287_fu_842_p2       |        or|   0|  0|   2|           1|           1|
    |or_ln46_288_fu_890_p2       |        or|   0|  0|   2|           1|           1|
    |or_ln46_289_fu_986_p2       |        or|   0|  0|   2|           1|           1|
    |or_ln46_290_fu_1064_p2      |        or|   0|  0|   2|           1|           1|
    |or_ln46_291_fu_1112_p2      |        or|   0|  0|   2|           1|           1|
    |or_ln46_292_fu_1208_p2      |        or|   0|  0|   2|           1|           1|
    |or_ln46_293_fu_1286_p2      |        or|   0|  0|   2|           1|           1|
    |or_ln46_294_fu_1334_p2      |        or|   0|  0|   2|           1|           1|
    |or_ln46_295_fu_1430_p2      |        or|   0|  0|   2|           1|           1|
    |or_ln46_296_fu_1508_p2      |        or|   0|  0|   2|           1|           1|
    |or_ln46_297_fu_1556_p2      |        or|   0|  0|   2|           1|           1|
    |or_ln46_298_fu_1652_p2      |        or|   0|  0|   2|           1|           1|
    |or_ln46_299_fu_1730_p2      |        or|   0|  0|   2|           1|           1|
    |or_ln46_300_fu_1778_p2      |        or|   0|  0|   2|           1|           1|
    |or_ln46_301_fu_1874_p2      |        or|   0|  0|   2|           1|           1|
    |or_ln46_302_fu_1952_p2      |        or|   0|  0|   2|           1|           1|
    |or_ln46_303_fu_2000_p2      |        or|   0|  0|   2|           1|           1|
    |or_ln46_304_fu_2096_p2      |        or|   0|  0|   2|           1|           1|
    |or_ln46_305_fu_2174_p2      |        or|   0|  0|   2|           1|           1|
    |or_ln46_306_fu_2222_p2      |        or|   0|  0|   2|           1|           1|
    |or_ln46_307_fu_2318_p2      |        or|   0|  0|   2|           1|           1|
    |or_ln46_308_fu_2396_p2      |        or|   0|  0|   2|           1|           1|
    |or_ln46_309_fu_2444_p2      |        or|   0|  0|   2|           1|           1|
    |or_ln46_310_fu_2540_p2      |        or|   0|  0|   2|           1|           1|
    |or_ln46_311_fu_2618_p2      |        or|   0|  0|   2|           1|           1|
    |or_ln46_312_fu_2666_p2      |        or|   0|  0|   2|           1|           1|
    |or_ln46_313_fu_2762_p2      |        or|   0|  0|   2|           1|           1|
    |or_ln46_314_fu_2840_p2      |        or|   0|  0|   2|           1|           1|
    |or_ln46_315_fu_2888_p2      |        or|   0|  0|   2|           1|           1|
    |or_ln46_316_fu_2984_p2      |        or|   0|  0|   2|           1|           1|
    |or_ln46_317_fu_3062_p2      |        or|   0|  0|   2|           1|           1|
    |or_ln46_318_fu_3110_p2      |        or|   0|  0|   2|           1|           1|
    |or_ln46_319_fu_3206_p2      |        or|   0|  0|   2|           1|           1|
    |or_ln46_320_fu_3284_p2      |        or|   0|  0|   2|           1|           1|
    |or_ln46_321_fu_3332_p2      |        or|   0|  0|   2|           1|           1|
    |or_ln46_322_fu_3428_p2      |        or|   0|  0|   2|           1|           1|
    |or_ln46_323_fu_3506_p2      |        or|   0|  0|   2|           1|           1|
    |or_ln46_324_fu_3554_p2      |        or|   0|  0|   2|           1|           1|
    |or_ln46_325_fu_3650_p2      |        or|   0|  0|   2|           1|           1|
    |or_ln46_326_fu_3728_p2      |        or|   0|  0|   2|           1|           1|
    |or_ln46_327_fu_3776_p2      |        or|   0|  0|   2|           1|           1|
    |or_ln46_328_fu_3872_p2      |        or|   0|  0|   2|           1|           1|
    |or_ln46_329_fu_3950_p2      |        or|   0|  0|   2|           1|           1|
    |or_ln46_330_fu_3998_p2      |        or|   0|  0|   2|           1|           1|
    |or_ln46_331_fu_4094_p2      |        or|   0|  0|   2|           1|           1|
    |or_ln46_332_fu_4172_p2      |        or|   0|  0|   2|           1|           1|
    |or_ln46_333_fu_4220_p2      |        or|   0|  0|   2|           1|           1|
    |or_ln46_334_fu_4316_p2      |        or|   0|  0|   2|           1|           1|
    |or_ln46_335_fu_4394_p2      |        or|   0|  0|   2|           1|           1|
    |or_ln46_336_fu_4442_p2      |        or|   0|  0|   2|           1|           1|
    |or_ln46_337_fu_4538_p2      |        or|   0|  0|   2|           1|           1|
    |or_ln46_338_fu_4616_p2      |        or|   0|  0|   2|           1|           1|
    |or_ln46_339_fu_4664_p2      |        or|   0|  0|   2|           1|           1|
    |or_ln46_340_fu_4760_p2      |        or|   0|  0|   2|           1|           1|
    |or_ln46_341_fu_4838_p2      |        or|   0|  0|   2|           1|           1|
    |or_ln46_342_fu_4886_p2      |        or|   0|  0|   2|           1|           1|
    |or_ln46_343_fu_4982_p2      |        or|   0|  0|   2|           1|           1|
    |or_ln46_344_fu_5060_p2      |        or|   0|  0|   2|           1|           1|
    |or_ln46_345_fu_5108_p2      |        or|   0|  0|   2|           1|           1|
    |or_ln46_346_fu_5204_p2      |        or|   0|  0|   2|           1|           1|
    |or_ln46_347_fu_5282_p2      |        or|   0|  0|   2|           1|           1|
    |or_ln46_348_fu_5330_p2      |        or|   0|  0|   2|           1|           1|
    |or_ln46_349_fu_5426_p2      |        or|   0|  0|   2|           1|           1|
    |or_ln46_350_fu_5504_p2      |        or|   0|  0|   2|           1|           1|
    |or_ln46_351_fu_5552_p2      |        or|   0|  0|   2|           1|           1|
    |or_ln46_352_fu_5648_p2      |        or|   0|  0|   2|           1|           1|
    |or_ln46_353_fu_5726_p2      |        or|   0|  0|   2|           1|           1|
    |or_ln46_354_fu_5774_p2      |        or|   0|  0|   2|           1|           1|
    |or_ln46_355_fu_5870_p2      |        or|   0|  0|   2|           1|           1|
    |or_ln46_356_fu_5948_p2      |        or|   0|  0|   2|           1|           1|
    |or_ln46_357_fu_5996_p2      |        or|   0|  0|   2|           1|           1|
    |or_ln46_358_fu_6092_p2      |        or|   0|  0|   2|           1|           1|
    |or_ln46_359_fu_6170_p2      |        or|   0|  0|   2|           1|           1|
    |or_ln46_360_fu_6218_p2      |        or|   0|  0|   2|           1|           1|
    |or_ln46_fu_320_p2           |        or|   0|  0|   2|           1|           1|
    |select_ln45_100_fu_2252_p3  |    select|   0|  0|   6|           1|           6|
    |select_ln45_101_fu_2474_p3  |    select|   0|  0|   6|           1|           6|
    |select_ln45_102_fu_2696_p3  |    select|   0|  0|   6|           1|           6|
    |select_ln45_103_fu_2918_p3  |    select|   0|  0|   6|           1|           6|
    |select_ln45_104_fu_3140_p3  |    select|   0|  0|   6|           1|           6|
    |select_ln45_105_fu_3362_p3  |    select|   0|  0|   6|           1|           6|
    |select_ln45_106_fu_3584_p3  |    select|   0|  0|   6|           1|           6|
    |select_ln45_107_fu_3806_p3  |    select|   0|  0|   6|           1|           6|
    |select_ln45_108_fu_4028_p3  |    select|   0|  0|   6|           1|           6|
    |select_ln45_109_fu_4250_p3  |    select|   0|  0|   6|           1|           6|
    |select_ln45_110_fu_4472_p3  |    select|   0|  0|   6|           1|           6|
    |select_ln45_111_fu_4694_p3  |    select|   0|  0|   6|           1|           6|
    |select_ln45_112_fu_4916_p3  |    select|   0|  0|   6|           1|           6|
    |select_ln45_113_fu_5138_p3  |    select|   0|  0|   6|           1|           6|
    |select_ln45_114_fu_5360_p3  |    select|   0|  0|   6|           1|           6|
    |select_ln45_115_fu_5582_p3  |    select|   0|  0|   6|           1|           6|
    |select_ln45_116_fu_5804_p3  |    select|   0|  0|   6|           1|           6|
    |select_ln45_117_fu_6026_p3  |    select|   0|  0|   6|           1|           6|
    |select_ln45_118_fu_6248_p3  |    select|   0|  0|   6|           1|           6|
    |select_ln45_93_fu_698_p3    |    select|   0|  0|   6|           1|           6|
    |select_ln45_94_fu_920_p3    |    select|   0|  0|   6|           1|           6|
    |select_ln45_95_fu_1142_p3   |    select|   0|  0|   6|           1|           6|
    |select_ln45_96_fu_1364_p3   |    select|   0|  0|   6|           1|           6|
    |select_ln45_97_fu_1586_p3   |    select|   0|  0|   6|           1|           6|
    |select_ln45_98_fu_1808_p3   |    select|   0|  0|   6|           1|           6|
    |select_ln45_99_fu_2030_p3   |    select|   0|  0|   6|           1|           6|
    |select_ln45_fu_476_p3       |    select|   0|  0|   6|           1|           6|
    |select_ln46_375_fu_428_p3   |    select|   0|  0|   5|           1|           5|
    |select_ln46_376_fu_460_p3   |    select|   0|  0|   6|           1|           6|
    |select_ln46_377_fu_468_p3   |    select|   0|  0|   6|           1|           6|
    |select_ln46_378_fu_604_p3   |    select|   0|  0|   2|           1|           1|
    |select_ln46_379_fu_650_p3   |    select|   0|  0|   5|           1|           5|
    |select_ln46_380_fu_682_p3   |    select|   0|  0|   6|           1|           6|
    |select_ln46_381_fu_690_p3   |    select|   0|  0|   6|           1|           6|
    |select_ln46_382_fu_826_p3   |    select|   0|  0|   2|           1|           1|
    |select_ln46_383_fu_872_p3   |    select|   0|  0|   5|           1|           5|
    |select_ln46_384_fu_904_p3   |    select|   0|  0|   6|           1|           6|
    |select_ln46_385_fu_912_p3   |    select|   0|  0|   6|           1|           6|
    |select_ln46_386_fu_1048_p3  |    select|   0|  0|   2|           1|           1|
    |select_ln46_387_fu_1094_p3  |    select|   0|  0|   5|           1|           5|
    |select_ln46_388_fu_1126_p3  |    select|   0|  0|   6|           1|           6|
    |select_ln46_389_fu_1134_p3  |    select|   0|  0|   6|           1|           6|
    |select_ln46_390_fu_1270_p3  |    select|   0|  0|   2|           1|           1|
    |select_ln46_391_fu_1316_p3  |    select|   0|  0|   5|           1|           5|
    |select_ln46_392_fu_1348_p3  |    select|   0|  0|   6|           1|           6|
    |select_ln46_393_fu_1356_p3  |    select|   0|  0|   6|           1|           6|
    |select_ln46_394_fu_1492_p3  |    select|   0|  0|   2|           1|           1|
    |select_ln46_395_fu_1538_p3  |    select|   0|  0|   5|           1|           5|
    |select_ln46_396_fu_1570_p3  |    select|   0|  0|   6|           1|           6|
    |select_ln46_397_fu_1578_p3  |    select|   0|  0|   6|           1|           6|
    |select_ln46_398_fu_1714_p3  |    select|   0|  0|   2|           1|           1|
    |select_ln46_399_fu_1760_p3  |    select|   0|  0|   5|           1|           5|
    |select_ln46_400_fu_1792_p3  |    select|   0|  0|   6|           1|           6|
    |select_ln46_401_fu_1800_p3  |    select|   0|  0|   6|           1|           6|
    |select_ln46_402_fu_1936_p3  |    select|   0|  0|   2|           1|           1|
    |select_ln46_403_fu_1982_p3  |    select|   0|  0|   5|           1|           5|
    |select_ln46_404_fu_2014_p3  |    select|   0|  0|   6|           1|           6|
    |select_ln46_405_fu_2022_p3  |    select|   0|  0|   6|           1|           6|
    |select_ln46_406_fu_2158_p3  |    select|   0|  0|   2|           1|           1|
    |select_ln46_407_fu_2204_p3  |    select|   0|  0|   5|           1|           5|
    |select_ln46_408_fu_2236_p3  |    select|   0|  0|   6|           1|           6|
    |select_ln46_409_fu_2244_p3  |    select|   0|  0|   6|           1|           6|
    |select_ln46_410_fu_2380_p3  |    select|   0|  0|   2|           1|           1|
    |select_ln46_411_fu_2426_p3  |    select|   0|  0|   5|           1|           5|
    |select_ln46_412_fu_2458_p3  |    select|   0|  0|   6|           1|           6|
    |select_ln46_413_fu_2466_p3  |    select|   0|  0|   6|           1|           6|
    |select_ln46_414_fu_2602_p3  |    select|   0|  0|   2|           1|           1|
    |select_ln46_415_fu_2648_p3  |    select|   0|  0|   5|           1|           5|
    |select_ln46_416_fu_2680_p3  |    select|   0|  0|   6|           1|           6|
    |select_ln46_417_fu_2688_p3  |    select|   0|  0|   6|           1|           6|
    |select_ln46_418_fu_2824_p3  |    select|   0|  0|   2|           1|           1|
    |select_ln46_419_fu_2870_p3  |    select|   0|  0|   5|           1|           5|
    |select_ln46_420_fu_2902_p3  |    select|   0|  0|   6|           1|           6|
    |select_ln46_421_fu_2910_p3  |    select|   0|  0|   6|           1|           6|
    |select_ln46_422_fu_3046_p3  |    select|   0|  0|   2|           1|           1|
    |select_ln46_423_fu_3092_p3  |    select|   0|  0|   5|           1|           5|
    |select_ln46_424_fu_3124_p3  |    select|   0|  0|   6|           1|           6|
    |select_ln46_425_fu_3132_p3  |    select|   0|  0|   6|           1|           6|
    |select_ln46_426_fu_3268_p3  |    select|   0|  0|   2|           1|           1|
    |select_ln46_427_fu_3314_p3  |    select|   0|  0|   5|           1|           5|
    |select_ln46_428_fu_3346_p3  |    select|   0|  0|   6|           1|           6|
    |select_ln46_429_fu_3354_p3  |    select|   0|  0|   6|           1|           6|
    |select_ln46_430_fu_3490_p3  |    select|   0|  0|   2|           1|           1|
    |select_ln46_431_fu_3536_p3  |    select|   0|  0|   5|           1|           5|
    |select_ln46_432_fu_3568_p3  |    select|   0|  0|   6|           1|           6|
    |select_ln46_433_fu_3576_p3  |    select|   0|  0|   6|           1|           6|
    |select_ln46_434_fu_3712_p3  |    select|   0|  0|   2|           1|           1|
    |select_ln46_435_fu_3758_p3  |    select|   0|  0|   5|           1|           5|
    |select_ln46_436_fu_3790_p3  |    select|   0|  0|   6|           1|           6|
    |select_ln46_437_fu_3798_p3  |    select|   0|  0|   6|           1|           6|
    |select_ln46_438_fu_3934_p3  |    select|   0|  0|   2|           1|           1|
    |select_ln46_439_fu_3980_p3  |    select|   0|  0|   5|           1|           5|
    |select_ln46_440_fu_4012_p3  |    select|   0|  0|   6|           1|           6|
    |select_ln46_441_fu_4020_p3  |    select|   0|  0|   6|           1|           6|
    |select_ln46_442_fu_4156_p3  |    select|   0|  0|   2|           1|           1|
    |select_ln46_443_fu_4202_p3  |    select|   0|  0|   5|           1|           5|
    |select_ln46_444_fu_4234_p3  |    select|   0|  0|   6|           1|           6|
    |select_ln46_445_fu_4242_p3  |    select|   0|  0|   6|           1|           6|
    |select_ln46_446_fu_4378_p3  |    select|   0|  0|   2|           1|           1|
    |select_ln46_447_fu_4424_p3  |    select|   0|  0|   5|           1|           5|
    |select_ln46_448_fu_4456_p3  |    select|   0|  0|   6|           1|           6|
    |select_ln46_449_fu_4464_p3  |    select|   0|  0|   6|           1|           6|
    |select_ln46_450_fu_4600_p3  |    select|   0|  0|   2|           1|           1|
    |select_ln46_451_fu_4646_p3  |    select|   0|  0|   5|           1|           5|
    |select_ln46_452_fu_4678_p3  |    select|   0|  0|   6|           1|           6|
    |select_ln46_453_fu_4686_p3  |    select|   0|  0|   6|           1|           6|
    |select_ln46_454_fu_4822_p3  |    select|   0|  0|   2|           1|           1|
    |select_ln46_455_fu_4868_p3  |    select|   0|  0|   5|           1|           5|
    |select_ln46_456_fu_4900_p3  |    select|   0|  0|   6|           1|           6|
    |select_ln46_457_fu_4908_p3  |    select|   0|  0|   6|           1|           6|
    |select_ln46_458_fu_5044_p3  |    select|   0|  0|   2|           1|           1|
    |select_ln46_459_fu_5090_p3  |    select|   0|  0|   5|           1|           5|
    |select_ln46_460_fu_5122_p3  |    select|   0|  0|   6|           1|           6|
    |select_ln46_461_fu_5130_p3  |    select|   0|  0|   6|           1|           6|
    |select_ln46_462_fu_5266_p3  |    select|   0|  0|   2|           1|           1|
    |select_ln46_463_fu_5312_p3  |    select|   0|  0|   5|           1|           5|
    |select_ln46_464_fu_5344_p3  |    select|   0|  0|   6|           1|           6|
    |select_ln46_465_fu_5352_p3  |    select|   0|  0|   6|           1|           6|
    |select_ln46_466_fu_5488_p3  |    select|   0|  0|   2|           1|           1|
    |select_ln46_467_fu_5534_p3  |    select|   0|  0|   5|           1|           5|
    |select_ln46_468_fu_5566_p3  |    select|   0|  0|   6|           1|           6|
    |select_ln46_469_fu_5574_p3  |    select|   0|  0|   6|           1|           6|
    |select_ln46_470_fu_5710_p3  |    select|   0|  0|   2|           1|           1|
    |select_ln46_471_fu_5756_p3  |    select|   0|  0|   5|           1|           5|
    |select_ln46_472_fu_5788_p3  |    select|   0|  0|   6|           1|           6|
    |select_ln46_473_fu_5796_p3  |    select|   0|  0|   6|           1|           6|
    |select_ln46_474_fu_5932_p3  |    select|   0|  0|   2|           1|           1|
    |select_ln46_475_fu_5978_p3  |    select|   0|  0|   5|           1|           5|
    |select_ln46_476_fu_6010_p3  |    select|   0|  0|   6|           1|           6|
    |select_ln46_477_fu_6018_p3  |    select|   0|  0|   6|           1|           6|
    |select_ln46_478_fu_6154_p3  |    select|   0|  0|   2|           1|           1|
    |select_ln46_479_fu_6200_p3  |    select|   0|  0|   5|           1|           5|
    |select_ln46_480_fu_6232_p3  |    select|   0|  0|   6|           1|           6|
    |select_ln46_481_fu_6240_p3  |    select|   0|  0|   6|           1|           6|
    |select_ln46_482_fu_390_p3   |    select|   0|  0|   2|           1|           1|
    |select_ln46_483_fu_452_p3   |    select|   0|  0|   6|           1|           6|
    |select_ln46_484_fu_612_p3   |    select|   0|  0|   2|           1|           1|
    |select_ln46_485_fu_674_p3   |    select|   0|  0|   6|           1|           6|
    |select_ln46_486_fu_834_p3   |    select|   0|  0|   2|           1|           1|
    |select_ln46_487_fu_896_p3   |    select|   0|  0|   6|           1|           6|
    |select_ln46_488_fu_1056_p3  |    select|   0|  0|   2|           1|           1|
    |select_ln46_489_fu_1118_p3  |    select|   0|  0|   6|           1|           6|
    |select_ln46_490_fu_1278_p3  |    select|   0|  0|   2|           1|           1|
    |select_ln46_491_fu_1340_p3  |    select|   0|  0|   6|           1|           6|
    |select_ln46_492_fu_1500_p3  |    select|   0|  0|   2|           1|           1|
    |select_ln46_493_fu_1562_p3  |    select|   0|  0|   6|           1|           6|
    |select_ln46_494_fu_1722_p3  |    select|   0|  0|   2|           1|           1|
    |select_ln46_495_fu_1784_p3  |    select|   0|  0|   6|           1|           6|
    |select_ln46_496_fu_1944_p3  |    select|   0|  0|   2|           1|           1|
    |select_ln46_497_fu_2006_p3  |    select|   0|  0|   6|           1|           6|
    |select_ln46_498_fu_2166_p3  |    select|   0|  0|   2|           1|           1|
    |select_ln46_499_fu_2228_p3  |    select|   0|  0|   6|           1|           6|
    |select_ln46_500_fu_2388_p3  |    select|   0|  0|   2|           1|           1|
    |select_ln46_501_fu_2450_p3  |    select|   0|  0|   6|           1|           6|
    |select_ln46_502_fu_2610_p3  |    select|   0|  0|   2|           1|           1|
    |select_ln46_503_fu_2672_p3  |    select|   0|  0|   6|           1|           6|
    |select_ln46_504_fu_2832_p3  |    select|   0|  0|   2|           1|           1|
    |select_ln46_505_fu_2894_p3  |    select|   0|  0|   6|           1|           6|
    |select_ln46_506_fu_3054_p3  |    select|   0|  0|   2|           1|           1|
    |select_ln46_507_fu_3116_p3  |    select|   0|  0|   6|           1|           6|
    |select_ln46_508_fu_3276_p3  |    select|   0|  0|   2|           1|           1|
    |select_ln46_509_fu_3338_p3  |    select|   0|  0|   6|           1|           6|
    |select_ln46_510_fu_3498_p3  |    select|   0|  0|   2|           1|           1|
    |select_ln46_511_fu_3560_p3  |    select|   0|  0|   6|           1|           6|
    |select_ln46_512_fu_3720_p3  |    select|   0|  0|   2|           1|           1|
    |select_ln46_513_fu_3782_p3  |    select|   0|  0|   6|           1|           6|
    |select_ln46_514_fu_3942_p3  |    select|   0|  0|   2|           1|           1|
    |select_ln46_515_fu_4004_p3  |    select|   0|  0|   6|           1|           6|
    |select_ln46_516_fu_4164_p3  |    select|   0|  0|   2|           1|           1|
    |select_ln46_517_fu_4226_p3  |    select|   0|  0|   6|           1|           6|
    |select_ln46_518_fu_4386_p3  |    select|   0|  0|   2|           1|           1|
    |select_ln46_519_fu_4448_p3  |    select|   0|  0|   6|           1|           6|
    |select_ln46_520_fu_4608_p3  |    select|   0|  0|   2|           1|           1|
    |select_ln46_521_fu_4670_p3  |    select|   0|  0|   6|           1|           6|
    |select_ln46_522_fu_4830_p3  |    select|   0|  0|   2|           1|           1|
    |select_ln46_523_fu_4892_p3  |    select|   0|  0|   6|           1|           6|
    |select_ln46_524_fu_5052_p3  |    select|   0|  0|   2|           1|           1|
    |select_ln46_525_fu_5114_p3  |    select|   0|  0|   6|           1|           6|
    |select_ln46_526_fu_5274_p3  |    select|   0|  0|   2|           1|           1|
    |select_ln46_527_fu_5336_p3  |    select|   0|  0|   6|           1|           6|
    |select_ln46_528_fu_5496_p3  |    select|   0|  0|   2|           1|           1|
    |select_ln46_529_fu_5558_p3  |    select|   0|  0|   6|           1|           6|
    |select_ln46_530_fu_5718_p3  |    select|   0|  0|   2|           1|           1|
    |select_ln46_531_fu_5780_p3  |    select|   0|  0|   6|           1|           6|
    |select_ln46_532_fu_5940_p3  |    select|   0|  0|   2|           1|           1|
    |select_ln46_533_fu_6002_p3  |    select|   0|  0|   6|           1|           6|
    |select_ln46_534_fu_6162_p3  |    select|   0|  0|   2|           1|           1|
    |select_ln46_535_fu_6224_p3  |    select|   0|  0|   6|           1|           6|
    |select_ln46_fu_382_p3       |    select|   0|  0|   2|           1|           1|
    |xor_ln46_187_fu_422_p2      |       xor|   0|  0|   2|           2|           1|
    |xor_ln46_188_fu_626_p2      |       xor|   0|  0|   2|           1|           2|
    |xor_ln46_189_fu_644_p2      |       xor|   0|  0|   2|           2|           1|
    |xor_ln46_190_fu_848_p2      |       xor|   0|  0|   2|           1|           2|
    |xor_ln46_191_fu_866_p2      |       xor|   0|  0|   2|           2|           1|
    |xor_ln46_192_fu_1070_p2     |       xor|   0|  0|   2|           1|           2|
    |xor_ln46_193_fu_1088_p2     |       xor|   0|  0|   2|           2|           1|
    |xor_ln46_194_fu_1292_p2     |       xor|   0|  0|   2|           1|           2|
    |xor_ln46_195_fu_1310_p2     |       xor|   0|  0|   2|           2|           1|
    |xor_ln46_196_fu_1514_p2     |       xor|   0|  0|   2|           1|           2|
    |xor_ln46_197_fu_1532_p2     |       xor|   0|  0|   2|           2|           1|
    |xor_ln46_198_fu_1736_p2     |       xor|   0|  0|   2|           1|           2|
    |xor_ln46_199_fu_1754_p2     |       xor|   0|  0|   2|           2|           1|
    |xor_ln46_200_fu_1958_p2     |       xor|   0|  0|   2|           1|           2|
    |xor_ln46_201_fu_1976_p2     |       xor|   0|  0|   2|           2|           1|
    |xor_ln46_202_fu_2180_p2     |       xor|   0|  0|   2|           1|           2|
    |xor_ln46_203_fu_2198_p2     |       xor|   0|  0|   2|           2|           1|
    |xor_ln46_204_fu_2402_p2     |       xor|   0|  0|   2|           1|           2|
    |xor_ln46_205_fu_2420_p2     |       xor|   0|  0|   2|           2|           1|
    |xor_ln46_206_fu_2624_p2     |       xor|   0|  0|   2|           1|           2|
    |xor_ln46_207_fu_2642_p2     |       xor|   0|  0|   2|           2|           1|
    |xor_ln46_208_fu_2846_p2     |       xor|   0|  0|   2|           1|           2|
    |xor_ln46_209_fu_2864_p2     |       xor|   0|  0|   2|           2|           1|
    |xor_ln46_210_fu_3068_p2     |       xor|   0|  0|   2|           1|           2|
    |xor_ln46_211_fu_3086_p2     |       xor|   0|  0|   2|           2|           1|
    |xor_ln46_212_fu_3290_p2     |       xor|   0|  0|   2|           1|           2|
    |xor_ln46_213_fu_3308_p2     |       xor|   0|  0|   2|           2|           1|
    |xor_ln46_214_fu_3512_p2     |       xor|   0|  0|   2|           1|           2|
    |xor_ln46_215_fu_3530_p2     |       xor|   0|  0|   2|           2|           1|
    |xor_ln46_216_fu_3734_p2     |       xor|   0|  0|   2|           1|           2|
    |xor_ln46_217_fu_3752_p2     |       xor|   0|  0|   2|           2|           1|
    |xor_ln46_218_fu_3956_p2     |       xor|   0|  0|   2|           1|           2|
    |xor_ln46_219_fu_3974_p2     |       xor|   0|  0|   2|           2|           1|
    |xor_ln46_220_fu_4178_p2     |       xor|   0|  0|   2|           1|           2|
    |xor_ln46_221_fu_4196_p2     |       xor|   0|  0|   2|           2|           1|
    |xor_ln46_222_fu_4400_p2     |       xor|   0|  0|   2|           1|           2|
    |xor_ln46_223_fu_4418_p2     |       xor|   0|  0|   2|           2|           1|
    |xor_ln46_224_fu_4622_p2     |       xor|   0|  0|   2|           1|           2|
    |xor_ln46_225_fu_4640_p2     |       xor|   0|  0|   2|           2|           1|
    |xor_ln46_226_fu_4844_p2     |       xor|   0|  0|   2|           1|           2|
    |xor_ln46_227_fu_4862_p2     |       xor|   0|  0|   2|           2|           1|
    |xor_ln46_228_fu_5066_p2     |       xor|   0|  0|   2|           1|           2|
    |xor_ln46_229_fu_5084_p2     |       xor|   0|  0|   2|           2|           1|
    |xor_ln46_230_fu_5288_p2     |       xor|   0|  0|   2|           1|           2|
    |xor_ln46_231_fu_5306_p2     |       xor|   0|  0|   2|           2|           1|
    |xor_ln46_232_fu_5510_p2     |       xor|   0|  0|   2|           1|           2|
    |xor_ln46_233_fu_5528_p2     |       xor|   0|  0|   2|           2|           1|
    |xor_ln46_234_fu_5732_p2     |       xor|   0|  0|   2|           1|           2|
    |xor_ln46_235_fu_5750_p2     |       xor|   0|  0|   2|           2|           1|
    |xor_ln46_236_fu_5954_p2     |       xor|   0|  0|   2|           1|           2|
    |xor_ln46_237_fu_5972_p2     |       xor|   0|  0|   2|           2|           1|
    |xor_ln46_238_fu_6176_p2     |       xor|   0|  0|   2|           1|           2|
    |xor_ln46_239_fu_6194_p2     |       xor|   0|  0|   2|           2|           1|
    |xor_ln46_240_fu_376_p2      |       xor|   0|  0|   2|           1|           2|
    |xor_ln46_241_fu_598_p2      |       xor|   0|  0|   2|           1|           2|
    |xor_ln46_242_fu_820_p2      |       xor|   0|  0|   2|           1|           2|
    |xor_ln46_243_fu_1042_p2     |       xor|   0|  0|   2|           1|           2|
    |xor_ln46_244_fu_1264_p2     |       xor|   0|  0|   2|           1|           2|
    |xor_ln46_245_fu_1486_p2     |       xor|   0|  0|   2|           1|           2|
    |xor_ln46_246_fu_1708_p2     |       xor|   0|  0|   2|           1|           2|
    |xor_ln46_247_fu_1930_p2     |       xor|   0|  0|   2|           1|           2|
    |xor_ln46_248_fu_2152_p2     |       xor|   0|  0|   2|           1|           2|
    |xor_ln46_249_fu_2374_p2     |       xor|   0|  0|   2|           1|           2|
    |xor_ln46_250_fu_2596_p2     |       xor|   0|  0|   2|           1|           2|
    |xor_ln46_251_fu_2818_p2     |       xor|   0|  0|   2|           1|           2|
    |xor_ln46_252_fu_3040_p2     |       xor|   0|  0|   2|           1|           2|
    |xor_ln46_253_fu_3262_p2     |       xor|   0|  0|   2|           1|           2|
    |xor_ln46_254_fu_3484_p2     |       xor|   0|  0|   2|           1|           2|
    |xor_ln46_255_fu_3706_p2     |       xor|   0|  0|   2|           1|           2|
    |xor_ln46_256_fu_3928_p2     |       xor|   0|  0|   2|           1|           2|
    |xor_ln46_257_fu_4150_p2     |       xor|   0|  0|   2|           1|           2|
    |xor_ln46_258_fu_4372_p2     |       xor|   0|  0|   2|           1|           2|
    |xor_ln46_259_fu_4594_p2     |       xor|   0|  0|   2|           1|           2|
    |xor_ln46_260_fu_4816_p2     |       xor|   0|  0|   2|           1|           2|
    |xor_ln46_261_fu_5038_p2     |       xor|   0|  0|   2|           1|           2|
    |xor_ln46_262_fu_5260_p2     |       xor|   0|  0|   2|           1|           2|
    |xor_ln46_263_fu_5482_p2     |       xor|   0|  0|   2|           1|           2|
    |xor_ln46_264_fu_5704_p2     |       xor|   0|  0|   2|           1|           2|
    |xor_ln46_265_fu_5926_p2     |       xor|   0|  0|   2|           1|           2|
    |xor_ln46_266_fu_6148_p2     |       xor|   0|  0|   2|           1|           2|
    |xor_ln46_fu_404_p2          |       xor|   0|  0|   2|           1|           2|
    +----------------------------+----------+----+---+----+------------+------------+
    |Total                       |          |   0|  0|3537|        1620|        1458|
    +----------------------------+----------+----+---+----+------------+------------+

    * Multiplexer: 
    N/A

    * Register: 
    N/A



================================================================
== Interface
================================================================
* Summary: 
+--------------+-----+-----+------------+-------------------------------------------------------------------------+--------------+
|   RTL Ports  | Dir | Bits|  Protocol  |                              Source Object                              |    C Type    |
+--------------+-----+-----+------------+-------------------------------------------------------------------------+--------------+
|ap_ready      |  out|    1|  ap_ctrl_hs|  relu<ap_fixed<18, 7, 5, 3, 0>, ap_ufixed<6, 0, 4, 0, 0>, relu_config10>|  return value|
|ap_return_0   |  out|    6|  ap_ctrl_hs|  relu<ap_fixed<18, 7, 5, 3, 0>, ap_ufixed<6, 0, 4, 0, 0>, relu_config10>|  return value|
|ap_return_1   |  out|    6|  ap_ctrl_hs|  relu<ap_fixed<18, 7, 5, 3, 0>, ap_ufixed<6, 0, 4, 0, 0>, relu_config10>|  return value|
|ap_return_2   |  out|    6|  ap_ctrl_hs|  relu<ap_fixed<18, 7, 5, 3, 0>, ap_ufixed<6, 0, 4, 0, 0>, relu_config10>|  return value|
|ap_return_3   |  out|    6|  ap_ctrl_hs|  relu<ap_fixed<18, 7, 5, 3, 0>, ap_ufixed<6, 0, 4, 0, 0>, relu_config10>|  return value|
|ap_return_4   |  out|    6|  ap_ctrl_hs|  relu<ap_fixed<18, 7, 5, 3, 0>, ap_ufixed<6, 0, 4, 0, 0>, relu_config10>|  return value|
|ap_return_5   |  out|    6|  ap_ctrl_hs|  relu<ap_fixed<18, 7, 5, 3, 0>, ap_ufixed<6, 0, 4, 0, 0>, relu_config10>|  return value|
|ap_return_6   |  out|    6|  ap_ctrl_hs|  relu<ap_fixed<18, 7, 5, 3, 0>, ap_ufixed<6, 0, 4, 0, 0>, relu_config10>|  return value|
|ap_return_7   |  out|    6|  ap_ctrl_hs|  relu<ap_fixed<18, 7, 5, 3, 0>, ap_ufixed<6, 0, 4, 0, 0>, relu_config10>|  return value|
|ap_return_8   |  out|    6|  ap_ctrl_hs|  relu<ap_fixed<18, 7, 5, 3, 0>, ap_ufixed<6, 0, 4, 0, 0>, relu_config10>|  return value|
|ap_return_9   |  out|    6|  ap_ctrl_hs|  relu<ap_fixed<18, 7, 5, 3, 0>, ap_ufixed<6, 0, 4, 0, 0>, relu_config10>|  return value|
|ap_return_10  |  out|    6|  ap_ctrl_hs|  relu<ap_fixed<18, 7, 5, 3, 0>, ap_ufixed<6, 0, 4, 0, 0>, relu_config10>|  return value|
|ap_return_11  |  out|    6|  ap_ctrl_hs|  relu<ap_fixed<18, 7, 5, 3, 0>, ap_ufixed<6, 0, 4, 0, 0>, relu_config10>|  return value|
|ap_return_12  |  out|    6|  ap_ctrl_hs|  relu<ap_fixed<18, 7, 5, 3, 0>, ap_ufixed<6, 0, 4, 0, 0>, relu_config10>|  return value|
|ap_return_13  |  out|    6|  ap_ctrl_hs|  relu<ap_fixed<18, 7, 5, 3, 0>, ap_ufixed<6, 0, 4, 0, 0>, relu_config10>|  return value|
|ap_return_14  |  out|    6|  ap_ctrl_hs|  relu<ap_fixed<18, 7, 5, 3, 0>, ap_ufixed<6, 0, 4, 0, 0>, relu_config10>|  return value|
|ap_return_15  |  out|    6|  ap_ctrl_hs|  relu<ap_fixed<18, 7, 5, 3, 0>, ap_ufixed<6, 0, 4, 0, 0>, relu_config10>|  return value|
|ap_return_16  |  out|    6|  ap_ctrl_hs|  relu<ap_fixed<18, 7, 5, 3, 0>, ap_ufixed<6, 0, 4, 0, 0>, relu_config10>|  return value|
|ap_return_17  |  out|    6|  ap_ctrl_hs|  relu<ap_fixed<18, 7, 5, 3, 0>, ap_ufixed<6, 0, 4, 0, 0>, relu_config10>|  return value|
|ap_return_18  |  out|    6|  ap_ctrl_hs|  relu<ap_fixed<18, 7, 5, 3, 0>, ap_ufixed<6, 0, 4, 0, 0>, relu_config10>|  return value|
|ap_return_19  |  out|    6|  ap_ctrl_hs|  relu<ap_fixed<18, 7, 5, 3, 0>, ap_ufixed<6, 0, 4, 0, 0>, relu_config10>|  return value|
|ap_return_20  |  out|    6|  ap_ctrl_hs|  relu<ap_fixed<18, 7, 5, 3, 0>, ap_ufixed<6, 0, 4, 0, 0>, relu_config10>|  return value|
|ap_return_21  |  out|    6|  ap_ctrl_hs|  relu<ap_fixed<18, 7, 5, 3, 0>, ap_ufixed<6, 0, 4, 0, 0>, relu_config10>|  return value|
|ap_return_22  |  out|    6|  ap_ctrl_hs|  relu<ap_fixed<18, 7, 5, 3, 0>, ap_ufixed<6, 0, 4, 0, 0>, relu_config10>|  return value|
|ap_return_23  |  out|    6|  ap_ctrl_hs|  relu<ap_fixed<18, 7, 5, 3, 0>, ap_ufixed<6, 0, 4, 0, 0>, relu_config10>|  return value|
|ap_return_24  |  out|    6|  ap_ctrl_hs|  relu<ap_fixed<18, 7, 5, 3, 0>, ap_ufixed<6, 0, 4, 0, 0>, relu_config10>|  return value|
|ap_return_25  |  out|    6|  ap_ctrl_hs|  relu<ap_fixed<18, 7, 5, 3, 0>, ap_ufixed<6, 0, 4, 0, 0>, relu_config10>|  return value|
|ap_return_26  |  out|    6|  ap_ctrl_hs|  relu<ap_fixed<18, 7, 5, 3, 0>, ap_ufixed<6, 0, 4, 0, 0>, relu_config10>|  return value|
|data_0_val    |   in|   18|     ap_none|                                                               data_0_val|        scalar|
|data_1_val    |   in|   18|     ap_none|                                                               data_1_val|        scalar|
|data_3_val    |   in|   18|     ap_none|                                                               data_3_val|        scalar|
|data_4_val    |   in|   18|     ap_none|                                                               data_4_val|        scalar|
|data_5_val    |   in|   18|     ap_none|                                                               data_5_val|        scalar|
|data_6_val    |   in|   18|     ap_none|                                                               data_6_val|        scalar|
|data_7_val    |   in|   18|     ap_none|                                                               data_7_val|        scalar|
|data_9_val    |   in|   18|     ap_none|                                                               data_9_val|        scalar|
|data_11_val   |   in|   18|     ap_none|                                                              data_11_val|        scalar|
|data_12_val   |   in|   18|     ap_none|                                                              data_12_val|        scalar|
|data_13_val   |   in|   18|     ap_none|                                                              data_13_val|        scalar|
|data_14_val   |   in|   18|     ap_none|                                                              data_14_val|        scalar|
|data_15_val   |   in|   18|     ap_none|                                                              data_15_val|        scalar|
|data_17_val   |   in|   18|     ap_none|                                                              data_17_val|        scalar|
|data_18_val   |   in|   18|     ap_none|                                                              data_18_val|        scalar|
|data_19_val   |   in|   18|     ap_none|                                                              data_19_val|        scalar|
|data_20_val   |   in|   18|     ap_none|                                                              data_20_val|        scalar|
|data_21_val   |   in|   18|     ap_none|                                                              data_21_val|        scalar|
|data_22_val   |   in|   18|     ap_none|                                                              data_22_val|        scalar|
|data_23_val   |   in|   18|     ap_none|                                                              data_23_val|        scalar|
|data_24_val   |   in|   18|     ap_none|                                                              data_24_val|        scalar|
|data_25_val   |   in|   18|     ap_none|                                                              data_25_val|        scalar|
|data_26_val   |   in|   18|     ap_none|                                                              data_26_val|        scalar|
|data_27_val   |   in|   18|     ap_none|                                                              data_27_val|        scalar|
|data_28_val   |   in|   18|     ap_none|                                                              data_28_val|        scalar|
|data_29_val   |   in|   18|     ap_none|                                                              data_29_val|        scalar|
|data_31_val   |   in|   18|     ap_none|                                                              data_31_val|        scalar|
+--------------+-----+-----+------------+-------------------------------------------------------------------------+--------------+

