

================================================================
== Vitis HLS Report for 'relu_ap_fixed_19_8_5_3_0_ap_ufixed_6_0_4_0_0_relu_config7_s'
================================================================
* Date:           Tue Oct 14 15:22:59 2025

* Version:        2024.2 (Build 5238294 on Nov  8 2024)
* Project:        myproject_prj
* Solution:       solution1 (Vivado IP Flow Target)
* Product family: virtexuplus
* Target device:  xcu250-figd2104-2L-e


================================================================
== Performance Estimates
================================================================
+ Timing: 
    * Summary: 
    +--------+---------+----------+------------+
    |  Clock |  Target | Estimated| Uncertainty|
    +--------+---------+----------+------------+
    |ap_clk  |  5.00 ns|  2.122 ns|     1.35 ns|
    +--------+---------+----------+------------+

+ Latency: 
    * Summary: 
    +---------+---------+----------+----------+-----+-----+---------+
    |  Latency (cycles) |  Latency (absolute) |  Interval | Pipeline|
    |   min   |   max   |    min   |    max   | min | max |   Type  |
    +---------+---------+----------+----------+-----+-----+---------+
    |        0|        0|      0 ns|      0 ns|    1|    1|      yes|
    +---------+---------+----------+----------+-----+-----+---------+

    + Detail: 
        * Instance: 
        N/A

        * Loop: 
        N/A



================================================================
== Utilization Estimates
================================================================
* Summary: 
+---------------------+---------+-------+---------+---------+------+
|         Name        | BRAM_18K|  DSP  |    FF   |   LUT   | URAM |
+---------------------+---------+-------+---------+---------+------+
|DSP                  |        -|      -|        -|        -|     -|
|Expression           |        -|      -|        0|     3286|     -|
|FIFO                 |        -|      -|        -|        -|     -|
|Instance             |        -|      -|        -|        -|     -|
|Memory               |        -|      -|        -|        -|     -|
|Multiplexer          |        -|      -|        -|        -|     -|
|Register             |        -|      -|        -|        -|     -|
+---------------------+---------+-------+---------+---------+------+
|Total                |        0|      0|        0|     3286|     0|
+---------------------+---------+-------+---------+---------+------+
|Available SLR        |     1344|   3072|   864000|   432000|   320|
+---------------------+---------+-------+---------+---------+------+
|Utilization SLR (%)  |        0|      0|        0|       ~0|     0|
+---------------------+---------+-------+---------+---------+------+
|Available            |     5376|  12288|  3456000|  1728000|  1280|
+---------------------+---------+-------+---------+---------+------+
|Utilization (%)      |        0|      0|        0|       ~0|     0|
+---------------------+---------+-------+---------+---------+------+

+ Detail: 
    * Instance: 
    N/A

    * DSP: 
    N/A

    * Memory: 
    N/A

    * FIFO: 
    N/A

    * Expression: 
    +------------------------------+----------+----+---+----+------------+------------+
    |         Variable Name        | Operation| DSP| FF| LUT| Bitwidth P0| Bitwidth P1|
    +------------------------------+----------+----+---+----+------------+------------+
    |add_ln46_63_fu_534_p2         |         +|   0|  0|  13|           6|           6|
    |add_ln46_64_fu_704_p2         |         +|   0|  0|  13|           6|           6|
    |add_ln46_65_fu_874_p2         |         +|   0|  0|  13|           6|           6|
    |add_ln46_66_fu_1044_p2        |         +|   0|  0|  13|           6|           6|
    |add_ln46_67_fu_1214_p2        |         +|   0|  0|  13|           6|           6|
    |add_ln46_68_fu_1384_p2        |         +|   0|  0|  13|           6|           6|
    |add_ln46_69_fu_1554_p2        |         +|   0|  0|  13|           6|           6|
    |add_ln46_70_fu_1724_p2        |         +|   0|  0|  13|           6|           6|
    |add_ln46_71_fu_1894_p2        |         +|   0|  0|  13|           6|           6|
    |add_ln46_72_fu_2064_p2        |         +|   0|  0|  13|           6|           6|
    |add_ln46_73_fu_2234_p2        |         +|   0|  0|  13|           6|           6|
    |add_ln46_74_fu_2404_p2        |         +|   0|  0|  13|           6|           6|
    |add_ln46_75_fu_2574_p2        |         +|   0|  0|  13|           6|           6|
    |add_ln46_76_fu_2744_p2        |         +|   0|  0|  13|           6|           6|
    |add_ln46_77_fu_2914_p2        |         +|   0|  0|  13|           6|           6|
    |add_ln46_78_fu_3084_p2        |         +|   0|  0|  13|           6|           6|
    |add_ln46_79_fu_3254_p2        |         +|   0|  0|  13|           6|           6|
    |add_ln46_80_fu_3424_p2        |         +|   0|  0|  13|           6|           6|
    |add_ln46_81_fu_3594_p2        |         +|   0|  0|  13|           6|           6|
    |add_ln46_82_fu_3764_p2        |         +|   0|  0|  13|           6|           6|
    |add_ln46_83_fu_3934_p2        |         +|   0|  0|  13|           6|           6|
    |add_ln46_84_fu_4104_p2        |         +|   0|  0|  13|           6|           6|
    |add_ln46_85_fu_4274_p2        |         +|   0|  0|  13|           6|           6|
    |add_ln46_86_fu_4444_p2        |         +|   0|  0|  13|           6|           6|
    |add_ln46_87_fu_4614_p2        |         +|   0|  0|  13|           6|           6|
    |add_ln46_88_fu_4784_p2        |         +|   0|  0|  13|           6|           6|
    |add_ln46_89_fu_4954_p2        |         +|   0|  0|  13|           6|           6|
    |add_ln46_90_fu_5124_p2        |         +|   0|  0|  13|           6|           6|
    |add_ln46_91_fu_5294_p2        |         +|   0|  0|  13|           6|           6|
    |add_ln46_92_fu_5464_p2        |         +|   0|  0|  13|           6|           6|
    |add_ln46_fu_364_p2            |         +|   0|  0|  13|           6|           6|
    |and_ln46_125_fu_524_p2        |       and|   0|  0|   2|           1|           1|
    |and_ln46_127_fu_694_p2        |       and|   0|  0|   2|           1|           1|
    |and_ln46_129_fu_864_p2        |       and|   0|  0|   2|           1|           1|
    |and_ln46_131_fu_1034_p2       |       and|   0|  0|   2|           1|           1|
    |and_ln46_133_fu_1204_p2       |       and|   0|  0|   2|           1|           1|
    |and_ln46_135_fu_1374_p2       |       and|   0|  0|   2|           1|           1|
    |and_ln46_137_fu_1544_p2       |       and|   0|  0|   2|           1|           1|
    |and_ln46_139_fu_1714_p2       |       and|   0|  0|   2|           1|           1|
    |and_ln46_141_fu_1884_p2       |       and|   0|  0|   2|           1|           1|
    |and_ln46_143_fu_2054_p2       |       and|   0|  0|   2|           1|           1|
    |and_ln46_145_fu_2224_p2       |       and|   0|  0|   2|           1|           1|
    |and_ln46_147_fu_2394_p2       |       and|   0|  0|   2|           1|           1|
    |and_ln46_149_fu_2564_p2       |       and|   0|  0|   2|           1|           1|
    |and_ln46_151_fu_2734_p2       |       and|   0|  0|   2|           1|           1|
    |and_ln46_153_fu_2904_p2       |       and|   0|  0|   2|           1|           1|
    |and_ln46_155_fu_3074_p2       |       and|   0|  0|   2|           1|           1|
    |and_ln46_157_fu_3244_p2       |       and|   0|  0|   2|           1|           1|
    |and_ln46_159_fu_3414_p2       |       and|   0|  0|   2|           1|           1|
    |and_ln46_161_fu_3584_p2       |       and|   0|  0|   2|           1|           1|
    |and_ln46_163_fu_3754_p2       |       and|   0|  0|   2|           1|           1|
    |and_ln46_165_fu_3924_p2       |       and|   0|  0|   2|           1|           1|
    |and_ln46_167_fu_4094_p2       |       and|   0|  0|   2|           1|           1|
    |and_ln46_169_fu_4264_p2       |       and|   0|  0|   2|           1|           1|
    |and_ln46_171_fu_4434_p2       |       and|   0|  0|   2|           1|           1|
    |and_ln46_173_fu_4604_p2       |       and|   0|  0|   2|           1|           1|
    |and_ln46_175_fu_4774_p2       |       and|   0|  0|   2|           1|           1|
    |and_ln46_177_fu_4944_p2       |       and|   0|  0|   2|           1|           1|
    |and_ln46_179_fu_5114_p2       |       and|   0|  0|   2|           1|           1|
    |and_ln46_181_fu_5284_p2       |       and|   0|  0|   2|           1|           1|
    |and_ln46_183_fu_5454_p2       |       and|   0|  0|   2|           1|           1|
    |and_ln46_fu_354_p2            |       and|   0|  0|   2|           1|           1|
    |empty_100_fu_4484_p2          |       and|   0|  0|   2|           1|           1|
    |empty_101_fu_4654_p2          |       and|   0|  0|   2|           1|           1|
    |empty_102_fu_4824_p2          |       and|   0|  0|   2|           1|           1|
    |empty_103_fu_4994_p2          |       and|   0|  0|   2|           1|           1|
    |empty_104_fu_5164_p2          |       and|   0|  0|   2|           1|           1|
    |empty_105_fu_5334_p2          |       and|   0|  0|   2|           1|           1|
    |empty_106_fu_5504_p2          |       and|   0|  0|   2|           1|           1|
    |empty_77_fu_574_p2            |       and|   0|  0|   2|           1|           1|
    |empty_78_fu_744_p2            |       and|   0|  0|   2|           1|           1|
    |empty_79_fu_914_p2            |       and|   0|  0|   2|           1|           1|
    |empty_80_fu_1084_p2           |       and|   0|  0|   2|           1|           1|
    |empty_81_fu_1254_p2           |       and|   0|  0|   2|           1|           1|
    |empty_82_fu_1424_p2           |       and|   0|  0|   2|           1|           1|
    |empty_83_fu_1594_p2           |       and|   0|  0|   2|           1|           1|
    |empty_84_fu_1764_p2           |       and|   0|  0|   2|           1|           1|
    |empty_85_fu_1934_p2           |       and|   0|  0|   2|           1|           1|
    |empty_86_fu_2104_p2           |       and|   0|  0|   2|           1|           1|
    |empty_87_fu_2274_p2           |       and|   0|  0|   2|           1|           1|
    |empty_88_fu_2444_p2           |       and|   0|  0|   2|           1|           1|
    |empty_89_fu_2614_p2           |       and|   0|  0|   2|           1|           1|
    |empty_90_fu_2784_p2           |       and|   0|  0|   2|           1|           1|
    |empty_91_fu_2954_p2           |       and|   0|  0|   2|           1|           1|
    |empty_92_fu_3124_p2           |       and|   0|  0|   2|           1|           1|
    |empty_93_fu_3294_p2           |       and|   0|  0|   2|           1|           1|
    |empty_94_fu_3464_p2           |       and|   0|  0|   2|           1|           1|
    |empty_95_fu_3634_p2           |       and|   0|  0|   2|           1|           1|
    |empty_96_fu_3804_p2           |       and|   0|  0|   2|           1|           1|
    |empty_97_fu_3974_p2           |       and|   0|  0|   2|           1|           1|
    |empty_98_fu_4144_p2           |       and|   0|  0|   2|           1|           1|
    |empty_99_fu_4314_p2           |       and|   0|  0|   2|           1|           1|
    |empty_fu_404_p2               |       and|   0|  0|   2|           1|           1|
    |icmp_ln45_63_fu_460_p2        |      icmp|   0|  0|  26|          19|           1|
    |icmp_ln45_64_fu_630_p2        |      icmp|   0|  0|  26|          19|           1|
    |icmp_ln45_65_fu_800_p2        |      icmp|   0|  0|  26|          19|           1|
    |icmp_ln45_66_fu_970_p2        |      icmp|   0|  0|  26|          19|           1|
    |icmp_ln45_67_fu_1140_p2       |      icmp|   0|  0|  26|          19|           1|
    |icmp_ln45_68_fu_1310_p2       |      icmp|   0|  0|  26|          19|           1|
    |icmp_ln45_69_fu_1480_p2       |      icmp|   0|  0|  26|          19|           1|
    |icmp_ln45_70_fu_1650_p2       |      icmp|   0|  0|  26|          19|           1|
    |icmp_ln45_71_fu_1820_p2       |      icmp|   0|  0|  26|          19|           1|
    |icmp_ln45_72_fu_1990_p2       |      icmp|   0|  0|  26|          19|           1|
    |icmp_ln45_73_fu_2160_p2       |      icmp|   0|  0|  26|          19|           1|
    |icmp_ln45_74_fu_2330_p2       |      icmp|   0|  0|  26|          19|           1|
    |icmp_ln45_75_fu_2500_p2       |      icmp|   0|  0|  26|          19|           1|
    |icmp_ln45_76_fu_2670_p2       |      icmp|   0|  0|  26|          19|           1|
    |icmp_ln45_77_fu_2840_p2       |      icmp|   0|  0|  26|          19|           1|
    |icmp_ln45_78_fu_3010_p2       |      icmp|   0|  0|  26|          19|           1|
    |icmp_ln45_79_fu_3180_p2       |      icmp|   0|  0|  26|          19|           1|
    |icmp_ln45_80_fu_3350_p2       |      icmp|   0|  0|  26|          19|           1|
    |icmp_ln45_81_fu_3520_p2       |      icmp|   0|  0|  26|          19|           1|
    |icmp_ln45_82_fu_3690_p2       |      icmp|   0|  0|  26|          19|           1|
    |icmp_ln45_83_fu_3860_p2       |      icmp|   0|  0|  26|          19|           1|
    |icmp_ln45_84_fu_4030_p2       |      icmp|   0|  0|  26|          19|           1|
    |icmp_ln45_85_fu_4200_p2       |      icmp|   0|  0|  26|          19|           1|
    |icmp_ln45_86_fu_4370_p2       |      icmp|   0|  0|  26|          19|           1|
    |icmp_ln45_87_fu_4540_p2       |      icmp|   0|  0|  26|          19|           1|
    |icmp_ln45_88_fu_4710_p2       |      icmp|   0|  0|  26|          19|           1|
    |icmp_ln45_89_fu_4880_p2       |      icmp|   0|  0|  26|          19|           1|
    |icmp_ln45_90_fu_5050_p2       |      icmp|   0|  0|  26|          19|           1|
    |icmp_ln45_91_fu_5220_p2       |      icmp|   0|  0|  26|          19|           1|
    |icmp_ln45_92_fu_5390_p2       |      icmp|   0|  0|  26|          19|           1|
    |icmp_ln45_fu_290_p2           |      icmp|   0|  0|  26|          19|           1|
    |icmp_ln46_126_fu_378_p2       |      icmp|   0|  0|  15|           8|           1|
    |icmp_ln46_127_fu_496_p2       |      icmp|   0|  0|  12|           4|           1|
    |icmp_ln46_128_fu_548_p2       |      icmp|   0|  0|  15|           8|           1|
    |icmp_ln46_129_fu_666_p2       |      icmp|   0|  0|  12|           4|           1|
    |icmp_ln46_130_fu_718_p2       |      icmp|   0|  0|  15|           8|           1|
    |icmp_ln46_131_fu_836_p2       |      icmp|   0|  0|  12|           4|           1|
    |icmp_ln46_132_fu_888_p2       |      icmp|   0|  0|  15|           8|           1|
    |icmp_ln46_133_fu_1006_p2      |      icmp|   0|  0|  12|           4|           1|
    |icmp_ln46_134_fu_1058_p2      |      icmp|   0|  0|  15|           8|           1|
    |icmp_ln46_135_fu_1176_p2      |      icmp|   0|  0|  12|           4|           1|
    |icmp_ln46_136_fu_1228_p2      |      icmp|   0|  0|  15|           8|           1|
    |icmp_ln46_137_fu_1346_p2      |      icmp|   0|  0|  12|           4|           1|
    |icmp_ln46_138_fu_1398_p2      |      icmp|   0|  0|  15|           8|           1|
    |icmp_ln46_139_fu_1516_p2      |      icmp|   0|  0|  12|           4|           1|
    |icmp_ln46_140_fu_1568_p2      |      icmp|   0|  0|  15|           8|           1|
    |icmp_ln46_141_fu_1686_p2      |      icmp|   0|  0|  12|           4|           1|
    |icmp_ln46_142_fu_1738_p2      |      icmp|   0|  0|  15|           8|           1|
    |icmp_ln46_143_fu_1856_p2      |      icmp|   0|  0|  12|           4|           1|
    |icmp_ln46_144_fu_1908_p2      |      icmp|   0|  0|  15|           8|           1|
    |icmp_ln46_145_fu_2026_p2      |      icmp|   0|  0|  12|           4|           1|
    |icmp_ln46_146_fu_2078_p2      |      icmp|   0|  0|  15|           8|           1|
    |icmp_ln46_147_fu_2196_p2      |      icmp|   0|  0|  12|           4|           1|
    |icmp_ln46_148_fu_2248_p2      |      icmp|   0|  0|  15|           8|           1|
    |icmp_ln46_149_fu_2366_p2      |      icmp|   0|  0|  12|           4|           1|
    |icmp_ln46_150_fu_2418_p2      |      icmp|   0|  0|  15|           8|           1|
    |icmp_ln46_151_fu_2536_p2      |      icmp|   0|  0|  12|           4|           1|
    |icmp_ln46_152_fu_2588_p2      |      icmp|   0|  0|  15|           8|           1|
    |icmp_ln46_153_fu_2706_p2      |      icmp|   0|  0|  12|           4|           1|
    |icmp_ln46_154_fu_2758_p2      |      icmp|   0|  0|  15|           8|           1|
    |icmp_ln46_155_fu_2876_p2      |      icmp|   0|  0|  12|           4|           1|
    |icmp_ln46_156_fu_2928_p2      |      icmp|   0|  0|  15|           8|           1|
    |icmp_ln46_157_fu_3046_p2      |      icmp|   0|  0|  12|           4|           1|
    |icmp_ln46_158_fu_3098_p2      |      icmp|   0|  0|  15|           8|           1|
    |icmp_ln46_159_fu_3216_p2      |      icmp|   0|  0|  12|           4|           1|
    |icmp_ln46_160_fu_3268_p2      |      icmp|   0|  0|  15|           8|           1|
    |icmp_ln46_161_fu_3386_p2      |      icmp|   0|  0|  12|           4|           1|
    |icmp_ln46_162_fu_3438_p2      |      icmp|   0|  0|  15|           8|           1|
    |icmp_ln46_163_fu_3556_p2      |      icmp|   0|  0|  12|           4|           1|
    |icmp_ln46_164_fu_3608_p2      |      icmp|   0|  0|  15|           8|           1|
    |icmp_ln46_165_fu_3726_p2      |      icmp|   0|  0|  12|           4|           1|
    |icmp_ln46_166_fu_3778_p2      |      icmp|   0|  0|  15|           8|           1|
    |icmp_ln46_167_fu_3896_p2      |      icmp|   0|  0|  12|           4|           1|
    |icmp_ln46_168_fu_3948_p2      |      icmp|   0|  0|  15|           8|           1|
    |icmp_ln46_169_fu_4066_p2      |      icmp|   0|  0|  12|           4|           1|
    |icmp_ln46_170_fu_4118_p2      |      icmp|   0|  0|  15|           8|           1|
    |icmp_ln46_171_fu_4236_p2      |      icmp|   0|  0|  12|           4|           1|
    |icmp_ln46_172_fu_4288_p2      |      icmp|   0|  0|  15|           8|           1|
    |icmp_ln46_173_fu_4406_p2      |      icmp|   0|  0|  12|           4|           1|
    |icmp_ln46_174_fu_4458_p2      |      icmp|   0|  0|  15|           8|           1|
    |icmp_ln46_175_fu_4576_p2      |      icmp|   0|  0|  12|           4|           1|
    |icmp_ln46_176_fu_4628_p2      |      icmp|   0|  0|  15|           8|           1|
    |icmp_ln46_177_fu_4746_p2      |      icmp|   0|  0|  12|           4|           1|
    |icmp_ln46_178_fu_4798_p2      |      icmp|   0|  0|  15|           8|           1|
    |icmp_ln46_179_fu_4916_p2      |      icmp|   0|  0|  12|           4|           1|
    |icmp_ln46_180_fu_4968_p2      |      icmp|   0|  0|  15|           8|           1|
    |icmp_ln46_181_fu_5086_p2      |      icmp|   0|  0|  12|           4|           1|
    |icmp_ln46_182_fu_5138_p2      |      icmp|   0|  0|  15|           8|           1|
    |icmp_ln46_183_fu_5256_p2      |      icmp|   0|  0|  12|           4|           1|
    |icmp_ln46_184_fu_5308_p2      |      icmp|   0|  0|  15|           8|           1|
    |icmp_ln46_185_fu_5426_p2      |      icmp|   0|  0|  12|           4|           1|
    |icmp_ln46_186_fu_5478_p2      |      icmp|   0|  0|  15|           8|           1|
    |icmp_ln46_fu_326_p2           |      icmp|   0|  0|  12|           4|           1|
    |and_ln46_126_fu_398_p2        |        or|   0|  0|   2|           1|           1|
    |and_ln46_128_fu_568_p2        |        or|   0|  0|   2|           1|           1|
    |and_ln46_130_fu_738_p2        |        or|   0|  0|   2|           1|           1|
    |and_ln46_132_fu_908_p2        |        or|   0|  0|   2|           1|           1|
    |and_ln46_134_fu_1078_p2       |        or|   0|  0|   2|           1|           1|
    |and_ln46_136_fu_1248_p2       |        or|   0|  0|   2|           1|           1|
    |and_ln46_138_fu_1418_p2       |        or|   0|  0|   2|           1|           1|
    |and_ln46_140_fu_1588_p2       |        or|   0|  0|   2|           1|           1|
    |and_ln46_142_fu_1758_p2       |        or|   0|  0|   2|           1|           1|
    |and_ln46_144_fu_1928_p2       |        or|   0|  0|   2|           1|           1|
    |and_ln46_146_fu_2098_p2       |        or|   0|  0|   2|           1|           1|
    |and_ln46_148_fu_2268_p2       |        or|   0|  0|   2|           1|           1|
    |and_ln46_150_fu_2438_p2       |        or|   0|  0|   2|           1|           1|
    |and_ln46_152_fu_2608_p2       |        or|   0|  0|   2|           1|           1|
    |and_ln46_154_fu_2778_p2       |        or|   0|  0|   2|           1|           1|
    |and_ln46_156_fu_2948_p2       |        or|   0|  0|   2|           1|           1|
    |and_ln46_158_fu_3118_p2       |        or|   0|  0|   2|           1|           1|
    |and_ln46_160_fu_3288_p2       |        or|   0|  0|   2|           1|           1|
    |and_ln46_162_fu_3458_p2       |        or|   0|  0|   2|           1|           1|
    |and_ln46_164_fu_3628_p2       |        or|   0|  0|   2|           1|           1|
    |and_ln46_166_fu_3798_p2       |        or|   0|  0|   2|           1|           1|
    |and_ln46_168_fu_3968_p2       |        or|   0|  0|   2|           1|           1|
    |and_ln46_170_fu_4138_p2       |        or|   0|  0|   2|           1|           1|
    |and_ln46_172_fu_4308_p2       |        or|   0|  0|   2|           1|           1|
    |and_ln46_174_fu_4478_p2       |        or|   0|  0|   2|           1|           1|
    |and_ln46_176_fu_4648_p2       |        or|   0|  0|   2|           1|           1|
    |and_ln46_178_fu_4818_p2       |        or|   0|  0|   2|           1|           1|
    |and_ln46_180_fu_4988_p2       |        or|   0|  0|   2|           1|           1|
    |and_ln46_182_fu_5158_p2       |        or|   0|  0|   2|           1|           1|
    |and_ln46_184_fu_5328_p2       |        or|   0|  0|   2|           1|           1|
    |and_ln46_186_fu_5498_p2       |        or|   0|  0|   2|           1|           1|
    |or_ln46_189_fu_410_p2         |        or|   0|  0|   2|           1|           1|
    |or_ln46_190_fu_422_p2         |        or|   0|  0|   2|           1|           1|
    |or_ln46_191_fu_518_p2         |        or|   0|  0|   2|           1|           1|
    |or_ln46_192_fu_580_p2         |        or|   0|  0|   2|           1|           1|
    |or_ln46_193_fu_592_p2         |        or|   0|  0|   2|           1|           1|
    |or_ln46_194_fu_688_p2         |        or|   0|  0|   2|           1|           1|
    |or_ln46_195_fu_750_p2         |        or|   0|  0|   2|           1|           1|
    |or_ln46_196_fu_762_p2         |        or|   0|  0|   2|           1|           1|
    |or_ln46_197_fu_858_p2         |        or|   0|  0|   2|           1|           1|
    |or_ln46_198_fu_920_p2         |        or|   0|  0|   2|           1|           1|
    |or_ln46_199_fu_932_p2         |        or|   0|  0|   2|           1|           1|
    |or_ln46_200_fu_1028_p2        |        or|   0|  0|   2|           1|           1|
    |or_ln46_201_fu_1090_p2        |        or|   0|  0|   2|           1|           1|
    |or_ln46_202_fu_1102_p2        |        or|   0|  0|   2|           1|           1|
    |or_ln46_203_fu_1198_p2        |        or|   0|  0|   2|           1|           1|
    |or_ln46_204_fu_1260_p2        |        or|   0|  0|   2|           1|           1|
    |or_ln46_205_fu_1272_p2        |        or|   0|  0|   2|           1|           1|
    |or_ln46_206_fu_1368_p2        |        or|   0|  0|   2|           1|           1|
    |or_ln46_207_fu_1430_p2        |        or|   0|  0|   2|           1|           1|
    |or_ln46_208_fu_1442_p2        |        or|   0|  0|   2|           1|           1|
    |or_ln46_209_fu_1538_p2        |        or|   0|  0|   2|           1|           1|
    |or_ln46_210_fu_1600_p2        |        or|   0|  0|   2|           1|           1|
    |or_ln46_211_fu_1612_p2        |        or|   0|  0|   2|           1|           1|
    |or_ln46_212_fu_1708_p2        |        or|   0|  0|   2|           1|           1|
    |or_ln46_213_fu_1770_p2        |        or|   0|  0|   2|           1|           1|
    |or_ln46_214_fu_1782_p2        |        or|   0|  0|   2|           1|           1|
    |or_ln46_215_fu_1878_p2        |        or|   0|  0|   2|           1|           1|
    |or_ln46_216_fu_1940_p2        |        or|   0|  0|   2|           1|           1|
    |or_ln46_217_fu_1952_p2        |        or|   0|  0|   2|           1|           1|
    |or_ln46_218_fu_2048_p2        |        or|   0|  0|   2|           1|           1|
    |or_ln46_219_fu_2110_p2        |        or|   0|  0|   2|           1|           1|
    |or_ln46_220_fu_2122_p2        |        or|   0|  0|   2|           1|           1|
    |or_ln46_221_fu_2218_p2        |        or|   0|  0|   2|           1|           1|
    |or_ln46_222_fu_2280_p2        |        or|   0|  0|   2|           1|           1|
    |or_ln46_223_fu_2292_p2        |        or|   0|  0|   2|           1|           1|
    |or_ln46_224_fu_2388_p2        |        or|   0|  0|   2|           1|           1|
    |or_ln46_225_fu_2450_p2        |        or|   0|  0|   2|           1|           1|
    |or_ln46_226_fu_2462_p2        |        or|   0|  0|   2|           1|           1|
    |or_ln46_227_fu_2558_p2        |        or|   0|  0|   2|           1|           1|
    |or_ln46_228_fu_2620_p2        |        or|   0|  0|   2|           1|           1|
    |or_ln46_229_fu_2632_p2        |        or|   0|  0|   2|           1|           1|
    |or_ln46_230_fu_2728_p2        |        or|   0|  0|   2|           1|           1|
    |or_ln46_231_fu_2790_p2        |        or|   0|  0|   2|           1|           1|
    |or_ln46_232_fu_2802_p2        |        or|   0|  0|   2|           1|           1|
    |or_ln46_233_fu_2898_p2        |        or|   0|  0|   2|           1|           1|
    |or_ln46_234_fu_2960_p2        |        or|   0|  0|   2|           1|           1|
    |or_ln46_235_fu_2972_p2        |        or|   0|  0|   2|           1|           1|
    |or_ln46_236_fu_3068_p2        |        or|   0|  0|   2|           1|           1|
    |or_ln46_237_fu_3130_p2        |        or|   0|  0|   2|           1|           1|
    |or_ln46_238_fu_3142_p2        |        or|   0|  0|   2|           1|           1|
    |or_ln46_239_fu_3238_p2        |        or|   0|  0|   2|           1|           1|
    |or_ln46_240_fu_3300_p2        |        or|   0|  0|   2|           1|           1|
    |or_ln46_241_fu_3312_p2        |        or|   0|  0|   2|           1|           1|
    |or_ln46_242_fu_3408_p2        |        or|   0|  0|   2|           1|           1|
    |or_ln46_243_fu_3470_p2        |        or|   0|  0|   2|           1|           1|
    |or_ln46_244_fu_3482_p2        |        or|   0|  0|   2|           1|           1|
    |or_ln46_245_fu_3578_p2        |        or|   0|  0|   2|           1|           1|
    |or_ln46_246_fu_3640_p2        |        or|   0|  0|   2|           1|           1|
    |or_ln46_247_fu_3652_p2        |        or|   0|  0|   2|           1|           1|
    |or_ln46_248_fu_3748_p2        |        or|   0|  0|   2|           1|           1|
    |or_ln46_249_fu_3810_p2        |        or|   0|  0|   2|           1|           1|
    |or_ln46_250_fu_3822_p2        |        or|   0|  0|   2|           1|           1|
    |or_ln46_251_fu_3918_p2        |        or|   0|  0|   2|           1|           1|
    |or_ln46_252_fu_3980_p2        |        or|   0|  0|   2|           1|           1|
    |or_ln46_253_fu_3992_p2        |        or|   0|  0|   2|           1|           1|
    |or_ln46_254_fu_4088_p2        |        or|   0|  0|   2|           1|           1|
    |or_ln46_255_fu_4150_p2        |        or|   0|  0|   2|           1|           1|
    |or_ln46_256_fu_4162_p2        |        or|   0|  0|   2|           1|           1|
    |or_ln46_257_fu_4258_p2        |        or|   0|  0|   2|           1|           1|
    |or_ln46_258_fu_4320_p2        |        or|   0|  0|   2|           1|           1|
    |or_ln46_259_fu_4332_p2        |        or|   0|  0|   2|           1|           1|
    |or_ln46_260_fu_4428_p2        |        or|   0|  0|   2|           1|           1|
    |or_ln46_261_fu_4490_p2        |        or|   0|  0|   2|           1|           1|
    |or_ln46_262_fu_4502_p2        |        or|   0|  0|   2|           1|           1|
    |or_ln46_263_fu_4598_p2        |        or|   0|  0|   2|           1|           1|
    |or_ln46_264_fu_4660_p2        |        or|   0|  0|   2|           1|           1|
    |or_ln46_265_fu_4672_p2        |        or|   0|  0|   2|           1|           1|
    |or_ln46_266_fu_4768_p2        |        or|   0|  0|   2|           1|           1|
    |or_ln46_267_fu_4830_p2        |        or|   0|  0|   2|           1|           1|
    |or_ln46_268_fu_4842_p2        |        or|   0|  0|   2|           1|           1|
    |or_ln46_269_fu_4938_p2        |        or|   0|  0|   2|           1|           1|
    |or_ln46_270_fu_5000_p2        |        or|   0|  0|   2|           1|           1|
    |or_ln46_271_fu_5012_p2        |        or|   0|  0|   2|           1|           1|
    |or_ln46_272_fu_5108_p2        |        or|   0|  0|   2|           1|           1|
    |or_ln46_273_fu_5170_p2        |        or|   0|  0|   2|           1|           1|
    |or_ln46_274_fu_5182_p2        |        or|   0|  0|   2|           1|           1|
    |or_ln46_275_fu_5278_p2        |        or|   0|  0|   2|           1|           1|
    |or_ln46_276_fu_5340_p2        |        or|   0|  0|   2|           1|           1|
    |or_ln46_277_fu_5352_p2        |        or|   0|  0|   2|           1|           1|
    |or_ln46_278_fu_5448_p2        |        or|   0|  0|   2|           1|           1|
    |or_ln46_279_fu_5510_p2        |        or|   0|  0|   2|           1|           1|
    |or_ln46_280_fu_5522_p2        |        or|   0|  0|   2|           1|           1|
    |or_ln46_fu_348_p2             |        or|   0|  0|   2|           1|           1|
    |layer7_out_0_0_fu_452_p3      |    select|   0|  0|   6|           1|           6|
    |layer7_out_10_0_fu_2152_p3    |    select|   0|  0|   6|           1|           6|
    |layer7_out_11_0_fu_2322_p3    |    select|   0|  0|   6|           1|           6|
    |layer7_out_12_0_fu_2492_p3    |    select|   0|  0|   6|           1|           6|
    |layer7_out_13_0_fu_2662_p3    |    select|   0|  0|   6|           1|           6|
    |layer7_out_1445_0_fu_2832_p3  |    select|   0|  0|   6|           1|           6|
    |layer7_out_15_0_fu_3002_p3    |    select|   0|  0|   6|           1|           6|
    |layer7_out_16_0_fu_3172_p3    |    select|   0|  0|   6|           1|           6|
    |layer7_out_17_0_fu_3342_p3    |    select|   0|  0|   6|           1|           6|
    |layer7_out_18_0_fu_3512_p3    |    select|   0|  0|   6|           1|           6|
    |layer7_out_19_0_fu_3682_p3    |    select|   0|  0|   6|           1|           6|
    |layer7_out_1_0_fu_622_p3      |    select|   0|  0|   6|           1|           6|
    |layer7_out_20_0_fu_3852_p3    |    select|   0|  0|   6|           1|           6|
    |layer7_out_21_0_fu_4022_p3    |    select|   0|  0|   6|           1|           6|
    |layer7_out_22_0_fu_4192_p3    |    select|   0|  0|   6|           1|           6|
    |layer7_out_23_0_fu_4362_p3    |    select|   0|  0|   6|           1|           6|
    |layer7_out_25_0_fu_4532_p3    |    select|   0|  0|   6|           1|           6|
    |layer7_out_26_0_fu_4702_p3    |    select|   0|  0|   6|           1|           6|
    |layer7_out_2783_0_fu_4872_p3  |    select|   0|  0|   6|           1|           6|
    |layer7_out_28_0_fu_5042_p3    |    select|   0|  0|   6|           1|           6|
    |layer7_out_29_0_fu_5212_p3    |    select|   0|  0|   6|           1|           6|
    |layer7_out_2_0_fu_792_p3      |    select|   0|  0|   6|           1|           6|
    |layer7_out_30_0_fu_5382_p3    |    select|   0|  0|   6|           1|           6|
    |layer7_out_31_0_fu_5552_p3    |    select|   0|  0|   6|           1|           6|
    |layer7_out_3_0_fu_962_p3      |    select|   0|  0|   6|           1|           6|
    |layer7_out_4_0_fu_1132_p3     |    select|   0|  0|   6|           1|           6|
    |layer7_out_5_0_fu_1302_p3     |    select|   0|  0|   6|           1|           6|
    |layer7_out_6_0_fu_1472_p3     |    select|   0|  0|   6|           1|           6|
    |layer7_out_7_0_fu_1642_p3     |    select|   0|  0|   6|           1|           6|
    |layer7_out_8_0_fu_1812_p3     |    select|   0|  0|   6|           1|           6|
    |layer7_out_9_0_fu_1982_p3     |    select|   0|  0|   6|           1|           6|
    |select_ln46_189_fu_436_p3     |    select|   0|  0|   6|           1|           6|
    |select_ln46_190_fu_444_p3     |    select|   0|  0|   6|           1|           6|
    |select_ln46_191_fu_598_p3     |    select|   0|  0|   6|           1|           1|
    |select_ln46_192_fu_606_p3     |    select|   0|  0|   6|           1|           6|
    |select_ln46_193_fu_614_p3     |    select|   0|  0|   6|           1|           6|
    |select_ln46_194_fu_768_p3     |    select|   0|  0|   6|           1|           1|
    |select_ln46_195_fu_776_p3     |    select|   0|  0|   6|           1|           6|
    |select_ln46_196_fu_784_p3     |    select|   0|  0|   6|           1|           6|
    |select_ln46_197_fu_938_p3     |    select|   0|  0|   6|           1|           1|
    |select_ln46_198_fu_946_p3     |    select|   0|  0|   6|           1|           6|
    |select_ln46_199_fu_954_p3     |    select|   0|  0|   6|           1|           6|
    |select_ln46_200_fu_1108_p3    |    select|   0|  0|   6|           1|           1|
    |select_ln46_201_fu_1116_p3    |    select|   0|  0|   6|           1|           6|
    |select_ln46_202_fu_1124_p3    |    select|   0|  0|   6|           1|           6|
    |select_ln46_203_fu_1278_p3    |    select|   0|  0|   6|           1|           1|
    |select_ln46_204_fu_1286_p3    |    select|   0|  0|   6|           1|           6|
    |select_ln46_205_fu_1294_p3    |    select|   0|  0|   6|           1|           6|
    |select_ln46_206_fu_1448_p3    |    select|   0|  0|   6|           1|           1|
    |select_ln46_207_fu_1456_p3    |    select|   0|  0|   6|           1|           6|
    |select_ln46_208_fu_1464_p3    |    select|   0|  0|   6|           1|           6|
    |select_ln46_209_fu_1618_p3    |    select|   0|  0|   6|           1|           1|
    |select_ln46_210_fu_1626_p3    |    select|   0|  0|   6|           1|           6|
    |select_ln46_211_fu_1634_p3    |    select|   0|  0|   6|           1|           6|
    |select_ln46_212_fu_1788_p3    |    select|   0|  0|   6|           1|           1|
    |select_ln46_213_fu_1796_p3    |    select|   0|  0|   6|           1|           6|
    |select_ln46_214_fu_1804_p3    |    select|   0|  0|   6|           1|           6|
    |select_ln46_215_fu_1958_p3    |    select|   0|  0|   6|           1|           1|
    |select_ln46_216_fu_1966_p3    |    select|   0|  0|   6|           1|           6|
    |select_ln46_217_fu_1974_p3    |    select|   0|  0|   6|           1|           6|
    |select_ln46_218_fu_2128_p3    |    select|   0|  0|   6|           1|           1|
    |select_ln46_219_fu_2136_p3    |    select|   0|  0|   6|           1|           6|
    |select_ln46_220_fu_2144_p3    |    select|   0|  0|   6|           1|           6|
    |select_ln46_221_fu_2298_p3    |    select|   0|  0|   6|           1|           1|
    |select_ln46_222_fu_2306_p3    |    select|   0|  0|   6|           1|           6|
    |select_ln46_223_fu_2314_p3    |    select|   0|  0|   6|           1|           6|
    |select_ln46_224_fu_2468_p3    |    select|   0|  0|   6|           1|           1|
    |select_ln46_225_fu_2476_p3    |    select|   0|  0|   6|           1|           6|
    |select_ln46_226_fu_2484_p3    |    select|   0|  0|   6|           1|           6|
    |select_ln46_227_fu_2638_p3    |    select|   0|  0|   6|           1|           1|
    |select_ln46_228_fu_2646_p3    |    select|   0|  0|   6|           1|           6|
    |select_ln46_229_fu_2654_p3    |    select|   0|  0|   6|           1|           6|
    |select_ln46_230_fu_2808_p3    |    select|   0|  0|   6|           1|           1|
    |select_ln46_231_fu_2816_p3    |    select|   0|  0|   6|           1|           6|
    |select_ln46_232_fu_2824_p3    |    select|   0|  0|   6|           1|           6|
    |select_ln46_233_fu_2978_p3    |    select|   0|  0|   6|           1|           1|
    |select_ln46_234_fu_2986_p3    |    select|   0|  0|   6|           1|           6|
    |select_ln46_235_fu_2994_p3    |    select|   0|  0|   6|           1|           6|
    |select_ln46_236_fu_3148_p3    |    select|   0|  0|   6|           1|           1|
    |select_ln46_237_fu_3156_p3    |    select|   0|  0|   6|           1|           6|
    |select_ln46_238_fu_3164_p3    |    select|   0|  0|   6|           1|           6|
    |select_ln46_239_fu_3318_p3    |    select|   0|  0|   6|           1|           1|
    |select_ln46_240_fu_3326_p3    |    select|   0|  0|   6|           1|           6|
    |select_ln46_241_fu_3334_p3    |    select|   0|  0|   6|           1|           6|
    |select_ln46_242_fu_3488_p3    |    select|   0|  0|   6|           1|           1|
    |select_ln46_243_fu_3496_p3    |    select|   0|  0|   6|           1|           6|
    |select_ln46_244_fu_3504_p3    |    select|   0|  0|   6|           1|           6|
    |select_ln46_245_fu_3658_p3    |    select|   0|  0|   6|           1|           1|
    |select_ln46_246_fu_3666_p3    |    select|   0|  0|   6|           1|           6|
    |select_ln46_247_fu_3674_p3    |    select|   0|  0|   6|           1|           6|
    |select_ln46_248_fu_3828_p3    |    select|   0|  0|   6|           1|           1|
    |select_ln46_249_fu_3836_p3    |    select|   0|  0|   6|           1|           6|
    |select_ln46_250_fu_3844_p3    |    select|   0|  0|   6|           1|           6|
    |select_ln46_251_fu_3998_p3    |    select|   0|  0|   6|           1|           1|
    |select_ln46_252_fu_4006_p3    |    select|   0|  0|   6|           1|           6|
    |select_ln46_253_fu_4014_p3    |    select|   0|  0|   6|           1|           6|
    |select_ln46_254_fu_4168_p3    |    select|   0|  0|   6|           1|           1|
    |select_ln46_255_fu_4176_p3    |    select|   0|  0|   6|           1|           6|
    |select_ln46_256_fu_4184_p3    |    select|   0|  0|   6|           1|           6|
    |select_ln46_257_fu_4338_p3    |    select|   0|  0|   6|           1|           1|
    |select_ln46_258_fu_4346_p3    |    select|   0|  0|   6|           1|           6|
    |select_ln46_259_fu_4354_p3    |    select|   0|  0|   6|           1|           6|
    |select_ln46_260_fu_4508_p3    |    select|   0|  0|   6|           1|           1|
    |select_ln46_261_fu_4516_p3    |    select|   0|  0|   6|           1|           6|
    |select_ln46_262_fu_4524_p3    |    select|   0|  0|   6|           1|           6|
    |select_ln46_263_fu_4678_p3    |    select|   0|  0|   6|           1|           1|
    |select_ln46_264_fu_4686_p3    |    select|   0|  0|   6|           1|           6|
    |select_ln46_265_fu_4694_p3    |    select|   0|  0|   6|           1|           6|
    |select_ln46_266_fu_4848_p3    |    select|   0|  0|   6|           1|           1|
    |select_ln46_267_fu_4856_p3    |    select|   0|  0|   6|           1|           6|
    |select_ln46_268_fu_4864_p3    |    select|   0|  0|   6|           1|           6|
    |select_ln46_269_fu_5018_p3    |    select|   0|  0|   6|           1|           1|
    |select_ln46_270_fu_5026_p3    |    select|   0|  0|   6|           1|           6|
    |select_ln46_271_fu_5034_p3    |    select|   0|  0|   6|           1|           6|
    |select_ln46_272_fu_5188_p3    |    select|   0|  0|   6|           1|           1|
    |select_ln46_273_fu_5196_p3    |    select|   0|  0|   6|           1|           6|
    |select_ln46_274_fu_5204_p3    |    select|   0|  0|   6|           1|           6|
    |select_ln46_275_fu_5358_p3    |    select|   0|  0|   6|           1|           1|
    |select_ln46_276_fu_5366_p3    |    select|   0|  0|   6|           1|           6|
    |select_ln46_277_fu_5374_p3    |    select|   0|  0|   6|           1|           6|
    |select_ln46_278_fu_5528_p3    |    select|   0|  0|   6|           1|           1|
    |select_ln46_279_fu_5536_p3    |    select|   0|  0|   6|           1|           6|
    |select_ln46_280_fu_5544_p3    |    select|   0|  0|   6|           1|           6|
    |select_ln46_fu_428_p3         |    select|   0|  0|   6|           1|           1|
    |not_tmp_441_fu_392_p2         |       xor|   0|  0|   2|           1|           2|
    |not_tmp_448_fu_562_p2         |       xor|   0|  0|   2|           1|           2|
    |not_tmp_455_fu_732_p2         |       xor|   0|  0|   2|           1|           2|
    |not_tmp_462_fu_902_p2         |       xor|   0|  0|   2|           1|           2|
    |not_tmp_469_fu_1072_p2        |       xor|   0|  0|   2|           1|           2|
    |not_tmp_476_fu_1242_p2        |       xor|   0|  0|   2|           1|           2|
    |not_tmp_483_fu_1412_p2        |       xor|   0|  0|   2|           1|           2|
    |not_tmp_490_fu_1582_p2        |       xor|   0|  0|   2|           1|           2|
    |not_tmp_497_fu_1752_p2        |       xor|   0|  0|   2|           1|           2|
    |not_tmp_504_fu_1922_p2        |       xor|   0|  0|   2|           1|           2|
    |not_tmp_511_fu_2092_p2        |       xor|   0|  0|   2|           1|           2|
    |not_tmp_518_fu_2262_p2        |       xor|   0|  0|   2|           1|           2|
    |not_tmp_525_fu_2432_p2        |       xor|   0|  0|   2|           1|           2|
    |not_tmp_532_fu_2602_p2        |       xor|   0|  0|   2|           1|           2|
    |not_tmp_539_fu_2772_p2        |       xor|   0|  0|   2|           1|           2|
    |not_tmp_546_fu_2942_p2        |       xor|   0|  0|   2|           1|           2|
    |not_tmp_553_fu_3112_p2        |       xor|   0|  0|   2|           1|           2|
    |not_tmp_560_fu_3282_p2        |       xor|   0|  0|   2|           1|           2|
    |not_tmp_567_fu_3452_p2        |       xor|   0|  0|   2|           1|           2|
    |not_tmp_574_fu_3622_p2        |       xor|   0|  0|   2|           1|           2|
    |not_tmp_581_fu_3792_p2        |       xor|   0|  0|   2|           1|           2|
    |not_tmp_588_fu_3962_p2        |       xor|   0|  0|   2|           1|           2|
    |not_tmp_595_fu_4132_p2        |       xor|   0|  0|   2|           1|           2|
    |not_tmp_602_fu_4302_p2        |       xor|   0|  0|   2|           1|           2|
    |not_tmp_609_fu_4472_p2        |       xor|   0|  0|   2|           1|           2|
    |not_tmp_616_fu_4642_p2        |       xor|   0|  0|   2|           1|           2|
    |not_tmp_623_fu_4812_p2        |       xor|   0|  0|   2|           1|           2|
    |not_tmp_630_fu_4982_p2        |       xor|   0|  0|   2|           1|           2|
    |not_tmp_637_fu_5152_p2        |       xor|   0|  0|   2|           1|           2|
    |not_tmp_644_fu_5322_p2        |       xor|   0|  0|   2|           1|           2|
    |not_tmp_651_fu_5492_p2        |       xor|   0|  0|   2|           1|           2|
    |xor_ln46_63_fu_586_p2         |       xor|   0|  0|   2|           1|           2|
    |xor_ln46_64_fu_756_p2         |       xor|   0|  0|   2|           1|           2|
    |xor_ln46_65_fu_926_p2         |       xor|   0|  0|   2|           1|           2|
    |xor_ln46_66_fu_1096_p2        |       xor|   0|  0|   2|           1|           2|
    |xor_ln46_67_fu_1266_p2        |       xor|   0|  0|   2|           1|           2|
    |xor_ln46_68_fu_1436_p2        |       xor|   0|  0|   2|           1|           2|
    |xor_ln46_69_fu_1606_p2        |       xor|   0|  0|   2|           1|           2|
    |xor_ln46_70_fu_1776_p2        |       xor|   0|  0|   2|           1|           2|
    |xor_ln46_71_fu_1946_p2        |       xor|   0|  0|   2|           1|           2|
    |xor_ln46_72_fu_2116_p2        |       xor|   0|  0|   2|           1|           2|
    |xor_ln46_73_fu_2286_p2        |       xor|   0|  0|   2|           1|           2|
    |xor_ln46_74_fu_2456_p2        |       xor|   0|  0|   2|           1|           2|
    |xor_ln46_75_fu_2626_p2        |       xor|   0|  0|   2|           1|           2|
    |xor_ln46_76_fu_2796_p2        |       xor|   0|  0|   2|           1|           2|
    |xor_ln46_77_fu_2966_p2        |       xor|   0|  0|   2|           1|           2|
    |xor_ln46_78_fu_3136_p2        |       xor|   0|  0|   2|           1|           2|
    |xor_ln46_79_fu_3306_p2        |       xor|   0|  0|   2|           1|           2|
    |xor_ln46_80_fu_3476_p2        |       xor|   0|  0|   2|           1|           2|
    |xor_ln46_81_fu_3646_p2        |       xor|   0|  0|   2|           1|           2|
    |xor_ln46_82_fu_3816_p2        |       xor|   0|  0|   2|           1|           2|
    |xor_ln46_83_fu_3986_p2        |       xor|   0|  0|   2|           1|           2|
    |xor_ln46_84_fu_4156_p2        |       xor|   0|  0|   2|           1|           2|
    |xor_ln46_85_fu_4326_p2        |       xor|   0|  0|   2|           1|           2|
    |xor_ln46_86_fu_4496_p2        |       xor|   0|  0|   2|           1|           2|
    |xor_ln46_87_fu_4666_p2        |       xor|   0|  0|   2|           1|           2|
    |xor_ln46_88_fu_4836_p2        |       xor|   0|  0|   2|           1|           2|
    |xor_ln46_89_fu_5006_p2        |       xor|   0|  0|   2|           1|           2|
    |xor_ln46_90_fu_5176_p2        |       xor|   0|  0|   2|           1|           2|
    |xor_ln46_91_fu_5346_p2        |       xor|   0|  0|   2|           1|           2|
    |xor_ln46_92_fu_5516_p2        |       xor|   0|  0|   2|           1|           2|
    |xor_ln46_fu_416_p2            |       xor|   0|  0|   2|           1|           2|
    +------------------------------+----------+----+---+----+------------+------------+
    |Total                         |          |   0|  0|3286|        1519|        1178|
    +------------------------------+----------+----+---+----+------------+------------+

    * Multiplexer: 
    N/A

    * Register: 
    N/A



================================================================
== Interface
================================================================
* Summary: 
+-------------------+-----+-----+------------+------------------------------------------------------------------------+--------------+
|     RTL Ports     | Dir | Bits|  Protocol  |                              Source Object                             |    C Type    |
+-------------------+-----+-----+------------+------------------------------------------------------------------------+--------------+
|ap_ready           |  out|    1|  ap_ctrl_hs|  relu<ap_fixed<19, 8, 5, 3, 0>, ap_ufixed<6, 0, 4, 0, 0>, relu_config7>|  return value|
|ap_return_0        |  out|    6|  ap_ctrl_hs|  relu<ap_fixed<19, 8, 5, 3, 0>, ap_ufixed<6, 0, 4, 0, 0>, relu_config7>|  return value|
|ap_return_1        |  out|    6|  ap_ctrl_hs|  relu<ap_fixed<19, 8, 5, 3, 0>, ap_ufixed<6, 0, 4, 0, 0>, relu_config7>|  return value|
|ap_return_2        |  out|    6|  ap_ctrl_hs|  relu<ap_fixed<19, 8, 5, 3, 0>, ap_ufixed<6, 0, 4, 0, 0>, relu_config7>|  return value|
|ap_return_3        |  out|    6|  ap_ctrl_hs|  relu<ap_fixed<19, 8, 5, 3, 0>, ap_ufixed<6, 0, 4, 0, 0>, relu_config7>|  return value|
|ap_return_4        |  out|    6|  ap_ctrl_hs|  relu<ap_fixed<19, 8, 5, 3, 0>, ap_ufixed<6, 0, 4, 0, 0>, relu_config7>|  return value|
|ap_return_5        |  out|    6|  ap_ctrl_hs|  relu<ap_fixed<19, 8, 5, 3, 0>, ap_ufixed<6, 0, 4, 0, 0>, relu_config7>|  return value|
|ap_return_6        |  out|    6|  ap_ctrl_hs|  relu<ap_fixed<19, 8, 5, 3, 0>, ap_ufixed<6, 0, 4, 0, 0>, relu_config7>|  return value|
|ap_return_7        |  out|    6|  ap_ctrl_hs|  relu<ap_fixed<19, 8, 5, 3, 0>, ap_ufixed<6, 0, 4, 0, 0>, relu_config7>|  return value|
|ap_return_8        |  out|    6|  ap_ctrl_hs|  relu<ap_fixed<19, 8, 5, 3, 0>, ap_ufixed<6, 0, 4, 0, 0>, relu_config7>|  return value|
|ap_return_9        |  out|    6|  ap_ctrl_hs|  relu<ap_fixed<19, 8, 5, 3, 0>, ap_ufixed<6, 0, 4, 0, 0>, relu_config7>|  return value|
|ap_return_10       |  out|    6|  ap_ctrl_hs|  relu<ap_fixed<19, 8, 5, 3, 0>, ap_ufixed<6, 0, 4, 0, 0>, relu_config7>|  return value|
|ap_return_11       |  out|    6|  ap_ctrl_hs|  relu<ap_fixed<19, 8, 5, 3, 0>, ap_ufixed<6, 0, 4, 0, 0>, relu_config7>|  return value|
|ap_return_12       |  out|    6|  ap_ctrl_hs|  relu<ap_fixed<19, 8, 5, 3, 0>, ap_ufixed<6, 0, 4, 0, 0>, relu_config7>|  return value|
|ap_return_13       |  out|    6|  ap_ctrl_hs|  relu<ap_fixed<19, 8, 5, 3, 0>, ap_ufixed<6, 0, 4, 0, 0>, relu_config7>|  return value|
|ap_return_14       |  out|    6|  ap_ctrl_hs|  relu<ap_fixed<19, 8, 5, 3, 0>, ap_ufixed<6, 0, 4, 0, 0>, relu_config7>|  return value|
|ap_return_15       |  out|    6|  ap_ctrl_hs|  relu<ap_fixed<19, 8, 5, 3, 0>, ap_ufixed<6, 0, 4, 0, 0>, relu_config7>|  return value|
|ap_return_16       |  out|    6|  ap_ctrl_hs|  relu<ap_fixed<19, 8, 5, 3, 0>, ap_ufixed<6, 0, 4, 0, 0>, relu_config7>|  return value|
|ap_return_17       |  out|    6|  ap_ctrl_hs|  relu<ap_fixed<19, 8, 5, 3, 0>, ap_ufixed<6, 0, 4, 0, 0>, relu_config7>|  return value|
|ap_return_18       |  out|    6|  ap_ctrl_hs|  relu<ap_fixed<19, 8, 5, 3, 0>, ap_ufixed<6, 0, 4, 0, 0>, relu_config7>|  return value|
|ap_return_19       |  out|    6|  ap_ctrl_hs|  relu<ap_fixed<19, 8, 5, 3, 0>, ap_ufixed<6, 0, 4, 0, 0>, relu_config7>|  return value|
|ap_return_20       |  out|    6|  ap_ctrl_hs|  relu<ap_fixed<19, 8, 5, 3, 0>, ap_ufixed<6, 0, 4, 0, 0>, relu_config7>|  return value|
|ap_return_21       |  out|    6|  ap_ctrl_hs|  relu<ap_fixed<19, 8, 5, 3, 0>, ap_ufixed<6, 0, 4, 0, 0>, relu_config7>|  return value|
|ap_return_22       |  out|    6|  ap_ctrl_hs|  relu<ap_fixed<19, 8, 5, 3, 0>, ap_ufixed<6, 0, 4, 0, 0>, relu_config7>|  return value|
|ap_return_23       |  out|    6|  ap_ctrl_hs|  relu<ap_fixed<19, 8, 5, 3, 0>, ap_ufixed<6, 0, 4, 0, 0>, relu_config7>|  return value|
|ap_return_24       |  out|    6|  ap_ctrl_hs|  relu<ap_fixed<19, 8, 5, 3, 0>, ap_ufixed<6, 0, 4, 0, 0>, relu_config7>|  return value|
|ap_return_25       |  out|    6|  ap_ctrl_hs|  relu<ap_fixed<19, 8, 5, 3, 0>, ap_ufixed<6, 0, 4, 0, 0>, relu_config7>|  return value|
|ap_return_26       |  out|    6|  ap_ctrl_hs|  relu<ap_fixed<19, 8, 5, 3, 0>, ap_ufixed<6, 0, 4, 0, 0>, relu_config7>|  return value|
|ap_return_27       |  out|    6|  ap_ctrl_hs|  relu<ap_fixed<19, 8, 5, 3, 0>, ap_ufixed<6, 0, 4, 0, 0>, relu_config7>|  return value|
|ap_return_28       |  out|    6|  ap_ctrl_hs|  relu<ap_fixed<19, 8, 5, 3, 0>, ap_ufixed<6, 0, 4, 0, 0>, relu_config7>|  return value|
|ap_return_29       |  out|    6|  ap_ctrl_hs|  relu<ap_fixed<19, 8, 5, 3, 0>, ap_ufixed<6, 0, 4, 0, 0>, relu_config7>|  return value|
|ap_return_30       |  out|    6|  ap_ctrl_hs|  relu<ap_fixed<19, 8, 5, 3, 0>, ap_ufixed<6, 0, 4, 0, 0>, relu_config7>|  return value|
|ap_rst             |   in|    1|  ap_ctrl_hs|  relu<ap_fixed<19, 8, 5, 3, 0>, ap_ufixed<6, 0, 4, 0, 0>, relu_config7>|  return value|
|layer5_out_0_val   |   in|   19|     ap_none|                                                        layer5_out_0_val|        scalar|
|layer5_out_1_val   |   in|   19|     ap_none|                                                        layer5_out_1_val|        scalar|
|layer5_out_2_val   |   in|   19|     ap_none|                                                        layer5_out_2_val|        scalar|
|layer5_out_3_val   |   in|   19|     ap_none|                                                        layer5_out_3_val|        scalar|
|layer5_out_4_val   |   in|   19|     ap_none|                                                        layer5_out_4_val|        scalar|
|layer5_out_5_val   |   in|   19|     ap_none|                                                        layer5_out_5_val|        scalar|
|layer5_out_6_val   |   in|   19|     ap_none|                                                        layer5_out_6_val|        scalar|
|layer5_out_7_val   |   in|   19|     ap_none|                                                        layer5_out_7_val|        scalar|
|layer5_out_8_val   |   in|   19|     ap_none|                                                        layer5_out_8_val|        scalar|
|layer5_out_9_val   |   in|   19|     ap_none|                                                        layer5_out_9_val|        scalar|
|layer5_out_10_val  |   in|   19|     ap_none|                                                       layer5_out_10_val|        scalar|
|layer5_out_11_val  |   in|   19|     ap_none|                                                       layer5_out_11_val|        scalar|
|layer5_out_12_val  |   in|   19|     ap_none|                                                       layer5_out_12_val|        scalar|
|layer5_out_13_val  |   in|   19|     ap_none|                                                       layer5_out_13_val|        scalar|
|layer5_out_14_val  |   in|   19|     ap_none|                                                       layer5_out_14_val|        scalar|
|layer5_out_15_val  |   in|   19|     ap_none|                                                       layer5_out_15_val|        scalar|
|layer5_out_16_val  |   in|   19|     ap_none|                                                       layer5_out_16_val|        scalar|
|layer5_out_17_val  |   in|   19|     ap_none|                                                       layer5_out_17_val|        scalar|
|layer5_out_18_val  |   in|   19|     ap_none|                                                       layer5_out_18_val|        scalar|
|layer5_out_19_val  |   in|   19|     ap_none|                                                       layer5_out_19_val|        scalar|
|layer5_out_20_val  |   in|   19|     ap_none|                                                       layer5_out_20_val|        scalar|
|layer5_out_21_val  |   in|   19|     ap_none|                                                       layer5_out_21_val|        scalar|
|layer5_out_22_val  |   in|   19|     ap_none|                                                       layer5_out_22_val|        scalar|
|layer5_out_23_val  |   in|   19|     ap_none|                                                       layer5_out_23_val|        scalar|
|layer5_out_25_val  |   in|   19|     ap_none|                                                       layer5_out_25_val|        scalar|
|layer5_out_26_val  |   in|   19|     ap_none|                                                       layer5_out_26_val|        scalar|
|layer5_out_27_val  |   in|   19|     ap_none|                                                       layer5_out_27_val|        scalar|
|layer5_out_28_val  |   in|   19|     ap_none|                                                       layer5_out_28_val|        scalar|
|layer5_out_29_val  |   in|   19|     ap_none|                                                       layer5_out_29_val|        scalar|
|layer5_out_30_val  |   in|   19|     ap_none|                                                       layer5_out_30_val|        scalar|
|layer5_out_31_val  |   in|   19|     ap_none|                                                       layer5_out_31_val|        scalar|
+-------------------+-----+-----+------------+------------------------------------------------------------------------+--------------+

