

================================================================
== Vitis HLS Report for 'softmax_stable_ap_fixed_ap_fixed_16_6_5_3_0_softmax_config13_s'
================================================================
* Date:           Tue Oct 14 15:23:01 2025

* Version:        2024.2 (Build 5238294 on Nov  8 2024)
* Project:        myproject_prj
* Solution:       solution1 (Vivado IP Flow Target)
* Product family: virtexuplus
* Target device:  xcu250-figd2104-2L-e


================================================================
== Performance Estimates
================================================================
+ Timing: 
    * Summary: 
    +--------+---------+----------+------------+
    |  Clock |  Target | Estimated| Uncertainty|
    +--------+---------+----------+------------+
    |ap_clk  |  5.00 ns|  3.390 ns|     1.35 ns|
    +--------+---------+----------+------------+

+ Latency: 
    * Summary: 
    +---------+---------+-----------+-----------+-----+-----+---------+
    |  Latency (cycles) |   Latency (absolute)  |  Interval | Pipeline|
    |   min   |   max   |    min    |    max    | min | max |   Type  |
    +---------+---------+-----------+-----------+-----+-----+---------+
    |        4|        4|  20.000 ns|  20.000 ns|    1|    1|      yes|
    +---------+---------+-----------+-----------+-----+-----+---------+

    + Detail: 
        * Instance: 
        N/A

        * Loop: 
        N/A



================================================================
== Utilization Estimates
================================================================
* Summary: 
+---------------------+---------+-------+---------+---------+------+
|         Name        | BRAM_18K|  DSP  |    FF   |   LUT   | URAM |
+---------------------+---------+-------+---------+---------+------+
|DSP                  |        -|      -|        -|        -|     -|
|Expression           |        -|      -|        0|      517|     -|
|FIFO                 |        -|      -|        -|        -|     -|
|Instance             |        -|      5|        0|       25|     -|
|Memory               |        8|      -|        0|        0|     -|
|Multiplexer          |        -|      -|        0|       70|     -|
|Register             |        -|      -|      443|        -|     -|
+---------------------+---------+-------+---------+---------+------+
|Total                |        8|      5|      443|      612|     0|
+---------------------+---------+-------+---------+---------+------+
|Available SLR        |     1344|   3072|   864000|   432000|   320|
+---------------------+---------+-------+---------+---------+------+
|Utilization SLR (%)  |       ~0|     ~0|       ~0|       ~0|     0|
+---------------------+---------+-------+---------+---------+------+
|Available            |     5376|  12288|  3456000|  1728000|  1280|
+---------------------+---------+-------+---------+---------+------+
|Utilization (%)      |       ~0|     ~0|       ~0|       ~0|     0|
+---------------------+---------+-------+---------+---------+------+

+ Detail: 
    * Instance: 
    +-------------------------+--------------------+---------+----+---+----+-----+
    |         Instance        |       Module       | BRAM_18K| DSP| FF| LUT| URAM|
    +-------------------------+--------------------+---------+----+---+----+-----+
    |mul_18s_18s_30_1_0_U386  |mul_18s_18s_30_1_0  |        0|   1|  0|   5|    0|
    |mul_18s_18s_30_1_0_U387  |mul_18s_18s_30_1_0  |        0|   1|  0|   5|    0|
    |mul_18s_18s_30_1_0_U388  |mul_18s_18s_30_1_0  |        0|   1|  0|   5|    0|
    |mul_18s_18s_30_1_0_U389  |mul_18s_18s_30_1_0  |        0|   1|  0|   5|    0|
    |mul_18s_18s_30_1_0_U390  |mul_18s_18s_30_1_0  |        0|   1|  0|   5|    0|
    +-------------------------+--------------------+---------+----+---+----+-----+
    |Total                    |                    |        0|   5|  0|  25|    0|
    +-------------------------+--------------------+---------+----+---+----+-----+

    * DSP: 
    N/A

    * Memory: 
    +----------------+----------------------------------------------------------------------------------+---------+---+----+-----+------+-----+------+-------------+
    |     Memory     |                                      Module                                      | BRAM_18K| FF| LUT| URAM| Words| Bits| Banks| W*Bits*Banks|
    +----------------+----------------------------------------------------------------------------------+---------+---+----+-----+------+-----+------+-------------+
    |exp_table_U     |softmax_stable_ap_fixed_ap_fixed_16_6_5_3_0_softmax_config13_s_exp_table_ROM_bkb  |        6|  0|   0|    0|  1024|   18|     1|        18432|
    |invert_table_U  |softmax_stable_ap_fixed_ap_fixed_16_6_5_3_0_softmax_config13_s_invert_table_Rcud  |        2|  0|   0|    0|  1024|   18|     1|        18432|
    +----------------+----------------------------------------------------------------------------------+---------+---+----+-----+------+-----+------+-------------+
    |Total           |                                                                                  |        8|  0|   0|    0|  2048|   36|     2|        36864|
    +----------------+----------------------------------------------------------------------------------+---------+---+----+-----+------+-----+------+-------------+

    * FIFO: 
    N/A

    * Expression: 
    +--------------------------+----------+----+---+----+------------+------------+
    |       Variable Name      | Operation| DSP| FF| LUT| Bitwidth P0| Bitwidth P1|
    +--------------------------+----------+----+---+----+------------+------------+
    |add_ln51_1_fu_610_p2      |         +|   0|  0|  18|          18|          18|
    |add_ln51_2_fu_614_p2      |         +|   0|  0|  18|          18|          18|
    |add_ln51_fu_604_p2        |         +|   0|  0|  18|          18|          18|
    |exp_sum_fu_619_p2         |         +|   0|  0|  18|          18|          18|
    |sub_ln245_1_fu_282_p2     |         -|   0|  0|  26|          19|          19|
    |sub_ln245_2_fu_325_p2     |         -|   0|  0|  26|          19|          19|
    |sub_ln245_3_fu_368_p2     |         -|   0|  0|  26|          19|          19|
    |sub_ln245_4_fu_411_p2     |         -|   0|  0|  26|          19|          19|
    |sub_ln245_fu_239_p2       |         -|   0|  0|  26|          19|          19|
    |and_ln245_1_fu_310_p2     |       and|   0|  0|   2|           1|           1|
    |and_ln245_2_fu_353_p2     |       and|   0|  0|   2|           1|           1|
    |and_ln245_3_fu_396_p2     |       and|   0|  0|   2|           1|           1|
    |and_ln245_4_fu_439_p2     |       and|   0|  0|   2|           1|           1|
    |and_ln245_fu_267_p2       |       and|   0|  0|   2|           1|           1|
    |icmp_ln66_1_fu_176_p2     |      icmp|   0|  0|  25|          18|          18|
    |icmp_ln66_2_fu_196_p2     |      icmp|   0|  0|  25|          18|          18|
    |icmp_ln66_3_fu_216_p2     |      icmp|   0|  0|  25|          18|          18|
    |icmp_ln66_fu_156_p2       |      icmp|   0|  0|  25|          18|          18|
    |a_fu_208_p3               |    select|   0|  0|  18|           1|          18|
    |select_ln245_1_fu_469_p3  |    select|   0|  0|  10|           1|          10|
    |select_ln245_2_fu_477_p3  |    select|   0|  0|  11|           1|           9|
    |select_ln245_3_fu_495_p3  |    select|   0|  0|  10|           1|          10|
    |select_ln245_4_fu_503_p3  |    select|   0|  0|  11|           1|           9|
    |select_ln245_5_fu_521_p3  |    select|   0|  0|  10|           1|          10|
    |select_ln245_6_fu_534_p3  |    select|   0|  0|  11|           1|           9|
    |select_ln245_7_fu_552_p3  |    select|   0|  0|  10|           1|          10|
    |select_ln245_8_fu_565_p3  |    select|   0|  0|  11|           1|           9|
    |select_ln245_9_fu_583_p3  |    select|   0|  0|  10|           1|          10|
    |select_ln245_fu_451_p3    |    select|   0|  0|  11|           1|           9|
    |select_ln66_1_fu_188_p3   |    select|   0|  0|  18|           1|          18|
    |select_ln66_fu_168_p3     |    select|   0|  0|  18|           1|          18|
    |x_max_fu_226_p3           |    select|   0|  0|  18|           1|          18|
    |xor_ln245_1_fu_273_p2     |       xor|   0|  0|   2|           1|           1|
    |xor_ln245_2_fu_304_p2     |       xor|   0|  0|   2|           1|           2|
    |xor_ln245_3_fu_316_p2     |       xor|   0|  0|   2|           1|           1|
    |xor_ln245_4_fu_347_p2     |       xor|   0|  0|   2|           1|           2|
    |xor_ln245_5_fu_359_p2     |       xor|   0|  0|   2|           1|           1|
    |xor_ln245_6_fu_390_p2     |       xor|   0|  0|   2|           1|           2|
    |xor_ln245_7_fu_402_p2     |       xor|   0|  0|   2|           1|           1|
    |xor_ln245_8_fu_433_p2     |       xor|   0|  0|   2|           1|           2|
    |xor_ln245_9_fu_445_p2     |       xor|   0|  0|   2|           1|           1|
    |xor_ln245_fu_261_p2       |       xor|   0|  0|   2|           1|           2|
    |xor_ln66_1_fu_182_p2      |       xor|   0|  0|   2|           1|           2|
    |xor_ln66_2_fu_202_p2      |       xor|   0|  0|   2|           1|           2|
    |xor_ln66_3_fu_220_p2      |       xor|   0|  0|   2|           1|           2|
    |xor_ln66_fu_162_p2        |       xor|   0|  0|   2|           1|           2|
    +--------------------------+----------+----+---+----+------------+------------+
    |Total                     |          |   0|  0| 517|         272|         434|
    +--------------------------+----------+----+---+----+------------+------------+

    * Multiplexer: 
    +-------------+----+-----------+-----+-----------+
    |     Name    | LUT| Input Size| Bits| Total Bits|
    +-------------+----+-----------+-----+-----------+
    |ap_return_0  |  14|          3|   16|         48|
    |ap_return_1  |  14|          3|   16|         48|
    |ap_return_2  |  14|          3|   16|         48|
    |ap_return_3  |  14|          3|   16|         48|
    |ap_return_4  |  14|          3|   16|         48|
    +-------------+----+-----------+-----+-----------+
    |Total        |  70|         15|   80|        240|
    +-------------+----+-----------+-----+-----------+

    * Register: 
    +---------------------------+----+----+-----+-----------+
    |            Name           | FF | LUT| Bits| Const Bits|
    +---------------------------+----+----+-----+-----------+
    |a_1_reg_855                |  18|   0|   18|          0|
    |a_2_reg_837                |  18|   0|   18|          0|
    |a_2_reg_837_pp0_iter3_reg  |  18|   0|   18|          0|
    |a_reg_796                  |  18|   0|   18|          0|
    |ap_ce_reg                  |   1|   0|    1|          0|
    |ap_return_0_int_reg        |  16|   0|   16|          0|
    |ap_return_1_int_reg        |  16|   0|   16|          0|
    |ap_return_2_int_reg        |  16|   0|   16|          0|
    |ap_return_3_int_reg        |  16|   0|   16|          0|
    |ap_return_4_int_reg        |  16|   0|   16|          0|
    |b_1_reg_843                |  18|   0|   18|          0|
    |b_1_reg_843_pp0_iter3_reg  |  18|   0|   18|          0|
    |b_2_reg_849                |  18|   0|   18|          0|
    |b_2_reg_849_pp0_iter3_reg  |  18|   0|   18|          0|
    |b_reg_860                  |  18|   0|   18|          0|
    |data_0_val_int_reg         |  18|   0|   18|          0|
    |data_0_val_read_reg_791    |  18|   0|   18|          0|
    |data_1_val_int_reg         |  18|   0|   18|          0|
    |data_1_val_read_reg_786    |  18|   0|   18|          0|
    |data_2_val_int_reg         |  18|   0|   18|          0|
    |data_2_val_read_reg_781    |  18|   0|   18|          0|
    |data_3_val_int_reg         |  18|   0|   18|          0|
    |data_3_val_read_reg_776    |  18|   0|   18|          0|
    |data_4_val_int_reg         |  18|   0|   18|          0|
    |data_4_val_read_reg_769    |  18|   0|   18|          0|
    |select_ln245_1_reg_802     |  10|   0|   10|          0|
    |select_ln245_3_reg_807     |  10|   0|   10|          0|
    +---------------------------+----+----+-----+-----------+
    |Total                      | 443|   0|  443|          0|
    +---------------------------+----+----+-----+-----------+



================================================================
== Interface
================================================================
* Summary: 
+-------------+-----+-----+------------+----------------------------------------------------------------+--------------+
|  RTL Ports  | Dir | Bits|  Protocol  |                          Source Object                         |    C Type    |
+-------------+-----+-----+------------+----------------------------------------------------------------+--------------+
|ap_clk       |   in|    1|  ap_ctrl_hs|  softmax_stable<ap_fixed,ap_fixed<16,6,5,3,0>,softmax_config13>|  return value|
|ap_rst       |   in|    1|  ap_ctrl_hs|  softmax_stable<ap_fixed,ap_fixed<16,6,5,3,0>,softmax_config13>|  return value|
|ap_return_0  |  out|   16|  ap_ctrl_hs|  softmax_stable<ap_fixed,ap_fixed<16,6,5,3,0>,softmax_config13>|  return value|
|ap_return_1  |  out|   16|  ap_ctrl_hs|  softmax_stable<ap_fixed,ap_fixed<16,6,5,3,0>,softmax_config13>|  return value|
|ap_return_2  |  out|   16|  ap_ctrl_hs|  softmax_stable<ap_fixed,ap_fixed<16,6,5,3,0>,softmax_config13>|  return value|
|ap_return_3  |  out|   16|  ap_ctrl_hs|  softmax_stable<ap_fixed,ap_fixed<16,6,5,3,0>,softmax_config13>|  return value|
|ap_return_4  |  out|   16|  ap_ctrl_hs|  softmax_stable<ap_fixed,ap_fixed<16,6,5,3,0>,softmax_config13>|  return value|
|ap_ce        |   in|    1|  ap_ctrl_hs|  softmax_stable<ap_fixed,ap_fixed<16,6,5,3,0>,softmax_config13>|  return value|
|data_0_val   |   in|   18|     ap_none|                                                      data_0_val|        scalar|
|data_1_val   |   in|   18|     ap_none|                                                      data_1_val|        scalar|
|data_2_val   |   in|   18|     ap_none|                                                      data_2_val|        scalar|
|data_3_val   |   in|   18|     ap_none|                                                      data_3_val|        scalar|
|data_4_val   |   in|   18|     ap_none|                                                      data_4_val|        scalar|
+-------------+-----+-----+------------+----------------------------------------------------------------+--------------+

