/home/enlupi/Work/repo/hls4ml-tutorial/Models/model_1/hls4ml_prj_2/myproject_prj/solution1/.autopilot/db/myproject.pp.0.cpp:29536:5: warning: Added loop label VITIS_LOOP_676_1:   [xilinx-label-all-loops]
    for (unsigned i = low; i != high+1; ++i) {
    ^~~
    VITIS_LOOP_676_1: 
/home/enlupi/Work/repo/hls4ml-tutorial/Models/model_1/hls4ml_prj_2/myproject_prj/solution1/.autopilot/db/myproject.pp.0.cpp:29536:5: note: FIX-IT applied suggested code changes
/home/enlupi/Work/repo/hls4ml-tutorial/Models/model_1/hls4ml_prj_2/myproject_prj/solution1/.autopilot/db/myproject.pp.0.cpp:29550:5: warning: Added loop label VITIS_LOOP_690_1:   [xilinx-label-all-loops]
    for (unsigned i = low; i != high+1; ++i) {
    ^~~
    VITIS_LOOP_690_1: 
/home/enlupi/Work/repo/hls4ml-tutorial/Models/model_1/hls4ml_prj_2/myproject_prj/solution1/.autopilot/db/myproject.pp.0.cpp:29550:5: note: FIX-IT applied suggested code changes
/home/enlupi/Work/repo/hls4ml-tutorial/Models/model_1/hls4ml_prj_2/myproject_prj/solution1/.autopilot/db/myproject.pp.0.cpp:29564:5: warning: Added loop label VITIS_LOOP_704_1:   [xilinx-label-all-loops]
    for (unsigned i = low; i != high+1; ++i) {
    ^~~
    VITIS_LOOP_704_1: 
/home/enlupi/Work/repo/hls4ml-tutorial/Models/model_1/hls4ml_prj_2/myproject_prj/solution1/.autopilot/db/myproject.pp.0.cpp:29564:5: note: FIX-IT applied suggested code changes
/home/enlupi/Work/repo/hls4ml-tutorial/Models/model_1/hls4ml_prj_2/myproject_prj/solution1/.autopilot/db/myproject.pp.0.cpp:31186:7: warning: Added loop label VITIS_LOOP_1248_1:   [xilinx-label-all-loops]
      for (i = 0; i < __N - 1; ++i) {
      ^~~
      VITIS_LOOP_1248_1: 
/home/enlupi/Work/repo/hls4ml-tutorial/Models/model_1/hls4ml_prj_2/myproject_prj/solution1/.autopilot/db/myproject.pp.0.cpp:31186:7: note: FIX-IT applied suggested code changes
/home/enlupi/Work/repo/hls4ml-tutorial/Models/model_1/hls4ml_prj_2/myproject_prj/solution1/.autopilot/db/myproject.pp.0.cpp:33173:9: warning: Added loop label VITIS_LOOP_27_1:   [xilinx-label-all-loops]
        for (unsigned i = 0; i < N; i++) {
        ^~~
        VITIS_LOOP_27_1: 
/home/enlupi/Work/repo/hls4ml-tutorial/Models/model_1/hls4ml_prj_2/myproject_prj/solution1/.autopilot/db/myproject.pp.0.cpp:33173:9: note: FIX-IT applied suggested code changes
/home/enlupi/Work/repo/hls4ml-tutorial/Models/model_1/hls4ml_prj_2/myproject_prj/solution1/.autopilot/db/myproject.pp.0.cpp:33186:9: warning: Added loop label VITIS_LOOP_40_1:   [xilinx-label-all-loops]
        for (size_t i = 0; i < N; i++) {
        ^~~
        VITIS_LOOP_40_1: 
/home/enlupi/Work/repo/hls4ml-tutorial/Models/model_1/hls4ml_prj_2/myproject_prj/solution1/.autopilot/db/myproject.pp.0.cpp:33186:9: note: FIX-IT applied suggested code changes
/home/enlupi/Work/repo/hls4ml-tutorial/Models/model_1/hls4ml_prj_2/myproject_prj/solution1/.autopilot/db/myproject.pp.0.cpp:56124:5: warning: Added loop label VITIS_LOOP_265_1:   [xilinx-label-all-loops]
    for (typename std::vector<src_T>::const_iterator i = in_begin; i != in_end; ++i) {
    ^~~
    VITIS_LOOP_265_1: 
/home/enlupi/Work/repo/hls4ml-tutorial/Models/model_1/hls4ml_prj_2/myproject_prj/solution1/.autopilot/db/myproject.pp.0.cpp:56124:5: note: FIX-IT applied suggested code changes
/home/enlupi/Work/repo/hls4ml-tutorial/Models/model_1/hls4ml_prj_2/myproject_prj/solution1/.autopilot/db/myproject.pp.0.cpp:56134:5: warning: Added loop label VITIS_LOOP_275_1:   [xilinx-label-all-loops]
    for (auto i = 0; i < SIZE; i++)
    ^~~
    VITIS_LOOP_275_1: 
/home/enlupi/Work/repo/hls4ml-tutorial/Models/model_1/hls4ml_prj_2/myproject_prj/solution1/.autopilot/db/myproject.pp.0.cpp:56134:5: note: FIX-IT applied suggested code changes
/home/enlupi/Work/repo/hls4ml-tutorial/Models/model_1/hls4ml_prj_2/myproject_prj/solution1/.autopilot/db/myproject.pp.0.cpp:56145:5: warning: Added loop label VITIS_LOOP_286_1:   [xilinx-label-all-loops]
    for (int i = 0; i < SIZE; i++) {
    ^~~
    VITIS_LOOP_286_1: 
/home/enlupi/Work/repo/hls4ml-tutorial/Models/model_1/hls4ml_prj_2/myproject_prj/solution1/.autopilot/db/myproject.pp.0.cpp:56145:5: note: FIX-IT applied suggested code changes
/home/enlupi/Work/repo/hls4ml-tutorial/Models/model_1/hls4ml_prj_2/myproject_prj/solution1/.autopilot/db/myproject.pp.0.cpp:56152:5: warning: Added loop label VITIS_LOOP_293_1:   [xilinx-label-all-loops]
    for (int i = 0; i < SIZE / res_T::size; i++) {
    ^~~
    VITIS_LOOP_293_1: 
/home/enlupi/Work/repo/hls4ml-tutorial/Models/model_1/hls4ml_prj_2/myproject_prj/solution1/.autopilot/db/myproject.pp.0.cpp:56152:5: note: FIX-IT applied suggested code changes
/home/enlupi/Work/repo/hls4ml-tutorial/Models/model_1/hls4ml_prj_2/myproject_prj/solution1/.autopilot/db/myproject.pp.0.cpp:56154:9: warning: Added loop label VITIS_LOOP_295_2:   [xilinx-label-all-loops]
        for (int j = 0; j < res_T::size; j++) {
        ^~~
        VITIS_LOOP_295_2: 
/home/enlupi/Work/repo/hls4ml-tutorial/Models/model_1/hls4ml_prj_2/myproject_prj/solution1/.autopilot/db/myproject.pp.0.cpp:56154:9: note: FIX-IT applied suggested code changes
/home/enlupi/Work/repo/hls4ml-tutorial/Models/model_1/hls4ml_prj_2/myproject_prj/solution1/.autopilot/db/myproject.pp.0.cpp:56166:5: warning: Added loop label VITIS_LOOP_307_1:   [xilinx-label-all-loops]
    for (int i = 0; i < SIZE / data_T::size; i++) {
    ^~~
    VITIS_LOOP_307_1: 
/home/enlupi/Work/repo/hls4ml-tutorial/Models/model_1/hls4ml_prj_2/myproject_prj/solution1/.autopilot/db/myproject.pp.0.cpp:56166:5: note: FIX-IT applied suggested code changes
/home/enlupi/Work/repo/hls4ml-tutorial/Models/model_1/hls4ml_prj_2/myproject_prj/solution1/.autopilot/db/myproject.pp.0.cpp:56168:9: warning: Added loop label VITIS_LOOP_309_2:   [xilinx-label-all-loops]
        for (int j = 0; j < data_T::size; j++) {
        ^~~
        VITIS_LOOP_309_2: 
/home/enlupi/Work/repo/hls4ml-tutorial/Models/model_1/hls4ml_prj_2/myproject_prj/solution1/.autopilot/db/myproject.pp.0.cpp:56168:9: note: FIX-IT applied suggested code changes
/home/enlupi/Work/repo/hls4ml-tutorial/Models/model_1/hls4ml_prj_2/myproject_prj/solution1/.autopilot/db/myproject.pp.0.cpp:56183:5: warning: Added loop label VITIS_LOOP_324_1:   [xilinx-label-all-loops]
    for (int ii = 0; ii < nrows; ii++) {
    ^~~
    VITIS_LOOP_324_1: 
/home/enlupi/Work/repo/hls4ml-tutorial/Models/model_1/hls4ml_prj_2/myproject_prj/solution1/.autopilot/db/myproject.pp.0.cpp:56183:5: note: FIX-IT applied suggested code changes
/home/enlupi/Work/repo/hls4ml-tutorial/Models/model_1/hls4ml_prj_2/myproject_prj/solution1/.autopilot/db/myproject.pp.0.cpp:56203:5: warning: Added loop label VITIS_LOOP_344_1:   [xilinx-label-all-loops]
    for (int ii = 0; ii < nrows; ii++) {
    ^~~
    VITIS_LOOP_344_1: 
/home/enlupi/Work/repo/hls4ml-tutorial/Models/model_1/hls4ml_prj_2/myproject_prj/solution1/.autopilot/db/myproject.pp.0.cpp:56203:5: note: FIX-IT applied suggested code changes
/home/enlupi/Work/repo/hls4ml-tutorial/Models/model_1/hls4ml_prj_2/myproject_prj/solution1/.autopilot/db/myproject.pp.0.cpp:56204:9: warning: Added loop label VITIS_LOOP_345_2:   [xilinx-label-all-loops]
        for (int jj = 0; jj < ncols; jj++) {
        ^~~
        VITIS_LOOP_345_2: 
/home/enlupi/Work/repo/hls4ml-tutorial/Models/model_1/hls4ml_prj_2/myproject_prj/solution1/.autopilot/db/myproject.pp.0.cpp:56204:9: note: FIX-IT applied suggested code changes
/home/enlupi/Work/repo/hls4ml-tutorial/Models/model_1/hls4ml_prj_2/myproject_prj/solution1/.autopilot/db/myproject.pp.0.cpp:56219:5: warning: Added loop label VITIS_LOOP_360_1:   [xilinx-label-all-loops]
    for (int ii = 0; ii < N_IN; ii++) {
    ^~~
    VITIS_LOOP_360_1: 
/home/enlupi/Work/repo/hls4ml-tutorial/Models/model_1/hls4ml_prj_2/myproject_prj/solution1/.autopilot/db/myproject.pp.0.cpp:56219:5: note: FIX-IT applied suggested code changes
/home/enlupi/Work/repo/hls4ml-tutorial/Models/model_1/hls4ml_prj_2/myproject_prj/solution1/.autopilot/db/myproject.pp.0.cpp:56226:5: warning: Added loop label VITIS_LOOP_367_1:   [xilinx-label-all-loops]
    for (int ii = 0; ii < N_IN; ii++) {
    ^~~
    VITIS_LOOP_367_1: 
/home/enlupi/Work/repo/hls4ml-tutorial/Models/model_1/hls4ml_prj_2/myproject_prj/solution1/.autopilot/db/myproject.pp.0.cpp:56226:5: note: FIX-IT applied suggested code changes
/home/enlupi/Work/repo/hls4ml-tutorial/Models/model_1/hls4ml_prj_2/myproject_prj/solution1/.autopilot/db/myproject.pp.0.cpp:56536:5: warning: Added loop label VITIS_LOOP_136_1:   [xilinx-label-all-loops]
    for (int ii = 0; ii < CONFIG_T::out_width / CONFIG_T::reuse_factor; ii++) {
    ^~~
    VITIS_LOOP_136_1: 
/home/enlupi/Work/repo/hls4ml-tutorial/Models/model_1/hls4ml_prj_2/myproject_prj/solution1/.autopilot/db/myproject.pp.0.cpp:56536:5: note: FIX-IT applied suggested code changes
/home/enlupi/Work/repo/hls4ml-tutorial/Models/model_1/hls4ml_prj_2/myproject_prj/solution1/.autopilot/db/myproject.pp.0.cpp:56537:9: warning: Added loop label VITIS_LOOP_137_2:   [xilinx-label-all-loops]
        for (int ff = 0; ff < CONFIG_T::n_filt; ff++) {
        ^~~
        VITIS_LOOP_137_2: 
/home/enlupi/Work/repo/hls4ml-tutorial/Models/model_1/hls4ml_prj_2/myproject_prj/solution1/.autopilot/db/myproject.pp.0.cpp:56537:9: note: FIX-IT applied suggested code changes
/home/enlupi/Work/repo/hls4ml-tutorial/Models/model_1/hls4ml_prj_2/myproject_prj/solution1/.autopilot/db/myproject.pp.0.cpp:56558:5: warning: Added loop label VITIS_LOOP_158_3:   [xilinx-label-all-loops]
    for (int ii = 0; ii < CONFIG_T::out_width / CONFIG_T::reuse_factor; ii++) {
    ^~~
    VITIS_LOOP_158_3: 
/home/enlupi/Work/repo/hls4ml-tutorial/Models/model_1/hls4ml_prj_2/myproject_prj/solution1/.autopilot/db/myproject.pp.0.cpp:56558:5: note: FIX-IT applied suggested code changes
/home/enlupi/Work/repo/hls4ml-tutorial/Models/model_1/hls4ml_prj_2/myproject_prj/solution1/.autopilot/db/myproject.pp.0.cpp:56559:9: warning: Added loop label VITIS_LOOP_159_4:   [xilinx-label-all-loops]
        for (int ff = 0; ff < CONFIG_T::n_filt; ff++) {
        ^~~
        VITIS_LOOP_159_4: 
/home/enlupi/Work/repo/hls4ml-tutorial/Models/model_1/hls4ml_prj_2/myproject_prj/solution1/.autopilot/db/myproject.pp.0.cpp:56559:9: note: FIX-IT applied suggested code changes
/home/enlupi/Work/repo/hls4ml-tutorial/Models/model_1/hls4ml_prj_2/myproject_prj/solution1/.autopilot/db/myproject.pp.0.cpp:56677:2: warning: Added loop label VITIS_LOOP_31_1:   [xilinx-label-all-loops]
 for (int ii = 0; ii < CONFIG_T::n_in; ii++) {
 ^~~
 VITIS_LOOP_31_1: 
/home/enlupi/Work/repo/hls4ml-tutorial/Models/model_1/hls4ml_prj_2/myproject_prj/solution1/.autopilot/db/myproject.pp.0.cpp:56677:2: note: FIX-IT applied suggested code changes
/home/enlupi/Work/repo/hls4ml-tutorial/Models/model_1/hls4ml_prj_2/myproject_prj/solution1/.autopilot/db/myproject.pp.0.cpp:56689:5: warning: Added loop label VITIS_LOOP_43_1:   [xilinx-label-all-loops]
    for (int ii = 0; ii < CONFIG_T::n_in; ii++) {
    ^~~
    VITIS_LOOP_43_1: 
/home/enlupi/Work/repo/hls4ml-tutorial/Models/model_1/hls4ml_prj_2/myproject_prj/solution1/.autopilot/db/myproject.pp.0.cpp:56689:5: note: FIX-IT applied suggested code changes
/home/enlupi/Work/repo/hls4ml-tutorial/Models/model_1/hls4ml_prj_2/myproject_prj/solution1/.autopilot/db/myproject.pp.0.cpp:56703:5: warning: Added loop label VITIS_LOOP_57_1:   [xilinx-label-all-loops]
    for (int ii = 0; ii < CONFIG_T::n_in; ii++) {
    ^~~
    VITIS_LOOP_57_1: 
/home/enlupi/Work/repo/hls4ml-tutorial/Models/model_1/hls4ml_prj_2/myproject_prj/solution1/.autopilot/db/myproject.pp.0.cpp:56703:5: note: FIX-IT applied suggested code changes
/home/enlupi/Work/repo/hls4ml-tutorial/Models/model_1/hls4ml_prj_2/myproject_prj/solution1/.autopilot/db/myproject.pp.0.cpp:56730:5: warning: Added loop label VITIS_LOOP_84_1:   [xilinx-label-all-loops]
    for (int ii = 0; ii < N_TABLE; ii++) {
    ^~~
    VITIS_LOOP_84_1: 
/home/enlupi/Work/repo/hls4ml-tutorial/Models/model_1/hls4ml_prj_2/myproject_prj/solution1/.autopilot/db/myproject.pp.0.cpp:56730:5: note: FIX-IT applied suggested code changes
/home/enlupi/Work/repo/hls4ml-tutorial/Models/model_1/hls4ml_prj_2/myproject_prj/solution1/.autopilot/db/myproject.pp.0.cpp:56760:5: warning: Added loop label VITIS_LOOP_114_1:   [xilinx-label-all-loops]
    for (int ii = 0; ii < CONFIG_T::n_in; ii++) {
    ^~~
    VITIS_LOOP_114_1: 
/home/enlupi/Work/repo/hls4ml-tutorial/Models/model_1/hls4ml_prj_2/myproject_prj/solution1/.autopilot/db/myproject.pp.0.cpp:56760:5: note: FIX-IT applied suggested code changes
/home/enlupi/Work/repo/hls4ml-tutorial/Models/model_1/hls4ml_prj_2/myproject_prj/solution1/.autopilot/db/myproject.pp.0.cpp:56797:5: warning: Added loop label VITIS_LOOP_151_1:   [xilinx-label-all-loops]
    for (unsigned i = 0; i < CONFIG_T::table_size; i++) {
    ^~~
    VITIS_LOOP_151_1: 
/home/enlupi/Work/repo/hls4ml-tutorial/Models/model_1/hls4ml_prj_2/myproject_prj/solution1/.autopilot/db/myproject.pp.0.cpp:56797:5: note: FIX-IT applied suggested code changes
/home/enlupi/Work/repo/hls4ml-tutorial/Models/model_1/hls4ml_prj_2/myproject_prj/solution1/.autopilot/db/myproject.pp.0.cpp:56808:5: warning: Added loop label VITIS_LOOP_162_1:   [xilinx-label-all-loops]
    for (unsigned i = 0; i < CONFIG_T::table_size; i++) {
    ^~~
    VITIS_LOOP_162_1: 
/home/enlupi/Work/repo/hls4ml-tutorial/Models/model_1/hls4ml_prj_2/myproject_prj/solution1/.autopilot/db/myproject.pp.0.cpp:56808:5: note: FIX-IT applied suggested code changes
/home/enlupi/Work/repo/hls4ml-tutorial/Models/model_1/hls4ml_prj_2/myproject_prj/solution1/.autopilot/db/myproject.pp.0.cpp:56841:5: warning: Added loop label VITIS_LOOP_195_1:   [xilinx-label-all-loops]
    for (unsigned i = 0; i < CONFIG_T::n_in; i++) {
    ^~~
    VITIS_LOOP_195_1: 
/home/enlupi/Work/repo/hls4ml-tutorial/Models/model_1/hls4ml_prj_2/myproject_prj/solution1/.autopilot/db/myproject.pp.0.cpp:56841:5: note: FIX-IT applied suggested code changes
/home/enlupi/Work/repo/hls4ml-tutorial/Models/model_1/hls4ml_prj_2/myproject_prj/solution1/.autopilot/db/myproject.pp.0.cpp:56855:5: warning: Added loop label VITIS_LOOP_209_2:   [xilinx-label-all-loops]
    for (unsigned i = 0; i < CONFIG_T::n_in; i++) {
    ^~~
    VITIS_LOOP_209_2: 
/home/enlupi/Work/repo/hls4ml-tutorial/Models/model_1/hls4ml_prj_2/myproject_prj/solution1/.autopilot/db/myproject.pp.0.cpp:56855:5: note: FIX-IT applied suggested code changes
/home/enlupi/Work/repo/hls4ml-tutorial/Models/model_1/hls4ml_prj_2/myproject_prj/solution1/.autopilot/db/myproject.pp.0.cpp:56889:5: warning: Added loop label VITIS_LOOP_243_1:   [xilinx-label-all-loops]
    for (unsigned i = 0; i < CONFIG_T::n_in; i++) {
    ^~~
    VITIS_LOOP_243_1: 
/home/enlupi/Work/repo/hls4ml-tutorial/Models/model_1/hls4ml_prj_2/myproject_prj/solution1/.autopilot/db/myproject.pp.0.cpp:56889:5: note: FIX-IT applied suggested code changes
/home/enlupi/Work/repo/hls4ml-tutorial/Models/model_1/hls4ml_prj_2/myproject_prj/solution1/.autopilot/db/myproject.pp.0.cpp:56898:5: warning: Added loop label VITIS_LOOP_252_2:   [xilinx-label-all-loops]
    for (unsigned i = 0; i < CONFIG_T::n_in; i++) {
    ^~~
    VITIS_LOOP_252_2: 
/home/enlupi/Work/repo/hls4ml-tutorial/Models/model_1/hls4ml_prj_2/myproject_prj/solution1/.autopilot/db/myproject.pp.0.cpp:56898:5: note: FIX-IT applied suggested code changes
/home/enlupi/Work/repo/hls4ml-tutorial/Models/model_1/hls4ml_prj_2/myproject_prj/solution1/.autopilot/db/myproject.pp.0.cpp:56912:5: warning: Added loop label VITIS_LOOP_266_3:   [xilinx-label-all-loops]
    for (unsigned i = 0; i < CONFIG_T::n_in; i++) {
    ^~~
    VITIS_LOOP_266_3: 
/home/enlupi/Work/repo/hls4ml-tutorial/Models/model_1/hls4ml_prj_2/myproject_prj/solution1/.autopilot/db/myproject.pp.0.cpp:56912:5: note: FIX-IT applied suggested code changes
/home/enlupi/Work/repo/hls4ml-tutorial/Models/model_1/hls4ml_prj_2/myproject_prj/solution1/.autopilot/db/myproject.pp.0.cpp:56919:5: warning: Added loop label VITIS_LOOP_273_1:   [xilinx-label-all-loops]
    for (int ii = 0; ii < N_TABLE; ii++) {
    ^~~
    VITIS_LOOP_273_1: 
/home/enlupi/Work/repo/hls4ml-tutorial/Models/model_1/hls4ml_prj_2/myproject_prj/solution1/.autopilot/db/myproject.pp.0.cpp:56919:5: note: FIX-IT applied suggested code changes
/home/enlupi/Work/repo/hls4ml-tutorial/Models/model_1/hls4ml_prj_2/myproject_prj/solution1/.autopilot/db/myproject.pp.0.cpp:56932:5: warning: Added loop label VITIS_LOOP_286_1:   [xilinx-label-all-loops]
    for (int ii = 0; ii < N_TABLE; ii++) {
    ^~~
    VITIS_LOOP_286_1: 
/home/enlupi/Work/repo/hls4ml-tutorial/Models/model_1/hls4ml_prj_2/myproject_prj/solution1/.autopilot/db/myproject.pp.0.cpp:56932:5: note: FIX-IT applied suggested code changes
/home/enlupi/Work/repo/hls4ml-tutorial/Models/model_1/hls4ml_prj_2/myproject_prj/solution1/.autopilot/db/myproject.pp.0.cpp:56969:5: warning: Added loop label VITIS_LOOP_323_1:   [xilinx-label-all-loops]
    for (int ii = 0; ii < CONFIG_T::n_in; ii++) {
    ^~~
    VITIS_LOOP_323_1: 
/home/enlupi/Work/repo/hls4ml-tutorial/Models/model_1/hls4ml_prj_2/myproject_prj/solution1/.autopilot/db/myproject.pp.0.cpp:56969:5: note: FIX-IT applied suggested code changes
/home/enlupi/Work/repo/hls4ml-tutorial/Models/model_1/hls4ml_prj_2/myproject_prj/solution1/.autopilot/db/myproject.pp.0.cpp:56974:5: warning: Added loop label VITIS_LOOP_328_2:   [xilinx-label-all-loops]
    for (int ii = 0; ii < CONFIG_T::n_in; ii++) {
    ^~~
    VITIS_LOOP_328_2: 
/home/enlupi/Work/repo/hls4ml-tutorial/Models/model_1/hls4ml_prj_2/myproject_prj/solution1/.autopilot/db/myproject.pp.0.cpp:56974:5: note: FIX-IT applied suggested code changes
/home/enlupi/Work/repo/hls4ml-tutorial/Models/model_1/hls4ml_prj_2/myproject_prj/solution1/.autopilot/db/myproject.pp.0.cpp:56975:9: warning: Added loop label VITIS_LOOP_329_3:   [xilinx-label-all-loops]
        for (int jj = 0; jj < CONFIG_T::n_in; jj++) {
        ^~~
        VITIS_LOOP_329_3: 
/home/enlupi/Work/repo/hls4ml-tutorial/Models/model_1/hls4ml_prj_2/myproject_prj/solution1/.autopilot/db/myproject.pp.0.cpp:56975:9: note: FIX-IT applied suggested code changes
/home/enlupi/Work/repo/hls4ml-tutorial/Models/model_1/hls4ml_prj_2/myproject_prj/solution1/.autopilot/db/myproject.pp.0.cpp:56992:5: warning: Added loop label VITIS_LOOP_346_4:   [xilinx-label-all-loops]
    for (int ii = 0; ii < CONFIG_T::n_in; ii++) {
    ^~~
    VITIS_LOOP_346_4: 
/home/enlupi/Work/repo/hls4ml-tutorial/Models/model_1/hls4ml_prj_2/myproject_prj/solution1/.autopilot/db/myproject.pp.0.cpp:56992:5: note: FIX-IT applied suggested code changes
/home/enlupi/Work/repo/hls4ml-tutorial/Models/model_1/hls4ml_prj_2/myproject_prj/solution1/.autopilot/db/myproject.pp.0.cpp:57005:5: warning: Added loop label VITIS_LOOP_359_1:   [xilinx-label-all-loops]
    for (int i = 0; i < CONFIG_T::n_in; i++) {
    ^~~
    VITIS_LOOP_359_1: 
/home/enlupi/Work/repo/hls4ml-tutorial/Models/model_1/hls4ml_prj_2/myproject_prj/solution1/.autopilot/db/myproject.pp.0.cpp:57005:5: note: FIX-IT applied suggested code changes
/home/enlupi/Work/repo/hls4ml-tutorial/Models/model_1/hls4ml_prj_2/myproject_prj/solution1/.autopilot/db/myproject.pp.0.cpp:57013:5: warning: Added loop label VITIS_LOOP_367_2:   [xilinx-label-all-loops]
    for (int i = 1; i < CONFIG_T::n_in; i++) {
    ^~~
    VITIS_LOOP_367_2: 
/home/enlupi/Work/repo/hls4ml-tutorial/Models/model_1/hls4ml_prj_2/myproject_prj/solution1/.autopilot/db/myproject.pp.0.cpp:57013:5: note: FIX-IT applied suggested code changes
/home/enlupi/Work/repo/hls4ml-tutorial/Models/model_1/hls4ml_prj_2/myproject_prj/solution1/.autopilot/db/myproject.pp.0.cpp:57048:5: warning: Added loop label VITIS_LOOP_402_1:   [xilinx-label-all-loops]
    for (int ii = 0; ii < N_TABLE; ii++) {
    ^~~
    VITIS_LOOP_402_1: 
/home/enlupi/Work/repo/hls4ml-tutorial/Models/model_1/hls4ml_prj_2/myproject_prj/solution1/.autopilot/db/myproject.pp.0.cpp:57048:5: note: FIX-IT applied suggested code changes
/home/enlupi/Work/repo/hls4ml-tutorial/Models/model_1/hls4ml_prj_2/myproject_prj/solution1/.autopilot/db/myproject.pp.0.cpp:57078:5: warning: Added loop label VITIS_LOOP_432_1:   [xilinx-label-all-loops]
    for (int ii = 0; ii < CONFIG_T::n_in; ii++) {
    ^~~
    VITIS_LOOP_432_1: 
/home/enlupi/Work/repo/hls4ml-tutorial/Models/model_1/hls4ml_prj_2/myproject_prj/solution1/.autopilot/db/myproject.pp.0.cpp:57078:5: note: FIX-IT applied suggested code changes
/home/enlupi/Work/repo/hls4ml-tutorial/Models/model_1/hls4ml_prj_2/myproject_prj/solution1/.autopilot/db/myproject.pp.0.cpp:57105:2: warning: Added loop label VITIS_LOOP_459_1:   [xilinx-label-all-loops]
 for (int ii = 0; ii < CONFIG_T::n_in; ii++) {
 ^~~
 VITIS_LOOP_459_1: 
/home/enlupi/Work/repo/hls4ml-tutorial/Models/model_1/hls4ml_prj_2/myproject_prj/solution1/.autopilot/db/myproject.pp.0.cpp:57105:2: note: FIX-IT applied suggested code changes
/home/enlupi/Work/repo/hls4ml-tutorial/Models/model_1/hls4ml_prj_2/myproject_prj/solution1/.autopilot/db/myproject.pp.0.cpp:57119:2: warning: Added loop label VITIS_LOOP_473_1:   [xilinx-label-all-loops]
 for (int ii = 0; ii < CONFIG_T::n_in; ii++) {
 ^~~
 VITIS_LOOP_473_1: 
/home/enlupi/Work/repo/hls4ml-tutorial/Models/model_1/hls4ml_prj_2/myproject_prj/solution1/.autopilot/db/myproject.pp.0.cpp:57119:2: note: FIX-IT applied suggested code changes
/home/enlupi/Work/repo/hls4ml-tutorial/Models/model_1/hls4ml_prj_2/myproject_prj/solution1/.autopilot/db/myproject.pp.0.cpp:57135:5: warning: Added loop label VITIS_LOOP_489_1:   [xilinx-label-all-loops]
    for (int ii = 0; ii < CONFIG_T::n_in; ii++) {
    ^~~
    VITIS_LOOP_489_1: 
/home/enlupi/Work/repo/hls4ml-tutorial/Models/model_1/hls4ml_prj_2/myproject_prj/solution1/.autopilot/db/myproject.pp.0.cpp:57135:5: note: FIX-IT applied suggested code changes
/home/enlupi/Work/repo/hls4ml-tutorial/Models/model_1/hls4ml_prj_2/myproject_prj/solution1/.autopilot/db/myproject.pp.0.cpp:57153:5: warning: Added loop label VITIS_LOOP_507_1:   [xilinx-label-all-loops]
    for (int ii = 0; ii < CONFIG_T::n_in; ii++) {
    ^~~
    VITIS_LOOP_507_1: 
/home/enlupi/Work/repo/hls4ml-tutorial/Models/model_1/hls4ml_prj_2/myproject_prj/solution1/.autopilot/db/myproject.pp.0.cpp:57153:5: note: FIX-IT applied suggested code changes
/home/enlupi/Work/repo/hls4ml-tutorial/Models/model_1/hls4ml_prj_2/myproject_prj/solution1/.autopilot/db/myproject.pp.0.cpp:57170:5: warning: Added loop label VITIS_LOOP_524_1:   [xilinx-label-all-loops]
    for (int ii = 0; ii < CONFIG_T::n_in; ii++) {
    ^~~
    VITIS_LOOP_524_1: 
/home/enlupi/Work/repo/hls4ml-tutorial/Models/model_1/hls4ml_prj_2/myproject_prj/solution1/.autopilot/db/myproject.pp.0.cpp:57170:5: note: FIX-IT applied suggested code changes
/home/enlupi/Work/repo/hls4ml-tutorial/Models/model_1/hls4ml_prj_2/myproject_prj/solution1/.autopilot/db/myproject.pp.0.cpp:57187:5: warning: Added loop label VITIS_LOOP_541_1:   [xilinx-label-all-loops]
    for (int ii = 0; ii < N_TABLE; ii++) {
    ^~~
    VITIS_LOOP_541_1: 
/home/enlupi/Work/repo/hls4ml-tutorial/Models/model_1/hls4ml_prj_2/myproject_prj/solution1/.autopilot/db/myproject.pp.0.cpp:57187:5: note: FIX-IT applied suggested code changes
/home/enlupi/Work/repo/hls4ml-tutorial/Models/model_1/hls4ml_prj_2/myproject_prj/solution1/.autopilot/db/myproject.pp.0.cpp:57217:5: warning: Added loop label VITIS_LOOP_571_1:   [xilinx-label-all-loops]
    for (int ii = 0; ii < CONFIG_T::n_in; ii++) {
    ^~~
    VITIS_LOOP_571_1: 
/home/enlupi/Work/repo/hls4ml-tutorial/Models/model_1/hls4ml_prj_2/myproject_prj/solution1/.autopilot/db/myproject.pp.0.cpp:57217:5: note: FIX-IT applied suggested code changes
/home/enlupi/Work/repo/hls4ml-tutorial/Models/model_1/hls4ml_prj_2/myproject_prj/solution1/.autopilot/db/myproject.pp.0.cpp:57236:5: warning: Added loop label VITIS_LOOP_590_1:   [xilinx-label-all-loops]
    for (int ii = 0; ii < N_TABLE; ii++) {
    ^~~
    VITIS_LOOP_590_1: 
/home/enlupi/Work/repo/hls4ml-tutorial/Models/model_1/hls4ml_prj_2/myproject_prj/solution1/.autopilot/db/myproject.pp.0.cpp:57236:5: note: FIX-IT applied suggested code changes
/home/enlupi/Work/repo/hls4ml-tutorial/Models/model_1/hls4ml_prj_2/myproject_prj/solution1/.autopilot/db/myproject.pp.0.cpp:57266:5: warning: Added loop label VITIS_LOOP_620_1:   [xilinx-label-all-loops]
    for (int ii = 0; ii < CONFIG_T::n_in; ii++) {
    ^~~
    VITIS_LOOP_620_1: 
/home/enlupi/Work/repo/hls4ml-tutorial/Models/model_1/hls4ml_prj_2/myproject_prj/solution1/.autopilot/db/myproject.pp.0.cpp:57266:5: note: FIX-IT applied suggested code changes
/home/enlupi/Work/repo/hls4ml-tutorial/Models/model_1/hls4ml_prj_2/myproject_prj/solution1/.autopilot/db/myproject.pp.0.cpp:57285:5: warning: Added loop label VITIS_LOOP_639_1:   [xilinx-label-all-loops]
    for (int ii = 0; ii < N_TABLE; ii++) {
    ^~~
    VITIS_LOOP_639_1: 
/home/enlupi/Work/repo/hls4ml-tutorial/Models/model_1/hls4ml_prj_2/myproject_prj/solution1/.autopilot/db/myproject.pp.0.cpp:57285:5: note: FIX-IT applied suggested code changes
/home/enlupi/Work/repo/hls4ml-tutorial/Models/model_1/hls4ml_prj_2/myproject_prj/solution1/.autopilot/db/myproject.pp.0.cpp:57315:5: warning: Added loop label VITIS_LOOP_669_1:   [xilinx-label-all-loops]
    for (int ii = 0; ii < CONFIG_T::n_in; ii++) {
    ^~~
    VITIS_LOOP_669_1: 
/home/enlupi/Work/repo/hls4ml-tutorial/Models/model_1/hls4ml_prj_2/myproject_prj/solution1/.autopilot/db/myproject.pp.0.cpp:57315:5: note: FIX-IT applied suggested code changes
/home/enlupi/Work/repo/hls4ml-tutorial/Models/model_1/hls4ml_prj_2/myproject_prj/solution1/.autopilot/db/myproject.pp.0.cpp:57342:5: warning: Added loop label VITIS_LOOP_696_1:   [xilinx-label-all-loops]
    for (int ii = 0; ii < N_TABLE; ii++) {
    ^~~
    VITIS_LOOP_696_1: 
/home/enlupi/Work/repo/hls4ml-tutorial/Models/model_1/hls4ml_prj_2/myproject_prj/solution1/.autopilot/db/myproject.pp.0.cpp:57342:5: note: FIX-IT applied suggested code changes
/home/enlupi/Work/repo/hls4ml-tutorial/Models/model_1/hls4ml_prj_2/myproject_prj/solution1/.autopilot/db/myproject.pp.0.cpp:57371:5: warning: Added loop label VITIS_LOOP_725_1:   [xilinx-label-all-loops]
    for (int ii = 0; ii < CONFIG_T::n_in; ii++) {
    ^~~
    VITIS_LOOP_725_1: 
/home/enlupi/Work/repo/hls4ml-tutorial/Models/model_1/hls4ml_prj_2/myproject_prj/solution1/.autopilot/db/myproject.pp.0.cpp:57371:5: note: FIX-IT applied suggested code changes
/home/enlupi/Work/repo/hls4ml-tutorial/Models/model_1/hls4ml_prj_2/myproject_prj/solution1/.autopilot/db/myproject.pp.0.cpp:57392:5: warning: Added loop label VITIS_LOOP_746_1:   [xilinx-label-all-loops]
    for (int ii = 0; ii < CONFIG_T::n_in; ii++) {
    ^~~
    VITIS_LOOP_746_1: 
/home/enlupi/Work/repo/hls4ml-tutorial/Models/model_1/hls4ml_prj_2/myproject_prj/solution1/.autopilot/db/myproject.pp.0.cpp:57392:5: note: FIX-IT applied suggested code changes
/home/enlupi/Work/repo/hls4ml-tutorial/Models/model_1/hls4ml_prj_2/myproject_prj/solution1/.autopilot/db/myproject.pp.0.cpp:57410:5: warning: Added loop label VITIS_LOOP_764_1:   [xilinx-label-all-loops]
    for (int ii = 0; ii < CONFIG_T::n_in; ii++) {
    ^~~
    VITIS_LOOP_764_1: 
/home/enlupi/Work/repo/hls4ml-tutorial/Models/model_1/hls4ml_prj_2/myproject_prj/solution1/.autopilot/db/myproject.pp.0.cpp:57410:5: note: FIX-IT applied suggested code changes
/home/enlupi/Work/repo/hls4ml-tutorial/Models/model_1/hls4ml_prj_2/myproject_prj/solution1/.autopilot/db/myproject.pp.0.cpp:57430:5: warning: Added loop label VITIS_LOOP_784_1:   [xilinx-label-all-loops]
    for (int ii = 0; ii < CONFIG_T::n_in; ii++) {
    ^~~
    VITIS_LOOP_784_1: 
/home/enlupi/Work/repo/hls4ml-tutorial/Models/model_1/hls4ml_prj_2/myproject_prj/solution1/.autopilot/db/myproject.pp.0.cpp:57430:5: note: FIX-IT applied suggested code changes
/home/enlupi/Work/repo/hls4ml-tutorial/Models/model_1/hls4ml_prj_2/myproject_prj/solution1/.autopilot/db/myproject.pp.0.cpp:57526:9: warning: Added loop label VITIS_LOOP_73_1:   [xilinx-label-all-loops]
        for (int i = 0; i < N / data_T::size; i++) {
        ^~~
        VITIS_LOOP_73_1: 
/home/enlupi/Work/repo/hls4ml-tutorial/Models/model_1/hls4ml_prj_2/myproject_prj/solution1/.autopilot/db/myproject.pp.0.cpp:57526:9: note: FIX-IT applied suggested code changes
/home/enlupi/Work/repo/hls4ml-tutorial/Models/model_1/hls4ml_prj_2/myproject_prj/solution1/.autopilot/db/myproject.pp.0.cpp:57533:13: warning: Added loop label VITIS_LOOP_80_2:   [xilinx-label-all-loops]
            for (int j = 0; j < data_T::size; j++) {
            ^~~
            VITIS_LOOP_80_2: 
/home/enlupi/Work/repo/hls4ml-tutorial/Models/model_1/hls4ml_prj_2/myproject_prj/solution1/.autopilot/db/myproject.pp.0.cpp:57533:13: note: FIX-IT applied suggested code changes
/home/enlupi/Work/repo/hls4ml-tutorial/Models/model_1/hls4ml_prj_2/myproject_prj/solution1/.autopilot/db/myproject.pp.0.cpp:57542:9: warning: Added loop label VITIS_LOOP_89_3:   [xilinx-label-all-loops]
        for (int i = 0; i < N / data_T::size; i++) {
        ^~~
        VITIS_LOOP_89_3: 
/home/enlupi/Work/repo/hls4ml-tutorial/Models/model_1/hls4ml_prj_2/myproject_prj/solution1/.autopilot/db/myproject.pp.0.cpp:57542:9: note: FIX-IT applied suggested code changes
/home/enlupi/Work/repo/hls4ml-tutorial/Models/model_1/hls4ml_prj_2/myproject_prj/solution1/.autopilot/db/myproject.pp.0.cpp:57551:13: warning: Added loop label VITIS_LOOP_98_4:   [xilinx-label-all-loops]
            for (int j = 0; j < pack_diff; j++) {
            ^~~
            VITIS_LOOP_98_4: 
/home/enlupi/Work/repo/hls4ml-tutorial/Models/model_1/hls4ml_prj_2/myproject_prj/solution1/.autopilot/db/myproject.pp.0.cpp:57551:13: note: FIX-IT applied suggested code changes
/home/enlupi/Work/repo/hls4ml-tutorial/Models/model_1/hls4ml_prj_2/myproject_prj/solution1/.autopilot/db/myproject.pp.0.cpp:57555:17: warning: Added loop label VITIS_LOOP_102_5:   [xilinx-label-all-loops]
                for (int k = 0; k < res_T::size; k++) {
                ^~~
                VITIS_LOOP_102_5: 
/home/enlupi/Work/repo/hls4ml-tutorial/Models/model_1/hls4ml_prj_2/myproject_prj/solution1/.autopilot/db/myproject.pp.0.cpp:57555:17: note: FIX-IT applied suggested code changes
/home/enlupi/Work/repo/hls4ml-tutorial/Models/model_1/hls4ml_prj_2/myproject_prj/solution1/.autopilot/db/myproject.pp.0.cpp:57566:9: warning: Added loop label VITIS_LOOP_113_6:   [xilinx-label-all-loops]
        for (int i = 0; i < N / data_T::size; i++) {
        ^~~
        VITIS_LOOP_113_6: 
/home/enlupi/Work/repo/hls4ml-tutorial/Models/model_1/hls4ml_prj_2/myproject_prj/solution1/.autopilot/db/myproject.pp.0.cpp:57566:9: note: FIX-IT applied suggested code changes
/home/enlupi/Work/repo/hls4ml-tutorial/Models/model_1/hls4ml_prj_2/myproject_prj/solution1/.autopilot/db/myproject.pp.0.cpp:57570:13: warning: Added loop label VITIS_LOOP_117_7:   [xilinx-label-all-loops]
            for (int j = 0; j < data_T::size; j++) {
            ^~~
            VITIS_LOOP_117_7: 
/home/enlupi/Work/repo/hls4ml-tutorial/Models/model_1/hls4ml_prj_2/myproject_prj/solution1/.autopilot/db/myproject.pp.0.cpp:57570:13: note: FIX-IT applied suggested code changes
/home/enlupi/Work/repo/hls4ml-tutorial/Models/model_1/hls4ml_prj_2/myproject_prj/solution1/.autopilot/db/myproject.pp.0.cpp:57594:9: warning: Added loop label VITIS_LOOP_141_1:   [xilinx-label-all-loops]
        for (int j = 0; j < n_dupl; j++) {
        ^~~
        VITIS_LOOP_141_1: 
/home/enlupi/Work/repo/hls4ml-tutorial/Models/model_1/hls4ml_prj_2/myproject_prj/solution1/.autopilot/db/myproject.pp.0.cpp:57594:9: note: FIX-IT applied suggested code changes
/home/enlupi/Work/repo/hls4ml-tutorial/Models/model_1/hls4ml_prj_2/myproject_prj/solution1/.autopilot/db/myproject.pp.0.cpp:57598:13: warning: Added loop label VITIS_LOOP_145_2:   [xilinx-label-all-loops]
            for (int k = 0; k < res_T::size; k++) {
            ^~~
            VITIS_LOOP_145_2: 
/home/enlupi/Work/repo/hls4ml-tutorial/Models/model_1/hls4ml_prj_2/myproject_prj/solution1/.autopilot/db/myproject.pp.0.cpp:57598:13: note: FIX-IT applied suggested code changes
/home/enlupi/Work/repo/hls4ml-tutorial/Models/model_1/hls4ml_prj_2/myproject_prj/solution1/.autopilot/db/myproject.pp.0.cpp:57617:9: warning: Added loop label VITIS_LOOP_164_1:   [xilinx-label-all-loops]
        for (int k = 0; k < res_T::size; k++) {
        ^~~
        VITIS_LOOP_164_1: 
/home/enlupi/Work/repo/hls4ml-tutorial/Models/model_1/hls4ml_prj_2/myproject_prj/solution1/.autopilot/db/myproject.pp.0.cpp:57617:9: note: FIX-IT applied suggested code changes
/home/enlupi/Work/repo/hls4ml-tutorial/Models/model_1/hls4ml_prj_2/myproject_prj/solution1/.autopilot/db/myproject.pp.0.cpp:57843:9: warning: Added loop label VITIS_LOOP_213_1:   [xilinx-label-all-loops]
        for (unsigned j = 0; j < data_T::size; j++) {
        ^~~
        VITIS_LOOP_213_1: 
/home/enlupi/Work/repo/hls4ml-tutorial/Models/model_1/hls4ml_prj_2/myproject_prj/solution1/.autopilot/db/myproject.pp.0.cpp:57843:9: note: FIX-IT applied suggested code changes
/home/enlupi/Work/repo/hls4ml-tutorial/Models/model_1/hls4ml_prj_2/myproject_prj/solution1/.autopilot/db/myproject.pp.0.cpp:57852:9: warning: Added loop label VITIS_LOOP_222_2:   [xilinx-label-all-loops]
        for (unsigned j = 0; j < data_T::size; j++) {
        ^~~
        VITIS_LOOP_222_2: 
/home/enlupi/Work/repo/hls4ml-tutorial/Models/model_1/hls4ml_prj_2/myproject_prj/solution1/.autopilot/db/myproject.pp.0.cpp:57852:9: note: FIX-IT applied suggested code changes
/home/enlupi/Work/repo/hls4ml-tutorial/Models/model_1/hls4ml_prj_2/myproject_prj/solution1/.autopilot/db/myproject.pp.0.cpp:57958:5: warning: Added loop label VITIS_LOOP_328_1:   [xilinx-label-all-loops]
    for (int i = 0; i < CONFIG_T::n_in / res_T::size; i++) {
    ^~~
    VITIS_LOOP_328_1: 
/home/enlupi/Work/repo/hls4ml-tutorial/Models/model_1/hls4ml_prj_2/myproject_prj/solution1/.autopilot/db/myproject.pp.0.cpp:57958:5: note: FIX-IT applied suggested code changes
/home/enlupi/Work/repo/hls4ml-tutorial/Models/model_1/hls4ml_prj_2/myproject_prj/solution1/.autopilot/db/myproject.pp.0.cpp:57963:9: warning: Added loop label VITIS_LOOP_333_2:   [xilinx-label-all-loops]
        for (int i = 0; i < res_T::size; i++) {
        ^~~
        VITIS_LOOP_333_2: 
/home/enlupi/Work/repo/hls4ml-tutorial/Models/model_1/hls4ml_prj_2/myproject_prj/solution1/.autopilot/db/myproject.pp.0.cpp:57963:9: note: FIX-IT applied suggested code changes
/home/enlupi/Work/repo/hls4ml-tutorial/Models/model_1/hls4ml_prj_2/myproject_prj/solution1/.autopilot/db/myproject.pp.0.cpp:57971:9: warning: Added loop label VITIS_LOOP_341_3:   [xilinx-label-all-loops]
        for (int i = 1; i < res_T::size; i++) {
        ^~~
        VITIS_LOOP_341_3: 
/home/enlupi/Work/repo/hls4ml-tutorial/Models/model_1/hls4ml_prj_2/myproject_prj/solution1/.autopilot/db/myproject.pp.0.cpp:57971:9: note: FIX-IT applied suggested code changes
/home/enlupi/Work/repo/hls4ml-tutorial/Models/model_1/hls4ml_prj_2/myproject_prj/solution1/.autopilot/db/myproject.pp.0.cpp:58570:9: error: Resource with core_name: ROM_nP_BRAM pragma is ignored, because this core doesn't exist at all  [clang-diagnostic-error]
#pragma HLS RESOURCE variable=weights core=ROM_nP_BRAM
        ^
/home/enlupi/Work/repo/hls4ml-tutorial/Models/model_1/hls4ml_prj_2/myproject_prj/solution1/.autopilot/db/myproject.pp.0.cpp:58644:9: error: Resource with core_name: ROM_nP_BRAM pragma is ignored, because this core doesn't exist at all  [clang-diagnostic-error]
#pragma HLS RESOURCE variable=weights core=ROM_nP_BRAM
        ^
/home/enlupi/Work/repo/hls4ml-tutorial/Models/model_1/hls4ml_prj_2/myproject_prj/solution1/.autopilot/db/myproject.pp.0.cpp:58726:9: error: Resource with core_name: ROM_nP_BRAM pragma is ignored, because this core doesn't exist at all  [clang-diagnostic-error]
#pragma HLS RESOURCE variable=weights core=ROM_nP_BRAM
        ^
/home/enlupi/Work/repo/hls4ml-tutorial/Models/model_1/hls4ml_prj_2/myproject_prj/solution1/.autopilot/db/myproject.pp.0.cpp:58899:5: warning: Added loop label VITIS_LOOP_14_1:   [xilinx-label-all-loops]
    for (unsigned k = 0; k < CONFIG_T::n_out; k++) {
    ^~~
    VITIS_LOOP_14_1: 
/home/enlupi/Work/repo/hls4ml-tutorial/Models/model_1/hls4ml_prj_2/myproject_prj/solution1/.autopilot/db/myproject.pp.0.cpp:58899:5: note: FIX-IT applied suggested code changes
/home/enlupi/Work/repo/hls4ml-tutorial/Models/model_1/hls4ml_prj_2/myproject_prj/solution1/.autopilot/db/myproject.pp.0.cpp:58959:9: warning: Added loop label VITIS_LOOP_74_1:   [xilinx-label-all-loops]
        for (int im = 0; im < CONFIG_T::n_out; im++) {
        ^~~
        VITIS_LOOP_74_1: 
/home/enlupi/Work/repo/hls4ml-tutorial/Models/model_1/hls4ml_prj_2/myproject_prj/solution1/.autopilot/db/myproject.pp.0.cpp:58959:9: note: FIX-IT applied suggested code changes
