================================================================
== Design Size Report
================================================================

* Total Instructions per Compilation Phase
+---------------+-----------------------------+--------------+----------------------------------------------------------------------------------------+
| Phase         | Step                        | Instructions | Description                                                                            |
+---------------+-----------------------------+--------------+----------------------------------------------------------------------------------------+
| Compile/Link  |                             |  17,668      | After all functions are compiled and linked into a single design                       |
|               |                             |              |                                                                                        |
| Unroll/Inline |                             |              | After user unroll and inline pragmas are applied                                       |
|               | (1) unroll                  | 250,375 *    | user unroll pragmas are applied                                                        |
|               | (2) simplification          |  68,242      | simplification of applied user unroll pragmas                                          |
|               | (3) inline                  |  68,567      | user inline pragmas are applied                                                        |
|               | (4) simplification          |  67,534      | simplification of applied user inline pragmas                                          |
|               |                             |              |                                                                                        |
| Array/Struct  |                             |              | After user array partition and struct aggregate/disaggregate pragmas are applied       |
|               | (1) array partition         |  45,442      | user array partition pragmas are applied                                               |
|               | (2) simplification          |   9,488      | simplification of applied user array partition & struct aggregate/disaggregate pragmas |
|               | (3) aggregate/disaggregate  |   9,488      | user struct aggregate/disaggregate pragmas are applied                                 |
|               | (4) array reshape           |   9,504      | apply array reshape pragmas                                                            |
|               | (5) access patterns         |   9,369      | array access pattern optmizations                                                      |
|               |                             |              |                                                                                        |
| Performance   |                             |              | After transformations are applied to meet performance pragma targets                   |
|               | (1) loop simplification     |   8,733      | loop and instruction simplification                                                    |
|               | (2) parallelization         |   8,072      | loops are unrolled or pipelined to meet performance targets                            |
|               | (3) array partition         |   8,072      | arrays are partitioned to meet performance targets                                     |
|               | (4) simplification          |   8,072      | simplification of design after performance transformations                             |
|               |                             |              |                                                                                        |
| HW Transforms |                             |              | After hardware transfomations                                                          |
|               | (1) lowering                |   8,078      | initial conversion to HW specific instructions                                         |
|               | (2) optimizations           |   8,087      | high level synthesis optimizations                                                     |
+---------------+-----------------------------+--------------+----------------------------------------------------------------------------------------+
    * - Exceeded design size warning message threshold

* Instructions per Function for each Compilation Phase
+---------------------------------------+-------------------------+--------------+------------------+-----------------+-------------+---------------+
| Function                              | Location                | Compile/Link | Unroll/Inline    | Array/Struct    | Performance | HW Transforms |
+---------------------------------------+-------------------------+--------------+------------------+-----------------+-------------+---------------+
| + myproject                           | myproject.cpp:7         | 17,668       | 67,534           | 9,369           | 8,072       | 8,087         |
|    h_quantize<ap_fixed<16, 6, A...    | nnet_code_gen.h:27      | 2,673        |                  |                 |             |               |
|  + dense<ap_fixed<16, 6, AP_TRN...    | nnet_dense.h:41         |   532        |                  |                 |             |               |
|   + dense                             | nnet_dense.h:50         |   530        |                  |                 |             |               |
|    + dense_latency<ap_fixed<16, 6...  | nnet_dense_latency.h:13 |   528        |                  |                 |             |               |
|       product                         | nnet_mult.h:70          |   137        |                  |                 |             |               |
|       cast<ap_fixed<16, 6, AP_TRN,... | nnet_mult.h:110         |     3        |                  |                 |             |               |
|    relu<ap_fixed<16, 6, AP_TRN,...    | nnet_activation.h:39    |   177        |   575            |  449            |  385        |  386          |
|    h_dense_relu_quantizer<ap_fi...    | nnet_code_gen.h:49      | 5,821        |                  |                 |             |               |
|  + dense<ap_fixed<16, 6, AP_TRN...    | nnet_dense.h:41         |   532        |                  |                 |             |               |
|   + dense                             | nnet_dense.h:50         |   530        |                  |                 |             |               |
|    + dense_latency<ap_fixed<16, 6...  | nnet_dense_latency.h:13 |   528        |                  |                 |             |               |
|       product                         | nnet_mult.h:70          |   137        |                  |                 |             |               |
|       cast<ap_fixed<16, 6, AP_TRN,... | nnet_mult.h:110         |     3        |                  |                 |             |               |
|    relu<ap_fixed<16, 6, AP_TRN,...    | nnet_activation.h:39    |   177        |   287            |  225            |  193        |  194          |
|    h_dense_1_relu_quantizer<ap_...    | nnet_code_gen.h:119     | 2,911        |                  |                 |             |               |
|  + dense<ap_fixed<16, 6, AP_TRN...    | nnet_dense.h:41         |   532        |                  |                 |             |               |
|   + dense                             | nnet_dense.h:50         |   530        |                  |                 |             |               |
|    + dense_latency<ap_fixed<16, 6...  | nnet_dense_latency.h:13 |   528        |                  |                 |             |               |
|       product                         | nnet_mult.h:70          |   137        |                  |                 |             |               |
|       cast<ap_fixed<16, 6, AP_TRN,... | nnet_mult.h:110         |     3        |                  |                 |             |               |
|    relu<ap_fixed<16, 6, AP_TRN,...    | nnet_activation.h:39    |   177        |   287            |  225            |  193        |  194          |
|    h_dense_2_relu_quantizer<ap_...    | nnet_code_gen.h:157     | 2,838        |                  |                 |             |               |
|  + dense<ap_fixed<16, 6, AP_TRN...    | nnet_dense.h:41         |   532        |                  |                 |             |               |
|   + dense                             | nnet_dense.h:50         |   530        |                  |                 |             |               |
|    + dense_latency<ap_fixed<16, 6...  | nnet_dense_latency.h:13 |   528        |                  |                 |             |               |
|       product                         | nnet_mult.h:70          |   137        |                  |                 |             |               |
|       cast<ap_fixed<16, 6, AP_TRN,... | nnet_mult.h:110         |     3        |                  |                 |             |               |
|    h_dense_3_quantizer<ap_fixed...    | nnet_code_gen.h:195     |   661        |                  |                 |             |               |
|  + dense_latency<ap_fixed<16, 6...    | nnet_dense_latency.h:13 |              | 16,375           | 2,932           | 2,401       | 2,402         |
|     cast<ap_fixed<16, 6, AP_TRN,...   | nnet_mult.h:110         |              |   192 (64 calls) |  192 (64 calls) |             |               |
|    dense_latency<ap_fixed<16, 6...    | nnet_dense_latency.h:13 |              | 31,351           | 2,329           | 2,039       | 2,040         |
|    dense_latency<ap_fixed<16, 6...    | nnet_dense_latency.h:13 |              | 15,705           | 1,275           | 1,168       | 1,169         |
|    dense_latency<ap_fixed<16, 6...    | nnet_dense_latency.h:13 |              | 1,837            |  765            |  580        |  581          |
+---------------------------------------+-------------------------+--------------+------------------+-----------------+-------------+---------------+

* Design Size Message Settings
+---------------------------------------------+--------+------------------------------------------------------------------+
| Message Setting                             | Value  | Description                                                      |
+---------------------------------------------+--------+------------------------------------------------------------------+
| config_compile -design_size_maximum_warning | 100000 | Show a warning when total design instructions exceeds this value |
+---------------------------------------------+--------+------------------------------------------------------------------+


