

================================================================
== Vitis HLS Report for 'dense_latency_ap_fixed_16_6_5_3_0_ap_fixed_16_6_5_3_0_config18_s'
================================================================
* Date:           Fri Oct 17 12:08:07 2025

* Version:        2023.2 (Build 4023990 on Oct 11 2023)
* Project:        myproject_prj
* Solution:       solution1 (Vivado IP Flow Target)
* Product family: virtexuplus
* Target device:  xcu250-figd2104-2L-e


================================================================
== Performance Estimates
================================================================
+ Timing: 
    * Summary: 
    +--------+---------+----------+------------+
    |  Clock |  Target | Estimated| Uncertainty|
    +--------+---------+----------+------------+
    |ap_clk  |  5.00 ns|  3.464 ns|     1.35 ns|
    +--------+---------+----------+------------+

+ Latency: 
    * Summary: 
    +---------+---------+----------+----------+-----+-----+---------+
    |  Latency (cycles) |  Latency (absolute) |  Interval | Pipeline|
    |   min   |   max   |    min   |    max   | min | max |   Type  |
    +---------+---------+----------+----------+-----+-----+---------+
    |        1|        1|  5.000 ns|  5.000 ns|    1|    1|      yes|
    +---------+---------+----------+----------+-----+-----+---------+

    + Detail: 
        * Instance: 
        N/A

        * Loop: 
        N/A



================================================================
== Utilization Estimates
================================================================
* Summary: 
+---------------------+---------+-------+---------+---------+------+
|         Name        | BRAM_18K|  DSP  |    FF   |   LUT   | URAM |
+---------------------+---------+-------+---------+---------+------+
|DSP                  |        -|      -|        -|        -|     -|
|Expression           |        -|      -|        0|     2128|     -|
|FIFO                 |        -|      -|        -|        -|     -|
|Instance             |        -|      4|        0|        8|     -|
|Memory               |        -|      -|        -|        -|     -|
|Multiplexer          |        -|      -|        -|       70|     -|
|Register             |        -|      -|      281|        -|     -|
+---------------------+---------+-------+---------+---------+------+
|Total                |        0|      4|      281|     2206|     0|
+---------------------+---------+-------+---------+---------+------+
|Available SLR        |     1344|   3072|   864000|   432000|   320|
+---------------------+---------+-------+---------+---------+------+
|Utilization SLR (%)  |        0|     ~0|       ~0|       ~0|     0|
+---------------------+---------+-------+---------+---------+------+
|Available            |     5376|  12288|  3456000|  1728000|  1280|
+---------------------+---------+-------+---------+---------+------+
|Utilization (%)      |        0|     ~0|       ~0|       ~0|     0|
+---------------------+---------+-------+---------+---------+------+

+ Detail: 
    * Instance: 
    +---------------------------+----------------------+---------+----+---+----+-----+
    |          Instance         |        Module        | BRAM_18K| DSP| FF| LUT| URAM|
    +---------------------------+----------------------+---------+----+---+----+-----+
    |mul_15ns_10ns_24_1_0_U123  |mul_15ns_10ns_24_1_0  |        0|   1|  0|   2|    0|
    |mul_15ns_10s_25_1_0_U125   |mul_15ns_10s_25_1_0   |        0|   1|  0|   2|    0|
    |mul_15ns_9ns_23_1_0_U122   |mul_15ns_9ns_23_1_0   |        0|   1|  0|   2|    0|
    |mul_15ns_9s_24_1_0_U124    |mul_15ns_9s_24_1_0    |        0|   1|  0|   2|    0|
    +---------------------------+----------------------+---------+----+---+----+-----+
    |Total                      |                      |        0|   4|  0|   8|    0|
    +---------------------------+----------------------+---------+----+---+----+-----+

    * DSP: 
    N/A

    * Memory: 
    N/A

    * FIFO: 
    N/A

    * Expression: 
    +-------------------------+----------+----+---+----+------------+------------+
    |      Variable Name      | Operation| DSP| FF| LUT| Bitwidth P0| Bitwidth P1|
    +-------------------------+----------+----+---+----+------------+------------+
    |add_ln58_547_fu_3442_p2  |         +|   0|  0|  16|          16|          16|
    |add_ln58_548_fu_2765_p2  |         +|   0|  0|  22|          15|          15|
    |add_ln58_549_fu_2775_p2  |         +|   0|  0|  23|          16|          16|
    |add_ln58_550_fu_3448_p2  |         +|   0|  0|  16|          16|          16|
    |add_ln58_551_fu_2781_p2  |         +|   0|  0|  21|          14|          14|
    |add_ln58_552_fu_2791_p2  |         +|   0|  0|  16|          16|          16|
    |add_ln58_553_fu_2797_p2  |         +|   0|  0|  17|          13|          13|
    |add_ln58_554_fu_2803_p2  |         +|   0|  0|  18|          11|           9|
    |add_ln58_555_fu_2813_p2  |         +|   0|  0|  17|          13|          13|
    |add_ln58_556_fu_2823_p2  |         +|   0|  0|  16|          16|          16|
    |add_ln58_557_fu_3453_p2  |         +|   0|  0|  16|          16|          16|
    |add_ln58_558_fu_2829_p2  |         +|   0|  0|  21|          14|          14|
    |add_ln58_559_fu_2839_p2  |         +|   0|  0|  23|          16|          16|
    |add_ln58_560_fu_2845_p2  |         +|   0|  0|  21|          14|          14|
    |add_ln58_561_fu_2855_p2  |         +|   0|  0|  23|          16|          16|
    |add_ln58_562_fu_2861_p2  |         +|   0|  0|  16|          16|          16|
    |add_ln58_563_fu_2867_p2  |         +|   0|  0|  22|          15|          15|
    |add_ln58_564_fu_2873_p2  |         +|   0|  0|  16|          15|          15|
    |add_ln58_565_fu_2879_p2  |         +|   0|  0|  18|          11|          10|
    |add_ln58_566_fu_2889_p2  |         +|   0|  0|  19|          12|          12|
    |add_ln58_567_fu_2899_p2  |         +|   0|  0|  16|          15|          15|
    |add_ln58_568_fu_2909_p2  |         +|   0|  0|  16|          16|          16|
    |add_ln58_569_fu_3458_p2  |         +|   0|  0|  21|          14|          14|
    |add_ln58_570_fu_3468_p2  |         +|   0|  0|  22|          15|          15|
    |add_ln58_571_fu_2915_p2  |         +|   0|  0|  16|          15|          15|
    |add_ln58_572_fu_2921_p2  |         +|   0|  0|  16|          15|          15|
    |add_ln58_573_fu_3481_p2  |         +|   0|  0|  16|          16|          16|
    |add_ln58_574_fu_2927_p2  |         +|   0|  0|  22|          15|          15|
    |add_ln58_575_fu_2937_p2  |         +|   0|  0|  16|          16|          16|
    |add_ln58_576_fu_2943_p2  |         +|   0|  0|  16|          16|          16|
    |add_ln58_577_fu_2949_p2  |         +|   0|  0|  18|          11|          11|
    |add_ln58_578_fu_2959_p2  |         +|   0|  0|  16|          16|          16|
    |add_ln58_579_fu_2965_p2  |         +|   0|  0|  16|          16|          16|
    |add_ln58_580_fu_3487_p2  |         +|   0|  0|  16|          16|          16|
    |add_ln58_581_fu_3492_p2  |         +|   0|  0|  16|          16|          16|
    |add_ln58_582_fu_3498_p2  |         +|   0|  0|  16|          16|          16|
    |add_ln58_583_fu_2971_p2  |         +|   0|  0|  22|          15|          15|
    |add_ln58_584_fu_2981_p2  |         +|   0|  0|  22|          15|          15|
    |add_ln58_585_fu_2991_p2  |         +|   0|  0|  23|          16|          16|
    |add_ln58_586_fu_3504_p2  |         +|   0|  0|  16|          16|          16|
    |add_ln58_587_fu_2997_p2  |         +|   0|  0|  16|          15|          15|
    |add_ln58_588_fu_3003_p2  |         +|   0|  0|  16|          15|          15|
    |add_ln58_589_fu_3013_p2  |         +|   0|  0|  19|          12|          12|
    |add_ln58_590_fu_3023_p2  |         +|   0|  0|  17|          10|           9|
    |add_ln58_591_fu_3033_p2  |         +|   0|  0|  21|          14|          14|
    |add_ln58_592_fu_3043_p2  |         +|   0|  0|  23|          16|          16|
    |add_ln58_593_fu_3509_p2  |         +|   0|  0|  16|          16|          16|
    |add_ln58_594_fu_3049_p2  |         +|   0|  0|  22|          15|          15|
    |add_ln58_595_fu_3517_p2  |         +|   0|  0|  23|          16|          16|
    |add_ln58_596_fu_3055_p2  |         +|   0|  0|  22|          15|          15|
    |add_ln58_597_fu_3065_p2  |         +|   0|  0|  22|          15|          15|
    |add_ln58_598_fu_3075_p2  |         +|   0|  0|  23|          16|          16|
    |add_ln58_599_fu_3523_p2  |         +|   0|  0|  16|          16|          16|
    |add_ln58_600_fu_3081_p2  |         +|   0|  0|  16|          14|          14|
    |add_ln58_601_fu_3087_p2  |         +|   0|  0|  16|          14|          14|
    |add_ln58_602_fu_3097_p2  |         +|   0|  0|  19|          12|          12|
    |add_ln58_603_fu_3107_p2  |         +|   0|  0|  17|          10|          10|
    |add_ln58_604_fu_3117_p2  |         +|   0|  0|  21|          14|          14|
    |add_ln58_605_fu_3127_p2  |         +|   0|  0|  22|          15|          15|
    |add_ln58_606_fu_3531_p2  |         +|   0|  0|  16|          16|          16|
    |add_ln58_fu_3436_p2      |         +|   0|  0|  16|          16|          16|
    |add_ln73_11_fu_2170_p2   |         +|   0|  0|  31|          24|          24|
    |add_ln73_12_fu_2659_p2   |         +|   0|  0|  32|          25|          25|
    |add_ln73_fu_3338_p2      |         +|   0|  0|  32|          25|          25|
    |sub_ln73_181_fu_3175_p2  |         -|   0|  0|  30|           1|          23|
    |sub_ln73_182_fu_3206_p2  |         -|   0|  0|  26|           1|          19|
    |sub_ln73_183_fu_3252_p2  |         -|   0|  0|  31|          24|          24|
    |sub_ln73_184_fu_3287_p2  |         -|   0|  0|  30|           1|          23|
    |sub_ln73_185_fu_3318_p2  |         -|   0|  0|  32|          25|          25|
    |sub_ln73_186_fu_1742_p2  |         -|   0|  0|  32|          25|          25|
    |sub_ln73_187_fu_3402_p2  |         -|   0|  0|  30|          23|          23|
    |sub_ln73_188_fu_1802_p2  |         -|   0|  0|  27|           1|          20|
    |sub_ln73_189_fu_1834_p2  |         -|   0|  0|  30|           1|          23|
    |sub_ln73_190_fu_1902_p2  |         -|   0|  0|  29|           1|          22|
    |sub_ln73_191_fu_1934_p2  |         -|   0|  0|  29|           1|          22|
    |sub_ln73_192_fu_1956_p2  |         -|   0|  0|  30|          23|          23|
    |sub_ln73_193_fu_2028_p2  |         -|   0|  0|  30|          23|          23|
    |sub_ln73_194_fu_2078_p2  |         -|   0|  0|  29|           1|          22|
    |sub_ln73_195_fu_2122_p2  |         -|   0|  0|  30|          23|          23|
    |sub_ln73_196_fu_2190_p2  |         -|   0|  0|  31|          24|          24|
    |sub_ln73_197_fu_2210_p2  |         -|   0|  0|  30|          23|          23|
    |sub_ln73_198_fu_2274_p2  |         -|   0|  0|  31|           1|          24|
    |sub_ln73_199_fu_2350_p2  |         -|   0|  0|  31|          24|          24|
    |sub_ln73_200_fu_2370_p2  |         -|   0|  0|  31|           1|          24|
    |sub_ln73_201_fu_2430_p2  |         -|   0|  0|  28|           1|          21|
    |sub_ln73_202_fu_2462_p2  |         -|   0|  0|  29|           1|          22|
    |sub_ln73_203_fu_2484_p2  |         -|   0|  0|  30|          23|          23|
    |sub_ln73_204_fu_2516_p2  |         -|   0|  0|  30|          23|          23|
    |sub_ln73_205_fu_2579_p2  |         -|   0|  0|  32|          25|          25|
    |sub_ln73_206_fu_2611_p2  |         -|   0|  0|  31|           1|          24|
    |sub_ln73_207_fu_2693_p2  |         -|   0|  0|  32|          25|          25|
    |sub_ln73_208_fu_2713_p2  |         -|   0|  0|  30|           1|          23|
    |sub_ln73_209_fu_2745_p2  |         -|   0|  0|  29|           1|          22|
    |sub_ln73_fu_3144_p2      |         -|   0|  0|  29|           1|          22|
    +-------------------------+----------+----+---+----+------------+------------+
    |Total                    |          |   0|  0|2128|        1322|        1658|
    +-------------------------+----------+----+---+----+------------+------------+

    * Multiplexer: 
    +-------------+----+-----------+-----+-----------+
    |     Name    | LUT| Input Size| Bits| Total Bits|
    +-------------+----+-----------+-----+-----------+
    |ap_return_0  |  14|          3|   16|         48|
    |ap_return_1  |  14|          3|   16|         48|
    |ap_return_2  |  14|          3|   16|         48|
    |ap_return_3  |  14|          3|   16|         48|
    |ap_return_4  |  14|          3|   16|         48|
    +-------------+----+-----------+-----+-----------+
    |Total        |  70|         15|   80|        240|
    +-------------+----+-----------+-----+-----------+

    * Register: 
    +--------------------------+----+----+-----+-----------+
    |           Name           | FF | LUT| Bits| Const Bits|
    +--------------------------+----+----+-----+-----------+
    |add_ln58_549_reg_3589     |  16|   0|   16|          0|
    |add_ln58_556_reg_3594     |  16|   0|   16|          0|
    |add_ln58_568_reg_3599     |  16|   0|   16|          0|
    |add_ln58_572_reg_3604     |  15|   0|   15|          0|
    |add_ln58_579_reg_3609     |  16|   0|   16|          0|
    |add_ln58_585_reg_3614     |  16|   0|   16|          0|
    |add_ln58_592_reg_3619     |  16|   0|   16|          0|
    |add_ln58_594_reg_3624     |  15|   0|   15|          0|
    |add_ln58_598_reg_3629     |  16|   0|   16|          0|
    |add_ln58_605_reg_3634     |  15|   0|   15|          0|
    |ap_ce_reg                 |   1|   0|    1|          0|
    |ap_return_0_int_reg       |  16|   0|   16|          0|
    |ap_return_1_int_reg       |  16|   0|   16|          0|
    |ap_return_2_int_reg       |  16|   0|   16|          0|
    |ap_return_3_int_reg       |  16|   0|   16|          0|
    |ap_return_4_int_reg       |  16|   0|   16|          0|
    |data_2_val_read_reg_3582  |  13|   0|   13|          0|
    |data_3_val_read_reg_3574  |  15|   0|   15|          0|
    |data_4_val_read_reg_3566  |  15|   0|   15|          0|
    +--------------------------+----+----+-----+-----------+
    |Total                     | 281|   0|  281|          0|
    +--------------------------+----+----+-----+-----------+



================================================================
== Interface
================================================================
* Summary: 
+-------------+-----+-----+------------+-----------------------------------------------------------------------------+--------------+
|  RTL Ports  | Dir | Bits|  Protocol  |                                Source Object                                |    C Type    |
+-------------+-----+-----+------------+-----------------------------------------------------------------------------+--------------+
|ap_clk       |   in|    1|  ap_ctrl_hs|  dense_latency<ap_fixed<16, 6, 5, 3, 0>, ap_fixed<16, 6, 5, 3, 0>, config18>|  return value|
|ap_rst       |   in|    1|  ap_ctrl_hs|  dense_latency<ap_fixed<16, 6, 5, 3, 0>, ap_fixed<16, 6, 5, 3, 0>, config18>|  return value|
|ap_return_0  |  out|   16|  ap_ctrl_hs|  dense_latency<ap_fixed<16, 6, 5, 3, 0>, ap_fixed<16, 6, 5, 3, 0>, config18>|  return value|
|ap_return_1  |  out|   16|  ap_ctrl_hs|  dense_latency<ap_fixed<16, 6, 5, 3, 0>, ap_fixed<16, 6, 5, 3, 0>, config18>|  return value|
|ap_return_2  |  out|   16|  ap_ctrl_hs|  dense_latency<ap_fixed<16, 6, 5, 3, 0>, ap_fixed<16, 6, 5, 3, 0>, config18>|  return value|
|ap_return_3  |  out|   16|  ap_ctrl_hs|  dense_latency<ap_fixed<16, 6, 5, 3, 0>, ap_fixed<16, 6, 5, 3, 0>, config18>|  return value|
|ap_return_4  |  out|   16|  ap_ctrl_hs|  dense_latency<ap_fixed<16, 6, 5, 3, 0>, ap_fixed<16, 6, 5, 3, 0>, config18>|  return value|
|ap_ce        |   in|    1|  ap_ctrl_hs|  dense_latency<ap_fixed<16, 6, 5, 3, 0>, ap_fixed<16, 6, 5, 3, 0>, config18>|  return value|
|data_1_val   |   in|   13|     ap_none|                                                                   data_1_val|        scalar|
|data_2_val   |   in|   13|     ap_none|                                                                   data_2_val|        scalar|
|data_3_val   |   in|   15|     ap_none|                                                                   data_3_val|        scalar|
|data_4_val   |   in|   15|     ap_none|                                                                   data_4_val|        scalar|
|data_5_val   |   in|   14|     ap_none|                                                                   data_5_val|        scalar|
|data_7_val   |   in|   13|     ap_none|                                                                   data_7_val|        scalar|
|data_9_val   |   in|   14|     ap_none|                                                                   data_9_val|        scalar|
|data_14_val  |   in|   15|     ap_none|                                                                  data_14_val|        scalar|
|data_22_val  |   in|   14|     ap_none|                                                                  data_22_val|        scalar|
|data_24_val  |   in|   15|     ap_none|                                                                  data_24_val|        scalar|
|data_25_val  |   in|   14|     ap_none|                                                                  data_25_val|        scalar|
|data_28_val  |   in|   15|     ap_none|                                                                  data_28_val|        scalar|
|data_29_val  |   in|   16|     ap_none|                                                                  data_29_val|        scalar|
+-------------+-----+-----+------------+-----------------------------------------------------------------------------+--------------+

