

================================================================
== Vitis HLS Report for 'dense_latency_ap_fixed_16_6_5_3_0_ap_fixed_16_6_5_3_0_config3_s'
================================================================
* Date:           Fri Oct 17 12:08:06 2025

* Version:        2023.2 (Build 4023990 on Oct 11 2023)
* Project:        myproject_prj
* Solution:       solution1 (Vivado IP Flow Target)
* Product family: virtexuplus
* Target device:  xcu250-figd2104-2L-e


================================================================
== Performance Estimates
================================================================
+ Timing: 
    * Summary: 
    +--------+---------+----------+------------+
    |  Clock |  Target | Estimated| Uncertainty|
    +--------+---------+----------+------------+
    |ap_clk  |  5.00 ns|  3.384 ns|     1.35 ns|
    +--------+---------+----------+------------+

+ Latency: 
    * Summary: 
    +---------+---------+----------+----------+-----+-----+---------+
    |  Latency (cycles) |  Latency (absolute) |  Interval | Pipeline|
    |   min   |   max   |    min   |    max   | min | max |   Type  |
    +---------+---------+----------+----------+-----+-----+---------+
    |        1|        1|  5.000 ns|  5.000 ns|    1|    1|      yes|
    +---------+---------+----------+----------+-----+-----+---------+

    + Detail: 
        * Instance: 
        N/A

        * Loop: 
        N/A



================================================================
== Utilization Estimates
================================================================
* Summary: 
+---------------------+---------+-------+---------+---------+------+
|         Name        | BRAM_18K|  DSP  |    FF   |   LUT   | URAM |
+---------------------+---------+-------+---------+---------+------+
|DSP                  |        -|      -|        -|        -|     -|
|Expression           |        -|      -|        0|     8693|     -|
|FIFO                 |        -|      -|        -|        -|     -|
|Instance             |        -|      3|        0|        8|     -|
|Memory               |        -|      -|        -|        -|     -|
|Multiplexer          |        -|      -|        -|      392|     -|
|Register             |        -|      -|      990|        -|     -|
+---------------------+---------+-------+---------+---------+------+
|Total                |        0|      3|      990|     9093|     0|
+---------------------+---------+-------+---------+---------+------+
|Available SLR        |     1344|   3072|   864000|   432000|   320|
+---------------------+---------+-------+---------+---------+------+
|Utilization SLR (%)  |        0|     ~0|       ~0|        2|     0|
+---------------------+---------+-------+---------+---------+------+
|Available            |     5376|  12288|  3456000|  1728000|  1280|
+---------------------+---------+-------+---------+---------+------+
|Utilization (%)      |        0|     ~0|       ~0|       ~0|     0|
+---------------------+---------+-------+---------+---------+------+

+ Detail: 
    * Instance: 
    +------------------------+---------------------+---------+----+---+----+-----+
    |        Instance        |        Module       | BRAM_18K| DSP| FF| LUT| URAM|
    +------------------------+---------------------+---------+----+---+----+-----+
    |mul_14s_11ns_25_1_0_U1  |mul_14s_11ns_25_1_0  |        0|   1|  0|   3|    0|
    |mul_14s_12ns_26_1_0_U3  |mul_14s_12ns_26_1_0  |        0|   1|  0|   3|    0|
    |mul_15s_14s_26_1_0_U2   |mul_15s_14s_26_1_0   |        0|   1|  0|   2|    0|
    +------------------------+---------------------+---------+----+---+----+-----+
    |Total                   |                     |        0|   3|  0|   8|    0|
    +------------------------+---------------------+---------+----+---+----+-----+

    * DSP: 
    N/A

    * Memory: 
    N/A

    * FIFO: 
    N/A

    * Expression: 
    +--------------------------+----------+----+---+----+------------+------------+
    |       Variable Name      | Operation| DSP| FF| LUT| Bitwidth P0| Bitwidth P1|
    +--------------------------+----------+----+---+----+------------+------------+
    |add_ln58_241_fu_8189_p2   |         +|   0|  0|  16|          16|          16|
    |add_ln58_242_fu_8195_p2   |         +|   0|  0|  16|          16|          16|
    |add_ln58_243_fu_8201_p2   |         +|   0|  0|  16|          16|          16|
    |add_ln58_244_fu_8207_p2   |         +|   0|  0|  21|          14|          14|
    |add_ln58_245_fu_8217_p2   |         +|   0|  0|  16|          16|          16|
    |add_ln58_246_fu_10418_p2  |         +|   0|  0|  16|          16|          16|
    |add_ln58_247_fu_8223_p2   |         +|   0|  0|  21|          14|          14|
    |add_ln58_248_fu_8233_p2   |         +|   0|  0|  22|          15|          15|
    |add_ln58_249_fu_8243_p2   |         +|   0|  0|  21|          14|          14|
    |add_ln58_250_fu_8253_p2   |         +|   0|  0|  17|          10|           9|
    |add_ln58_251_fu_8263_p2   |         +|   0|  0|  22|          15|          15|
    |add_ln58_252_fu_8273_p2   |         +|   0|  0|  23|          16|          16|
    |add_ln58_253_fu_10422_p2  |         +|   0|  0|  16|          16|          16|
    |add_ln58_254_fu_8279_p2   |         +|   0|  0|  19|          12|          12|
    |add_ln58_255_fu_8289_p2   |         +|   0|  0|  23|          16|          16|
    |add_ln58_256_fu_8295_p2   |         +|   0|  0|  16|          16|          16|
    |add_ln58_257_fu_8301_p2   |         +|   0|  0|  16|          16|          16|
    |add_ln58_258_fu_8307_p2   |         +|   0|  0|  16|          16|          16|
    |add_ln58_259_fu_8313_p2   |         +|   0|  0|  21|          14|          14|
    |add_ln58_260_fu_8323_p2   |         +|   0|  0|  16|          15|          15|
    |add_ln58_261_fu_8329_p2   |         +|   0|  0|  19|          12|          11|
    |add_ln58_262_fu_8339_p2   |         +|   0|  0|  20|          13|          13|
    |add_ln58_263_fu_8349_p2   |         +|   0|  0|  16|          15|          15|
    |add_ln58_264_fu_8359_p2   |         +|   0|  0|  16|          16|          16|
    |add_ln58_265_fu_8365_p2   |         +|   0|  0|  16|          16|          16|
    |add_ln58_266_fu_8371_p2   |         +|   0|  0|  16|          16|          16|
    |add_ln58_267_fu_8377_p2   |         +|   0|  0|  16|          16|          16|
    |add_ln58_268_fu_8383_p2   |         +|   0|  0|  16|          16|          16|
    |add_ln58_269_fu_8389_p2   |         +|   0|  0|  16|          16|          16|
    |add_ln58_270_fu_8395_p2   |         +|   0|  0|  23|          16|          16|
    |add_ln58_271_fu_8401_p2   |         +|   0|  0|  16|          16|          16|
    |add_ln58_272_fu_8407_p2   |         +|   0|  0|  17|          13|          13|
    |add_ln58_273_fu_8413_p2   |         +|   0|  0|  18|          11|           7|
    |add_ln58_274_fu_8423_p2   |         +|   0|  0|  17|          13|          13|
    |add_ln58_275_fu_8433_p2   |         +|   0|  0|  16|          16|          16|
    |add_ln58_276_fu_8439_p2   |         +|   0|  0|  16|          16|          16|
    |add_ln58_277_fu_8445_p2   |         +|   0|  0|  16|          16|          16|
    |add_ln58_278_fu_8451_p2   |         +|   0|  0|  16|          16|          16|
    |add_ln58_279_fu_8457_p2   |         +|   0|  0|  22|          15|          15|
    |add_ln58_280_fu_8467_p2   |         +|   0|  0|  23|          16|          16|
    |add_ln58_281_fu_8473_p2   |         +|   0|  0|  16|          16|          16|
    |add_ln58_282_fu_8479_p2   |         +|   0|  0|  23|          16|          16|
    |add_ln58_283_fu_8485_p2   |         +|   0|  0|  16|          16|          16|
    |add_ln58_284_fu_8491_p2   |         +|   0|  0|  20|          13|          12|
    |add_ln58_285_fu_8501_p2   |         +|   0|  0|  21|          14|          14|
    |add_ln58_286_fu_8511_p2   |         +|   0|  0|  16|          16|          16|
    |add_ln58_287_fu_8517_p2   |         +|   0|  0|  16|          16|          16|
    |add_ln58_288_fu_8523_p2   |         +|   0|  0|  16|          16|          16|
    |add_ln58_289_fu_8529_p2   |         +|   0|  0|  20|          13|          12|
    |add_ln58_290_fu_8539_p2   |         +|   0|  0|  16|          16|          16|
    |add_ln58_291_fu_8545_p2   |         +|   0|  0|  16|          16|          16|
    |add_ln58_292_fu_8551_p2   |         +|   0|  0|  16|          16|          16|
    |add_ln58_293_fu_8557_p2   |         +|   0|  0|  16|          16|          16|
    |add_ln58_294_fu_8563_p2   |         +|   0|  0|  16|          16|          16|
    |add_ln58_295_fu_8569_p2   |         +|   0|  0|  16|          16|          16|
    |add_ln58_296_fu_8575_p2   |         +|   0|  0|  22|          15|          15|
    |add_ln58_297_fu_8585_p2   |         +|   0|  0|  16|          16|          16|
    |add_ln58_298_fu_8591_p2   |         +|   0|  0|  16|          16|          16|
    |add_ln58_299_fu_8597_p2   |         +|   0|  0|  21|          14|          13|
    |add_ln58_300_fu_8607_p2   |         +|   0|  0|  16|          16|          16|
    |add_ln58_301_fu_8613_p2   |         +|   0|  0|  16|          16|          16|
    |add_ln58_302_fu_8619_p2   |         +|   0|  0|  16|          16|          16|
    |add_ln58_303_fu_8625_p2   |         +|   0|  0|  22|          15|          15|
    |add_ln58_304_fu_8635_p2   |         +|   0|  0|  22|          15|          15|
    |add_ln58_305_fu_8645_p2   |         +|   0|  0|  16|          16|          16|
    |add_ln58_306_fu_8651_p2   |         +|   0|  0|  16|          16|          16|
    |add_ln58_307_fu_8657_p2   |         +|   0|  0|  20|          13|          10|
    |add_ln58_308_fu_8667_p2   |         +|   0|  0|  21|          14|          14|
    |add_ln58_309_fu_8677_p2   |         +|   0|  0|  16|          16|          16|
    |add_ln58_310_fu_8683_p2   |         +|   0|  0|  16|          16|          16|
    |add_ln58_311_fu_8689_p2   |         +|   0|  0|  16|          16|          16|
    |add_ln58_312_fu_8695_p2   |         +|   0|  0|  16|          16|          16|
    |add_ln58_313_fu_8701_p2   |         +|   0|  0|  16|          16|          16|
    |add_ln58_314_fu_8707_p2   |         +|   0|  0|  21|          14|          14|
    |add_ln58_315_fu_8717_p2   |         +|   0|  0|  16|          16|          16|
    |add_ln58_316_fu_8723_p2   |         +|   0|  0|  16|          16|          16|
    |add_ln58_317_fu_8729_p2   |         +|   0|  0|  23|          16|          16|
    |add_ln58_318_fu_8735_p2   |         +|   0|  0|  20|          13|          13|
    |add_ln58_319_fu_8745_p2   |         +|   0|  0|  16|          16|          16|
    |add_ln58_320_fu_8751_p2   |         +|   0|  0|  20|          13|          13|
    |add_ln58_321_fu_8761_p2   |         +|   0|  0|  18|          11|          10|
    |add_ln58_322_fu_8771_p2   |         +|   0|  0|  21|          14|          14|
    |add_ln58_323_fu_8781_p2   |         +|   0|  0|  16|          16|          16|
    |add_ln58_324_fu_8787_p2   |         +|   0|  0|  16|          16|          16|
    |add_ln58_325_fu_8793_p2   |         +|   0|  0|  16|          16|          16|
    |add_ln58_326_fu_8799_p2   |         +|   0|  0|  16|          16|          16|
    |add_ln58_327_fu_8805_p2   |         +|   0|  0|  22|          15|          15|
    |add_ln58_328_fu_8815_p2   |         +|   0|  0|  16|          16|          16|
    |add_ln58_329_fu_8821_p2   |         +|   0|  0|  16|          16|          16|
    |add_ln58_330_fu_8827_p2   |         +|   0|  0|  16|          16|          16|
    |add_ln58_331_fu_8833_p2   |         +|   0|  0|  19|          12|          12|
    |add_ln58_332_fu_8843_p2   |         +|   0|  0|  18|          11|          11|
    |add_ln58_333_fu_8853_p2   |         +|   0|  0|  20|          13|          13|
    |add_ln58_334_fu_8863_p2   |         +|   0|  0|  17|          12|          11|
    |add_ln58_335_fu_8869_p2   |         +|   0|  0|  17|          10|          10|
    |add_ln58_336_fu_8879_p2   |         +|   0|  0|  17|          12|          12|
    |add_ln58_337_fu_8889_p2   |         +|   0|  0|  21|          14|          14|
    |add_ln58_338_fu_8899_p2   |         +|   0|  0|  16|          16|          16|
    |add_ln58_339_fu_8905_p2   |         +|   0|  0|  16|          16|          16|
    |add_ln58_340_fu_8911_p2   |         +|   0|  0|  16|          16|          16|
    |add_ln58_341_fu_8917_p2   |         +|   0|  0|  16|          16|          16|
    |add_ln58_342_fu_8923_p2   |         +|   0|  0|  16|          16|          16|
    |add_ln58_343_fu_8929_p2   |         +|   0|  0|  16|          16|          16|
    |add_ln58_344_fu_8935_p2   |         +|   0|  0|  20|          13|          13|
    |add_ln58_345_fu_8945_p2   |         +|   0|  0|  21|          14|          14|
    |add_ln58_346_fu_8955_p2   |         +|   0|  0|  19|          12|          11|
    |add_ln58_347_fu_8965_p2   |         +|   0|  0|  20|          13|          13|
    |add_ln58_348_fu_8975_p2   |         +|   0|  0|  22|          15|          15|
    |add_ln58_349_fu_8985_p2   |         +|   0|  0|  16|          16|          16|
    |add_ln58_350_fu_8991_p2   |         +|   0|  0|  22|          15|          15|
    |add_ln58_351_fu_9001_p2   |         +|   0|  0|  21|          14|          14|
    |add_ln58_352_fu_9011_p2   |         +|   0|  0|  16|          16|          16|
    |add_ln58_353_fu_9017_p2   |         +|   0|  0|  16|          16|          16|
    |add_ln58_354_fu_9023_p2   |         +|   0|  0|  21|          14|          11|
    |add_ln58_355_fu_9033_p2   |         +|   0|  0|  16|          16|          16|
    |add_ln58_356_fu_9039_p2   |         +|   0|  0|  16|          16|          16|
    |add_ln58_357_fu_9045_p2   |         +|   0|  0|  16|          16|          16|
    |add_ln58_358_fu_9051_p2   |         +|   0|  0|  23|          16|          16|
    |add_ln58_359_fu_9057_p2   |         +|   0|  0|  16|          16|          16|
    |add_ln58_360_fu_9063_p2   |         +|   0|  0|  20|          13|          13|
    |add_ln58_361_fu_9073_p2   |         +|   0|  0|  20|          13|          13|
    |add_ln58_362_fu_9083_p2   |         +|   0|  0|  21|          14|          14|
    |add_ln58_363_fu_9093_p2   |         +|   0|  0|  16|          16|          16|
    |add_ln58_364_fu_9099_p2   |         +|   0|  0|  23|          16|          16|
    |add_ln58_365_fu_9105_p2   |         +|   0|  0|  21|          14|          14|
    |add_ln58_366_fu_9115_p2   |         +|   0|  0|  16|          16|          16|
    |add_ln58_367_fu_9121_p2   |         +|   0|  0|  17|          13|          13|
    |add_ln58_368_fu_9127_p2   |         +|   0|  0|  18|          11|           9|
    |add_ln58_369_fu_9137_p2   |         +|   0|  0|  17|          13|          13|
    |add_ln58_370_fu_9147_p2   |         +|   0|  0|  16|          16|          16|
    |add_ln58_371_fu_9153_p2   |         +|   0|  0|  16|          16|          16|
    |add_ln58_372_fu_9159_p2   |         +|   0|  0|  16|          16|          16|
    |add_ln58_373_fu_9165_p2   |         +|   0|  0|  16|          16|          16|
    |add_ln58_374_fu_9171_p2   |         +|   0|  0|  16|          16|          16|
    |add_ln58_375_fu_9177_p2   |         +|   0|  0|  23|          16|          16|
    |add_ln58_376_fu_9183_p2   |         +|   0|  0|  16|          16|          16|
    |add_ln58_377_fu_9189_p2   |         +|   0|  0|  16|          16|          16|
    |add_ln58_378_fu_9195_p2   |         +|   0|  0|  23|          16|          16|
    |add_ln58_379_fu_9201_p2   |         +|   0|  0|  16|          16|          16|
    |add_ln58_380_fu_9207_p2   |         +|   0|  0|  19|          12|          12|
    |add_ln58_381_fu_9217_p2   |         +|   0|  0|  18|          11|          11|
    |add_ln58_382_fu_9227_p2   |         +|   0|  0|  20|          13|          13|
    |add_ln58_383_fu_9237_p2   |         +|   0|  0|  16|          16|          16|
    |add_ln58_384_fu_9243_p2   |         +|   0|  0|  16|          16|          16|
    |add_ln58_385_fu_9249_p2   |         +|   0|  0|  16|          16|          16|
    |add_ln58_386_fu_9255_p2   |         +|   0|  0|  16|          16|          16|
    |add_ln58_387_fu_9261_p2   |         +|   0|  0|  22|          15|          15|
    |add_ln58_388_fu_9271_p2   |         +|   0|  0|  21|          14|          14|
    |add_ln58_389_fu_9281_p2   |         +|   0|  0|  23|          16|          16|
    |add_ln58_390_fu_9287_p2   |         +|   0|  0|  16|          16|          16|
    |add_ln58_391_fu_9293_p2   |         +|   0|  0|  22|          15|          15|
    |add_ln58_392_fu_9303_p2   |         +|   0|  0|  16|          16|          16|
    |add_ln58_393_fu_9309_p2   |         +|   0|  0|  20|          13|          13|
    |add_ln58_394_fu_9319_p2   |         +|   0|  0|  18|          11|          10|
    |add_ln58_395_fu_9329_p2   |         +|   0|  0|  21|          14|          14|
    |add_ln58_396_fu_9339_p2   |         +|   0|  0|  16|          16|          16|
    |add_ln58_397_fu_9345_p2   |         +|   0|  0|  16|          16|          16|
    |add_ln58_398_fu_9351_p2   |         +|   0|  0|  16|          16|          16|
    |add_ln58_399_fu_9357_p2   |         +|   0|  0|  23|          16|          16|
    |add_ln58_400_fu_9363_p2   |         +|   0|  0|  16|          16|          16|
    |add_ln58_401_fu_9369_p2   |         +|   0|  0|  21|          14|          14|
    |add_ln58_402_fu_9379_p2   |         +|   0|  0|  22|          15|          15|
    |add_ln58_403_fu_9389_p2   |         +|   0|  0|  23|          16|          16|
    |add_ln58_404_fu_9395_p2   |         +|   0|  0|  16|          16|          16|
    |add_ln58_405_fu_9401_p2   |         +|   0|  0|  23|          16|          16|
    |add_ln58_406_fu_9407_p2   |         +|   0|  0|  23|          16|          16|
    |add_ln58_407_fu_9413_p2   |         +|   0|  0|  16|          16|          16|
    |add_ln58_408_fu_9419_p2   |         +|   0|  0|  20|          13|          13|
    |add_ln58_409_fu_9429_p2   |         +|   0|  0|  21|          14|          12|
    |add_ln58_410_fu_9439_p2   |         +|   0|  0|  22|          15|          15|
    |add_ln58_411_fu_9449_p2   |         +|   0|  0|  16|          16|          16|
    |add_ln58_412_fu_9455_p2   |         +|   0|  0|  16|          16|          16|
    |add_ln58_413_fu_9461_p2   |         +|   0|  0|  22|          15|          15|
    |add_ln58_414_fu_9471_p2   |         +|   0|  0|  23|          16|          16|
    |add_ln58_415_fu_9477_p2   |         +|   0|  0|  16|          16|          16|
    |add_ln58_416_fu_9483_p2   |         +|   0|  0|  16|          16|          16|
    |add_ln58_417_fu_9489_p2   |         +|   0|  0|  20|          13|          12|
    |add_ln58_418_fu_9499_p2   |         +|   0|  0|  21|          14|          14|
    |add_ln58_419_fu_9509_p2   |         +|   0|  0|  16|          16|          16|
    |add_ln58_420_fu_9515_p2   |         +|   0|  0|  16|          16|          16|
    |add_ln58_421_fu_9521_p2   |         +|   0|  0|  16|          16|          16|
    |add_ln58_422_fu_9527_p2   |         +|   0|  0|  16|          16|          16|
    |add_ln58_423_fu_9533_p2   |         +|   0|  0|  16|          16|          16|
    |add_ln58_424_fu_9539_p2   |         +|   0|  0|  16|          16|          16|
    |add_ln58_425_fu_9545_p2   |         +|   0|  0|  16|          16|          16|
    |add_ln58_426_fu_9551_p2   |         +|   0|  0|  23|          16|          16|
    |add_ln58_427_fu_9557_p2   |         +|   0|  0|  16|          16|          16|
    |add_ln58_428_fu_9563_p2   |         +|   0|  0|  21|          14|          14|
    |add_ln58_429_fu_9573_p2   |         +|   0|  0|  20|          13|          12|
    |add_ln58_430_fu_9583_p2   |         +|   0|  0|  22|          15|          15|
    |add_ln58_431_fu_9593_p2   |         +|   0|  0|  16|          16|          16|
    |add_ln58_432_fu_9599_p2   |         +|   0|  0|  16|          16|          16|
    |add_ln58_433_fu_9605_p2   |         +|   0|  0|  16|          16|          16|
    |add_ln58_434_fu_9611_p2   |         +|   0|  0|  23|          16|          16|
    |add_ln58_435_fu_9617_p2   |         +|   0|  0|  16|          16|          16|
    |add_ln58_436_fu_9623_p2   |         +|   0|  0|  16|          16|          16|
    |add_ln58_437_fu_9629_p2   |         +|   0|  0|  21|          14|          14|
    |add_ln58_438_fu_9639_p2   |         +|   0|  0|  16|          16|          16|
    |add_ln58_439_fu_9645_p2   |         +|   0|  0|  16|          16|          16|
    |add_ln58_440_fu_9651_p2   |         +|   0|  0|  16|          14|          14|
    |add_ln58_441_fu_9657_p2   |         +|   0|  0|  19|          12|          12|
    |add_ln58_442_fu_9667_p2   |         +|   0|  0|  16|          14|          14|
    |add_ln58_443_fu_9677_p2   |         +|   0|  0|  21|          14|          14|
    |add_ln58_444_fu_9687_p2   |         +|   0|  0|  20|          13|          12|
    |add_ln58_445_fu_9697_p2   |         +|   0|  0|  22|          15|          15|
    |add_ln58_446_fu_9707_p2   |         +|   0|  0|  23|          16|          16|
    |add_ln58_447_fu_9713_p2   |         +|   0|  0|  16|          16|          16|
    |add_ln58_448_fu_9719_p2   |         +|   0|  0|  16|          16|          16|
    |add_ln58_449_fu_9725_p2   |         +|   0|  0|  16|          16|          16|
    |add_ln58_450_fu_9731_p2   |         +|   0|  0|  16|          16|          16|
    |add_ln58_451_fu_9737_p2   |         +|   0|  0|  16|          16|          16|
    |add_ln58_452_fu_9743_p2   |         +|   0|  0|  16|          16|          16|
    |add_ln58_453_fu_9749_p2   |         +|   0|  0|  23|          16|          16|
    |add_ln58_454_fu_9755_p2   |         +|   0|  0|  16|          16|          16|
    |add_ln58_455_fu_9761_p2   |         +|   0|  0|  19|          12|          11|
    |add_ln58_456_fu_9771_p2   |         +|   0|  0|  20|          13|          13|
    |add_ln58_457_fu_9781_p2   |         +|   0|  0|  16|          16|          16|
    |add_ln58_458_fu_9787_p2   |         +|   0|  0|  16|          16|          16|
    |add_ln58_459_fu_9793_p2   |         +|   0|  0|  16|          16|          16|
    |add_ln58_460_fu_9799_p2   |         +|   0|  0|  16|          16|          16|
    |add_ln58_461_fu_9805_p2   |         +|   0|  0|  16|          16|          16|
    |add_ln58_462_fu_9811_p2   |         +|   0|  0|  16|          16|          16|
    |add_ln58_463_fu_9817_p2   |         +|   0|  0|  16|          16|          16|
    |add_ln58_464_fu_9823_p2   |         +|   0|  0|  23|          16|          16|
    |add_ln58_465_fu_9829_p2   |         +|   0|  0|  16|          16|          16|
    |add_ln58_466_fu_9835_p2   |         +|   0|  0|  21|          14|          13|
    |add_ln58_467_fu_9845_p2   |         +|   0|  0|  23|          16|          16|
    |add_ln58_468_fu_9851_p2   |         +|   0|  0|  16|          16|          16|
    |add_ln58_469_fu_9857_p2   |         +|   0|  0|  16|          16|          16|
    |add_ln58_470_fu_9863_p2   |         +|   0|  0|  16|          16|          16|
    |add_ln58_471_fu_9869_p2   |         +|   0|  0|  23|          16|          16|
    |add_ln58_472_fu_9875_p2   |         +|   0|  0|  16|          16|          16|
    |add_ln58_473_fu_9881_p2   |         +|   0|  0|  16|          16|          16|
    |add_ln58_474_fu_9887_p2   |         +|   0|  0|  21|          14|          14|
    |add_ln58_475_fu_9897_p2   |         +|   0|  0|  16|          16|          16|
    |add_ln58_476_fu_10427_p2  |         +|   0|  0|  16|          16|          16|
    |add_ln58_477_fu_9903_p2   |         +|   0|  0|  20|          13|          13|
    |add_ln58_478_fu_9913_p2   |         +|   0|  0|  23|          16|          16|
    |add_ln58_479_fu_9919_p2   |         +|   0|  0|  16|          16|          16|
    |add_ln58_480_fu_9925_p2   |         +|   0|  0|  18|          11|          11|
    |add_ln58_481_fu_9935_p2   |         +|   0|  0|  17|          10|          10|
    |add_ln58_482_fu_9945_p2   |         +|   0|  0|  19|          12|          12|
    |add_ln58_483_fu_9955_p2   |         +|   0|  0|  16|          16|          16|
    |add_ln58_484_fu_10431_p2  |         +|   0|  0|  16|          16|          16|
    |add_ln58_485_fu_9961_p2   |         +|   0|  0|  16|          16|          16|
    |add_ln58_486_fu_9967_p2   |         +|   0|  0|  16|          16|          16|
    |add_ln58_487_fu_9973_p2   |         +|   0|  0|  21|          14|          14|
    |add_ln58_488_fu_9983_p2   |         +|   0|  0|  22|          15|          15|
    |add_ln58_489_fu_9993_p2   |         +|   0|  0|  16|          16|          16|
    |add_ln58_490_fu_9999_p2   |         +|   0|  0|  23|          16|          16|
    |add_ln58_491_fu_10005_p2  |         +|   0|  0|  16|          16|          16|
    |add_ln58_492_fu_10011_p2  |         +|   0|  0|  16|          14|          14|
    |add_ln58_493_fu_10017_p2  |         +|   0|  0|  19|          12|          11|
    |add_ln58_494_fu_10027_p2  |         +|   0|  0|  16|          14|          14|
    |add_ln58_495_fu_10037_p2  |         +|   0|  0|  16|          16|          16|
    |add_ln58_496_fu_10043_p2  |         +|   0|  0|  16|          16|          16|
    |add_ln58_497_fu_10049_p2  |         +|   0|  0|  22|          15|          15|
    |add_ln58_498_fu_10059_p2  |         +|   0|  0|  23|          16|          16|
    |add_ln58_499_fu_10065_p2  |         +|   0|  0|  16|          16|          16|
    |add_ln58_500_fu_10071_p2  |         +|   0|  0|  16|          16|          16|
    |add_ln58_501_fu_10436_p2  |         +|   0|  0|  16|          16|          16|
    |add_ln58_502_fu_10077_p2  |         +|   0|  0|  21|          14|          14|
    |add_ln58_503_fu_10087_p2  |         +|   0|  0|  23|          16|          16|
    |add_ln58_504_fu_10093_p2  |         +|   0|  0|  16|          16|          16|
    |add_ln58_505_fu_10099_p2  |         +|   0|  0|  19|          12|          12|
    |add_ln58_506_fu_10109_p2  |         +|   0|  0|  19|          12|          10|
    |add_ln58_507_fu_10119_p2  |         +|   0|  0|  20|          13|          13|
    |add_ln58_508_fu_10129_p2  |         +|   0|  0|  16|          16|          16|
    |add_ln58_509_fu_10440_p2  |         +|   0|  0|  16|          16|          16|
    |add_ln58_510_fu_10135_p2  |         +|   0|  0|  16|          16|          16|
    |add_ln58_511_fu_10141_p2  |         +|   0|  0|  16|          16|          16|
    |add_ln58_512_fu_10147_p2  |         +|   0|  0|  16|          16|          16|
    |add_ln58_513_fu_10153_p2  |         +|   0|  0|  16|          16|          16|
    |add_ln58_514_fu_10159_p2  |         +|   0|  0|  16|          16|          16|
    |add_ln58_515_fu_10165_p2  |         +|   0|  0|  21|          14|          14|
    |add_ln58_516_fu_10175_p2  |         +|   0|  0|  16|          16|          16|
    |add_ln58_517_fu_10181_p2  |         +|   0|  0|  16|          14|          12|
    |add_ln58_518_fu_10187_p2  |         +|   0|  0|  16|          14|          14|
    |add_ln58_519_fu_10197_p2  |         +|   0|  0|  16|          16|          16|
    |add_ln58_520_fu_10203_p2  |         +|   0|  0|  16|          16|          16|
    |add_ln58_521_fu_10209_p2  |         +|   0|  0|  23|          16|          16|
    |add_ln58_522_fu_10215_p2  |         +|   0|  0|  16|          16|          16|
    |add_ln58_523_fu_10221_p2  |         +|   0|  0|  16|          16|          16|
    |add_ln58_524_fu_10227_p2  |         +|   0|  0|  16|          16|          16|
    |add_ln58_525_fu_10233_p2  |         +|   0|  0|  21|          14|          14|
    |add_ln58_526_fu_10243_p2  |         +|   0|  0|  16|          15|          15|
    |add_ln58_527_fu_10249_p2  |         +|   0|  0|  20|          13|          13|
    |add_ln58_528_fu_10259_p2  |         +|   0|  0|  21|          14|          14|
    |add_ln58_529_fu_10269_p2  |         +|   0|  0|  16|          15|          15|
    |add_ln58_530_fu_10279_p2  |         +|   0|  0|  16|          16|          16|
    |add_ln58_531_fu_10285_p2  |         +|   0|  0|  23|          16|          16|
    |add_ln58_532_fu_10291_p2  |         +|   0|  0|  23|          16|          16|
    |add_ln58_533_fu_10297_p2  |         +|   0|  0|  16|          16|          16|
    |add_ln58_534_fu_10303_p2  |         +|   0|  0|  16|          16|          16|
    |add_ln58_535_fu_10309_p2  |         +|   0|  0|  20|          13|          12|
    |add_ln58_536_fu_10319_p2  |         +|   0|  0|  16|          16|          16|
    |add_ln58_537_fu_10325_p2  |         +|   0|  0|  16|          16|          16|
    |add_ln58_538_fu_10331_p2  |         +|   0|  0|  23|          16|          16|
    |add_ln58_539_fu_10337_p2  |         +|   0|  0|  16|          16|          16|
    |add_ln58_540_fu_10343_p2  |         +|   0|  0|  16|          16|          16|
    |add_ln58_541_fu_10349_p2  |         +|   0|  0|  16|          16|          16|
    |add_ln58_542_fu_10355_p2  |         +|   0|  0|  20|          13|          13|
    |add_ln58_543_fu_10365_p2  |         +|   0|  0|  20|          13|          12|
    |add_ln58_544_fu_10375_p2  |         +|   0|  0|  21|          14|          14|
    |add_ln58_545_fu_10385_p2  |         +|   0|  0|  22|          15|          15|
    |add_ln58_546_fu_10395_p2  |         +|   0|  0|  16|          16|          16|
    |add_ln58_fu_10412_p2      |         +|   0|  0|  23|          16|          11|
    |add_ln73_10_fu_7763_p2    |         +|   0|  0|  33|          26|          26|
    |add_ln73_6_fu_4673_p2     |         +|   0|  0|  33|          26|          26|
    |add_ln73_7_fu_4999_p2     |         +|   0|  0|  33|          26|          26|
    |add_ln73_8_fu_5249_p2     |         +|   0|  0|  33|          26|          26|
    |add_ln73_9_fu_7711_p2     |         +|   0|  0|  33|          26|          26|
    |add_ln73_fu_4589_p2       |         +|   0|  0|  32|          25|          25|
    |sub_ln73_100_fu_5067_p2   |         -|   0|  0|  32|           1|          25|
    |sub_ln73_101_fu_5111_p2   |         -|   0|  0|  33|          26|          26|
    |sub_ln73_102_fu_5161_p2   |         -|   0|  0|  31|           1|          24|
    |sub_ln73_103_fu_5185_p2   |         -|   0|  0|  33|           1|          26|
    |sub_ln73_104_fu_5201_p2   |         -|   0|  0|  33|          26|          26|
    |sub_ln73_105_fu_5229_p2   |         -|   0|  0|  32|           1|          25|
    |sub_ln73_106_fu_5277_p2   |         -|   0|  0|  32|           1|          25|
    |sub_ln73_107_fu_5317_p2   |         -|   0|  0|  33|           1|          26|
    |sub_ln73_108_fu_5375_p2   |         -|   0|  0|  31|           1|          24|
    |sub_ln73_109_fu_5395_p2   |         -|   0|  0|  33|          26|          26|
    |sub_ln73_110_fu_5446_p2   |         -|   0|  0|  30|           1|          23|
    |sub_ln73_111_fu_5490_p2   |         -|   0|  0|  33|          26|          26|
    |sub_ln73_112_fu_5506_p2   |         -|   0|  0|  33|          26|          26|
    |sub_ln73_113_fu_5522_p2   |         -|   0|  0|  33|          26|          26|
    |sub_ln73_114_fu_5564_p2   |         -|   0|  0|  32|           1|          25|
    |sub_ln73_115_fu_5584_p2   |         -|   0|  0|  33|           1|          26|
    |sub_ln73_116_fu_5626_p2   |         -|   0|  0|  31|           1|          24|
    |sub_ln73_117_fu_5676_p2   |         -|   0|  0|  30|           1|          23|
    |sub_ln73_118_fu_5708_p2   |         -|   0|  0|  32|           1|          25|
    |sub_ln73_119_fu_5740_p2   |         -|   0|  0|  33|          26|          26|
    |sub_ln73_120_fu_5786_p2   |         -|   0|  0|  33|           1|          26|
    |sub_ln73_121_fu_5802_p2   |         -|   0|  0|  33|          26|          26|
    |sub_ln73_122_fu_5830_p2   |         -|   0|  0|  30|           1|          23|
    |sub_ln73_123_fu_5866_p2   |         -|   0|  0|  29|           1|          22|
    |sub_ln73_124_fu_5898_p2   |         -|   0|  0|  28|           1|          21|
    |sub_ln73_125_fu_5944_p2   |         -|   0|  0|  31|           1|          24|
    |sub_ln73_126_fu_6008_p2   |         -|   0|  0|  31|           1|          24|
    |sub_ln73_127_fu_6072_p2   |         -|   0|  0|  29|           1|          22|
    |sub_ln73_128_fu_6108_p2   |         -|   0|  0|  30|           1|          23|
    |sub_ln73_129_fu_6144_p2   |         -|   0|  0|  33|           1|          26|
    |sub_ln73_130_fu_6172_p2   |         -|   0|  0|  32|           1|          25|
    |sub_ln73_131_fu_6232_p2   |         -|   0|  0|  31|           1|          24|
    |sub_ln73_132_fu_6280_p2   |         -|   0|  0|  30|          23|          23|
    |sub_ln73_133_fu_6326_p2   |         -|   0|  0|  29|           1|          22|
    |sub_ln73_134_fu_6358_p2   |         -|   0|  0|  27|           1|          20|
    |sub_ln73_135_fu_6396_p2   |         -|   0|  0|  28|           1|          21|
    |sub_ln73_136_fu_6416_p2   |         -|   0|  0|  30|           1|          23|
    |sub_ln73_137_fu_6484_p2   |         -|   0|  0|  29|           1|          22|
    |sub_ln73_138_fu_6532_p2   |         -|   0|  0|  30|          23|          23|
    |sub_ln73_139_fu_6582_p2   |         -|   0|  0|  30|          23|          23|
    |sub_ln73_140_fu_6620_p2   |         -|   0|  0|  30|           1|          23|
    |sub_ln73_141_fu_6700_p2   |         -|   0|  0|  30|           1|          23|
    |sub_ln73_142_fu_6736_p2   |         -|   0|  0|  29|           1|          22|
    |sub_ln73_143_fu_6794_p2   |         -|   0|  0|  30|          23|          23|
    |sub_ln73_144_fu_6814_p2   |         -|   0|  0|  28|           1|          21|
    |sub_ln73_145_fu_6860_p2   |         -|   0|  0|  31|          24|          24|
    |sub_ln73_146_fu_6880_p2   |         -|   0|  0|  31|           1|          24|
    |sub_ln73_147_fu_6912_p2   |         -|   0|  0|  29|          22|          22|
    |sub_ln73_148_fu_6996_p2   |         -|   0|  0|  30|          23|          23|
    |sub_ln73_149_fu_7028_p2   |         -|   0|  0|  29|           1|          22|
    |sub_ln73_150_fu_7082_p2   |         -|   0|  0|  32|          25|          25|
    |sub_ln73_151_fu_7102_p2   |         -|   0|  0|  30|           1|          23|
    |sub_ln73_152_fu_7122_p2   |         -|   0|  0|  28|           1|          21|
    |sub_ln73_153_fu_7154_p2   |         -|   0|  0|  30|          23|          23|
    |sub_ln73_154_fu_7174_p2   |         -|   0|  0|  32|           1|          25|
    |sub_ln73_155_fu_7206_p2   |         -|   0|  0|  31|           1|          24|
    |sub_ln73_156_fu_7242_p2   |         -|   0|  0|  30|           1|          23|
    |sub_ln73_157_fu_7306_p2   |         -|   0|  0|  30|          23|          23|
    |sub_ln73_158_fu_7338_p2   |         -|   0|  0|  27|           1|          20|
    |sub_ln73_159_fu_7370_p2   |         -|   0|  0|  32|          25|          25|
    |sub_ln73_160_fu_7420_p2   |         -|   0|  0|  31|           1|          24|
    |sub_ln73_161_fu_7466_p2   |         -|   0|  0|  29|           1|          22|
    |sub_ln73_162_fu_7548_p2   |         -|   0|  0|  28|           1|          21|
    |sub_ln73_163_fu_7584_p2   |         -|   0|  0|  30|           1|          23|
    |sub_ln73_164_fu_7630_p2   |         -|   0|  0|  29|           1|          22|
    |sub_ln73_165_fu_7667_p2   |         -|   0|  0|  33|           1|          26|
    |sub_ln73_166_fu_7695_p2   |         -|   0|  0|  33|          26|          26|
    |sub_ln73_167_fu_7735_p2   |         -|   0|  0|  33|           1|          26|
    |sub_ln73_168_fu_7779_p2   |         -|   0|  0|  33|          26|          26|
    |sub_ln73_169_fu_7795_p2   |         -|   0|  0|  33|           1|          26|
    |sub_ln73_170_fu_7819_p2   |         -|   0|  0|  33|          26|          26|
    |sub_ln73_171_fu_7867_p2   |         -|   0|  0|  33|          26|          26|
    |sub_ln73_172_fu_7899_p2   |         -|   0|  0|  31|           1|          24|
    |sub_ln73_173_fu_7935_p2   |         -|   0|  0|  29|           1|          22|
    |sub_ln73_174_fu_7989_p2   |         -|   0|  0|  30|           1|          23|
    |sub_ln73_175_fu_8035_p2   |         -|   0|  0|  33|           1|          26|
    |sub_ln73_176_fu_8051_p2   |         -|   0|  0|  33|          26|          26|
    |sub_ln73_177_fu_8091_p2   |         -|   0|  0|  33|          26|          26|
    |sub_ln73_178_fu_8121_p2   |         -|   0|  0|  32|           1|          25|
    |sub_ln73_179_fu_8141_p2   |         -|   0|  0|  33|          26|          26|
    |sub_ln73_180_fu_8157_p2   |         -|   0|  0|  32|          25|          25|
    |sub_ln73_87_fu_4497_p2    |         -|   0|  0|  28|           1|          21|
    |sub_ln73_88_fu_4555_p2    |         -|   0|  0|  29|           1|          22|
    |sub_ln73_89_fu_4609_p2    |         -|   0|  0|  30|           1|          23|
    |sub_ln73_90_fu_4641_p2    |         -|   0|  0|  33|           1|          26|
    |sub_ln73_91_fu_4703_p2    |         -|   0|  0|  31|          24|          24|
    |sub_ln73_92_fu_4723_p2    |         -|   0|  0|  32|           1|          25|
    |sub_ln73_93_fu_4755_p2    |         -|   0|  0|  31|           1|          24|
    |sub_ln73_94_fu_4791_p2    |         -|   0|  0|  30|           1|          23|
    |sub_ln73_95_fu_4859_p2    |         -|   0|  0|  29|           1|          22|
    |sub_ln73_96_fu_4891_p2    |         -|   0|  0|  31|          24|          24|
    |sub_ln73_97_fu_4971_p2    |         -|   0|  0|  32|          25|          25|
    |sub_ln73_98_fu_5027_p2    |         -|   0|  0|  31|          24|          24|
    |sub_ln73_99_fu_5047_p2    |         -|   0|  0|  31|           1|          24|
    |sub_ln73_fu_4465_p2       |         -|   0|  0|  32|          25|          25|
    +--------------------------+----------+----+---+----+------------+------------+
    |Total                     |          |   0|  0|8693|        5638|        7015|
    +--------------------------+----------+----+---+----+------------+------------+

    * Multiplexer: 
    +--------------+----+-----------+-----+-----------+
    |     Name     | LUT| Input Size| Bits| Total Bits|
    +--------------+----+-----------+-----+-----------+
    |ap_return_0   |  14|          3|   16|         48|
    |ap_return_1   |  14|          3|   16|         48|
    |ap_return_10  |  14|          3|   16|         48|
    |ap_return_11  |  14|          3|   16|         48|
    |ap_return_12  |  14|          3|   16|         48|
    |ap_return_13  |  14|          3|   16|         48|
    |ap_return_14  |  14|          3|   16|         48|
    |ap_return_15  |  14|          3|   16|         48|
    |ap_return_16  |  14|          3|   16|         48|
    |ap_return_17  |  14|          3|   16|         48|
    |ap_return_18  |  14|          3|   16|         48|
    |ap_return_19  |  14|          3|   16|         48|
    |ap_return_2   |  14|          3|   16|         48|
    |ap_return_20  |  14|          3|   16|         48|
    |ap_return_21  |  14|          3|   16|         48|
    |ap_return_22  |  14|          3|   16|         48|
    |ap_return_23  |  14|          3|   16|         48|
    |ap_return_24  |  14|          3|   16|         48|
    |ap_return_25  |  14|          3|   16|         48|
    |ap_return_26  |  14|          3|   16|         48|
    |ap_return_27  |  14|          3|   16|         48|
    |ap_return_3   |  14|          3|   16|         48|
    |ap_return_4   |  14|          3|   16|         48|
    |ap_return_5   |  14|          3|   16|         48|
    |ap_return_6   |  14|          3|   16|         48|
    |ap_return_7   |  14|          3|   16|         48|
    |ap_return_8   |  14|          3|   16|         48|
    |ap_return_9   |  14|          3|   16|         48|
    +--------------+----+-----------+-----+-----------+
    |Total         | 392|         84|  448|       1344|
    +--------------+----+-----------+-----+-----------+

    * Register: 
    +---------------------------+----+----+-----+-----------+
    |            Name           | FF | LUT| Bits| Const Bits|
    +---------------------------+----+----+-----+-----------+
    |add_ln58_242_reg_10594     |  16|   0|   16|          0|
    |add_ln58_245_reg_10599     |  16|   0|   16|          0|
    |add_ln58_252_reg_10604     |  16|   0|   16|          0|
    |add_ln58_264_reg_10609     |  16|   0|   16|          0|
    |add_ln58_276_reg_10614     |  16|   0|   16|          0|
    |add_ln58_287_reg_10619     |  16|   0|   16|          0|
    |add_ln58_290_reg_10624     |  16|   0|   16|          0|
    |add_ln58_302_reg_10629     |  16|   0|   16|          0|
    |add_ln58_310_reg_10634     |  16|   0|   16|          0|
    |add_ln58_324_reg_10639     |  16|   0|   16|          0|
    |add_ln58_338_reg_10644     |  16|   0|   16|          0|
    |add_ln58_349_reg_10649     |  16|   0|   16|          0|
    |add_ln58_356_reg_10654     |  16|   0|   16|          0|
    |add_ln58_371_reg_10659     |  16|   0|   16|          0|
    |add_ln58_384_reg_10664     |  16|   0|   16|          0|
    |add_ln58_397_reg_10669     |  16|   0|   16|          0|
    |add_ln58_412_reg_10674     |  16|   0|   16|          0|
    |add_ln58_420_reg_10679     |  16|   0|   16|          0|
    |add_ln58_432_reg_10684     |  16|   0|   16|          0|
    |add_ln58_447_reg_10689     |  16|   0|   16|          0|
    |add_ln58_458_reg_10694     |  16|   0|   16|          0|
    |add_ln58_469_reg_10699     |  16|   0|   16|          0|
    |add_ln58_472_reg_10704     |  16|   0|   16|          0|
    |add_ln58_475_reg_10709     |  16|   0|   16|          0|
    |add_ln58_483_reg_10714     |  16|   0|   16|          0|
    |add_ln58_496_reg_10719     |  16|   0|   16|          0|
    |add_ln58_498_reg_10724     |  16|   0|   16|          0|
    |add_ln58_500_reg_10729     |  16|   0|   16|          0|
    |add_ln58_508_reg_10734     |  16|   0|   16|          0|
    |add_ln58_520_reg_10739     |  16|   0|   16|          0|
    |add_ln58_530_reg_10744     |  16|   0|   16|          0|
    |add_ln58_537_reg_10749     |  16|   0|   16|          0|
    |add_ln58_546_reg_10754     |  16|   0|   16|          0|
    |ap_ce_reg                  |   1|   0|    1|          0|
    |ap_return_0_int_reg        |  16|   0|   16|          0|
    |ap_return_10_int_reg       |  16|   0|   16|          0|
    |ap_return_11_int_reg       |  16|   0|   16|          0|
    |ap_return_12_int_reg       |  16|   0|   16|          0|
    |ap_return_13_int_reg       |  16|   0|   16|          0|
    |ap_return_14_int_reg       |  16|   0|   16|          0|
    |ap_return_15_int_reg       |  16|   0|   16|          0|
    |ap_return_16_int_reg       |  16|   0|   16|          0|
    |ap_return_17_int_reg       |  16|   0|   16|          0|
    |ap_return_18_int_reg       |  16|   0|   16|          0|
    |ap_return_19_int_reg       |  16|   0|   16|          0|
    |ap_return_1_int_reg        |  16|   0|   16|          0|
    |ap_return_20_int_reg       |  16|   0|   16|          0|
    |ap_return_21_int_reg       |  16|   0|   16|          0|
    |ap_return_22_int_reg       |  16|   0|   16|          0|
    |ap_return_23_int_reg       |  16|   0|   16|          0|
    |ap_return_24_int_reg       |  16|   0|   16|          0|
    |ap_return_25_int_reg       |  16|   0|   16|          0|
    |ap_return_26_int_reg       |  16|   0|   16|          0|
    |ap_return_27_int_reg       |  15|   0|   16|          1|
    |ap_return_2_int_reg        |  16|   0|   16|          0|
    |ap_return_3_int_reg        |  16|   0|   16|          0|
    |ap_return_4_int_reg        |  16|   0|   16|          0|
    |ap_return_5_int_reg        |  16|   0|   16|          0|
    |ap_return_6_int_reg        |  16|   0|   16|          0|
    |ap_return_7_int_reg        |  16|   0|   16|          0|
    |ap_return_8_int_reg        |  16|   0|   16|          0|
    |ap_return_9_int_reg        |  16|   0|   16|          0|
    |data_2_val_read_reg_10589  |  14|   0|   14|          0|
    +---------------------------+----+----+-----+-----------+
    |Total                      | 990|   0|  991|          1|
    +---------------------------+----+----+-----+-----------+



================================================================
== Interface
================================================================
* Summary: 
+--------------+-----+-----+------------+----------------------------------------------------------------------------+--------------+
|   RTL Ports  | Dir | Bits|  Protocol  |                                Source Object                               |    C Type    |
+--------------+-----+-----+------------+----------------------------------------------------------------------------+--------------+
|ap_clk        |   in|    1|  ap_ctrl_hs|  dense_latency<ap_fixed<16, 6, 5, 3, 0>, ap_fixed<16, 6, 5, 3, 0>, config3>|  return value|
|ap_rst        |   in|    1|  ap_ctrl_hs|  dense_latency<ap_fixed<16, 6, 5, 3, 0>, ap_fixed<16, 6, 5, 3, 0>, config3>|  return value|
|ap_return_0   |  out|   16|  ap_ctrl_hs|  dense_latency<ap_fixed<16, 6, 5, 3, 0>, ap_fixed<16, 6, 5, 3, 0>, config3>|  return value|
|ap_return_1   |  out|   16|  ap_ctrl_hs|  dense_latency<ap_fixed<16, 6, 5, 3, 0>, ap_fixed<16, 6, 5, 3, 0>, config3>|  return value|
|ap_return_2   |  out|   16|  ap_ctrl_hs|  dense_latency<ap_fixed<16, 6, 5, 3, 0>, ap_fixed<16, 6, 5, 3, 0>, config3>|  return value|
|ap_return_3   |  out|   16|  ap_ctrl_hs|  dense_latency<ap_fixed<16, 6, 5, 3, 0>, ap_fixed<16, 6, 5, 3, 0>, config3>|  return value|
|ap_return_4   |  out|   16|  ap_ctrl_hs|  dense_latency<ap_fixed<16, 6, 5, 3, 0>, ap_fixed<16, 6, 5, 3, 0>, config3>|  return value|
|ap_return_5   |  out|   16|  ap_ctrl_hs|  dense_latency<ap_fixed<16, 6, 5, 3, 0>, ap_fixed<16, 6, 5, 3, 0>, config3>|  return value|
|ap_return_6   |  out|   16|  ap_ctrl_hs|  dense_latency<ap_fixed<16, 6, 5, 3, 0>, ap_fixed<16, 6, 5, 3, 0>, config3>|  return value|
|ap_return_7   |  out|   16|  ap_ctrl_hs|  dense_latency<ap_fixed<16, 6, 5, 3, 0>, ap_fixed<16, 6, 5, 3, 0>, config3>|  return value|
|ap_return_8   |  out|   16|  ap_ctrl_hs|  dense_latency<ap_fixed<16, 6, 5, 3, 0>, ap_fixed<16, 6, 5, 3, 0>, config3>|  return value|
|ap_return_9   |  out|   16|  ap_ctrl_hs|  dense_latency<ap_fixed<16, 6, 5, 3, 0>, ap_fixed<16, 6, 5, 3, 0>, config3>|  return value|
|ap_return_10  |  out|   16|  ap_ctrl_hs|  dense_latency<ap_fixed<16, 6, 5, 3, 0>, ap_fixed<16, 6, 5, 3, 0>, config3>|  return value|
|ap_return_11  |  out|   16|  ap_ctrl_hs|  dense_latency<ap_fixed<16, 6, 5, 3, 0>, ap_fixed<16, 6, 5, 3, 0>, config3>|  return value|
|ap_return_12  |  out|   16|  ap_ctrl_hs|  dense_latency<ap_fixed<16, 6, 5, 3, 0>, ap_fixed<16, 6, 5, 3, 0>, config3>|  return value|
|ap_return_13  |  out|   16|  ap_ctrl_hs|  dense_latency<ap_fixed<16, 6, 5, 3, 0>, ap_fixed<16, 6, 5, 3, 0>, config3>|  return value|
|ap_return_14  |  out|   16|  ap_ctrl_hs|  dense_latency<ap_fixed<16, 6, 5, 3, 0>, ap_fixed<16, 6, 5, 3, 0>, config3>|  return value|
|ap_return_15  |  out|   16|  ap_ctrl_hs|  dense_latency<ap_fixed<16, 6, 5, 3, 0>, ap_fixed<16, 6, 5, 3, 0>, config3>|  return value|
|ap_return_16  |  out|   16|  ap_ctrl_hs|  dense_latency<ap_fixed<16, 6, 5, 3, 0>, ap_fixed<16, 6, 5, 3, 0>, config3>|  return value|
|ap_return_17  |  out|   16|  ap_ctrl_hs|  dense_latency<ap_fixed<16, 6, 5, 3, 0>, ap_fixed<16, 6, 5, 3, 0>, config3>|  return value|
|ap_return_18  |  out|   16|  ap_ctrl_hs|  dense_latency<ap_fixed<16, 6, 5, 3, 0>, ap_fixed<16, 6, 5, 3, 0>, config3>|  return value|
|ap_return_19  |  out|   16|  ap_ctrl_hs|  dense_latency<ap_fixed<16, 6, 5, 3, 0>, ap_fixed<16, 6, 5, 3, 0>, config3>|  return value|
|ap_return_20  |  out|   16|  ap_ctrl_hs|  dense_latency<ap_fixed<16, 6, 5, 3, 0>, ap_fixed<16, 6, 5, 3, 0>, config3>|  return value|
|ap_return_21  |  out|   16|  ap_ctrl_hs|  dense_latency<ap_fixed<16, 6, 5, 3, 0>, ap_fixed<16, 6, 5, 3, 0>, config3>|  return value|
|ap_return_22  |  out|   16|  ap_ctrl_hs|  dense_latency<ap_fixed<16, 6, 5, 3, 0>, ap_fixed<16, 6, 5, 3, 0>, config3>|  return value|
|ap_return_23  |  out|   16|  ap_ctrl_hs|  dense_latency<ap_fixed<16, 6, 5, 3, 0>, ap_fixed<16, 6, 5, 3, 0>, config3>|  return value|
|ap_return_24  |  out|   16|  ap_ctrl_hs|  dense_latency<ap_fixed<16, 6, 5, 3, 0>, ap_fixed<16, 6, 5, 3, 0>, config3>|  return value|
|ap_return_25  |  out|   16|  ap_ctrl_hs|  dense_latency<ap_fixed<16, 6, 5, 3, 0>, ap_fixed<16, 6, 5, 3, 0>, config3>|  return value|
|ap_return_26  |  out|   16|  ap_ctrl_hs|  dense_latency<ap_fixed<16, 6, 5, 3, 0>, ap_fixed<16, 6, 5, 3, 0>, config3>|  return value|
|ap_return_27  |  out|   16|  ap_ctrl_hs|  dense_latency<ap_fixed<16, 6, 5, 3, 0>, ap_fixed<16, 6, 5, 3, 0>, config3>|  return value|
|ap_ce         |   in|    1|  ap_ctrl_hs|  dense_latency<ap_fixed<16, 6, 5, 3, 0>, ap_fixed<16, 6, 5, 3, 0>, config3>|  return value|
|data_0_val    |   in|   14|     ap_none|                                                                  data_0_val|        scalar|
|data_1_val    |   in|   14|     ap_none|                                                                  data_1_val|        scalar|
|data_2_val    |   in|   14|     ap_none|                                                                  data_2_val|        scalar|
|data_3_val    |   in|   14|     ap_none|                                                                  data_3_val|        scalar|
|data_4_val    |   in|   14|     ap_none|                                                                  data_4_val|        scalar|
|data_5_val    |   in|   15|     ap_none|                                                                  data_5_val|        scalar|
|data_6_val    |   in|   14|     ap_none|                                                                  data_6_val|        scalar|
|data_7_val    |   in|   14|     ap_none|                                                                  data_7_val|        scalar|
|data_8_val    |   in|   14|     ap_none|                                                                  data_8_val|        scalar|
|data_9_val    |   in|   13|     ap_none|                                                                  data_9_val|        scalar|
|data_10_val   |   in|   13|     ap_none|                                                                 data_10_val|        scalar|
|data_11_val   |   in|   13|     ap_none|                                                                 data_11_val|        scalar|
|data_12_val   |   in|   13|     ap_none|                                                                 data_12_val|        scalar|
|data_13_val   |   in|   13|     ap_none|                                                                 data_13_val|        scalar|
|data_14_val   |   in|   15|     ap_none|                                                                 data_14_val|        scalar|
|data_15_val   |   in|   14|     ap_none|                                                                 data_15_val|        scalar|
+--------------+-----+-----+------------+----------------------------------------------------------------------------+--------------+

