

================================================================
== Vitis HLS Report for 'dense_latency_ap_fixed_16_6_5_3_0_ap_fixed_16_6_5_3_0_config13_s'
================================================================
* Date:           Fri Oct 17 12:08:07 2025

* Version:        2023.2 (Build 4023990 on Oct 11 2023)
* Project:        myproject_prj
* Solution:       solution1 (Vivado IP Flow Target)
* Product family: virtexuplus
* Target device:  xcu250-figd2104-2L-e


================================================================
== Performance Estimates
================================================================
+ Timing: 
    * Summary: 
    +--------+---------+----------+------------+
    |  Clock |  Target | Estimated| Uncertainty|
    +--------+---------+----------+------------+
    |ap_clk  |  5.00 ns|  3.149 ns|     1.35 ns|
    +--------+---------+----------+------------+

+ Latency: 
    * Summary: 
    +---------+---------+----------+----------+-----+-----+---------+
    |  Latency (cycles) |  Latency (absolute) |  Interval | Pipeline|
    |   min   |   max   |    min   |    max   | min | max |   Type  |
    +---------+---------+----------+----------+-----+-----+---------+
    |        1|        1|  5.000 ns|  5.000 ns|    1|    1|      yes|
    +---------+---------+----------+----------+-----+-----+---------+

    + Detail: 
        * Instance: 
        N/A

        * Loop: 
        N/A



================================================================
== Utilization Estimates
================================================================
* Summary: 
+---------------------+---------+-------+---------+---------+------+
|         Name        | BRAM_18K|  DSP  |    FF   |   LUT   | URAM |
+---------------------+---------+-------+---------+---------+------+
|DSP                  |        -|      -|        -|        -|     -|
|Expression           |        -|      -|        0|     4704|     -|
|FIFO                 |        -|      -|        -|        -|     -|
|Instance             |        -|      1|        0|        5|     -|
|Memory               |        -|      -|        -|        -|     -|
|Multiplexer          |        -|      -|        -|      182|     -|
|Register             |        -|      -|      481|        -|     -|
+---------------------+---------+-------+---------+---------+------+
|Total                |        0|      1|      481|     4891|     0|
+---------------------+---------+-------+---------+---------+------+
|Available SLR        |     1344|   3072|   864000|   432000|   320|
+---------------------+---------+-------+---------+---------+------+
|Utilization SLR (%)  |        0|     ~0|       ~0|        1|     0|
+---------------------+---------+-------+---------+---------+------+
|Available            |     5376|  12288|  3456000|  1728000|  1280|
+---------------------+---------+-------+---------+---------+------+
|Utilization (%)      |        0|     ~0|       ~0|       ~0|     0|
+---------------------+---------+-------+---------+---------+------+

+ Detail: 
    * Instance: 
    +-------------------------+---------------------+---------+----+---+----+-----+
    |         Instance        |        Module       | BRAM_18K| DSP| FF| LUT| URAM|
    +-------------------------+---------------------+---------+----+---+----+-----+
    |mul_16s_10ns_26_1_0_U93  |mul_16s_10ns_26_1_0  |        0|   1|  0|   5|    0|
    +-------------------------+---------------------+---------+----+---+----+-----+
    |Total                    |                     |        0|   1|  0|   5|    0|
    +-------------------------+---------------------+---------+----+---+----+-----+

    * DSP: 
    N/A

    * Memory: 
    N/A

    * FIFO: 
    N/A

    * Expression: 
    +-------------------------+----------+----+---+----+------------+------------+
    |      Variable Name      | Operation| DSP| FF| LUT| Bitwidth P0| Bitwidth P1|
    +-------------------------+----------+----+---+----+------------+------------+
    |add_ln58_607_fu_3466_p2  |         +|   0|  0|  16|          16|          16|
    |add_ln58_608_fu_3472_p2  |         +|   0|  0|  16|          16|          16|
    |add_ln58_609_fu_3478_p2  |         +|   0|  0|  16|          16|          16|
    |add_ln58_610_fu_3484_p2  |         +|   0|  0|  23|          16|          16|
    |add_ln58_611_fu_3490_p2  |         +|   0|  0|  16|          16|          16|
    |add_ln58_612_fu_3496_p2  |         +|   0|  0|  21|          14|           9|
    |add_ln58_613_fu_3506_p2  |         +|   0|  0|  22|          15|          15|
    |add_ln58_614_fu_3516_p2  |         +|   0|  0|  16|          16|          16|
    |add_ln58_615_fu_3522_p2  |         +|   0|  0|  16|          16|          16|
    |add_ln58_616_fu_3528_p2  |         +|   0|  0|  23|          16|          16|
    |add_ln58_617_fu_3534_p2  |         +|   0|  0|  23|          16|          16|
    |add_ln58_618_fu_3540_p2  |         +|   0|  0|  16|          16|          16|
    |add_ln58_619_fu_3546_p2  |         +|   0|  0|  16|          16|          16|
    |add_ln58_620_fu_3552_p2  |         +|   0|  0|  20|          13|          10|
    |add_ln58_621_fu_3562_p2  |         +|   0|  0|  23|          16|          16|
    |add_ln58_622_fu_3568_p2  |         +|   0|  0|  16|          16|          16|
    |add_ln58_623_fu_3574_p2  |         +|   0|  0|  16|          16|          16|
    |add_ln58_624_fu_3580_p2  |         +|   0|  0|  23|          16|          16|
    |add_ln58_625_fu_3586_p2  |         +|   0|  0|  16|          16|          16|
    |add_ln58_626_fu_3592_p2  |         +|   0|  0|  16|          16|          16|
    |add_ln58_627_fu_3598_p2  |         +|   0|  0|  16|          16|          16|
    |add_ln58_628_fu_3604_p2  |         +|   0|  0|  23|          16|          16|
    |add_ln58_629_fu_3610_p2  |         +|   0|  0|  16|          16|          16|
    |add_ln58_630_fu_3616_p2  |         +|   0|  0|  18|          11|           9|
    |add_ln58_631_fu_3626_p2  |         +|   0|  0|  20|          13|          13|
    |add_ln58_632_fu_3636_p2  |         +|   0|  0|  16|          16|          16|
    |add_ln58_633_fu_3642_p2  |         +|   0|  0|  16|          16|          16|
    |add_ln58_634_fu_3648_p2  |         +|   0|  0|  16|          16|          16|
    |add_ln58_635_fu_3654_p2  |         +|   0|  0|  16|          16|          16|
    |add_ln58_636_fu_3660_p2  |         +|   0|  0|  16|          16|          16|
    |add_ln58_637_fu_3666_p2  |         +|   0|  0|  16|          16|          16|
    |add_ln58_638_fu_3672_p2  |         +|   0|  0|  16|          16|          16|
    |add_ln58_639_fu_3678_p2  |         +|   0|  0|  22|          15|          15|
    |add_ln58_640_fu_3688_p2  |         +|   0|  0|  16|          16|          16|
    |add_ln58_641_fu_3694_p2  |         +|   0|  0|  19|          12|           9|
    |add_ln58_642_fu_3704_p2  |         +|   0|  0|  20|          13|          13|
    |add_ln58_643_fu_3714_p2  |         +|   0|  0|  16|          16|          16|
    |add_ln58_644_fu_3720_p2  |         +|   0|  0|  16|          16|          16|
    |add_ln58_645_fu_3726_p2  |         +|   0|  0|  16|          16|          16|
    |add_ln58_646_fu_3732_p2  |         +|   0|  0|  16|          16|          16|
    |add_ln58_647_fu_3738_p2  |         +|   0|  0|  16|          16|          16|
    |add_ln58_648_fu_3744_p2  |         +|   0|  0|  23|          16|          16|
    |add_ln58_649_fu_3750_p2  |         +|   0|  0|  16|          16|          16|
    |add_ln58_650_fu_4288_p2  |         +|   0|  0|  16|          16|          16|
    |add_ln58_651_fu_3756_p2  |         +|   0|  0|  23|          16|          16|
    |add_ln58_652_fu_3762_p2  |         +|   0|  0|  16|          16|          16|
    |add_ln58_653_fu_3768_p2  |         +|   0|  0|  22|          15|          15|
    |add_ln58_654_fu_3778_p2  |         +|   0|  0|  18|          11|          10|
    |add_ln58_655_fu_3788_p2  |         +|   0|  0|  23|          16|          16|
    |add_ln58_656_fu_3794_p2  |         +|   0|  0|  16|          16|          16|
    |add_ln58_657_fu_4292_p2  |         +|   0|  0|  16|          16|          16|
    |add_ln58_658_fu_3800_p2  |         +|   0|  0|  23|          16|          16|
    |add_ln58_659_fu_3806_p2  |         +|   0|  0|  23|          16|          16|
    |add_ln58_660_fu_3812_p2  |         +|   0|  0|  16|          16|          16|
    |add_ln58_661_fu_3818_p2  |         +|   0|  0|  16|          16|          16|
    |add_ln58_662_fu_3824_p2  |         +|   0|  0|  20|          13|           8|
    |add_ln58_663_fu_3834_p2  |         +|   0|  0|  23|          16|          16|
    |add_ln58_664_fu_3840_p2  |         +|   0|  0|  16|          16|          16|
    |add_ln58_665_fu_3846_p2  |         +|   0|  0|  16|          16|          16|
    |add_ln58_666_fu_3852_p2  |         +|   0|  0|  23|          16|          16|
    |add_ln58_667_fu_3858_p2  |         +|   0|  0|  16|          16|          16|
    |add_ln58_668_fu_3864_p2  |         +|   0|  0|  16|          16|          16|
    |add_ln58_669_fu_3870_p2  |         +|   0|  0|  23|          16|          12|
    |add_ln58_670_fu_3876_p2  |         +|   0|  0|  16|          16|          16|
    |add_ln58_671_fu_3882_p2  |         +|   0|  0|  16|          16|          16|
    |add_ln58_672_fu_3888_p2  |         +|   0|  0|  16|          16|          16|
    |add_ln58_673_fu_3894_p2  |         +|   0|  0|  16|          16|          16|
    |add_ln58_674_fu_3900_p2  |         +|   0|  0|  16|          16|          16|
    |add_ln58_675_fu_3906_p2  |         +|   0|  0|  16|          16|          16|
    |add_ln58_676_fu_3912_p2  |         +|   0|  0|  16|          16|          16|
    |add_ln58_677_fu_3918_p2  |         +|   0|  0|  23|          16|          16|
    |add_ln58_678_fu_3924_p2  |         +|   0|  0|  16|          16|          16|
    |add_ln58_679_fu_3930_p2  |         +|   0|  0|  22|          15|          15|
    |add_ln58_680_fu_3940_p2  |         +|   0|  0|  20|          13|          11|
    |add_ln58_681_fu_3950_p2  |         +|   0|  0|  23|          16|          16|
    |add_ln58_682_fu_3956_p2  |         +|   0|  0|  16|          16|          16|
    |add_ln58_683_fu_3962_p2  |         +|   0|  0|  16|          16|          16|
    |add_ln58_684_fu_3968_p2  |         +|   0|  0|  16|          16|          16|
    |add_ln58_685_fu_3974_p2  |         +|   0|  0|  16|          16|          16|
    |add_ln58_686_fu_3980_p2  |         +|   0|  0|  16|          16|          16|
    |add_ln58_687_fu_3986_p2  |         +|   0|  0|  23|          16|          16|
    |add_ln58_688_fu_3992_p2  |         +|   0|  0|  16|          16|          16|
    |add_ln58_689_fu_4297_p2  |         +|   0|  0|  16|          16|          16|
    |add_ln58_690_fu_3998_p2  |         +|   0|  0|  23|          16|          16|
    |add_ln58_691_fu_4004_p2  |         +|   0|  0|  16|          16|          16|
    |add_ln58_692_fu_4010_p2  |         +|   0|  0|  16|          16|          16|
    |add_ln58_693_fu_4016_p2  |         +|   0|  0|  20|          13|          11|
    |add_ln58_694_fu_4026_p2  |         +|   0|  0|  16|          16|          16|
    |add_ln58_695_fu_4032_p2  |         +|   0|  0|  16|          16|          16|
    |add_ln58_696_fu_4301_p2  |         +|   0|  0|  16|          16|          16|
    |add_ln58_697_fu_4038_p2  |         +|   0|  0|  16|          16|          16|
    |add_ln58_698_fu_4044_p2  |         +|   0|  0|  16|          16|          16|
    |add_ln58_699_fu_4050_p2  |         +|   0|  0|  16|          16|          16|
    |add_ln58_700_fu_4056_p2  |         +|   0|  0|  16|          16|          16|
    |add_ln58_701_fu_4062_p2  |         +|   0|  0|  16|          16|          16|
    |add_ln58_702_fu_4068_p2  |         +|   0|  0|  23|          16|          16|
    |add_ln58_703_fu_4074_p2  |         +|   0|  0|  16|          16|          16|
    |add_ln58_704_fu_4080_p2  |         +|   0|  0|  16|          14|          12|
    |add_ln58_705_fu_4086_p2  |         +|   0|  0|  16|          14|          14|
    |add_ln58_706_fu_4096_p2  |         +|   0|  0|  16|          16|          16|
    |add_ln58_707_fu_4102_p2  |         +|   0|  0|  16|          16|          16|
    |add_ln58_708_fu_4108_p2  |         +|   0|  0|  23|          16|          16|
    |add_ln58_709_fu_4114_p2  |         +|   0|  0|  23|          16|          16|
    |add_ln58_710_fu_4120_p2  |         +|   0|  0|  16|          16|          16|
    |add_ln58_711_fu_4126_p2  |         +|   0|  0|  16|          16|          16|
    |add_ln58_712_fu_4132_p2  |         +|   0|  0|  16|          16|          11|
    |add_ln58_713_fu_4138_p2  |         +|   0|  0|  16|          16|          16|
    |add_ln58_714_fu_4144_p2  |         +|   0|  0|  16|          16|          16|
    |add_ln58_715_fu_4150_p2  |         +|   0|  0|  16|          16|          16|
    |add_ln58_716_fu_4156_p2  |         +|   0|  0|  21|          14|          14|
    |add_ln58_717_fu_4166_p2  |         +|   0|  0|  16|          16|          16|
    |add_ln58_718_fu_4172_p2  |         +|   0|  0|  16|          16|          16|
    |add_ln58_719_fu_4178_p2  |         +|   0|  0|  16|          16|          16|
    |add_ln58_720_fu_4184_p2  |         +|   0|  0|  16|          16|          16|
    |add_ln58_721_fu_4190_p2  |         +|   0|  0|  22|          15|           8|
    |add_ln58_722_fu_4200_p2  |         +|   0|  0|  23|          16|          16|
    |add_ln58_723_fu_4206_p2  |         +|   0|  0|  16|          16|          16|
    |add_ln58_724_fu_4212_p2  |         +|   0|  0|  16|          16|          16|
    |add_ln58_725_fu_4218_p2  |         +|   0|  0|  16|          16|          16|
    |add_ln58_726_fu_4224_p2  |         +|   0|  0|  16|          16|          16|
    |add_ln58_727_fu_4230_p2  |         +|   0|  0|  16|          16|          16|
    |add_ln58_728_fu_4236_p2  |         +|   0|  0|  16|          16|          16|
    |add_ln58_729_fu_4242_p2  |         +|   0|  0|  16|          16|          16|
    |add_ln58_730_fu_4248_p2  |         +|   0|  0|  23|          16|          16|
    |add_ln58_731_fu_4254_p2  |         +|   0|  0|  16|          16|          16|
    |add_ln58_732_fu_4260_p2  |         +|   0|  0|  21|          14|          11|
    |add_ln58_733_fu_4270_p2  |         +|   0|  0|  23|          16|          16|
    |add_ln58_734_fu_4276_p2  |         +|   0|  0|  16|          16|          16|
    |add_ln58_735_fu_4282_p2  |         +|   0|  0|  16|          16|          16|
    |add_ln58_fu_3460_p2      |         +|   0|  0|  23|          16|          16|
    |add_ln73_13_fu_1171_p2   |         +|   0|  0|  30|          23|          23|
    |add_ln73_14_fu_1763_p2   |         +|   0|  0|  33|          26|          26|
    |add_ln73_15_fu_1983_p2   |         +|   0|  0|  31|          24|          24|
    |add_ln73_16_fu_2049_p2   |         +|   0|  0|  32|          25|          25|
    |add_ln73_17_fu_2263_p2   |         +|   0|  0|  33|          26|          26|
    |add_ln73_18_fu_2401_p2   |         +|   0|  0|  33|          26|          26|
    |add_ln73_fu_1043_p2      |         +|   0|  0|  32|          25|          25|
    |sub_ln73_210_fu_1095_p2  |         -|   0|  0|  31|           1|          24|
    |sub_ln73_211_fu_1127_p2  |         -|   0|  0|  31|           1|          24|
    |sub_ln73_212_fu_1217_p2  |         -|   0|  0|  31|          24|          24|
    |sub_ln73_213_fu_1263_p2  |         -|   0|  0|  32|           1|          25|
    |sub_ln73_214_fu_1283_p2  |         -|   0|  0|  30|          23|          23|
    |sub_ln73_215_fu_1315_p2  |         -|   0|  0|  33|           1|          26|
    |sub_ln73_216_fu_1373_p2  |         -|   0|  0|  32|          25|          25|
    |sub_ln73_217_fu_1405_p2  |         -|   0|  0|  30|          23|          23|
    |sub_ln73_218_fu_1425_p2  |         -|   0|  0|  32|          25|          25|
    |sub_ln73_219_fu_1445_p2  |         -|   0|  0|  32|           1|          25|
    |sub_ln73_220_fu_1505_p2  |         -|   0|  0|  31|          24|          24|
    |sub_ln73_221_fu_1525_p2  |         -|   0|  0|  33|          26|          26|
    |sub_ln73_222_fu_1549_p2  |         -|   0|  0|  33|           1|          26|
    |sub_ln73_223_fu_1565_p2  |         -|   0|  0|  31|          24|          24|
    |sub_ln73_224_fu_1609_p2  |         -|   0|  0|  32|          25|          25|
    |sub_ln73_225_fu_1645_p2  |         -|   0|  0|  31|           1|          24|
    |sub_ln73_226_fu_1691_p2  |         -|   0|  0|  33|           1|          26|
    |sub_ln73_227_fu_1715_p2  |         -|   0|  0|  33|           1|          26|
    |sub_ln73_228_fu_1731_p2  |         -|   0|  0|  32|           1|          25|
    |sub_ln73_229_fu_1787_p2  |         -|   0|  0|  33|           1|          26|
    |sub_ln73_230_fu_1815_p2  |         -|   0|  0|  33|          26|          26|
    |sub_ln73_231_fu_1843_p2  |         -|   0|  0|  33|           1|          26|
    |sub_ln73_232_fu_1901_p2  |         -|   0|  0|  32|          25|          25|
    |sub_ln73_233_fu_1921_p2  |         -|   0|  0|  30|           1|          23|
    |sub_ln73_234_fu_2003_p2  |         -|   0|  0|  32|          25|          25|
    |sub_ln73_235_fu_2069_p2  |         -|   0|  0|  31|           1|          24|
    |sub_ln73_236_fu_2101_p2  |         -|   0|  0|  33|           1|          26|
    |sub_ln73_237_fu_2125_p2  |         -|   0|  0|  33|           1|          26|
    |sub_ln73_238_fu_2153_p2  |         -|   0|  0|  33|           1|          26|
    |sub_ln73_239_fu_2195_p2  |         -|   0|  0|  33|           1|          26|
    |sub_ln73_240_fu_2223_p2  |         -|   0|  0|  33|           1|          26|
    |sub_ln73_241_fu_2279_p2  |         -|   0|  0|  32|           1|          25|
    |sub_ln73_242_fu_2325_p2  |         -|   0|  0|  33|          26|          26|
    |sub_ln73_243_fu_2357_p2  |         -|   0|  0|  33|          26|          26|
    |sub_ln73_244_fu_2385_p2  |         -|   0|  0|  33|           1|          26|
    |sub_ln73_245_fu_2417_p2  |         -|   0|  0|  30|           1|          23|
    |sub_ln73_246_fu_2454_p2  |         -|   0|  0|  33|           1|          26|
    |sub_ln73_247_fu_2482_p2  |         -|   0|  0|  33|          26|          26|
    |sub_ln73_248_fu_2508_p2  |         -|   0|  0|  33|           1|          26|
    |sub_ln73_249_fu_2532_p2  |         -|   0|  0|  33|           1|          26|
    |sub_ln73_250_fu_2560_p2  |         -|   0|  0|  32|           1|          25|
    |sub_ln73_251_fu_2624_p2  |         -|   0|  0|  32|           1|          25|
    |sub_ln73_252_fu_2656_p2  |         -|   0|  0|  30|           1|          23|
    |sub_ln73_253_fu_2688_p2  |         -|   0|  0|  31|           1|          24|
    |sub_ln73_254_fu_2720_p2  |         -|   0|  0|  33|           1|          26|
    |sub_ln73_255_fu_2752_p2  |         -|   0|  0|  31|           1|          24|
    |sub_ln73_256_fu_2798_p2  |         -|   0|  0|  30|           1|          23|
    |sub_ln73_257_fu_2840_p2  |         -|   0|  0|  33|           1|          26|
    |sub_ln73_258_fu_2868_p2  |         -|   0|  0|  33|           1|          26|
    |sub_ln73_259_fu_2884_p2  |         -|   0|  0|  33|          26|          26|
    |sub_ln73_260_fu_2912_p2  |         -|   0|  0|  32|           1|          25|
    |sub_ln73_261_fu_2944_p2  |         -|   0|  0|  33|           1|          26|
    |sub_ln73_262_fu_2972_p2  |         -|   0|  0|  33|           1|          26|
    |sub_ln73_263_fu_3000_p2  |         -|   0|  0|  33|           1|          26|
    |sub_ln73_264_fu_3042_p2  |         -|   0|  0|  33|          26|          26|
    |sub_ln73_265_fu_3098_p2  |         -|   0|  0|  31|           1|          24|
    |sub_ln73_266_fu_3130_p2  |         -|   0|  0|  33|           1|          26|
    |sub_ln73_267_fu_3172_p2  |         -|   0|  0|  32|           1|          25|
    |sub_ln73_268_fu_3218_p2  |         -|   0|  0|  32|           1|          25|
    |sub_ln73_269_fu_3270_p2  |         -|   0|  0|  31|          24|          24|
    |sub_ln73_270_fu_3306_p2  |         -|   0|  0|  33|          26|          26|
    |sub_ln73_271_fu_3322_p2  |         -|   0|  0|  31|           1|          24|
    |sub_ln73_272_fu_3358_p2  |         -|   0|  0|  33|           1|          26|
    |sub_ln73_273_fu_3374_p2  |         -|   0|  0|  29|           1|          22|
    |sub_ln73_274_fu_3394_p2  |         -|   0|  0|  32|          25|          25|
    |sub_ln73_275_fu_3444_p2  |         -|   0|  0|  33|           1|          26|
    |sub_ln73_fu_1063_p2      |         -|   0|  0|  32|           1|          25|
    +-------------------------+----------+----+---+----+------------+------------+
    |Total                    |          |   0|  0|4704|        2755|        3844|
    +-------------------------+----------+----+---+----+------------+------------+

    * Multiplexer: 
    +--------------+----+-----------+-----+-----------+
    |     Name     | LUT| Input Size| Bits| Total Bits|
    +--------------+----+-----------+-----+-----------+
    |ap_return_0   |  14|          3|   16|         48|
    |ap_return_1   |  14|          3|   16|         48|
    |ap_return_10  |  14|          3|   16|         48|
    |ap_return_11  |  14|          3|   16|         48|
    |ap_return_12  |  14|          3|   16|         48|
    |ap_return_2   |  14|          3|   16|         48|
    |ap_return_3   |  14|          3|   16|         48|
    |ap_return_4   |  14|          3|   16|         48|
    |ap_return_5   |  14|          3|   16|         48|
    |ap_return_6   |  14|          3|   16|         48|
    |ap_return_7   |  14|          3|   16|         48|
    |ap_return_8   |  14|          3|   16|         48|
    |ap_return_9   |  14|          3|   16|         48|
    +--------------+----+-----------+-----+-----------+
    |Total         | 182|         39|  208|        624|
    +--------------+----+-----------+-----+-----------+

    * Register: 
    +-----------------------+----+----+-----+-----------+
    |          Name         | FF | LUT| Bits| Const Bits|
    +-----------------------+----+----+-----+-----------+
    |add_ln58_615_reg_4373  |  16|   0|   16|          0|
    |add_ln58_623_reg_4378  |  16|   0|   16|          0|
    |add_ln58_633_reg_4383  |  16|   0|   16|          0|
    |add_ln58_644_reg_4388  |  16|   0|   16|          0|
    |add_ln58_646_reg_4393  |  16|   0|   16|          0|
    |add_ln58_649_reg_4398  |  16|   0|   16|          0|
    |add_ln58_656_reg_4403  |  16|   0|   16|          0|
    |add_ln58_665_reg_4408  |  16|   0|   16|          0|
    |add_ln58_671_reg_4413  |  16|   0|   16|          0|
    |add_ln58_683_reg_4418  |  16|   0|   16|          0|
    |add_ln58_685_reg_4423  |  16|   0|   16|          0|
    |add_ln58_688_reg_4428  |  16|   0|   16|          0|
    |add_ln58_695_reg_4433  |  16|   0|   16|          0|
    |add_ln58_707_reg_4438  |  16|   0|   16|          0|
    |add_ln58_715_reg_4443  |  16|   0|   16|          0|
    |add_ln58_724_reg_4448  |  16|   0|   16|          0|
    |add_ln58_735_reg_4453  |  16|   0|   16|          0|
    |ap_ce_reg              |   1|   0|    1|          0|
    |ap_return_0_int_reg    |  16|   0|   16|          0|
    |ap_return_10_int_reg   |  16|   0|   16|          0|
    |ap_return_11_int_reg   |  16|   0|   16|          0|
    |ap_return_12_int_reg   |  16|   0|   16|          0|
    |ap_return_1_int_reg    |  16|   0|   16|          0|
    |ap_return_2_int_reg    |  16|   0|   16|          0|
    |ap_return_3_int_reg    |  16|   0|   16|          0|
    |ap_return_4_int_reg    |  16|   0|   16|          0|
    |ap_return_5_int_reg    |  16|   0|   16|          0|
    |ap_return_6_int_reg    |  16|   0|   16|          0|
    |ap_return_7_int_reg    |  16|   0|   16|          0|
    |ap_return_8_int_reg    |  16|   0|   16|          0|
    |ap_return_9_int_reg    |  16|   0|   16|          0|
    +-----------------------+----+----+-----+-----------+
    |Total                  | 481|   0|  481|          0|
    +-----------------------+----+----+-----+-----------+



================================================================
== Interface
================================================================
* Summary: 
+--------------+-----+-----+------------+-----------------------------------------------------------------------------+--------------+
|   RTL Ports  | Dir | Bits|  Protocol  |                                Source Object                                |    C Type    |
+--------------+-----+-----+------------+-----------------------------------------------------------------------------+--------------+
|ap_clk        |   in|    1|  ap_ctrl_hs|  dense_latency<ap_fixed<16, 6, 5, 3, 0>, ap_fixed<16, 6, 5, 3, 0>, config13>|  return value|
|ap_rst        |   in|    1|  ap_ctrl_hs|  dense_latency<ap_fixed<16, 6, 5, 3, 0>, ap_fixed<16, 6, 5, 3, 0>, config13>|  return value|
|ap_return_0   |  out|   16|  ap_ctrl_hs|  dense_latency<ap_fixed<16, 6, 5, 3, 0>, ap_fixed<16, 6, 5, 3, 0>, config13>|  return value|
|ap_return_1   |  out|   16|  ap_ctrl_hs|  dense_latency<ap_fixed<16, 6, 5, 3, 0>, ap_fixed<16, 6, 5, 3, 0>, config13>|  return value|
|ap_return_2   |  out|   16|  ap_ctrl_hs|  dense_latency<ap_fixed<16, 6, 5, 3, 0>, ap_fixed<16, 6, 5, 3, 0>, config13>|  return value|
|ap_return_3   |  out|   16|  ap_ctrl_hs|  dense_latency<ap_fixed<16, 6, 5, 3, 0>, ap_fixed<16, 6, 5, 3, 0>, config13>|  return value|
|ap_return_4   |  out|   16|  ap_ctrl_hs|  dense_latency<ap_fixed<16, 6, 5, 3, 0>, ap_fixed<16, 6, 5, 3, 0>, config13>|  return value|
|ap_return_5   |  out|   16|  ap_ctrl_hs|  dense_latency<ap_fixed<16, 6, 5, 3, 0>, ap_fixed<16, 6, 5, 3, 0>, config13>|  return value|
|ap_return_6   |  out|   16|  ap_ctrl_hs|  dense_latency<ap_fixed<16, 6, 5, 3, 0>, ap_fixed<16, 6, 5, 3, 0>, config13>|  return value|
|ap_return_7   |  out|   16|  ap_ctrl_hs|  dense_latency<ap_fixed<16, 6, 5, 3, 0>, ap_fixed<16, 6, 5, 3, 0>, config13>|  return value|
|ap_return_8   |  out|   16|  ap_ctrl_hs|  dense_latency<ap_fixed<16, 6, 5, 3, 0>, ap_fixed<16, 6, 5, 3, 0>, config13>|  return value|
|ap_return_9   |  out|   16|  ap_ctrl_hs|  dense_latency<ap_fixed<16, 6, 5, 3, 0>, ap_fixed<16, 6, 5, 3, 0>, config13>|  return value|
|ap_return_10  |  out|   16|  ap_ctrl_hs|  dense_latency<ap_fixed<16, 6, 5, 3, 0>, ap_fixed<16, 6, 5, 3, 0>, config13>|  return value|
|ap_return_11  |  out|   16|  ap_ctrl_hs|  dense_latency<ap_fixed<16, 6, 5, 3, 0>, ap_fixed<16, 6, 5, 3, 0>, config13>|  return value|
|ap_return_12  |  out|   16|  ap_ctrl_hs|  dense_latency<ap_fixed<16, 6, 5, 3, 0>, ap_fixed<16, 6, 5, 3, 0>, config13>|  return value|
|ap_ce         |   in|    1|  ap_ctrl_hs|  dense_latency<ap_fixed<16, 6, 5, 3, 0>, ap_fixed<16, 6, 5, 3, 0>, config13>|  return value|
|data_1_val    |   in|   16|     ap_none|                                                                   data_1_val|        scalar|
|data_2_val    |   in|   14|     ap_none|                                                                   data_2_val|        scalar|
|data_4_val    |   in|   14|     ap_none|                                                                   data_4_val|        scalar|
|data_5_val    |   in|   16|     ap_none|                                                                   data_5_val|        scalar|
|data_6_val    |   in|   16|     ap_none|                                                                   data_6_val|        scalar|
|data_7_val    |   in|   14|     ap_none|                                                                   data_7_val|        scalar|
|data_8_val    |   in|   16|     ap_none|                                                                   data_8_val|        scalar|
|data_11_val   |   in|   16|     ap_none|                                                                  data_11_val|        scalar|
|data_13_val   |   in|   16|     ap_none|                                                                  data_13_val|        scalar|
|data_19_val   |   in|   14|     ap_none|                                                                  data_19_val|        scalar|
|data_20_val   |   in|   15|     ap_none|                                                                  data_20_val|        scalar|
|data_21_val   |   in|   16|     ap_none|                                                                  data_21_val|        scalar|
|data_26_val   |   in|   15|     ap_none|                                                                  data_26_val|        scalar|
|data_31_val   |   in|   15|     ap_none|                                                                  data_31_val|        scalar|
+--------------+-----+-----+------------+-----------------------------------------------------------------------------+--------------+

