

================================================================
== Vitis HLS Report for 'myproject'
================================================================
* Date:           Fri Oct 17 12:08:07 2025

* Version:        2023.2 (Build 4023990 on Oct 11 2023)
* Project:        myproject_prj
* Solution:       solution1 (Vivado IP Flow Target)
* Product family: virtexuplus
* Target device:  xcu250-figd2104-2L-e


================================================================
== Performance Estimates
================================================================
+ Timing: 
    * Summary: 
    +--------+---------+----------+------------+
    |  Clock |  Target | Estimated| Uncertainty|
    +--------+---------+----------+------------+
    |ap_clk  |  5.00 ns|  3.615 ns|     1.35 ns|
    +--------+---------+----------+------------+

+ Latency: 
    * Summary: 
    +---------+---------+-----------+-----------+-----+-----+---------+
    |  Latency (cycles) |   Latency (absolute)  |  Interval | Pipeline|
    |   min   |   max   |    min    |    max    | min | max |   Type  |
    +---------+---------+-----------+-----------+-----+-----+---------+
    |        8|        8|  40.000 ns|  40.000 ns|    1|    1|      yes|
    +---------+---------+-----------+-----------+-----+-----+---------+

    + Detail: 
        * Instance: 
        +-------------------------------------------------------------------------------+------------------------------------------------------------------+---------+---------+----------+----------+-----+-----+---------+
        |                                                                               |                                                                  |  Latency (cycles) |  Latency (absolute) |  Interval | Pipeline|
        |                                    Instance                                   |                              Module                              |   min   |   max   |    min   |    max   | min | max |   Type  |
        +-------------------------------------------------------------------------------+------------------------------------------------------------------+---------+---------+----------+----------+-----+-----+---------+
        |grp_dense_latency_ap_fixed_16_6_5_3_0_ap_fixed_16_6_5_3_0_config3_s_fu_303     |dense_latency_ap_fixed_16_6_5_3_0_ap_fixed_16_6_5_3_0_config3_s   |        1|        1|  5.000 ns|  5.000 ns|    1|    1|      yes|
        |call_ret_relu_ap_fixed_16_6_5_3_0_ap_fixed_16_6_5_3_0_ReLU_config6_s_fu_323    |relu_ap_fixed_16_6_5_3_0_ap_fixed_16_6_5_3_0_ReLU_config6_s       |        0|        0|      0 ns|      0 ns|    1|    1|      yes|
        |grp_dense_latency_ap_fixed_16_6_5_3_0_ap_fixed_16_6_5_3_0_config8_s_fu_355     |dense_latency_ap_fixed_16_6_5_3_0_ap_fixed_16_6_5_3_0_config8_s   |        1|        1|  5.000 ns|  5.000 ns|    1|    1|      yes|
        |call_ret3_relu_ap_fixed_16_6_5_3_0_ap_fixed_16_6_5_3_0_ReLU_config11_s_fu_387  |relu_ap_fixed_16_6_5_3_0_ap_fixed_16_6_5_3_0_ReLU_config11_s      |        0|        0|      0 ns|      0 ns|    1|    1|      yes|
        |grp_dense_latency_ap_fixed_16_6_5_3_0_ap_fixed_16_6_5_3_0_config13_s_fu_405    |dense_latency_ap_fixed_16_6_5_3_0_ap_fixed_16_6_5_3_0_config13_s  |        1|        1|  5.000 ns|  5.000 ns|    1|    1|      yes|
        |call_ret5_relu_ap_fixed_16_6_5_3_0_ap_fixed_16_6_5_3_0_ReLU_config16_s_fu_423  |relu_ap_fixed_16_6_5_3_0_ap_fixed_16_6_5_3_0_ReLU_config16_s      |        0|        0|      0 ns|      0 ns|    1|    1|      yes|
        |grp_dense_latency_ap_fixed_16_6_5_3_0_ap_fixed_16_6_5_3_0_config18_s_fu_440    |dense_latency_ap_fixed_16_6_5_3_0_ap_fixed_16_6_5_3_0_config18_s  |        1|        1|  5.000 ns|  5.000 ns|    1|    1|      yes|
        +-------------------------------------------------------------------------------+------------------------------------------------------------------+---------+---------+----------+----------+-----+-----+---------+

        * Loop: 
        N/A



================================================================
== Utilization Estimates
================================================================
* Summary: 
+---------------------+---------+-------+---------+---------+------+
|         Name        | BRAM_18K|  DSP  |    FF   |   LUT   | URAM |
+---------------------+---------+-------+---------+---------+------+
|DSP                  |        -|      -|        -|        -|     -|
|Expression           |        -|      -|        0|      248|     -|
|FIFO                 |        -|      -|        -|        -|     -|
|Instance             |        -|      8|     2329|    25808|     -|
|Memory               |        -|      -|        -|        -|     -|
|Multiplexer          |        -|      -|        -|       36|     -|
|Register             |        -|      -|      726|        -|     -|
+---------------------+---------+-------+---------+---------+------+
|Total                |        0|      8|     3055|    26092|     0|
+---------------------+---------+-------+---------+---------+------+
|Available SLR        |     1344|   3072|   864000|   432000|   320|
+---------------------+---------+-------+---------+---------+------+
|Utilization SLR (%)  |        0|     ~0|       ~0|        6|     0|
+---------------------+---------+-------+---------+---------+------+
|Available            |     5376|  12288|  3456000|  1728000|  1280|
+---------------------+---------+-------+---------+---------+------+
|Utilization (%)      |        0|     ~0|       ~0|        1|     0|
+---------------------+---------+-------+---------+---------+------+

+ Detail: 
    * Instance: 
    +-------------------------------------------------------------------------------+------------------------------------------------------------------+---------+----+-----+------+-----+
    |                                    Instance                                   |                              Module                              | BRAM_18K| DSP|  FF |  LUT | URAM|
    +-------------------------------------------------------------------------------+------------------------------------------------------------------+---------+----+-----+------+-----+
    |grp_dense_latency_ap_fixed_16_6_5_3_0_ap_fixed_16_6_5_3_0_config13_s_fu_405    |dense_latency_ap_fixed_16_6_5_3_0_ap_fixed_16_6_5_3_0_config13_s  |        0|   1|  481|  4891|    0|
    |grp_dense_latency_ap_fixed_16_6_5_3_0_ap_fixed_16_6_5_3_0_config18_s_fu_440    |dense_latency_ap_fixed_16_6_5_3_0_ap_fixed_16_6_5_3_0_config18_s  |        0|   4|  281|  2206|    0|
    |grp_dense_latency_ap_fixed_16_6_5_3_0_ap_fixed_16_6_5_3_0_config3_s_fu_303     |dense_latency_ap_fixed_16_6_5_3_0_ap_fixed_16_6_5_3_0_config3_s   |        0|   3|  990|  9093|    0|
    |grp_dense_latency_ap_fixed_16_6_5_3_0_ap_fixed_16_6_5_3_0_config8_s_fu_355     |dense_latency_ap_fixed_16_6_5_3_0_ap_fixed_16_6_5_3_0_config8_s   |        0|   0|  577|  7528|    0|
    |call_ret3_relu_ap_fixed_16_6_5_3_0_ap_fixed_16_6_5_3_0_ReLU_config11_s_fu_387  |relu_ap_fixed_16_6_5_3_0_ap_fixed_16_6_5_3_0_ReLU_config11_s      |        0|   0|    0|   532|    0|
    |call_ret5_relu_ap_fixed_16_6_5_3_0_ap_fixed_16_6_5_3_0_ReLU_config16_s_fu_423  |relu_ap_fixed_16_6_5_3_0_ap_fixed_16_6_5_3_0_ReLU_config16_s      |        0|   0|    0|   494|    0|
    |call_ret_relu_ap_fixed_16_6_5_3_0_ap_fixed_16_6_5_3_0_ReLU_config6_s_fu_323    |relu_ap_fixed_16_6_5_3_0_ap_fixed_16_6_5_3_0_ReLU_config6_s       |        0|   0|    0|  1064|    0|
    +-------------------------------------------------------------------------------+------------------------------------------------------------------+---------+----+-----+------+-----+
    |Total                                                                          |                                                                  |        0|   8| 2329| 25808|    0|
    +-------------------------------------------------------------------------------+------------------------------------------------------------------+---------+----+-----+------+-----+

    * DSP: 
    N/A

    * Memory: 
    N/A

    * FIFO: 
    N/A

    * Expression: 
    +-------------------------------------------+----------+----+---+----+------------+------------+
    |               Variable Name               | Operation| DSP| FF| LUT| Bitwidth P0| Bitwidth P1|
    +-------------------------------------------+----------+----+---+----+------------+------------+
    |add_ln30_fu_479_p2                         |         +|   0|  0|  15|           8|           8|
    |add_ln31_fu_507_p2                         |         +|   0|  0|  15|           8|           8|
    |add_ln32_fu_535_p2                         |         +|   0|  0|  17|          10|          10|
    |add_ln33_fu_563_p2                         |         +|   0|  0|  17|          10|          10|
    |add_ln34_fu_591_p2                         |         +|   0|  0|  17|          10|          10|
    |add_ln35_fu_619_p2                         |         +|   0|  0|  16|           9|           9|
    |add_ln36_fu_647_p2                         |         +|   0|  0|  12|           5|           5|
    |add_ln37_fu_675_p2                         |         +|   0|  0|  14|           7|           7|
    |add_ln38_fu_703_p2                         |         +|   0|  0|  12|           5|           5|
    |add_ln39_fu_731_p2                         |         +|   0|  0|  14|           7|           7|
    |add_ln40_fu_759_p2                         |         +|   0|  0|  13|           6|           6|
    |add_ln41_fu_787_p2                         |         +|   0|  0|  14|           7|           7|
    |add_ln42_fu_815_p2                         |         +|   0|  0|  14|           7|           7|
    |add_ln43_fu_843_p2                         |         +|   0|  0|  12|           5|           5|
    |add_ln44_fu_871_p2                         |         +|   0|  0|  19|          12|          12|
    |add_ln45_fu_899_p2                         |         +|   0|  0|  15|           8|           8|
    |ap_block_pp0_stage0_01001                  |       and|   0|  0|   2|           1|           1|
    |ap_block_pp0_stage0_11001_ignoreCallOp206  |       and|   0|  0|   2|           1|           1|
    |ap_block_pp0_stage0_11001_ignoreCallOp265  |       and|   0|  0|   2|           1|           1|
    |ap_block_pp0_stage0_11001_ignoreCallOp320  |       and|   0|  0|   2|           1|           1|
    |ap_block_pp0_stage0_11001_ignoreCallOp91   |       and|   0|  0|   2|           1|           1|
    |ap_enable_pp0                              |       xor|   0|  0|   2|           1|           2|
    +-------------------------------------------+----------+----+---+----+------------+------------+
    |Total                                      |          |   0|  0| 248|         130|         131|
    +-------------------------------------------+----------+----+---+----+------------+------------+

    * Multiplexer: 
    +-----------------------+----+-----------+-----+-----------+
    |          Name         | LUT| Input Size| Bits| Total Bits|
    +-----------------------+----+-----------+-----+-----------+
    |input_1_ap_vld_in_sig  |   9|          2|    1|          2|
    |input_1_ap_vld_preg    |   9|          2|    1|          2|
    |input_1_blk_n          |   9|          2|    1|          2|
    |input_1_in_sig         |   9|          2|  256|        512|
    +-----------------------+----+-----------+-----+-----------+
    |Total                  |  36|          8|  259|        518|
    +-----------------------+----+-----------+-----+-----------+

    * Register: 
    +-------------------------+-----+----+-----+-----------+
    |           Name          |  FF | LUT| Bits| Const Bits|
    +-------------------------+-----+----+-----+-----------+
    |add_ln30_reg_2653        |    8|   0|    8|          0|
    |add_ln31_reg_2658        |    8|   0|    8|          0|
    |add_ln32_reg_2663        |   10|   0|   10|          0|
    |add_ln33_reg_2668        |   10|   0|   10|          0|
    |add_ln34_reg_2673        |   10|   0|   10|          0|
    |add_ln35_reg_2678        |    9|   0|    9|          0|
    |add_ln36_reg_2683        |    5|   0|    5|          0|
    |add_ln37_reg_2688        |    7|   0|    7|          0|
    |add_ln38_reg_2693        |    5|   0|    5|          0|
    |add_ln39_reg_2698        |    7|   0|    7|          0|
    |add_ln40_reg_2703        |    6|   0|    6|          0|
    |add_ln41_reg_2708        |    7|   0|    7|          0|
    |add_ln42_reg_2713        |    7|   0|    7|          0|
    |add_ln43_reg_2718        |    5|   0|    5|          0|
    |add_ln44_reg_2723        |   12|   0|   12|          0|
    |add_ln45_reg_2728        |    8|   0|    8|          0|
    |ap_CS_fsm                |    1|   0|    1|          0|
    |ap_enable_reg_pp0_iter1  |    1|   0|    1|          0|
    |ap_enable_reg_pp0_iter2  |    1|   0|    1|          0|
    |ap_enable_reg_pp0_iter3  |    1|   0|    1|          0|
    |ap_enable_reg_pp0_iter4  |    1|   0|    1|          0|
    |ap_enable_reg_pp0_iter5  |    1|   0|    1|          0|
    |ap_enable_reg_pp0_iter6  |    1|   0|    1|          0|
    |ap_enable_reg_pp0_iter7  |    1|   0|    1|          0|
    |ap_enable_reg_pp0_iter8  |    1|   0|    1|          0|
    |input_1_ap_vld_preg      |    1|   0|    1|          0|
    |input_1_preg             |  256|   0|  256|          0|
    |tmp_10_reg_2788          |    6|   0|    6|          0|
    |tmp_11_reg_2793          |    7|   0|    7|          0|
    |tmp_12_reg_2798          |    6|   0|    6|          0|
    |tmp_13_reg_2803          |    6|   0|    6|          0|
    |tmp_14_reg_2808          |    5|   0|    5|          0|
    |tmp_15_reg_2813          |    6|   0|    6|          0|
    |tmp_16_reg_2818          |    6|   0|    6|          0|
    |tmp_17_reg_2823          |    6|   0|    6|          0|
    |tmp_18_reg_2828          |    9|   0|    9|          0|
    |tmp_19_reg_2833          |    5|   0|    5|          0|
    |tmp_1_reg_2738           |    8|   0|    8|          0|
    |tmp_20_reg_2838          |    7|   0|    7|          0|
    |tmp_21_reg_2843          |    5|   0|    5|          0|
    |tmp_22_reg_2848          |    4|   0|    4|          0|
    |tmp_23_reg_2853          |    5|   0|    5|          0|
    |tmp_24_reg_2858          |    6|   0|    6|          0|
    |tmp_25_reg_2863          |    5|   0|    5|          0|
    |tmp_26_reg_2868          |    4|   0|    4|          0|
    |tmp_27_reg_2873          |    6|   0|    6|          0|
    |tmp_28_reg_2878          |    4|   0|    4|          0|
    |tmp_29_reg_2883          |    6|   0|    6|          0|
    |tmp_2_reg_2743           |   10|   0|   10|          0|
    |tmp_30_reg_2888          |    7|   0|    7|          0|
    |tmp_31_reg_2893          |    6|   0|    6|          0|
    |tmp_32_reg_2898          |    6|   0|    6|          0|
    |tmp_33_reg_2903          |    6|   0|    6|          0|
    |tmp_34_reg_2908          |    8|   0|    8|          0|
    |tmp_35_reg_2913          |    8|   0|    8|          0|
    |tmp_36_reg_2918          |    5|   0|    5|          0|
    |tmp_37_reg_2923          |    7|   0|    7|          0|
    |tmp_38_reg_2928          |    7|   0|    7|          0|
    |tmp_39_reg_2933          |    5|   0|    5|          0|
    |tmp_3_reg_2748           |    5|   0|    5|          0|
    |tmp_40_reg_2938          |    7|   0|    7|          0|
    |tmp_41_reg_2943          |    4|   0|    4|          0|
    |tmp_42_reg_2948          |    5|   0|    5|          0|
    |tmp_43_reg_2953          |    7|   0|    7|          0|
    |tmp_44_reg_2958          |    6|   0|    6|          0|
    |tmp_45_reg_2963          |    6|   0|    6|          0|
    |tmp_46_reg_2968          |    4|   0|    4|          0|
    |tmp_47_reg_2973          |    5|   0|    5|          0|
    |tmp_48_reg_2978          |    7|   0|    7|          0|
    |tmp_49_reg_2983          |    4|   0|    4|          0|
    |tmp_4_reg_2753           |    4|   0|    4|          0|
    |tmp_50_reg_2988          |    5|   0|    5|          0|
    |tmp_51_reg_2993          |    6|   0|    6|          0|
    |tmp_52_reg_2998          |    6|   0|    6|          0|
    |tmp_53_reg_3003          |    7|   0|    7|          0|
    |tmp_5_reg_2758           |   11|   0|   11|          0|
    |tmp_6_reg_2763           |    8|   0|    8|          0|
    |tmp_7_reg_2768           |    7|   0|    7|          0|
    |tmp_8_reg_2773           |    6|   0|    6|          0|
    |tmp_9_reg_2778           |    7|   0|    7|          0|
    |tmp_reg_2733             |    4|   0|    4|          0|
    |tmp_s_reg_2783           |    8|   0|    8|          0|
    +-------------------------+-----+----+-----+-----------+
    |Total                    |  726|   0|  726|          0|
    +-------------------------+-----+----+-----+-----------+



================================================================
== Interface
================================================================
* Summary: 
+----------------------+-----+-----+------------+---------------+--------------+
|       RTL Ports      | Dir | Bits|  Protocol  | Source Object |    C Type    |
+----------------------+-----+-----+------------+---------------+--------------+
|ap_clk                |   in|    1|  ap_ctrl_hs|      myproject|  return value|
|ap_rst                |   in|    1|  ap_ctrl_hs|      myproject|  return value|
|ap_start              |   in|    1|  ap_ctrl_hs|      myproject|  return value|
|ap_done               |  out|    1|  ap_ctrl_hs|      myproject|  return value|
|ap_idle               |  out|    1|  ap_ctrl_hs|      myproject|  return value|
|ap_ready              |  out|    1|  ap_ctrl_hs|      myproject|  return value|
|input_1_ap_vld        |   in|    1|      ap_vld|        input_1|       pointer|
|input_1               |   in|  256|      ap_vld|        input_1|       pointer|
|layer20_out_0         |  out|   16|      ap_vld|  layer20_out_0|       pointer|
|layer20_out_0_ap_vld  |  out|    1|      ap_vld|  layer20_out_0|       pointer|
|layer20_out_1         |  out|   16|      ap_vld|  layer20_out_1|       pointer|
|layer20_out_1_ap_vld  |  out|    1|      ap_vld|  layer20_out_1|       pointer|
|layer20_out_2         |  out|   16|      ap_vld|  layer20_out_2|       pointer|
|layer20_out_2_ap_vld  |  out|    1|      ap_vld|  layer20_out_2|       pointer|
|layer20_out_3         |  out|   16|      ap_vld|  layer20_out_3|       pointer|
|layer20_out_3_ap_vld  |  out|    1|      ap_vld|  layer20_out_3|       pointer|
|layer20_out_4         |  out|   16|      ap_vld|  layer20_out_4|       pointer|
|layer20_out_4_ap_vld  |  out|    1|      ap_vld|  layer20_out_4|       pointer|
+----------------------+-----+-----+------------+---------------+--------------+

