

================================================================
== Vitis HLS Report for 'relu_ap_fixed_16_6_5_3_0_ap_fixed_16_6_5_3_0_ReLU_config16_s'
================================================================
* Date:           Fri Oct 17 12:08:07 2025

* Version:        2023.2 (Build 4023990 on Oct 11 2023)
* Project:        myproject_prj
* Solution:       solution1 (Vivado IP Flow Target)
* Product family: virtexuplus
* Target device:  xcu250-figd2104-2L-e


================================================================
== Performance Estimates
================================================================
+ Timing: 
    * Summary: 
    +--------+---------+----------+------------+
    |  Clock |  Target | Estimated| Uncertainty|
    +--------+---------+----------+------------+
    |ap_clk  |  5.00 ns|  1.078 ns|     1.35 ns|
    +--------+---------+----------+------------+

+ Latency: 
    * Summary: 
    +---------+---------+----------+----------+-----+-----+---------+
    |  Latency (cycles) |  Latency (absolute) |  Interval | Pipeline|
    |   min   |   max   |    min   |    max   | min | max |   Type  |
    +---------+---------+----------+----------+-----+-----+---------+
    |        0|        0|      0 ns|      0 ns|    1|    1|      yes|
    +---------+---------+----------+----------+-----+-----+---------+

    + Detail: 
        * Instance: 
        N/A

        * Loop: 
        N/A



================================================================
== Utilization Estimates
================================================================
* Summary: 
+---------------------+---------+-------+---------+---------+------+
|         Name        | BRAM_18K|  DSP  |    FF   |   LUT   | URAM |
+---------------------+---------+-------+---------+---------+------+
|DSP                  |        -|      -|        -|        -|     -|
|Expression           |        -|      -|        0|      494|     -|
|FIFO                 |        -|      -|        -|        -|     -|
|Instance             |        -|      -|        -|        -|     -|
|Memory               |        -|      -|        -|        -|     -|
|Multiplexer          |        -|      -|        -|        -|     -|
|Register             |        -|      -|        -|        -|     -|
+---------------------+---------+-------+---------+---------+------+
|Total                |        0|      0|        0|      494|     0|
+---------------------+---------+-------+---------+---------+------+
|Available SLR        |     1344|   3072|   864000|   432000|   320|
+---------------------+---------+-------+---------+---------+------+
|Utilization SLR (%)  |        0|      0|        0|       ~0|     0|
+---------------------+---------+-------+---------+---------+------+
|Available            |     5376|  12288|  3456000|  1728000|  1280|
+---------------------+---------+-------+---------+---------+------+
|Utilization (%)      |        0|      0|        0|       ~0|     0|
+---------------------+---------+-------+---------+---------+------+

+ Detail: 
    * Instance: 
    N/A

    * DSP: 
    N/A

    * Memory: 
    N/A

    * FIFO: 
    N/A

    * Expression: 
    +------------------------+----------+----+---+----+------------+------------+
    |      Variable Name     | Operation| DSP| FF| LUT| Bitwidth P0| Bitwidth P1|
    +------------------------+----------+----+---+----+------------+------------+
    |icmp_ln45_28_fu_190_p2  |      icmp|   0|  0|  23|          16|           1|
    |icmp_ln45_29_fu_208_p2  |      icmp|   0|  0|  23|          16|           1|
    |icmp_ln45_30_fu_226_p2  |      icmp|   0|  0|  23|          16|           1|
    |icmp_ln45_31_fu_244_p2  |      icmp|   0|  0|  23|          16|           1|
    |icmp_ln45_32_fu_262_p2  |      icmp|   0|  0|  23|          16|           1|
    |icmp_ln45_33_fu_280_p2  |      icmp|   0|  0|  23|          16|           1|
    |icmp_ln45_34_fu_298_p2  |      icmp|   0|  0|  23|          16|           1|
    |icmp_ln45_35_fu_316_p2  |      icmp|   0|  0|  23|          16|           1|
    |icmp_ln45_36_fu_334_p2  |      icmp|   0|  0|  23|          16|           1|
    |icmp_ln45_37_fu_352_p2  |      icmp|   0|  0|  23|          16|           1|
    |icmp_ln45_38_fu_370_p2  |      icmp|   0|  0|  23|          16|           1|
    |icmp_ln45_39_fu_388_p2  |      icmp|   0|  0|  23|          16|           1|
    |icmp_ln45_fu_172_p2     |      icmp|   0|  0|  23|          16|           1|
    |datareg_28_fu_196_p3    |    select|   0|  0|  15|           1|          15|
    |datareg_29_fu_214_p3    |    select|   0|  0|  15|           1|          15|
    |datareg_30_fu_232_p3    |    select|   0|  0|  15|           1|          15|
    |datareg_31_fu_250_p3    |    select|   0|  0|  15|           1|          15|
    |datareg_32_fu_268_p3    |    select|   0|  0|  15|           1|          15|
    |datareg_33_fu_286_p3    |    select|   0|  0|  15|           1|          15|
    |datareg_34_fu_304_p3    |    select|   0|  0|  15|           1|          15|
    |datareg_35_fu_322_p3    |    select|   0|  0|  15|           1|          15|
    |datareg_36_fu_340_p3    |    select|   0|  0|  15|           1|          15|
    |datareg_37_fu_358_p3    |    select|   0|  0|  15|           1|          15|
    |datareg_38_fu_376_p3    |    select|   0|  0|  15|           1|          15|
    |datareg_39_fu_394_p3    |    select|   0|  0|  15|           1|          15|
    |datareg_fu_178_p3       |    select|   0|  0|  15|           1|          15|
    +------------------------+----------+----+---+----+------------+------------+
    |Total                   |          |   0|  0| 494|         221|         208|
    +------------------------+----------+----+---+----+------------+------------+

    * Multiplexer: 
    N/A

    * Register: 
    N/A



================================================================
== Interface
================================================================
* Summary: 
+--------------+-----+-----+------------+-------------------------------------------------------------------------+--------------+
|   RTL Ports  | Dir | Bits|  Protocol  |                              Source Object                              |    C Type    |
+--------------+-----+-----+------------+-------------------------------------------------------------------------+--------------+
|ap_ready      |  out|    1|  ap_ctrl_hs|  relu<ap_fixed<16, 6, 5, 3, 0>, ap_fixed<16, 6, 5, 3, 0>, ReLU_config16>|  return value|
|ap_return_0   |  out|   16|  ap_ctrl_hs|  relu<ap_fixed<16, 6, 5, 3, 0>, ap_fixed<16, 6, 5, 3, 0>, ReLU_config16>|  return value|
|ap_return_1   |  out|   16|  ap_ctrl_hs|  relu<ap_fixed<16, 6, 5, 3, 0>, ap_fixed<16, 6, 5, 3, 0>, ReLU_config16>|  return value|
|ap_return_2   |  out|   16|  ap_ctrl_hs|  relu<ap_fixed<16, 6, 5, 3, 0>, ap_fixed<16, 6, 5, 3, 0>, ReLU_config16>|  return value|
|ap_return_3   |  out|   16|  ap_ctrl_hs|  relu<ap_fixed<16, 6, 5, 3, 0>, ap_fixed<16, 6, 5, 3, 0>, ReLU_config16>|  return value|
|ap_return_4   |  out|   16|  ap_ctrl_hs|  relu<ap_fixed<16, 6, 5, 3, 0>, ap_fixed<16, 6, 5, 3, 0>, ReLU_config16>|  return value|
|ap_return_5   |  out|   16|  ap_ctrl_hs|  relu<ap_fixed<16, 6, 5, 3, 0>, ap_fixed<16, 6, 5, 3, 0>, ReLU_config16>|  return value|
|ap_return_6   |  out|   16|  ap_ctrl_hs|  relu<ap_fixed<16, 6, 5, 3, 0>, ap_fixed<16, 6, 5, 3, 0>, ReLU_config16>|  return value|
|ap_return_7   |  out|   16|  ap_ctrl_hs|  relu<ap_fixed<16, 6, 5, 3, 0>, ap_fixed<16, 6, 5, 3, 0>, ReLU_config16>|  return value|
|ap_return_8   |  out|   16|  ap_ctrl_hs|  relu<ap_fixed<16, 6, 5, 3, 0>, ap_fixed<16, 6, 5, 3, 0>, ReLU_config16>|  return value|
|ap_return_9   |  out|   16|  ap_ctrl_hs|  relu<ap_fixed<16, 6, 5, 3, 0>, ap_fixed<16, 6, 5, 3, 0>, ReLU_config16>|  return value|
|ap_return_10  |  out|   16|  ap_ctrl_hs|  relu<ap_fixed<16, 6, 5, 3, 0>, ap_fixed<16, 6, 5, 3, 0>, ReLU_config16>|  return value|
|ap_return_11  |  out|   16|  ap_ctrl_hs|  relu<ap_fixed<16, 6, 5, 3, 0>, ap_fixed<16, 6, 5, 3, 0>, ReLU_config16>|  return value|
|ap_return_12  |  out|   16|  ap_ctrl_hs|  relu<ap_fixed<16, 6, 5, 3, 0>, ap_fixed<16, 6, 5, 3, 0>, ReLU_config16>|  return value|
|data_1_val    |   in|   16|     ap_none|                                                               data_1_val|        scalar|
|data_2_val    |   in|   16|     ap_none|                                                               data_2_val|        scalar|
|data_3_val    |   in|   16|     ap_none|                                                               data_3_val|        scalar|
|data_4_val    |   in|   16|     ap_none|                                                               data_4_val|        scalar|
|data_5_val    |   in|   16|     ap_none|                                                               data_5_val|        scalar|
|data_7_val    |   in|   16|     ap_none|                                                               data_7_val|        scalar|
|data_9_val    |   in|   16|     ap_none|                                                               data_9_val|        scalar|
|data_14_val   |   in|   16|     ap_none|                                                              data_14_val|        scalar|
|data_22_val   |   in|   16|     ap_none|                                                              data_22_val|        scalar|
|data_24_val   |   in|   16|     ap_none|                                                              data_24_val|        scalar|
|data_25_val   |   in|   16|     ap_none|                                                              data_25_val|        scalar|
|data_28_val   |   in|   16|     ap_none|                                                              data_28_val|        scalar|
|data_29_val   |   in|   16|     ap_none|                                                              data_29_val|        scalar|
+--------------+-----+-----+------------+-------------------------------------------------------------------------+--------------+

