================================================================
== Design Size Report
================================================================

* Total Instructions per Compilation Phase
+---------------+-----------------------------+--------------+----------------------------------------------------------------------------------------+
| Phase         | Step                        | Instructions | Description                                                                            |
+---------------+-----------------------------+--------------+----------------------------------------------------------------------------------------+
| Compile/Link  |                             |   7,936      | After all functions are compiled and linked into a single design                       |
|               |                             |              |                                                                                        |
| Unroll/Inline |                             |              | After user unroll and inline pragmas are applied                                       |
|               | (1) unroll                  | 250,235 *    | user unroll pragmas are applied                                                        |
|               | (2) simplification          |  69,409      | simplification of applied user unroll pragmas                                          |
|               | (3) inline                  |  69,803      | user inline pragmas are applied                                                        |
|               | (4) simplification          |  68,602      | simplification of applied user inline pragmas                                          |
|               |                             |              |                                                                                        |
| Array/Struct  |                             |              | After user array partition and struct aggregate/disaggregate pragmas are applied       |
|               | (1) array partition         |  46,578      | user array partition pragmas are applied                                               |
|               | (2) simplification          |  12,754      | simplification of applied user array partition & struct aggregate/disaggregate pragmas |
|               | (3) aggregate/disaggregate  |  12,754      | user struct aggregate/disaggregate pragmas are applied                                 |
|               | (4) array reshape           |  12,786      | apply array reshape pragmas                                                            |
|               | (5) access patterns         |  12,733      | array access pattern optmizations                                                      |
|               |                             |              |                                                                                        |
| Performance   |                             |              | After transformations are applied to meet performance pragma targets                   |
|               | (1) loop simplification     |  12,580      | loop and instruction simplification                                                    |
|               | (2) parallelization         |  12,194      | loops are unrolled or pipelined to meet performance targets                            |
|               | (3) array partition         |  12,194      | arrays are partitioned to meet performance targets                                     |
|               | (4) simplification          |  12,194      | simplification of design after performance transformations                             |
|               |                             |              |                                                                                        |
| HW Transforms |                             |              | After hardware transfomations                                                          |
|               | (1) lowering                |  12,200      | initial conversion to HW specific instructions                                         |
|               | (2) optimizations           |  12,207      | high level synthesis optimizations                                                     |
+---------------+-----------------------------+--------------+----------------------------------------------------------------------------------------+
    * - Exceeded design size warning message threshold

* Instructions per Function for each Compilation Phase
+----------------------------------------+-------------------------+----------------+------------------+------------------+-------------+---------------+
| Function                               | Location                | Compile/Link   | Unroll/Inline    | Array/Struct     | Performance | HW Transforms |
+----------------------------------------+-------------------------+----------------+------------------+------------------+-------------+---------------+
| + myproject                            | myproject.cpp:7         | 7,936          | 68,602           | 12,733           | 12,194      | 12,207        |
|  + dense<ap_fixed<16, 6, AP_TRN...     | nnet_dense.h:41         |  532           |                  |                  |             |               |
|   + dense                              | nnet_dense.h:50         |  530           |                  |                  |             |               |
|    + dense_latency<ap_fixed<16, 6...   | nnet_dense_latency.h:13 |  528           |                  |                  |             |               |
|       product                          | nnet_mult.h:70          |  137           |                  |                  |             |               |
|       cast<ap_fixed<16, 6, AP_TRN,...  | nnet_mult.h:110         |    3           |                  |                  |             |               |
|    relu<ap_fixed<16, 6, AP_TRN,...     | nnet_activation.h:39    |  177           |   575            |   449            |   385       |   386         |
|  + dense<ap_fixed<16, 6, AP_TRN...     | nnet_dense.h:41         |  532           |                  |                  |             |               |
|   + dense                              | nnet_dense.h:50         |  530           |                  |                  |             |               |
|    + dense_latency<ap_fixed<16, 6...   | nnet_dense_latency.h:13 |  528           |                  |                  |             |               |
|       product                          | nnet_mult.h:70          |  137           |                  |                  |             |               |
|       cast<ap_fixed<16, 6, AP_TRN,...  | nnet_mult.h:110         |    3           |                  |                  |             |               |
|    relu<ap_fixed<16, 6, AP_TRN,...     | nnet_activation.h:39    |  177           |   287            |   225            |   193       |   194         |
|  + dense<ap_fixed<16, 6, AP_TRN...     | nnet_dense.h:41         |  532           |                  |                  |             |               |
|   + dense                              | nnet_dense.h:50         |  530           |                  |                  |             |               |
|    + dense_latency<ap_fixed<16, 6...   | nnet_dense_latency.h:13 |  528           |                  |                  |             |               |
|       product                          | nnet_mult.h:70          |  137           |                  |                  |             |               |
|       cast<ap_fixed<16, 6, AP_TRN,...  | nnet_mult.h:110         |    3           |                  |                  |             |               |
|    relu<ap_fixed<16, 6, AP_TRN,...     | nnet_activation.h:39    |  177           |   287            |   225            |   193       |   194         |
|  + dense<ap_fixed<16, 6, AP_TRN...     | nnet_dense.h:41         |  532           |                  |                  |             |               |
|   + dense                              | nnet_dense.h:50         |  530           |                  |                  |             |               |
|    + dense_latency<ap_fixed<16, 6...   | nnet_dense_latency.h:13 |  528           |                  |                  |             |               |
|       product                          | nnet_mult.h:70          |  137           |                  |                  |             |               |
|       cast<ap_fixed<16, 6, AP_TRN,...  | nnet_mult.h:110         |    3           |                  |                  |             |               |
|  + softmax<ap_fixed<16, 6, AP_T...     | nnet_activation.h:379   | 5,208          |                  |                  |             |               |
|   + softmax_stable<ap_fixed<16, ...    | nnet_activation.h:216   | 5,206          |                  |                  |             |               |
|    + init_exp_table<ap_fixed<16, ...   | nnet_activation.h:149   | 1,162          |                  |                  |             |               |
|       softmax_real_val_from_idx<ap...  | nnet_activation.h:133   |  414           |                  |                  |             |               |
|       exp_fcn_float                    | nnet_activation.h:131   |    4           |                  |                  |             |               |
|    + init_invert_table<ap_fixed<1...   | nnet_activation.h:160   | 1,410          |                  |                  |             |               |
|       softmax_real_val_from_idx<ap...  | nnet_activation.h:133   |  666           |                  |                  |             |               |
|    + reduce<ap_fixed<16, 6, AP_TR...   | nnet_common.h:37        |  122           |                  |                  |             |               |
|     + reduce<ap_fixed<16, 6, AP_TR...  | nnet_common.h:37        |   89           |                  |                  |             |               |
|      + reduce<ap_fixed<16, 6, AP_TR... | nnet_common.h:37        |   60 (2 calls) |                  |                  |             |               |
|         operator()                     | nnet_common.h:66        |   40 (2 calls) |                  |                  |             |               |
|        operator()                      | nnet_common.h:66        |   20           |                  |                  |             |               |
|       reduce<ap_fixed<16, 6, AP_TR...  | nnet_common.h:37        |    4           |                  |                  |             |               |
|       operator()                       | nnet_common.h:66        |   20           |                  |                  |             |               |
|      softmax_idx_from_real_val<ap...   | nnet_activation.h:141   |   98           |                  |                  |             |               |
|    + reduce<ap_fixed<18, 8, AP_RN...   | nnet_common.h:37        | 1,318          |                  |                  |             |               |
|     + reduce<ap_fixed<18, 8, AP_RN...  | nnet_common.h:37        |  986           |                  |                  |             |               |
|      + reduce<ap_fixed<18, 8, AP_RN... | nnet_common.h:37        |  658 (2 calls) |                  |                  |             |               |
|         operator()                     | nnet_common.h:51        |  638 (2 calls) |                  |                  |             |               |
|        operator()                      | nnet_common.h:51        |  319           |                  |                  |             |               |
|       reduce<ap_fixed<18, 8, AP_RN...  | nnet_common.h:37        |    4           |                  |                  |             |               |
|       operator()                       | nnet_common.h:51        |  319           |                  |                  |             |               |
|      softmax_idx_from_real_val<ap...   | nnet_activation.h:141   |   98           |                  |                  |             |               |
|  + dense_latency<ap_fixed<16, 6...     | nnet_dense_latency.h:13 |                | 16,813           | 3,030            | 2,514       | 2,515         |
|     cast<ap_fixed<16, 6, AP_TRN,...    | nnet_mult.h:110         |                |   192 (64 calls) |   192 (64 calls) |             |               |
|    dense_latency<ap_fixed<16, 6...     | nnet_dense_latency.h:13 |                | 32,493           | 5,177            | 5,114       | 5,115         |
|    dense_latency<ap_fixed<16, 6...     | nnet_dense_latency.h:13 |                | 16,288           | 2,586            | 2,554       | 2,555         |
|    dense_latency<ap_fixed<16, 6...     | nnet_dense_latency.h:13 |                | 1,443            |   447            |   422       |   423         |
|  + softmax_stable<ap_fixed<16, ...     | nnet_activation.h:216   |                |   380            |   318            |   289       |   287         |
|     reduce<ap_fixed<18, 8, AP_RN...    | nnet_common.h:37        |                |    83            |    80            |    76       |    76         |
+----------------------------------------+-------------------------+----------------+------------------+------------------+-------------+---------------+

* Design Size Message Settings
+---------------------------------------------+--------+------------------------------------------------------------------+
| Message Setting                             | Value  | Description                                                      |
+---------------------------------------------+--------+------------------------------------------------------------------+
| config_compile -design_size_maximum_warning | 100000 | Show a warning when total design instructions exceeds this value |
+---------------------------------------------+--------+------------------------------------------------------------------+


