

================================================================
== Vitis HLS Report for 'dense_latency_ap_fixed_16_6_5_3_0_ap_fixed_16_6_5_3_0_config11_s'
================================================================
* Date:           Tue Oct 14 15:07:02 2025

* Version:        2024.2 (Build 5238294 on Nov  8 2024)
* Project:        myproject_prj
* Solution:       solution1 (Vivado IP Flow Target)
* Product family: virtexuplus
* Target device:  xcu250-figd2104-2L-e


================================================================
== Performance Estimates
================================================================
+ Timing: 
    * Summary: 
    +--------+---------+----------+------------+
    |  Clock |  Target | Estimated| Uncertainty|
    +--------+---------+----------+------------+
    |ap_clk  |  5.00 ns|  3.400 ns|     1.35 ns|
    +--------+---------+----------+------------+

+ Latency: 
    * Summary: 
    +---------+---------+----------+----------+-----+-----+---------+
    |  Latency (cycles) |  Latency (absolute) |  Interval | Pipeline|
    |   min   |   max   |    min   |    max   | min | max |   Type  |
    +---------+---------+----------+----------+-----+-----+---------+
    |        1|        1|  5.000 ns|  5.000 ns|    1|    1|      yes|
    +---------+---------+----------+----------+-----+-----+---------+

    + Detail: 
        * Instance: 
        N/A

        * Loop: 
        N/A



================================================================
== Utilization Estimates
================================================================
* Summary: 
+---------------------+---------+-------+---------+---------+------+
|         Name        | BRAM_18K|  DSP  |    FF   |   LUT   | URAM |
+---------------------+---------+-------+---------+---------+------+
|DSP                  |        -|      -|        -|        -|     -|
|Expression           |        -|      -|        0|      712|     -|
|FIFO                 |        -|      -|        -|        -|     -|
|Instance             |        -|     40|        0|      200|     -|
|Memory               |        -|      -|        -|        -|     -|
|Multiplexer          |        -|      -|        -|        -|     -|
|Register             |        -|      -|      242|        -|     -|
+---------------------+---------+-------+---------+---------+------+
|Total                |        0|     40|      242|      912|     0|
+---------------------+---------+-------+---------+---------+------+
|Available SLR        |     1344|   3072|   864000|   432000|   320|
+---------------------+---------+-------+---------+---------+------+
|Utilization SLR (%)  |        0|      1|       ~0|       ~0|     0|
+---------------------+---------+-------+---------+---------+------+
|Available            |     5376|  12288|  3456000|  1728000|  1280|
+---------------------+---------+-------+---------+---------+------+
|Utilization (%)      |        0|     ~0|       ~0|       ~0|     0|
+---------------------+---------+-------+---------+---------+------+

+ Detail: 
    * Instance: 
    +---------------------------+---------------------+---------+----+---+----+-----+
    |          Instance         |        Module       | BRAM_18K| DSP| FF| LUT| URAM|
    +---------------------------+---------------------+---------+----+---+----+-----+
    |mul_16s_10ns_26_1_1_U1070  |mul_16s_10ns_26_1_1  |        0|   1|  0|   5|    0|
    |mul_16s_10ns_26_1_1_U1098  |mul_16s_10ns_26_1_1  |        0|   1|  0|   5|    0|
    |mul_16s_10s_26_1_1_U1079   |mul_16s_10s_26_1_1   |        0|   1|  0|   5|    0|
    |mul_16s_10s_26_1_1_U1105   |mul_16s_10s_26_1_1   |        0|   1|  0|   5|    0|
    |mul_16s_11ns_26_1_1_U1068  |mul_16s_11ns_26_1_1  |        0|   1|  0|   5|    0|
    |mul_16s_11ns_26_1_1_U1071  |mul_16s_11ns_26_1_1  |        0|   1|  0|   5|    0|
    |mul_16s_11ns_26_1_1_U1073  |mul_16s_11ns_26_1_1  |        0|   1|  0|   5|    0|
    |mul_16s_11ns_26_1_1_U1074  |mul_16s_11ns_26_1_1  |        0|   1|  0|   5|    0|
    |mul_16s_11ns_26_1_1_U1083  |mul_16s_11ns_26_1_1  |        0|   1|  0|   5|    0|
    |mul_16s_11ns_26_1_1_U1084  |mul_16s_11ns_26_1_1  |        0|   1|  0|   5|    0|
    |mul_16s_11ns_26_1_1_U1091  |mul_16s_11ns_26_1_1  |        0|   1|  0|   5|    0|
    |mul_16s_11ns_26_1_1_U1093  |mul_16s_11ns_26_1_1  |        0|   1|  0|   5|    0|
    |mul_16s_11ns_26_1_1_U1094  |mul_16s_11ns_26_1_1  |        0|   1|  0|   5|    0|
    |mul_16s_11ns_26_1_1_U1095  |mul_16s_11ns_26_1_1  |        0|   1|  0|   5|    0|
    |mul_16s_11ns_26_1_1_U1101  |mul_16s_11ns_26_1_1  |        0|   1|  0|   5|    0|
    |mul_16s_11ns_26_1_1_U1107  |mul_16s_11ns_26_1_1  |        0|   1|  0|   5|    0|
    |mul_16s_11s_26_1_1_U1069   |mul_16s_11s_26_1_1   |        0|   1|  0|   5|    0|
    |mul_16s_11s_26_1_1_U1075   |mul_16s_11s_26_1_1   |        0|   1|  0|   5|    0|
    |mul_16s_11s_26_1_1_U1076   |mul_16s_11s_26_1_1   |        0|   1|  0|   5|    0|
    |mul_16s_11s_26_1_1_U1080   |mul_16s_11s_26_1_1   |        0|   1|  0|   5|    0|
    |mul_16s_11s_26_1_1_U1081   |mul_16s_11s_26_1_1   |        0|   1|  0|   5|    0|
    |mul_16s_11s_26_1_1_U1085   |mul_16s_11s_26_1_1   |        0|   1|  0|   5|    0|
    |mul_16s_11s_26_1_1_U1088   |mul_16s_11s_26_1_1   |        0|   1|  0|   5|    0|
    |mul_16s_11s_26_1_1_U1089   |mul_16s_11s_26_1_1   |        0|   1|  0|   5|    0|
    |mul_16s_11s_26_1_1_U1096   |mul_16s_11s_26_1_1   |        0|   1|  0|   5|    0|
    |mul_16s_11s_26_1_1_U1097   |mul_16s_11s_26_1_1   |        0|   1|  0|   5|    0|
    |mul_16s_11s_26_1_1_U1100   |mul_16s_11s_26_1_1   |        0|   1|  0|   5|    0|
    |mul_16s_11s_26_1_1_U1102   |mul_16s_11s_26_1_1   |        0|   1|  0|   5|    0|
    |mul_16s_11s_26_1_1_U1104   |mul_16s_11s_26_1_1   |        0|   1|  0|   5|    0|
    |mul_16s_11s_26_1_1_U1106   |mul_16s_11s_26_1_1   |        0|   1|  0|   5|    0|
    |mul_16s_12ns_26_1_1_U1082  |mul_16s_12ns_26_1_1  |        0|   1|  0|   5|    0|
    |mul_16s_12s_26_1_1_U1072   |mul_16s_12s_26_1_1   |        0|   1|  0|   5|    0|
    |mul_16s_12s_26_1_1_U1077   |mul_16s_12s_26_1_1   |        0|   1|  0|   5|    0|
    |mul_16s_12s_26_1_1_U1078   |mul_16s_12s_26_1_1   |        0|   1|  0|   5|    0|
    |mul_16s_12s_26_1_1_U1086   |mul_16s_12s_26_1_1   |        0|   1|  0|   5|    0|
    |mul_16s_12s_26_1_1_U1087   |mul_16s_12s_26_1_1   |        0|   1|  0|   5|    0|
    |mul_16s_12s_26_1_1_U1092   |mul_16s_12s_26_1_1   |        0|   1|  0|   5|    0|
    |mul_16s_12s_26_1_1_U1099   |mul_16s_12s_26_1_1   |        0|   1|  0|   5|    0|
    |mul_16s_12s_26_1_1_U1103   |mul_16s_12s_26_1_1   |        0|   1|  0|   5|    0|
    |mul_16s_9s_25_1_1_U1090    |mul_16s_9s_25_1_1    |        0|   1|  0|   5|    0|
    +---------------------------+---------------------+---------+----+---+----+-----+
    |Total                      |                     |        0|  40|  0| 200|    0|
    +---------------------------+---------------------+---------+----+---+----+-----+

    * DSP: 
    N/A

    * Memory: 
    N/A

    * FIFO: 
    N/A

    * Expression: 
    +--------------------------+----------+----+---+----+------------+------------+
    |       Variable Name      | Operation| DSP| FF| LUT| Bitwidth P0| Bitwidth P1|
    +--------------------------+----------+----+---+----+------------+------------+
    |add_ln58_1000_fu_7699_p2  |         +|   0|  0|  23|          16|           9|
    |add_ln58_1001_fu_7705_p2  |         +|   0|  0|  16|          16|          16|
    |add_ln58_1002_fu_7787_p2  |         +|   0|  0|  16|          16|          16|
    |add_ln58_1003_fu_7711_p2  |         +|   0|  0|  16|          16|          16|
    |add_ln58_1004_fu_7717_p2  |         +|   0|  0|  16|          16|          16|
    |add_ln58_1005_fu_7723_p2  |         +|   0|  0|  16|          16|          16|
    |add_ln58_1006_fu_7729_p2  |         +|   0|  0|  23|          16|          16|
    |add_ln58_1007_fu_7735_p2  |         +|   0|  0|  16|          16|          16|
    |add_ln58_1008_fu_7792_p2  |         +|   0|  0|  16|          16|          16|
    |add_ln58_1009_fu_7741_p2  |         +|   0|  0|  23|          16|          16|
    |add_ln58_1010_fu_7796_p2  |         +|   0|  0|  16|          16|          16|
    |add_ln58_1011_fu_7747_p2  |         +|   0|  0|  16|          16|          16|
    |add_ln58_1012_fu_7753_p2  |         +|   0|  0|  23|          16|           3|
    |add_ln58_1013_fu_7759_p2  |         +|   0|  0|  16|          16|          16|
    |add_ln58_1014_fu_7800_p2  |         +|   0|  0|  16|          16|          16|
    |add_ln58_1015_fu_7805_p2  |         +|   0|  0|  16|          16|          16|
    |add_ln58_977_fu_7591_p2   |         +|   0|  0|  23|          16|           5|
    |add_ln58_978_fu_7597_p2   |         +|   0|  0|  16|          16|          16|
    |add_ln58_979_fu_7603_p2   |         +|   0|  0|  23|          16|          16|
    |add_ln58_980_fu_7609_p2   |         +|   0|  0|  16|          16|          16|
    |add_ln58_981_fu_7615_p2   |         +|   0|  0|  16|          16|          16|
    |add_ln58_982_fu_7765_p2   |         +|   0|  0|  16|          16|          16|
    |add_ln58_983_fu_7621_p2   |         +|   0|  0|  23|          16|          16|
    |add_ln58_984_fu_7627_p2   |         +|   0|  0|  16|          16|          16|
    |add_ln58_985_fu_7633_p2   |         +|   0|  0|  16|          16|           7|
    |add_ln58_986_fu_7639_p2   |         +|   0|  0|  16|          16|          16|
    |add_ln58_987_fu_7645_p2   |         +|   0|  0|  16|          16|          16|
    |add_ln58_988_fu_7769_p2   |         +|   0|  0|  16|          16|          16|
    |add_ln58_989_fu_7651_p2   |         +|   0|  0|  23|          16|          16|
    |add_ln58_990_fu_7657_p2   |         +|   0|  0|  23|          16|          16|
    |add_ln58_991_fu_7774_p2   |         +|   0|  0|  16|          16|          16|
    |add_ln58_992_fu_7663_p2   |         +|   0|  0|  16|          16|          16|
    |add_ln58_993_fu_7669_p2   |         +|   0|  0|  16|          16|           8|
    |add_ln58_994_fu_7675_p2   |         +|   0|  0|  16|          16|          16|
    |add_ln58_995_fu_7681_p2   |         +|   0|  0|  16|          16|          16|
    |add_ln58_996_fu_7778_p2   |         +|   0|  0|  16|          16|          16|
    |add_ln58_997_fu_7687_p2   |         +|   0|  0|  23|          16|          16|
    |add_ln58_998_fu_7783_p2   |         +|   0|  0|  16|          16|          16|
    |add_ln58_999_fu_7693_p2   |         +|   0|  0|  16|          16|          16|
    |add_ln58_fu_7585_p2       |         +|   0|  0|  16|          16|          16|
    |ap_enable_pp0             |       xor|   0|  0|   2|           1|           2|
    +--------------------------+----------+----+---+----+------------+------------+
    |Total                     |          |   0|  0| 712|         641|         594|
    +--------------------------+----------+----+---+----+------------+------------+

    * Multiplexer: 
    N/A

    * Register: 
    +-------------------------+----+----+-----+-----------+
    |           Name          | FF | LUT| Bits| Const Bits|
    +-------------------------+----+----+-----+-----------+
    |add_ln58_1001_reg_7890   |  16|   0|   16|          0|
    |add_ln58_1004_reg_7895   |  16|   0|   16|          0|
    |add_ln58_1007_reg_7900   |  16|   0|   16|          0|
    |add_ln58_1009_reg_7905   |  16|   0|   16|          0|
    |add_ln58_1013_reg_7910   |  16|   0|   16|          0|
    |add_ln58_978_reg_7850    |  16|   0|   16|          0|
    |add_ln58_979_reg_7855    |  16|   0|   16|          0|
    |add_ln58_981_reg_7860    |  16|   0|   16|          0|
    |add_ln58_987_reg_7865    |  16|   0|   16|          0|
    |add_ln58_989_reg_7870    |  16|   0|   16|          0|
    |add_ln58_990_reg_7875    |  16|   0|   16|          0|
    |add_ln58_995_reg_7880    |  16|   0|   16|          0|
    |add_ln58_997_reg_7885    |  16|   0|   16|          0|
    |ap_CS_fsm                |   1|   0|    1|          0|
    |ap_enable_reg_pp0_iter1  |   1|   0|    1|          0|
    |trunc_ln42_16_reg_7840   |  16|   0|   16|          0|
    |trunc_ln42_18_reg_7845   |  16|   0|   16|          0|
    +-------------------------+----+----+-----+-----------+
    |Total                    | 242|   0|  242|          0|
    +-------------------------+----+----+-----+-----------+



================================================================
== Interface
================================================================
* Summary: 
+-------------+-----+-----+------------+-----------------------------------------------------------------------------+--------------+
|  RTL Ports  | Dir | Bits|  Protocol  |                                Source Object                                |    C Type    |
+-------------+-----+-----+------------+-----------------------------------------------------------------------------+--------------+
|ap_clk       |   in|    1|  ap_ctrl_hs|  dense_latency<ap_fixed<16, 6, 5, 3, 0>, ap_fixed<16, 6, 5, 3, 0>, config11>|  return value|
|ap_rst       |   in|    1|  ap_ctrl_hs|  dense_latency<ap_fixed<16, 6, 5, 3, 0>, ap_fixed<16, 6, 5, 3, 0>, config11>|  return value|
|ap_start     |   in|    1|  ap_ctrl_hs|  dense_latency<ap_fixed<16, 6, 5, 3, 0>, ap_fixed<16, 6, 5, 3, 0>, config11>|  return value|
|ap_done      |  out|    1|  ap_ctrl_hs|  dense_latency<ap_fixed<16, 6, 5, 3, 0>, ap_fixed<16, 6, 5, 3, 0>, config11>|  return value|
|ap_idle      |  out|    1|  ap_ctrl_hs|  dense_latency<ap_fixed<16, 6, 5, 3, 0>, ap_fixed<16, 6, 5, 3, 0>, config11>|  return value|
|ap_ready     |  out|    1|  ap_ctrl_hs|  dense_latency<ap_fixed<16, 6, 5, 3, 0>, ap_fixed<16, 6, 5, 3, 0>, config11>|  return value|
|ap_ce        |   in|    1|  ap_ctrl_hs|  dense_latency<ap_fixed<16, 6, 5, 3, 0>, ap_fixed<16, 6, 5, 3, 0>, config11>|  return value|
|ap_return_0  |  out|   16|  ap_ctrl_hs|  dense_latency<ap_fixed<16, 6, 5, 3, 0>, ap_fixed<16, 6, 5, 3, 0>, config11>|  return value|
|ap_return_1  |  out|   16|  ap_ctrl_hs|  dense_latency<ap_fixed<16, 6, 5, 3, 0>, ap_fixed<16, 6, 5, 3, 0>, config11>|  return value|
|ap_return_2  |  out|   16|  ap_ctrl_hs|  dense_latency<ap_fixed<16, 6, 5, 3, 0>, ap_fixed<16, 6, 5, 3, 0>, config11>|  return value|
|ap_return_3  |  out|   16|  ap_ctrl_hs|  dense_latency<ap_fixed<16, 6, 5, 3, 0>, ap_fixed<16, 6, 5, 3, 0>, config11>|  return value|
|ap_return_4  |  out|   16|  ap_ctrl_hs|  dense_latency<ap_fixed<16, 6, 5, 3, 0>, ap_fixed<16, 6, 5, 3, 0>, config11>|  return value|
|data_1_val   |   in|   16|     ap_none|                                                                   data_1_val|        scalar|
|data_2_val   |   in|   16|     ap_none|                                                                   data_2_val|        scalar|
|data_4_val   |   in|   16|     ap_none|                                                                   data_4_val|        scalar|
|data_5_val   |   in|   16|     ap_none|                                                                   data_5_val|        scalar|
|data_6_val   |   in|   16|     ap_none|                                                                   data_6_val|        scalar|
|data_7_val   |   in|   16|     ap_none|                                                                   data_7_val|        scalar|
|data_8_val   |   in|   16|     ap_none|                                                                   data_8_val|        scalar|
|data_9_val   |   in|   16|     ap_none|                                                                   data_9_val|        scalar|
|data_10_val  |   in|   16|     ap_none|                                                                  data_10_val|        scalar|
|data_11_val  |   in|   16|     ap_none|                                                                  data_11_val|        scalar|
|data_12_val  |   in|   16|     ap_none|                                                                  data_12_val|        scalar|
|data_13_val  |   in|   16|     ap_none|                                                                  data_13_val|        scalar|
|data_14_val  |   in|   16|     ap_none|                                                                  data_14_val|        scalar|
|data_17_val  |   in|   16|     ap_none|                                                                  data_17_val|        scalar|
|data_18_val  |   in|   16|     ap_none|                                                                  data_18_val|        scalar|
|data_19_val  |   in|   16|     ap_none|                                                                  data_19_val|        scalar|
|data_20_val  |   in|   16|     ap_none|                                                                  data_20_val|        scalar|
|data_23_val  |   in|   16|     ap_none|                                                                  data_23_val|        scalar|
|data_24_val  |   in|   16|     ap_none|                                                                  data_24_val|        scalar|
|data_25_val  |   in|   16|     ap_none|                                                                  data_25_val|        scalar|
|data_26_val  |   in|   16|     ap_none|                                                                  data_26_val|        scalar|
|data_28_val  |   in|   16|     ap_none|                                                                  data_28_val|        scalar|
|data_29_val  |   in|   16|     ap_none|                                                                  data_29_val|        scalar|
|data_30_val  |   in|   16|     ap_none|                                                                  data_30_val|        scalar|
|data_31_val  |   in|   16|     ap_none|                                                                  data_31_val|        scalar|
+-------------+-----+-----+------------+-----------------------------------------------------------------------------+--------------+

