

================================================================
== Vitis HLS Report for 'dense_latency_ap_fixed_16_6_5_3_0_ap_fixed_16_6_5_3_0_config2_s'
================================================================
* Date:           Tue Oct 14 15:06:58 2025

* Version:        2024.2 (Build 5238294 on Nov  8 2024)
* Project:        myproject_prj
* Solution:       solution1 (Vivado IP Flow Target)
* Product family: virtexuplus
* Target device:  xcu250-figd2104-2L-e


================================================================
== Performance Estimates
================================================================
+ Timing: 
    * Summary: 
    +--------+---------+----------+------------+
    |  Clock |  Target | Estimated| Uncertainty|
    +--------+---------+----------+------------+
    |ap_clk  |  5.00 ns|  3.400 ns|     1.35 ns|
    +--------+---------+----------+------------+

+ Latency: 
    * Summary: 
    +---------+---------+----------+----------+-----+-----+---------+
    |  Latency (cycles) |  Latency (absolute) |  Interval | Pipeline|
    |   min   |   max   |    min   |    max   | min | max |   Type  |
    +---------+---------+----------+----------+-----+-----+---------+
    |        1|        1|  5.000 ns|  5.000 ns|    1|    1|      yes|
    +---------+---------+----------+----------+-----+-----+---------+

    + Detail: 
        * Instance: 
        N/A

        * Loop: 
        N/A



================================================================
== Utilization Estimates
================================================================
* Summary: 
+---------------------+---------+-------+---------+---------+------+
|         Name        | BRAM_18K|  DSP  |    FF   |   LUT   | URAM |
+---------------------+---------+-------+---------+---------+------+
|DSP                  |        -|      -|        -|        -|     -|
|Expression           |        -|      -|        0|     5033|     -|
|FIFO                 |        -|      -|        -|        -|     -|
|Instance             |        -|    229|        0|     1145|     -|
|Memory               |        -|      -|        -|        -|     -|
|Multiplexer          |        -|      -|        -|        -|     -|
|Register             |        -|      -|      722|        -|     -|
+---------------------+---------+-------+---------+---------+------+
|Total                |        0|    229|      722|     6178|     0|
+---------------------+---------+-------+---------+---------+------+
|Available SLR        |     1344|   3072|   864000|   432000|   320|
+---------------------+---------+-------+---------+---------+------+
|Utilization SLR (%)  |        0|      7|       ~0|        1|     0|
+---------------------+---------+-------+---------+---------+------+
|Available            |     5376|  12288|  3456000|  1728000|  1280|
+---------------------+---------+-------+---------+---------+------+
|Utilization (%)      |        0|      1|       ~0|       ~0|     0|
+---------------------+---------+-------+---------+---------+------+

+ Detail: 
    * Instance: 
    +--------------------------+---------------------+---------+----+---+----+-----+
    |         Instance         |        Module       | BRAM_18K| DSP| FF| LUT| URAM|
    +--------------------------+---------------------+---------+----+---+----+-----+
    |mul_16s_10ns_26_1_1_U1    |mul_16s_10ns_26_1_1  |        0|   1|  0|   5|    0|
    |mul_16s_10ns_26_1_1_U6    |mul_16s_10ns_26_1_1  |        0|   1|  0|   5|    0|
    |mul_16s_10ns_26_1_1_U20   |mul_16s_10ns_26_1_1  |        0|   1|  0|   5|    0|
    |mul_16s_10ns_26_1_1_U26   |mul_16s_10ns_26_1_1  |        0|   1|  0|   5|    0|
    |mul_16s_10ns_26_1_1_U28   |mul_16s_10ns_26_1_1  |        0|   1|  0|   5|    0|
    |mul_16s_10ns_26_1_1_U32   |mul_16s_10ns_26_1_1  |        0|   1|  0|   5|    0|
    |mul_16s_10ns_26_1_1_U37   |mul_16s_10ns_26_1_1  |        0|   1|  0|   5|    0|
    |mul_16s_10ns_26_1_1_U38   |mul_16s_10ns_26_1_1  |        0|   1|  0|   5|    0|
    |mul_16s_10ns_26_1_1_U39   |mul_16s_10ns_26_1_1  |        0|   1|  0|   5|    0|
    |mul_16s_10ns_26_1_1_U40   |mul_16s_10ns_26_1_1  |        0|   1|  0|   5|    0|
    |mul_16s_10ns_26_1_1_U45   |mul_16s_10ns_26_1_1  |        0|   1|  0|   5|    0|
    |mul_16s_10ns_26_1_1_U54   |mul_16s_10ns_26_1_1  |        0|   1|  0|   5|    0|
    |mul_16s_10ns_26_1_1_U57   |mul_16s_10ns_26_1_1  |        0|   1|  0|   5|    0|
    |mul_16s_10ns_26_1_1_U63   |mul_16s_10ns_26_1_1  |        0|   1|  0|   5|    0|
    |mul_16s_10ns_26_1_1_U68   |mul_16s_10ns_26_1_1  |        0|   1|  0|   5|    0|
    |mul_16s_10ns_26_1_1_U70   |mul_16s_10ns_26_1_1  |        0|   1|  0|   5|    0|
    |mul_16s_10ns_26_1_1_U72   |mul_16s_10ns_26_1_1  |        0|   1|  0|   5|    0|
    |mul_16s_10ns_26_1_1_U76   |mul_16s_10ns_26_1_1  |        0|   1|  0|   5|    0|
    |mul_16s_10ns_26_1_1_U82   |mul_16s_10ns_26_1_1  |        0|   1|  0|   5|    0|
    |mul_16s_10ns_26_1_1_U90   |mul_16s_10ns_26_1_1  |        0|   1|  0|   5|    0|
    |mul_16s_10ns_26_1_1_U91   |mul_16s_10ns_26_1_1  |        0|   1|  0|   5|    0|
    |mul_16s_10ns_26_1_1_U99   |mul_16s_10ns_26_1_1  |        0|   1|  0|   5|    0|
    |mul_16s_10ns_26_1_1_U100  |mul_16s_10ns_26_1_1  |        0|   1|  0|   5|    0|
    |mul_16s_10ns_26_1_1_U103  |mul_16s_10ns_26_1_1  |        0|   1|  0|   5|    0|
    |mul_16s_10ns_26_1_1_U105  |mul_16s_10ns_26_1_1  |        0|   1|  0|   5|    0|
    |mul_16s_10ns_26_1_1_U114  |mul_16s_10ns_26_1_1  |        0|   1|  0|   5|    0|
    |mul_16s_10ns_26_1_1_U115  |mul_16s_10ns_26_1_1  |        0|   1|  0|   5|    0|
    |mul_16s_10ns_26_1_1_U120  |mul_16s_10ns_26_1_1  |        0|   1|  0|   5|    0|
    |mul_16s_10ns_26_1_1_U126  |mul_16s_10ns_26_1_1  |        0|   1|  0|   5|    0|
    |mul_16s_10ns_26_1_1_U127  |mul_16s_10ns_26_1_1  |        0|   1|  0|   5|    0|
    |mul_16s_10ns_26_1_1_U136  |mul_16s_10ns_26_1_1  |        0|   1|  0|   5|    0|
    |mul_16s_10ns_26_1_1_U143  |mul_16s_10ns_26_1_1  |        0|   1|  0|   5|    0|
    |mul_16s_10ns_26_1_1_U144  |mul_16s_10ns_26_1_1  |        0|   1|  0|   5|    0|
    |mul_16s_10ns_26_1_1_U150  |mul_16s_10ns_26_1_1  |        0|   1|  0|   5|    0|
    |mul_16s_10ns_26_1_1_U168  |mul_16s_10ns_26_1_1  |        0|   1|  0|   5|    0|
    |mul_16s_10ns_26_1_1_U169  |mul_16s_10ns_26_1_1  |        0|   1|  0|   5|    0|
    |mul_16s_10ns_26_1_1_U170  |mul_16s_10ns_26_1_1  |        0|   1|  0|   5|    0|
    |mul_16s_10ns_26_1_1_U172  |mul_16s_10ns_26_1_1  |        0|   1|  0|   5|    0|
    |mul_16s_10ns_26_1_1_U176  |mul_16s_10ns_26_1_1  |        0|   1|  0|   5|    0|
    |mul_16s_10ns_26_1_1_U178  |mul_16s_10ns_26_1_1  |        0|   1|  0|   5|    0|
    |mul_16s_10ns_26_1_1_U182  |mul_16s_10ns_26_1_1  |        0|   1|  0|   5|    0|
    |mul_16s_10ns_26_1_1_U185  |mul_16s_10ns_26_1_1  |        0|   1|  0|   5|    0|
    |mul_16s_10ns_26_1_1_U186  |mul_16s_10ns_26_1_1  |        0|   1|  0|   5|    0|
    |mul_16s_10ns_26_1_1_U187  |mul_16s_10ns_26_1_1  |        0|   1|  0|   5|    0|
    |mul_16s_10ns_26_1_1_U200  |mul_16s_10ns_26_1_1  |        0|   1|  0|   5|    0|
    |mul_16s_10ns_26_1_1_U205  |mul_16s_10ns_26_1_1  |        0|   1|  0|   5|    0|
    |mul_16s_10ns_26_1_1_U206  |mul_16s_10ns_26_1_1  |        0|   1|  0|   5|    0|
    |mul_16s_10ns_26_1_1_U207  |mul_16s_10ns_26_1_1  |        0|   1|  0|   5|    0|
    |mul_16s_10ns_26_1_1_U208  |mul_16s_10ns_26_1_1  |        0|   1|  0|   5|    0|
    |mul_16s_10ns_26_1_1_U211  |mul_16s_10ns_26_1_1  |        0|   1|  0|   5|    0|
    |mul_16s_10ns_26_1_1_U218  |mul_16s_10ns_26_1_1  |        0|   1|  0|   5|    0|
    |mul_16s_10ns_26_1_1_U221  |mul_16s_10ns_26_1_1  |        0|   1|  0|   5|    0|
    |mul_16s_10ns_26_1_1_U222  |mul_16s_10ns_26_1_1  |        0|   1|  0|   5|    0|
    |mul_16s_10ns_26_1_1_U228  |mul_16s_10ns_26_1_1  |        0|   1|  0|   5|    0|
    |mul_16s_10s_26_1_1_U2     |mul_16s_10s_26_1_1   |        0|   1|  0|   5|    0|
    |mul_16s_10s_26_1_1_U9     |mul_16s_10s_26_1_1   |        0|   1|  0|   5|    0|
    |mul_16s_10s_26_1_1_U11    |mul_16s_10s_26_1_1   |        0|   1|  0|   5|    0|
    |mul_16s_10s_26_1_1_U15    |mul_16s_10s_26_1_1   |        0|   1|  0|   5|    0|
    |mul_16s_10s_26_1_1_U24    |mul_16s_10s_26_1_1   |        0|   1|  0|   5|    0|
    |mul_16s_10s_26_1_1_U25    |mul_16s_10s_26_1_1   |        0|   1|  0|   5|    0|
    |mul_16s_10s_26_1_1_U41    |mul_16s_10s_26_1_1   |        0|   1|  0|   5|    0|
    |mul_16s_10s_26_1_1_U46    |mul_16s_10s_26_1_1   |        0|   1|  0|   5|    0|
    |mul_16s_10s_26_1_1_U47    |mul_16s_10s_26_1_1   |        0|   1|  0|   5|    0|
    |mul_16s_10s_26_1_1_U49    |mul_16s_10s_26_1_1   |        0|   1|  0|   5|    0|
    |mul_16s_10s_26_1_1_U52    |mul_16s_10s_26_1_1   |        0|   1|  0|   5|    0|
    |mul_16s_10s_26_1_1_U53    |mul_16s_10s_26_1_1   |        0|   1|  0|   5|    0|
    |mul_16s_10s_26_1_1_U62    |mul_16s_10s_26_1_1   |        0|   1|  0|   5|    0|
    |mul_16s_10s_26_1_1_U83    |mul_16s_10s_26_1_1   |        0|   1|  0|   5|    0|
    |mul_16s_10s_26_1_1_U92    |mul_16s_10s_26_1_1   |        0|   1|  0|   5|    0|
    |mul_16s_10s_26_1_1_U95    |mul_16s_10s_26_1_1   |        0|   1|  0|   5|    0|
    |mul_16s_10s_26_1_1_U97    |mul_16s_10s_26_1_1   |        0|   1|  0|   5|    0|
    |mul_16s_10s_26_1_1_U102   |mul_16s_10s_26_1_1   |        0|   1|  0|   5|    0|
    |mul_16s_10s_26_1_1_U108   |mul_16s_10s_26_1_1   |        0|   1|  0|   5|    0|
    |mul_16s_10s_26_1_1_U111   |mul_16s_10s_26_1_1   |        0|   1|  0|   5|    0|
    |mul_16s_10s_26_1_1_U119   |mul_16s_10s_26_1_1   |        0|   1|  0|   5|    0|
    |mul_16s_10s_26_1_1_U121   |mul_16s_10s_26_1_1   |        0|   1|  0|   5|    0|
    |mul_16s_10s_26_1_1_U128   |mul_16s_10s_26_1_1   |        0|   1|  0|   5|    0|
    |mul_16s_10s_26_1_1_U129   |mul_16s_10s_26_1_1   |        0|   1|  0|   5|    0|
    |mul_16s_10s_26_1_1_U130   |mul_16s_10s_26_1_1   |        0|   1|  0|   5|    0|
    |mul_16s_10s_26_1_1_U134   |mul_16s_10s_26_1_1   |        0|   1|  0|   5|    0|
    |mul_16s_10s_26_1_1_U137   |mul_16s_10s_26_1_1   |        0|   1|  0|   5|    0|
    |mul_16s_10s_26_1_1_U141   |mul_16s_10s_26_1_1   |        0|   1|  0|   5|    0|
    |mul_16s_10s_26_1_1_U142   |mul_16s_10s_26_1_1   |        0|   1|  0|   5|    0|
    |mul_16s_10s_26_1_1_U145   |mul_16s_10s_26_1_1   |        0|   1|  0|   5|    0|
    |mul_16s_10s_26_1_1_U146   |mul_16s_10s_26_1_1   |        0|   1|  0|   5|    0|
    |mul_16s_10s_26_1_1_U149   |mul_16s_10s_26_1_1   |        0|   1|  0|   5|    0|
    |mul_16s_10s_26_1_1_U153   |mul_16s_10s_26_1_1   |        0|   1|  0|   5|    0|
    |mul_16s_10s_26_1_1_U155   |mul_16s_10s_26_1_1   |        0|   1|  0|   5|    0|
    |mul_16s_10s_26_1_1_U159   |mul_16s_10s_26_1_1   |        0|   1|  0|   5|    0|
    |mul_16s_10s_26_1_1_U166   |mul_16s_10s_26_1_1   |        0|   1|  0|   5|    0|
    |mul_16s_10s_26_1_1_U171   |mul_16s_10s_26_1_1   |        0|   1|  0|   5|    0|
    |mul_16s_10s_26_1_1_U183   |mul_16s_10s_26_1_1   |        0|   1|  0|   5|    0|
    |mul_16s_10s_26_1_1_U184   |mul_16s_10s_26_1_1   |        0|   1|  0|   5|    0|
    |mul_16s_10s_26_1_1_U192   |mul_16s_10s_26_1_1   |        0|   1|  0|   5|    0|
    |mul_16s_10s_26_1_1_U194   |mul_16s_10s_26_1_1   |        0|   1|  0|   5|    0|
    |mul_16s_10s_26_1_1_U196   |mul_16s_10s_26_1_1   |        0|   1|  0|   5|    0|
    |mul_16s_10s_26_1_1_U197   |mul_16s_10s_26_1_1   |        0|   1|  0|   5|    0|
    |mul_16s_10s_26_1_1_U204   |mul_16s_10s_26_1_1   |        0|   1|  0|   5|    0|
    |mul_16s_10s_26_1_1_U213   |mul_16s_10s_26_1_1   |        0|   1|  0|   5|    0|
    |mul_16s_10s_26_1_1_U216   |mul_16s_10s_26_1_1   |        0|   1|  0|   5|    0|
    |mul_16s_10s_26_1_1_U219   |mul_16s_10s_26_1_1   |        0|   1|  0|   5|    0|
    |mul_16s_10s_26_1_1_U220   |mul_16s_10s_26_1_1   |        0|   1|  0|   5|    0|
    |mul_16s_10s_26_1_1_U225   |mul_16s_10s_26_1_1   |        0|   1|  0|   5|    0|
    |mul_16s_10s_26_1_1_U226   |mul_16s_10s_26_1_1   |        0|   1|  0|   5|    0|
    |mul_16s_10s_26_1_1_U227   |mul_16s_10s_26_1_1   |        0|   1|  0|   5|    0|
    |mul_16s_11ns_26_1_1_U17   |mul_16s_11ns_26_1_1  |        0|   1|  0|   5|    0|
    |mul_16s_11ns_26_1_1_U23   |mul_16s_11ns_26_1_1  |        0|   1|  0|   5|    0|
    |mul_16s_11ns_26_1_1_U42   |mul_16s_11ns_26_1_1  |        0|   1|  0|   5|    0|
    |mul_16s_11ns_26_1_1_U43   |mul_16s_11ns_26_1_1  |        0|   1|  0|   5|    0|
    |mul_16s_11ns_26_1_1_U50   |mul_16s_11ns_26_1_1  |        0|   1|  0|   5|    0|
    |mul_16s_11ns_26_1_1_U55   |mul_16s_11ns_26_1_1  |        0|   1|  0|   5|    0|
    |mul_16s_11ns_26_1_1_U56   |mul_16s_11ns_26_1_1  |        0|   1|  0|   5|    0|
    |mul_16s_11ns_26_1_1_U69   |mul_16s_11ns_26_1_1  |        0|   1|  0|   5|    0|
    |mul_16s_11ns_26_1_1_U74   |mul_16s_11ns_26_1_1  |        0|   1|  0|   5|    0|
    |mul_16s_11ns_26_1_1_U78   |mul_16s_11ns_26_1_1  |        0|   1|  0|   5|    0|
    |mul_16s_11ns_26_1_1_U80   |mul_16s_11ns_26_1_1  |        0|   1|  0|   5|    0|
    |mul_16s_11ns_26_1_1_U87   |mul_16s_11ns_26_1_1  |        0|   1|  0|   5|    0|
    |mul_16s_11ns_26_1_1_U106  |mul_16s_11ns_26_1_1  |        0|   1|  0|   5|    0|
    |mul_16s_11ns_26_1_1_U112  |mul_16s_11ns_26_1_1  |        0|   1|  0|   5|    0|
    |mul_16s_11ns_26_1_1_U117  |mul_16s_11ns_26_1_1  |        0|   1|  0|   5|    0|
    |mul_16s_11ns_26_1_1_U122  |mul_16s_11ns_26_1_1  |        0|   1|  0|   5|    0|
    |mul_16s_11ns_26_1_1_U124  |mul_16s_11ns_26_1_1  |        0|   1|  0|   5|    0|
    |mul_16s_11ns_26_1_1_U135  |mul_16s_11ns_26_1_1  |        0|   1|  0|   5|    0|
    |mul_16s_11ns_26_1_1_U138  |mul_16s_11ns_26_1_1  |        0|   1|  0|   5|    0|
    |mul_16s_11ns_26_1_1_U148  |mul_16s_11ns_26_1_1  |        0|   1|  0|   5|    0|
    |mul_16s_11ns_26_1_1_U152  |mul_16s_11ns_26_1_1  |        0|   1|  0|   5|    0|
    |mul_16s_11ns_26_1_1_U175  |mul_16s_11ns_26_1_1  |        0|   1|  0|   5|    0|
    |mul_16s_11ns_26_1_1_U179  |mul_16s_11ns_26_1_1  |        0|   1|  0|   5|    0|
    |mul_16s_11s_26_1_1_U3     |mul_16s_11s_26_1_1   |        0|   1|  0|   5|    0|
    |mul_16s_11s_26_1_1_U16    |mul_16s_11s_26_1_1   |        0|   1|  0|   5|    0|
    |mul_16s_11s_26_1_1_U18    |mul_16s_11s_26_1_1   |        0|   1|  0|   5|    0|
    |mul_16s_11s_26_1_1_U21    |mul_16s_11s_26_1_1   |        0|   1|  0|   5|    0|
    |mul_16s_11s_26_1_1_U27    |mul_16s_11s_26_1_1   |        0|   1|  0|   5|    0|
    |mul_16s_11s_26_1_1_U33    |mul_16s_11s_26_1_1   |        0|   1|  0|   5|    0|
    |mul_16s_11s_26_1_1_U34    |mul_16s_11s_26_1_1   |        0|   1|  0|   5|    0|
    |mul_16s_11s_26_1_1_U44    |mul_16s_11s_26_1_1   |        0|   1|  0|   5|    0|
    |mul_16s_11s_26_1_1_U59    |mul_16s_11s_26_1_1   |        0|   1|  0|   5|    0|
    |mul_16s_11s_26_1_1_U64    |mul_16s_11s_26_1_1   |        0|   1|  0|   5|    0|
    |mul_16s_11s_26_1_1_U67    |mul_16s_11s_26_1_1   |        0|   1|  0|   5|    0|
    |mul_16s_11s_26_1_1_U73    |mul_16s_11s_26_1_1   |        0|   1|  0|   5|    0|
    |mul_16s_11s_26_1_1_U79    |mul_16s_11s_26_1_1   |        0|   1|  0|   5|    0|
    |mul_16s_11s_26_1_1_U84    |mul_16s_11s_26_1_1   |        0|   1|  0|   5|    0|
    |mul_16s_11s_26_1_1_U85    |mul_16s_11s_26_1_1   |        0|   1|  0|   5|    0|
    |mul_16s_11s_26_1_1_U89    |mul_16s_11s_26_1_1   |        0|   1|  0|   5|    0|
    |mul_16s_11s_26_1_1_U98    |mul_16s_11s_26_1_1   |        0|   1|  0|   5|    0|
    |mul_16s_11s_26_1_1_U104   |mul_16s_11s_26_1_1   |        0|   1|  0|   5|    0|
    |mul_16s_11s_26_1_1_U107   |mul_16s_11s_26_1_1   |        0|   1|  0|   5|    0|
    |mul_16s_11s_26_1_1_U109   |mul_16s_11s_26_1_1   |        0|   1|  0|   5|    0|
    |mul_16s_11s_26_1_1_U110   |mul_16s_11s_26_1_1   |        0|   1|  0|   5|    0|
    |mul_16s_11s_26_1_1_U113   |mul_16s_11s_26_1_1   |        0|   1|  0|   5|    0|
    |mul_16s_11s_26_1_1_U116   |mul_16s_11s_26_1_1   |        0|   1|  0|   5|    0|
    |mul_16s_11s_26_1_1_U131   |mul_16s_11s_26_1_1   |        0|   1|  0|   5|    0|
    |mul_16s_11s_26_1_1_U154   |mul_16s_11s_26_1_1   |        0|   1|  0|   5|    0|
    |mul_16s_11s_26_1_1_U157   |mul_16s_11s_26_1_1   |        0|   1|  0|   5|    0|
    |mul_16s_11s_26_1_1_U181   |mul_16s_11s_26_1_1   |        0|   1|  0|   5|    0|
    |mul_16s_11s_26_1_1_U190   |mul_16s_11s_26_1_1   |        0|   1|  0|   5|    0|
    |mul_16s_11s_26_1_1_U193   |mul_16s_11s_26_1_1   |        0|   1|  0|   5|    0|
    |mul_16s_11s_26_1_1_U199   |mul_16s_11s_26_1_1   |        0|   1|  0|   5|    0|
    |mul_16s_11s_26_1_1_U215   |mul_16s_11s_26_1_1   |        0|   1|  0|   5|    0|
    |mul_16s_12ns_26_1_1_U174  |mul_16s_12ns_26_1_1  |        0|   1|  0|   5|    0|
    |mul_16s_12ns_26_1_1_U189  |mul_16s_12ns_26_1_1  |        0|   1|  0|   5|    0|
    |mul_16s_12ns_26_1_1_U191  |mul_16s_12ns_26_1_1  |        0|   1|  0|   5|    0|
    |mul_16s_12ns_26_1_1_U198  |mul_16s_12ns_26_1_1  |        0|   1|  0|   5|    0|
    |mul_16s_12ns_26_1_1_U212  |mul_16s_12ns_26_1_1  |        0|   1|  0|   5|    0|
    |mul_16s_12ns_26_1_1_U214  |mul_16s_12ns_26_1_1  |        0|   1|  0|   5|    0|
    |mul_16s_12s_26_1_1_U160   |mul_16s_12s_26_1_1   |        0|   1|  0|   5|    0|
    |mul_16s_12s_26_1_1_U202   |mul_16s_12s_26_1_1   |        0|   1|  0|   5|    0|
    |mul_16s_12s_26_1_1_U224   |mul_16s_12s_26_1_1   |        0|   1|  0|   5|    0|
    |mul_16s_6ns_22_1_1_U188   |mul_16s_6ns_22_1_1   |        0|   1|  0|   5|    0|
    |mul_16s_6s_22_1_1_U19     |mul_16s_6s_22_1_1    |        0|   1|  0|   5|    0|
    |mul_16s_6s_22_1_1_U217    |mul_16s_6s_22_1_1    |        0|   1|  0|   5|    0|
    |mul_16s_7s_23_1_1_U201    |mul_16s_7s_23_1_1    |        0|   1|  0|   5|    0|
    |mul_16s_8ns_24_1_1_U10    |mul_16s_8ns_24_1_1   |        0|   1|  0|   5|    0|
    |mul_16s_8ns_24_1_1_U29    |mul_16s_8ns_24_1_1   |        0|   1|  0|   5|    0|
    |mul_16s_8ns_24_1_1_U86    |mul_16s_8ns_24_1_1   |        0|   1|  0|   5|    0|
    |mul_16s_8ns_24_1_1_U101   |mul_16s_8ns_24_1_1   |        0|   1|  0|   5|    0|
    |mul_16s_8ns_24_1_1_U164   |mul_16s_8ns_24_1_1   |        0|   1|  0|   5|    0|
    |mul_16s_8ns_24_1_1_U177   |mul_16s_8ns_24_1_1   |        0|   1|  0|   5|    0|
    |mul_16s_8s_24_1_1_U8      |mul_16s_8s_24_1_1    |        0|   1|  0|   5|    0|
    |mul_16s_8s_24_1_1_U14     |mul_16s_8s_24_1_1    |        0|   1|  0|   5|    0|
    |mul_16s_8s_24_1_1_U77     |mul_16s_8s_24_1_1    |        0|   1|  0|   5|    0|
    |mul_16s_8s_24_1_1_U94     |mul_16s_8s_24_1_1    |        0|   1|  0|   5|    0|
    |mul_16s_8s_24_1_1_U132    |mul_16s_8s_24_1_1    |        0|   1|  0|   5|    0|
    |mul_16s_8s_24_1_1_U147    |mul_16s_8s_24_1_1    |        0|   1|  0|   5|    0|
    |mul_16s_8s_24_1_1_U223    |mul_16s_8s_24_1_1    |        0|   1|  0|   5|    0|
    |mul_16s_9ns_25_1_1_U7     |mul_16s_9ns_25_1_1   |        0|   1|  0|   5|    0|
    |mul_16s_9ns_25_1_1_U12    |mul_16s_9ns_25_1_1   |        0|   1|  0|   5|    0|
    |mul_16s_9ns_25_1_1_U22    |mul_16s_9ns_25_1_1   |        0|   1|  0|   5|    0|
    |mul_16s_9ns_25_1_1_U35    |mul_16s_9ns_25_1_1   |        0|   1|  0|   5|    0|
    |mul_16s_9ns_25_1_1_U51    |mul_16s_9ns_25_1_1   |        0|   1|  0|   5|    0|
    |mul_16s_9ns_25_1_1_U58    |mul_16s_9ns_25_1_1   |        0|   1|  0|   5|    0|
    |mul_16s_9ns_25_1_1_U60    |mul_16s_9ns_25_1_1   |        0|   1|  0|   5|    0|
    |mul_16s_9ns_25_1_1_U66    |mul_16s_9ns_25_1_1   |        0|   1|  0|   5|    0|
    |mul_16s_9ns_25_1_1_U88    |mul_16s_9ns_25_1_1   |        0|   1|  0|   5|    0|
    |mul_16s_9ns_25_1_1_U96    |mul_16s_9ns_25_1_1   |        0|   1|  0|   5|    0|
    |mul_16s_9ns_25_1_1_U133   |mul_16s_9ns_25_1_1   |        0|   1|  0|   5|    0|
    |mul_16s_9ns_25_1_1_U139   |mul_16s_9ns_25_1_1   |        0|   1|  0|   5|    0|
    |mul_16s_9ns_25_1_1_U140   |mul_16s_9ns_25_1_1   |        0|   1|  0|   5|    0|
    |mul_16s_9ns_25_1_1_U151   |mul_16s_9ns_25_1_1   |        0|   1|  0|   5|    0|
    |mul_16s_9ns_25_1_1_U156   |mul_16s_9ns_25_1_1   |        0|   1|  0|   5|    0|
    |mul_16s_9ns_25_1_1_U163   |mul_16s_9ns_25_1_1   |        0|   1|  0|   5|    0|
    |mul_16s_9ns_25_1_1_U180   |mul_16s_9ns_25_1_1   |        0|   1|  0|   5|    0|
    |mul_16s_9ns_25_1_1_U203   |mul_16s_9ns_25_1_1   |        0|   1|  0|   5|    0|
    |mul_16s_9ns_25_1_1_U210   |mul_16s_9ns_25_1_1   |        0|   1|  0|   5|    0|
    |mul_16s_9ns_25_1_1_U229   |mul_16s_9ns_25_1_1   |        0|   1|  0|   5|    0|
    |mul_16s_9s_25_1_1_U4      |mul_16s_9s_25_1_1    |        0|   1|  0|   5|    0|
    |mul_16s_9s_25_1_1_U5      |mul_16s_9s_25_1_1    |        0|   1|  0|   5|    0|
    |mul_16s_9s_25_1_1_U13     |mul_16s_9s_25_1_1    |        0|   1|  0|   5|    0|
    |mul_16s_9s_25_1_1_U30     |mul_16s_9s_25_1_1    |        0|   1|  0|   5|    0|
    |mul_16s_9s_25_1_1_U31     |mul_16s_9s_25_1_1    |        0|   1|  0|   5|    0|
    |mul_16s_9s_25_1_1_U36     |mul_16s_9s_25_1_1    |        0|   1|  0|   5|    0|
    |mul_16s_9s_25_1_1_U48     |mul_16s_9s_25_1_1    |        0|   1|  0|   5|    0|
    |mul_16s_9s_25_1_1_U61     |mul_16s_9s_25_1_1    |        0|   1|  0|   5|    0|
    |mul_16s_9s_25_1_1_U65     |mul_16s_9s_25_1_1    |        0|   1|  0|   5|    0|
    |mul_16s_9s_25_1_1_U71     |mul_16s_9s_25_1_1    |        0|   1|  0|   5|    0|
    |mul_16s_9s_25_1_1_U75     |mul_16s_9s_25_1_1    |        0|   1|  0|   5|    0|
    |mul_16s_9s_25_1_1_U81     |mul_16s_9s_25_1_1    |        0|   1|  0|   5|    0|
    |mul_16s_9s_25_1_1_U93     |mul_16s_9s_25_1_1    |        0|   1|  0|   5|    0|
    |mul_16s_9s_25_1_1_U118    |mul_16s_9s_25_1_1    |        0|   1|  0|   5|    0|
    |mul_16s_9s_25_1_1_U123    |mul_16s_9s_25_1_1    |        0|   1|  0|   5|    0|
    |mul_16s_9s_25_1_1_U125    |mul_16s_9s_25_1_1    |        0|   1|  0|   5|    0|
    |mul_16s_9s_25_1_1_U158    |mul_16s_9s_25_1_1    |        0|   1|  0|   5|    0|
    |mul_16s_9s_25_1_1_U161    |mul_16s_9s_25_1_1    |        0|   1|  0|   5|    0|
    |mul_16s_9s_25_1_1_U162    |mul_16s_9s_25_1_1    |        0|   1|  0|   5|    0|
    |mul_16s_9s_25_1_1_U165    |mul_16s_9s_25_1_1    |        0|   1|  0|   5|    0|
    |mul_16s_9s_25_1_1_U167    |mul_16s_9s_25_1_1    |        0|   1|  0|   5|    0|
    |mul_16s_9s_25_1_1_U173    |mul_16s_9s_25_1_1    |        0|   1|  0|   5|    0|
    |mul_16s_9s_25_1_1_U195    |mul_16s_9s_25_1_1    |        0|   1|  0|   5|    0|
    |mul_16s_9s_25_1_1_U209    |mul_16s_9s_25_1_1    |        0|   1|  0|   5|    0|
    +--------------------------+---------------------+---------+----+---+----+-----+
    |Total                     |                     |        0| 229|  0|1145|    0|
    +--------------------------+---------------------+---------+----+---+----+-----+

    * DSP: 
    N/A

    * Memory: 
    N/A

    * FIFO: 
    N/A

    * Expression: 
    +---------------------------+----------+----+---+----+------------+------------+
    |       Variable Name       | Operation| DSP| FF| LUT| Bitwidth P0| Bitwidth P1|
    +---------------------------+----------+----+---+----+------------+------------+
    |add_ln42_fu_225702_p2      |         +|   0|  0|  33|          26|          26|
    |add_ln58_727_fu_228894_p2  |         +|   0|  0|  23|          16|           9|
    |add_ln58_728_fu_228900_p2  |         +|   0|  0|  16|          16|          16|
    |add_ln58_729_fu_228906_p2  |         +|   0|  0|  16|          16|          10|
    |add_ln58_730_fu_228912_p2  |         +|   0|  0|  16|          16|          16|
    |add_ln58_731_fu_228918_p2  |         +|   0|  0|  16|          16|          16|
    |add_ln58_732_fu_228924_p2  |         +|   0|  0|  16|          16|          16|
    |add_ln58_733_fu_228930_p2  |         +|   0|  0|  23|          16|           8|
    |add_ln58_734_fu_228936_p2  |         +|   0|  0|  16|          16|          16|
    |add_ln58_735_fu_228942_p2  |         +|   0|  0|  16|          16|          16|
    |add_ln58_736_fu_228948_p2  |         +|   0|  0|  16|          16|          10|
    |add_ln58_737_fu_228954_p2  |         +|   0|  0|  16|          16|          16|
    |add_ln58_738_fu_228960_p2  |         +|   0|  0|  16|          16|          16|
    |add_ln58_739_fu_228966_p2  |         +|   0|  0|  16|          16|           8|
    |add_ln58_740_fu_228972_p2  |         +|   0|  0|  16|          16|          16|
    |add_ln58_741_fu_228978_p2  |         +|   0|  0|  16|          16|          10|
    |add_ln58_742_fu_228984_p2  |         +|   0|  0|  16|          16|          16|
    |add_ln58_743_fu_228990_p2  |         +|   0|  0|  23|          16|           9|
    |add_ln58_744_fu_228996_p2  |         +|   0|  0|  16|          16|           8|
    |add_ln58_745_fu_229002_p2  |         +|   0|  0|  16|          16|          16|
    |add_ln58_746_fu_229008_p2  |         +|   0|  0|  23|          16|          16|
    |add_ln58_747_fu_229014_p2  |         +|   0|  0|  16|          16|          16|
    |add_ln58_748_fu_229020_p2  |         +|   0|  0|  16|          16|           7|
    |add_ln58_749_fu_229026_p2  |         +|   0|  0|  16|          16|          16|
    |add_ln58_750_fu_229032_p2  |         +|   0|  0|  16|          16|          16|
    |add_ln58_751_fu_229038_p2  |         +|   0|  0|  16|          16|           8|
    |add_ln58_752_fu_229044_p2  |         +|   0|  0|  16|          16|          16|
    |add_ln58_753_fu_229050_p2  |         +|   0|  0|  23|          16|          16|
    |add_ln58_754_fu_229056_p2  |         +|   0|  0|  16|          16|          16|
    |add_ln58_755_fu_229062_p2  |         +|   0|  0|  16|          16|          10|
    |add_ln58_756_fu_229068_p2  |         +|   0|  0|  16|          16|          16|
    |add_ln58_757_fu_229074_p2  |         +|   0|  0|  16|          16|          16|
    |add_ln58_758_fu_229080_p2  |         +|   0|  0|  16|          16|          16|
    |add_ln58_759_fu_229086_p2  |         +|   0|  0|  16|          16|           8|
    |add_ln58_760_fu_229092_p2  |         +|   0|  0|  16|          16|          16|
    |add_ln58_761_fu_229098_p2  |         +|   0|  0|  16|          16|          16|
    |add_ln58_762_fu_229104_p2  |         +|   0|  0|  16|          16|          16|
    |add_ln58_763_fu_229110_p2  |         +|   0|  0|  16|          16|           8|
    |add_ln58_764_fu_229116_p2  |         +|   0|  0|  16|          16|          16|
    |add_ln58_765_fu_229122_p2  |         +|   0|  0|  16|          16|          16|
    |add_ln58_766_fu_229128_p2  |         +|   0|  0|  23|          16|          16|
    |add_ln58_767_fu_229134_p2  |         +|   0|  0|  16|          16|          16|
    |add_ln58_768_fu_229140_p2  |         +|   0|  0|  16|          16|          16|
    |add_ln58_769_fu_229146_p2  |         +|   0|  0|  23|          16|           6|
    |add_ln58_770_fu_229152_p2  |         +|   0|  0|  16|          16|          16|
    |add_ln58_771_fu_229158_p2  |         +|   0|  0|  16|          16|          16|
    |add_ln58_772_fu_229164_p2  |         +|   0|  0|  23|          16|          16|
    |add_ln58_773_fu_229170_p2  |         +|   0|  0|  16|          16|          16|
    |add_ln58_774_fu_229176_p2  |         +|   0|  0|  16|          16|          16|
    |add_ln58_775_fu_229182_p2  |         +|   0|  0|  23|          16|           9|
    |add_ln58_776_fu_229188_p2  |         +|   0|  0|  16|          16|          16|
    |add_ln58_777_fu_229194_p2  |         +|   0|  0|  16|          16|          16|
    |add_ln58_778_fu_229200_p2  |         +|   0|  0|  16|          16|          16|
    |add_ln58_779_fu_229206_p2  |         +|   0|  0|  19|          12|           8|
    |add_ln58_780_fu_229216_p2  |         +|   0|  0|  16|          16|          16|
    |add_ln58_781_fu_229222_p2  |         +|   0|  0|  23|          16|          16|
    |add_ln58_782_fu_229228_p2  |         +|   0|  0|  16|          16|          16|
    |add_ln58_783_fu_229234_p2  |         +|   0|  0|  16|          16|           8|
    |add_ln58_784_fu_229240_p2  |         +|   0|  0|  16|          16|          16|
    |add_ln58_785_fu_229246_p2  |         +|   0|  0|  16|          16|          16|
    |add_ln58_786_fu_229252_p2  |         +|   0|  0|  16|          16|          16|
    |add_ln58_787_fu_229258_p2  |         +|   0|  0|  23|          16|           6|
    |add_ln58_788_fu_229264_p2  |         +|   0|  0|  16|          16|          16|
    |add_ln58_789_fu_229270_p2  |         +|   0|  0|  16|          16|          16|
    |add_ln58_790_fu_229276_p2  |         +|   0|  0|  16|          16|           7|
    |add_ln58_791_fu_229282_p2  |         +|   0|  0|  16|          16|          16|
    |add_ln58_792_fu_229288_p2  |         +|   0|  0|  16|          16|          16|
    |add_ln58_793_fu_229294_p2  |         +|   0|  0|  16|          16|          16|
    |add_ln58_794_fu_229300_p2  |         +|   0|  0|  23|          16|           9|
    |add_ln58_795_fu_229306_p2  |         +|   0|  0|  16|          16|          16|
    |add_ln58_796_fu_229312_p2  |         +|   0|  0|  16|          16|          16|
    |add_ln58_797_fu_229318_p2  |         +|   0|  0|  23|          16|           8|
    |add_ln58_798_fu_229324_p2  |         +|   0|  0|  16|          16|          16|
    |add_ln58_799_fu_229330_p2  |         +|   0|  0|  23|          16|          16|
    |add_ln58_800_fu_229336_p2  |         +|   0|  0|  16|          16|          16|
    |add_ln58_801_fu_229342_p2  |         +|   0|  0|  16|          16|          16|
    |add_ln58_802_fu_229348_p2  |         +|   0|  0|  23|          16|           8|
    |add_ln58_803_fu_229353_p2  |         +|   0|  0|  16|          16|          16|
    |add_ln58_804_fu_229359_p2  |         +|   0|  0|  16|          16|          16|
    |add_ln58_805_fu_229365_p2  |         +|   0|  0|  16|          16|           9|
    |add_ln58_806_fu_229371_p2  |         +|   0|  0|  16|          16|          16|
    |add_ln58_807_fu_229377_p2  |         +|   0|  0|  23|          16|          16|
    |add_ln58_808_fu_229383_p2  |         +|   0|  0|  16|          16|          16|
    |add_ln58_809_fu_229389_p2  |         +|   0|  0|  16|          16|          16|
    |add_ln58_810_fu_229395_p2  |         +|   0|  0|  23|          16|           9|
    |add_ln58_811_fu_229400_p2  |         +|   0|  0|  16|          16|          16|
    |add_ln58_812_fu_229406_p2  |         +|   0|  0|  16|          16|          16|
    |add_ln58_813_fu_229412_p2  |         +|   0|  0|  23|          16|          16|
    |add_ln58_814_fu_229418_p2  |         +|   0|  0|  16|          16|          16|
    |add_ln58_815_fu_229424_p2  |         +|   0|  0|  16|          16|          16|
    |add_ln58_816_fu_229430_p2  |         +|   0|  0|  23|          16|           9|
    |add_ln58_817_fu_229435_p2  |         +|   0|  0|  16|          16|          16|
    |add_ln58_818_fu_229441_p2  |         +|   0|  0|  16|          16|          16|
    |add_ln58_819_fu_229447_p2  |         +|   0|  0|  16|          16|          16|
    |add_ln58_820_fu_229453_p2  |         +|   0|  0|  16|          16|           7|
    |add_ln58_821_fu_229459_p2  |         +|   0|  0|  16|          16|          16|
    |add_ln58_822_fu_229465_p2  |         +|   0|  0|  16|          16|          16|
    |add_ln58_823_fu_229471_p2  |         +|   0|  0|  16|          16|          16|
    |add_ln58_824_fu_229477_p2  |         +|   0|  0|  23|          16|           8|
    |add_ln58_825_fu_229483_p2  |         +|   0|  0|  16|          16|          16|
    |add_ln58_826_fu_229489_p2  |         +|   0|  0|  16|          16|          16|
    |add_ln58_827_fu_229495_p2  |         +|   0|  0|  16|          16|           9|
    |add_ln58_828_fu_229501_p2  |         +|   0|  0|  16|          16|          16|
    |add_ln58_829_fu_229507_p2  |         +|   0|  0|  16|          16|          16|
    |add_ln58_830_fu_229513_p2  |         +|   0|  0|  23|          16|          16|
    |add_ln58_831_fu_229519_p2  |         +|   0|  0|  23|          16|          16|
    |add_ln58_832_fu_229525_p2  |         +|   0|  0|  16|          16|          16|
    |add_ln58_833_fu_229531_p2  |         +|   0|  0|  16|          16|          16|
    |add_ln58_834_fu_229537_p2  |         +|   0|  0|  23|          16|           7|
    |add_ln58_835_fu_229542_p2  |         +|   0|  0|  16|          16|          16|
    |add_ln58_836_fu_229548_p2  |         +|   0|  0|  16|          16|          16|
    |add_ln58_837_fu_229554_p2  |         +|   0|  0|  16|          16|          16|
    |add_ln58_838_fu_229560_p2  |         +|   0|  0|  16|          16|           9|
    |add_ln58_839_fu_229566_p2  |         +|   0|  0|  16|          16|          16|
    |add_ln58_840_fu_229572_p2  |         +|   0|  0|  16|          16|          16|
    |add_ln58_841_fu_229578_p2  |         +|   0|  0|  16|          16|          16|
    |add_ln58_842_fu_229584_p2  |         +|   0|  0|  16|          16|           3|
    |add_ln58_843_fu_229590_p2  |         +|   0|  0|  16|          16|          16|
    |add_ln58_844_fu_229596_p2  |         +|   0|  0|  16|          16|          16|
    |add_ln58_845_fu_229602_p2  |         +|   0|  0|  23|          16|          16|
    |add_ln58_846_fu_229608_p2  |         +|   0|  0|  23|          16|          16|
    |add_ln58_847_fu_229614_p2  |         +|   0|  0|  16|          16|          16|
    |add_ln58_848_fu_225658_p2  |         +|   0|  0|  22|          15|          15|
    |add_ln58_849_fu_229623_p2  |         +|   0|  0|  16|          16|           6|
    |add_ln58_850_fu_229629_p2  |         +|   0|  0|  16|          16|          16|
    |add_ln58_851_fu_229635_p2  |         +|   0|  0|  16|          16|          16|
    |add_ln58_852_fu_229641_p2  |         +|   0|  0|  23|          16|          16|
    |add_ln58_853_fu_229647_p2  |         +|   0|  0|  16|          16|          16|
    |add_ln58_854_fu_229653_p2  |         +|   0|  0|  16|          16|           8|
    |add_ln58_855_fu_229659_p2  |         +|   0|  0|  16|          16|          16|
    |add_ln58_856_fu_229665_p2  |         +|   0|  0|  16|          16|          16|
    |add_ln58_857_fu_229671_p2  |         +|   0|  0|  23|          16|          16|
    |add_ln58_858_fu_229677_p2  |         +|   0|  0|  16|          16|          16|
    |add_ln58_859_fu_229683_p2  |         +|   0|  0|  16|          16|           7|
    |add_ln58_860_fu_229689_p2  |         +|   0|  0|  16|          16|          16|
    |add_ln58_861_fu_229695_p2  |         +|   0|  0|  16|          16|          16|
    |add_ln58_862_fu_229701_p2  |         +|   0|  0|  16|          16|           8|
    |add_ln58_863_fu_229707_p2  |         +|   0|  0|  16|          16|          16|
    |add_ln58_864_fu_229713_p2  |         +|   0|  0|  16|          16|           9|
    |add_ln58_865_fu_229719_p2  |         +|   0|  0|  16|          16|          16|
    |add_ln58_866_fu_229725_p2  |         +|   0|  0|  16|          16|           9|
    |add_ln58_867_fu_229731_p2  |         +|   0|  0|  16|          16|          16|
    |add_ln58_868_fu_229737_p2  |         +|   0|  0|  23|          16|          16|
    |add_ln58_869_fu_229743_p2  |         +|   0|  0|  16|          16|          16|
    |add_ln58_870_fu_229749_p2  |         +|   0|  0|  16|          16|           4|
    |add_ln58_871_fu_229755_p2  |         +|   0|  0|  16|          16|          16|
    |add_ln58_872_fu_229761_p2  |         +|   0|  0|  16|          16|          16|
    |add_ln58_873_fu_229767_p2  |         +|   0|  0|  23|          16|          16|
    |add_ln58_874_fu_229773_p2  |         +|   0|  0|  16|          16|          16|
    |add_ln58_875_fu_229779_p2  |         +|   0|  0|  16|          16|           8|
    |add_ln58_876_fu_229785_p2  |         +|   0|  0|  16|          16|          16|
    |add_ln58_877_fu_229791_p2  |         +|   0|  0|  16|          16|          16|
    |add_ln58_878_fu_229797_p2  |         +|   0|  0|  16|          16|          16|
    |add_ln58_879_fu_229803_p2  |         +|   0|  0|  16|          16|           9|
    |add_ln58_880_fu_229809_p2  |         +|   0|  0|  16|          16|          16|
    |add_ln58_881_fu_229815_p2  |         +|   0|  0|  16|          16|          16|
    |add_ln58_882_fu_229821_p2  |         +|   0|  0|  23|          16|          16|
    |add_ln58_883_fu_229827_p2  |         +|   0|  0|  16|          16|          16|
    |add_ln58_884_fu_229833_p2  |         +|   0|  0|  16|          16|           7|
    |add_ln58_885_fu_229839_p2  |         +|   0|  0|  16|          16|          16|
    |add_ln58_886_fu_229845_p2  |         +|   0|  0|  16|          16|          16|
    |add_ln58_887_fu_229851_p2  |         +|   0|  0|  23|          16|          16|
    |add_ln58_888_fu_229857_p2  |         +|   0|  0|  16|          16|          16|
    |add_ln58_889_fu_229863_p2  |         +|   0|  0|  16|          16|          16|
    |add_ln58_890_fu_229869_p2  |         +|   0|  0|  23|          16|           9|
    |add_ln58_891_fu_229874_p2  |         +|   0|  0|  16|          16|          16|
    |add_ln58_892_fu_229880_p2  |         +|   0|  0|  16|          16|          16|
    |add_ln58_893_fu_229886_p2  |         +|   0|  0|  23|          16|          16|
    |add_ln58_894_fu_229892_p2  |         +|   0|  0|  16|          16|          16|
    |add_ln58_895_fu_229898_p2  |         +|   0|  0|  16|          16|           9|
    |add_ln58_896_fu_229904_p2  |         +|   0|  0|  16|          16|          16|
    |add_ln58_897_fu_229910_p2  |         +|   0|  0|  16|          16|          16|
    |add_ln58_898_fu_229916_p2  |         +|   0|  0|  16|          16|           7|
    |add_ln58_899_fu_229922_p2  |         +|   0|  0|  16|          16|          16|
    |add_ln58_900_fu_229928_p2  |         +|   0|  0|  16|          16|          16|
    |add_ln58_901_fu_229934_p2  |         +|   0|  0|  16|          16|           8|
    |add_ln58_902_fu_229940_p2  |         +|   0|  0|  16|          16|          16|
    |add_ln58_903_fu_229946_p2  |         +|   0|  0|  16|          16|          16|
    |add_ln58_904_fu_229952_p2  |         +|   0|  0|  23|          16|          16|
    |add_ln58_905_fu_229958_p2  |         +|   0|  0|  16|          16|          16|
    |add_ln58_906_fu_229964_p2  |         +|   0|  0|  16|          16|          16|
    |add_ln58_907_fu_229970_p2  |         +|   0|  0|  23|          16|           8|
    |add_ln58_908_fu_229975_p2  |         +|   0|  0|  16|          16|          16|
    |add_ln58_909_fu_229981_p2  |         +|   0|  0|  16|          16|          16|
    |add_ln58_910_fu_229987_p2  |         +|   0|  0|  16|          16|           7|
    |add_ln58_911_fu_229993_p2  |         +|   0|  0|  16|          16|          16|
    |add_ln58_912_fu_229999_p2  |         +|   0|  0|  23|          16|          16|
    |add_ln58_913_fu_230005_p2  |         +|   0|  0|  16|          16|          16|
    |add_ln58_914_fu_230011_p2  |         +|   0|  0|  16|          16|           9|
    |add_ln58_915_fu_230017_p2  |         +|   0|  0|  16|          16|          16|
    |add_ln58_916_fu_230023_p2  |         +|   0|  0|  16|          16|          16|
    |add_ln58_917_fu_230029_p2  |         +|   0|  0|  23|          16|          16|
    |add_ln58_918_fu_230035_p2  |         +|   0|  0|  23|          16|          16|
    |add_ln58_919_fu_230041_p2  |         +|   0|  0|  16|          16|          16|
    |add_ln58_920_fu_230047_p2  |         +|   0|  0|  16|          16|          16|
    |add_ln58_921_fu_230053_p2  |         +|   0|  0|  23|          16|           6|
    |add_ln58_922_fu_230059_p2  |         +|   0|  0|  16|          16|          16|
    |add_ln58_923_fu_230065_p2  |         +|   0|  0|  16|          16|          16|
    |add_ln58_924_fu_230071_p2  |         +|   0|  0|  23|          16|          16|
    |add_ln58_925_fu_230077_p2  |         +|   0|  0|  23|          16|          16|
    |add_ln58_926_fu_230083_p2  |         +|   0|  0|  16|          16|          16|
    |add_ln58_927_fu_230089_p2  |         +|   0|  0|  16|          16|          16|
    |add_ln58_928_fu_230095_p2  |         +|   0|  0|  23|          16|           9|
    |add_ln58_929_fu_230100_p2  |         +|   0|  0|  16|          16|          16|
    |add_ln58_930_fu_230106_p2  |         +|   0|  0|  16|          16|          16|
    |add_ln58_931_fu_230112_p2  |         +|   0|  0|  16|          16|          16|
    |add_ln58_932_fu_230118_p2  |         +|   0|  0|  16|          16|           8|
    |add_ln58_933_fu_230124_p2  |         +|   0|  0|  16|          16|          16|
    |add_ln58_934_fu_230130_p2  |         +|   0|  0|  16|          16|          16|
    |add_ln58_935_fu_230136_p2  |         +|   0|  0|  23|          16|          16|
    |add_ln58_936_fu_230142_p2  |         +|   0|  0|  16|          16|          16|
    |add_ln58_937_fu_230148_p2  |         +|   0|  0|  16|          16|           8|
    |add_ln58_938_fu_230154_p2  |         +|   0|  0|  16|          16|          16|
    |add_ln58_939_fu_230160_p2  |         +|   0|  0|  16|          16|          16|
    |add_ln58_940_fu_230166_p2  |         +|   0|  0|  16|          16|          16|
    |add_ln58_941_fu_230172_p2  |         +|   0|  0|  16|          16|           9|
    |add_ln58_942_fu_230178_p2  |         +|   0|  0|  16|          16|          16|
    |add_ln58_943_fu_230184_p2  |         +|   0|  0|  16|          16|          16|
    |add_ln58_944_fu_230190_p2  |         +|   0|  0|  22|          15|          15|
    |add_ln58_945_fu_230200_p2  |         +|   0|  0|  16|          16|          16|
    |add_ln58_946_fu_230206_p2  |         +|   0|  0|  16|          16|           9|
    |add_ln58_947_fu_230212_p2  |         +|   0|  0|  16|          16|          16|
    |add_ln58_948_fu_230218_p2  |         +|   0|  0|  16|          16|          16|
    |add_ln58_949_fu_230224_p2  |         +|   0|  0|  16|          16|           9|
    |add_ln58_950_fu_230230_p2  |         +|   0|  0|  16|          16|          16|
    |add_ln58_951_fu_230236_p2  |         +|   0|  0|  23|          16|          16|
    |add_ln58_952_fu_230242_p2  |         +|   0|  0|  23|          16|          16|
    |add_ln58_953_fu_230248_p2  |         +|   0|  0|  16|          16|          16|
    |add_ln58_954_fu_230254_p2  |         +|   0|  0|  16|          16|          16|
    |add_ln58_955_fu_230260_p2  |         +|   0|  0|  22|          15|           9|
    |add_ln58_956_fu_230270_p2  |         +|   0|  0|  16|          16|          16|
    |add_ln58_957_fu_230276_p2  |         +|   0|  0|  16|          16|          16|
    |add_ln58_958_fu_230282_p2  |         +|   0|  0|  23|          16|          16|
    |add_ln58_959_fu_230288_p2  |         +|   0|  0|  16|          16|          16|
    |add_ln58_960_fu_230294_p2  |         +|   0|  0|  16|          16|           8|
    |add_ln58_961_fu_230300_p2  |         +|   0|  0|  16|          16|          16|
    |add_ln58_962_fu_230306_p2  |         +|   0|  0|  16|          16|          16|
    |add_ln58_963_fu_230312_p2  |         +|   0|  0|  23|          16|          16|
    |add_ln58_964_fu_230318_p2  |         +|   0|  0|  23|          16|          16|
    |add_ln58_965_fu_230324_p2  |         +|   0|  0|  16|          16|          16|
    |add_ln58_966_fu_230330_p2  |         +|   0|  0|  16|          16|          16|
    |add_ln58_967_fu_230336_p2  |         +|   0|  0|  23|          16|          10|
    |add_ln58_968_fu_230342_p2  |         +|   0|  0|  16|          16|          16|
    |add_ln58_969_fu_230348_p2  |         +|   0|  0|  16|          16|          16|
    |add_ln58_970_fu_230354_p2  |         +|   0|  0|  23|          16|          16|
    |add_ln58_971_fu_230360_p2  |         +|   0|  0|  16|          16|          16|
    |add_ln58_972_fu_230366_p2  |         +|   0|  0|  16|          16|           9|
    |add_ln58_973_fu_230372_p2  |         +|   0|  0|  16|          16|          16|
    |add_ln58_974_fu_230378_p2  |         +|   0|  0|  16|          16|          16|
    |add_ln58_975_fu_230384_p2  |         +|   0|  0|  16|          16|           9|
    |add_ln58_976_fu_230390_p2  |         +|   0|  0|  16|          16|          16|
    |add_ln58_fu_228884_p2      |         +|   0|  0|  22|          15|           7|
    |add_ln73_19_fu_228017_p2   |         +|   0|  0|  29|          22|          22|
    |add_ln73_20_fu_228167_p2   |         +|   0|  0|  31|          24|          24|
    |add_ln73_21_fu_225490_p2   |         +|   0|  0|  28|          21|          21|
    |add_ln73_22_fu_228783_p2   |         +|   0|  0|  32|          25|          25|
    |add_ln73_fu_225982_p2      |         +|   0|  0|  29|          22|          22|
    |sub_ln73_100_fu_227908_p2  |         -|   0|  0|  32|          25|          25|
    |sub_ln73_101_fu_228109_p2  |         -|   0|  0|  33|          26|          26|
    |sub_ln73_102_fu_228824_p2  |         -|   0|  0|  32|          25|          25|
    |sub_ln73_89_fu_226194_p2   |         -|   0|  0|  27|          20|          20|
    |sub_ln73_90_fu_226315_p2   |         -|   0|  0|  33|          26|          26|
    |sub_ln73_91_fu_226335_p2   |         -|   0|  0|  33|          26|          26|
    |sub_ln73_92_fu_225122_p2   |         -|   0|  0|  32|          25|          25|
    |sub_ln73_93_fu_225188_p2   |         -|   0|  0|  32|          25|          25|
    |sub_ln73_94_fu_225238_p2   |         -|   0|  0|  26|          19|          19|
    |sub_ln73_95_fu_225296_p2   |         -|   0|  0|  32|          25|          25|
    |sub_ln73_96_fu_227301_p2   |         -|   0|  0|  26|           1|          26|
    |sub_ln73_97_fu_227318_p2   |         -|   0|  0|  26|          26|          26|
    |sub_ln73_98_fu_227439_p2   |         -|   0|  0|  33|          26|          26|
    |sub_ln73_99_fu_227822_p2   |         -|   0|  0|  27|           1|          20|
    |sub_ln73_fu_225860_p2      |         -|   0|  0|  32|          25|          25|
    |ap_enable_pp0              |       xor|   0|  0|   2|           1|           2|
    +---------------------------+----------+----+---+----+------------+------------+
    |Total                      |          |   0|  0|5033|        4470|        4039|
    +---------------------------+----------+----+---+----+------------+------------+

    * Multiplexer: 
    N/A

    * Register: 
    +--------------------------+----+----+-----+-----------+
    |           Name           | FF | LUT| Bits| Const Bits|
    +--------------------------+----+----+-----+-----------+
    |a_10_reg_230864           |  16|   0|   16|          0|
    |a_11_reg_230877           |  16|   0|   16|          0|
    |a_12_reg_230884           |  16|   0|   16|          0|
    |a_13_reg_230897           |  16|   0|   16|          0|
    |a_14_reg_230912           |  16|   0|   16|          0|
    |a_15_reg_230942           |  16|   0|   16|          0|
    |a_2_reg_230772            |  16|   0|   16|          0|
    |a_3_reg_230785            |  16|   0|   16|          0|
    |a_4_reg_230799            |  16|   0|   16|          0|
    |a_5_reg_230810            |  16|   0|   16|          0|
    |a_6_reg_230816            |  16|   0|   16|          0|
    |a_7_reg_230827            |  16|   0|   16|          0|
    |a_8_reg_230838            |  16|   0|   16|          0|
    |a_9_reg_230851            |  16|   0|   16|          0|
    |a_reg_230762              |  16|   0|   16|          0|
    |add_ln58_848_reg_231056   |  15|   0|   15|          0|
    |ap_CS_fsm                 |   1|   0|    1|          0|
    |ap_enable_reg_pp0_iter1   |   1|   0|    1|          0|
    |mult_785_reg_230805       |  15|   0|   15|          0|
    |mult_814_reg_230822       |  15|   0|   15|          0|
    |mult_825_reg_230833       |   9|   0|    9|          0|
    |mult_831_reg_230846       |  15|   0|   15|          0|
    |mult_905_reg_230927       |  15|   0|   15|          0|
    |mult_913_reg_230932       |  15|   0|   15|          0|
    |mult_914_reg_230937       |  11|   0|   11|          0|
    |mult_925_reg_230979       |  16|   0|   16|          0|
    |mult_928_reg_230984       |  16|   0|   16|          0|
    |mult_929_reg_230989       |  16|   0|   16|          0|
    |mult_934_reg_230994       |  16|   0|   16|          0|
    |mult_953_reg_230999       |  16|   0|   16|          0|
    |mult_957_reg_231024       |  16|   0|   16|          0|
    |mult_960_reg_231029       |  15|   0|   15|          0|
    |mult_961_reg_231034       |  16|   0|   16|          0|
    |mult_967_reg_231046       |  14|   0|   14|          0|
    |mult_969_reg_231051       |  15|   0|   15|          0|
    |sext_ln70_260_reg_230918  |  25|   0|   25|          0|
    |sext_ln70_262_reg_230947  |  26|   0|   26|          0|
    |sext_ln70_264_reg_231004  |  25|   0|   25|          0|
    |sext_ln70_265_reg_231011  |  26|   0|   26|          0|
    |tmp_174_reg_230780        |  16|   0|   16|          0|
    |tmp_176_reg_230792        |  16|   0|   16|          0|
    |tmp_191_reg_230858        |  16|   0|   16|          0|
    |tmp_194_reg_230871        |  16|   0|   16|          0|
    |tmp_197_reg_230890        |  16|   0|   16|          0|
    |tmp_201_reg_230903        |  16|   0|   16|          0|
    |tmp_209_reg_231039        |  16|   0|   16|          0|
    +--------------------------+----+----+-----+-----------+
    |Total                     | 722|   0|  722|          0|
    +--------------------------+----+----+-----+-----------+



================================================================
== Interface
================================================================
* Summary: 
+--------------+-----+-----+------------+----------------------------------------------------------------------------+--------------+
|   RTL Ports  | Dir | Bits|  Protocol  |                                Source Object                               |    C Type    |
+--------------+-----+-----+------------+----------------------------------------------------------------------------+--------------+
|ap_clk        |   in|    1|  ap_ctrl_hs|  dense_latency<ap_fixed<16, 6, 5, 3, 0>, ap_fixed<16, 6, 5, 3, 0>, config2>|  return value|
|ap_rst        |   in|    1|  ap_ctrl_hs|  dense_latency<ap_fixed<16, 6, 5, 3, 0>, ap_fixed<16, 6, 5, 3, 0>, config2>|  return value|
|ap_start      |   in|    1|  ap_ctrl_hs|  dense_latency<ap_fixed<16, 6, 5, 3, 0>, ap_fixed<16, 6, 5, 3, 0>, config2>|  return value|
|ap_done       |  out|    1|  ap_ctrl_hs|  dense_latency<ap_fixed<16, 6, 5, 3, 0>, ap_fixed<16, 6, 5, 3, 0>, config2>|  return value|
|ap_idle       |  out|    1|  ap_ctrl_hs|  dense_latency<ap_fixed<16, 6, 5, 3, 0>, ap_fixed<16, 6, 5, 3, 0>, config2>|  return value|
|ap_ready      |  out|    1|  ap_ctrl_hs|  dense_latency<ap_fixed<16, 6, 5, 3, 0>, ap_fixed<16, 6, 5, 3, 0>, config2>|  return value|
|ap_ce         |   in|    1|  ap_ctrl_hs|  dense_latency<ap_fixed<16, 6, 5, 3, 0>, ap_fixed<16, 6, 5, 3, 0>, config2>|  return value|
|ap_return_0   |  out|   16|  ap_ctrl_hs|  dense_latency<ap_fixed<16, 6, 5, 3, 0>, ap_fixed<16, 6, 5, 3, 0>, config2>|  return value|
|ap_return_1   |  out|   16|  ap_ctrl_hs|  dense_latency<ap_fixed<16, 6, 5, 3, 0>, ap_fixed<16, 6, 5, 3, 0>, config2>|  return value|
|ap_return_2   |  out|   16|  ap_ctrl_hs|  dense_latency<ap_fixed<16, 6, 5, 3, 0>, ap_fixed<16, 6, 5, 3, 0>, config2>|  return value|
|ap_return_3   |  out|   16|  ap_ctrl_hs|  dense_latency<ap_fixed<16, 6, 5, 3, 0>, ap_fixed<16, 6, 5, 3, 0>, config2>|  return value|
|ap_return_4   |  out|   16|  ap_ctrl_hs|  dense_latency<ap_fixed<16, 6, 5, 3, 0>, ap_fixed<16, 6, 5, 3, 0>, config2>|  return value|
|ap_return_5   |  out|   16|  ap_ctrl_hs|  dense_latency<ap_fixed<16, 6, 5, 3, 0>, ap_fixed<16, 6, 5, 3, 0>, config2>|  return value|
|ap_return_6   |  out|   16|  ap_ctrl_hs|  dense_latency<ap_fixed<16, 6, 5, 3, 0>, ap_fixed<16, 6, 5, 3, 0>, config2>|  return value|
|ap_return_7   |  out|   16|  ap_ctrl_hs|  dense_latency<ap_fixed<16, 6, 5, 3, 0>, ap_fixed<16, 6, 5, 3, 0>, config2>|  return value|
|ap_return_8   |  out|   16|  ap_ctrl_hs|  dense_latency<ap_fixed<16, 6, 5, 3, 0>, ap_fixed<16, 6, 5, 3, 0>, config2>|  return value|
|ap_return_9   |  out|   16|  ap_ctrl_hs|  dense_latency<ap_fixed<16, 6, 5, 3, 0>, ap_fixed<16, 6, 5, 3, 0>, config2>|  return value|
|ap_return_10  |  out|   16|  ap_ctrl_hs|  dense_latency<ap_fixed<16, 6, 5, 3, 0>, ap_fixed<16, 6, 5, 3, 0>, config2>|  return value|
|ap_return_11  |  out|   16|  ap_ctrl_hs|  dense_latency<ap_fixed<16, 6, 5, 3, 0>, ap_fixed<16, 6, 5, 3, 0>, config2>|  return value|
|ap_return_12  |  out|   16|  ap_ctrl_hs|  dense_latency<ap_fixed<16, 6, 5, 3, 0>, ap_fixed<16, 6, 5, 3, 0>, config2>|  return value|
|ap_return_13  |  out|   16|  ap_ctrl_hs|  dense_latency<ap_fixed<16, 6, 5, 3, 0>, ap_fixed<16, 6, 5, 3, 0>, config2>|  return value|
|ap_return_14  |  out|   16|  ap_ctrl_hs|  dense_latency<ap_fixed<16, 6, 5, 3, 0>, ap_fixed<16, 6, 5, 3, 0>, config2>|  return value|
|ap_return_15  |  out|   16|  ap_ctrl_hs|  dense_latency<ap_fixed<16, 6, 5, 3, 0>, ap_fixed<16, 6, 5, 3, 0>, config2>|  return value|
|ap_return_16  |  out|   16|  ap_ctrl_hs|  dense_latency<ap_fixed<16, 6, 5, 3, 0>, ap_fixed<16, 6, 5, 3, 0>, config2>|  return value|
|ap_return_17  |  out|   16|  ap_ctrl_hs|  dense_latency<ap_fixed<16, 6, 5, 3, 0>, ap_fixed<16, 6, 5, 3, 0>, config2>|  return value|
|ap_return_18  |  out|   16|  ap_ctrl_hs|  dense_latency<ap_fixed<16, 6, 5, 3, 0>, ap_fixed<16, 6, 5, 3, 0>, config2>|  return value|
|ap_return_19  |  out|   16|  ap_ctrl_hs|  dense_latency<ap_fixed<16, 6, 5, 3, 0>, ap_fixed<16, 6, 5, 3, 0>, config2>|  return value|
|ap_return_20  |  out|   16|  ap_ctrl_hs|  dense_latency<ap_fixed<16, 6, 5, 3, 0>, ap_fixed<16, 6, 5, 3, 0>, config2>|  return value|
|ap_return_21  |  out|   16|  ap_ctrl_hs|  dense_latency<ap_fixed<16, 6, 5, 3, 0>, ap_fixed<16, 6, 5, 3, 0>, config2>|  return value|
|ap_return_22  |  out|   16|  ap_ctrl_hs|  dense_latency<ap_fixed<16, 6, 5, 3, 0>, ap_fixed<16, 6, 5, 3, 0>, config2>|  return value|
|ap_return_23  |  out|   16|  ap_ctrl_hs|  dense_latency<ap_fixed<16, 6, 5, 3, 0>, ap_fixed<16, 6, 5, 3, 0>, config2>|  return value|
|ap_return_24  |  out|   16|  ap_ctrl_hs|  dense_latency<ap_fixed<16, 6, 5, 3, 0>, ap_fixed<16, 6, 5, 3, 0>, config2>|  return value|
|ap_return_25  |  out|   16|  ap_ctrl_hs|  dense_latency<ap_fixed<16, 6, 5, 3, 0>, ap_fixed<16, 6, 5, 3, 0>, config2>|  return value|
|ap_return_26  |  out|   16|  ap_ctrl_hs|  dense_latency<ap_fixed<16, 6, 5, 3, 0>, ap_fixed<16, 6, 5, 3, 0>, config2>|  return value|
|ap_return_27  |  out|   16|  ap_ctrl_hs|  dense_latency<ap_fixed<16, 6, 5, 3, 0>, ap_fixed<16, 6, 5, 3, 0>, config2>|  return value|
|ap_return_28  |  out|   16|  ap_ctrl_hs|  dense_latency<ap_fixed<16, 6, 5, 3, 0>, ap_fixed<16, 6, 5, 3, 0>, config2>|  return value|
|ap_return_29  |  out|   16|  ap_ctrl_hs|  dense_latency<ap_fixed<16, 6, 5, 3, 0>, ap_fixed<16, 6, 5, 3, 0>, config2>|  return value|
|ap_return_30  |  out|   16|  ap_ctrl_hs|  dense_latency<ap_fixed<16, 6, 5, 3, 0>, ap_fixed<16, 6, 5, 3, 0>, config2>|  return value|
|ap_return_31  |  out|   16|  ap_ctrl_hs|  dense_latency<ap_fixed<16, 6, 5, 3, 0>, ap_fixed<16, 6, 5, 3, 0>, config2>|  return value|
|ap_return_32  |  out|   16|  ap_ctrl_hs|  dense_latency<ap_fixed<16, 6, 5, 3, 0>, ap_fixed<16, 6, 5, 3, 0>, config2>|  return value|
|ap_return_33  |  out|   16|  ap_ctrl_hs|  dense_latency<ap_fixed<16, 6, 5, 3, 0>, ap_fixed<16, 6, 5, 3, 0>, config2>|  return value|
|ap_return_34  |  out|   16|  ap_ctrl_hs|  dense_latency<ap_fixed<16, 6, 5, 3, 0>, ap_fixed<16, 6, 5, 3, 0>, config2>|  return value|
|ap_return_35  |  out|   16|  ap_ctrl_hs|  dense_latency<ap_fixed<16, 6, 5, 3, 0>, ap_fixed<16, 6, 5, 3, 0>, config2>|  return value|
|ap_return_36  |  out|   16|  ap_ctrl_hs|  dense_latency<ap_fixed<16, 6, 5, 3, 0>, ap_fixed<16, 6, 5, 3, 0>, config2>|  return value|
|ap_return_37  |  out|   16|  ap_ctrl_hs|  dense_latency<ap_fixed<16, 6, 5, 3, 0>, ap_fixed<16, 6, 5, 3, 0>, config2>|  return value|
|ap_return_38  |  out|   16|  ap_ctrl_hs|  dense_latency<ap_fixed<16, 6, 5, 3, 0>, ap_fixed<16, 6, 5, 3, 0>, config2>|  return value|
|ap_return_39  |  out|   16|  ap_ctrl_hs|  dense_latency<ap_fixed<16, 6, 5, 3, 0>, ap_fixed<16, 6, 5, 3, 0>, config2>|  return value|
|ap_return_40  |  out|   16|  ap_ctrl_hs|  dense_latency<ap_fixed<16, 6, 5, 3, 0>, ap_fixed<16, 6, 5, 3, 0>, config2>|  return value|
|ap_return_41  |  out|   16|  ap_ctrl_hs|  dense_latency<ap_fixed<16, 6, 5, 3, 0>, ap_fixed<16, 6, 5, 3, 0>, config2>|  return value|
|ap_return_42  |  out|   16|  ap_ctrl_hs|  dense_latency<ap_fixed<16, 6, 5, 3, 0>, ap_fixed<16, 6, 5, 3, 0>, config2>|  return value|
|ap_return_43  |  out|   16|  ap_ctrl_hs|  dense_latency<ap_fixed<16, 6, 5, 3, 0>, ap_fixed<16, 6, 5, 3, 0>, config2>|  return value|
|ap_return_44  |  out|   16|  ap_ctrl_hs|  dense_latency<ap_fixed<16, 6, 5, 3, 0>, ap_fixed<16, 6, 5, 3, 0>, config2>|  return value|
|ap_return_45  |  out|   16|  ap_ctrl_hs|  dense_latency<ap_fixed<16, 6, 5, 3, 0>, ap_fixed<16, 6, 5, 3, 0>, config2>|  return value|
|ap_return_46  |  out|   16|  ap_ctrl_hs|  dense_latency<ap_fixed<16, 6, 5, 3, 0>, ap_fixed<16, 6, 5, 3, 0>, config2>|  return value|
|ap_return_47  |  out|   16|  ap_ctrl_hs|  dense_latency<ap_fixed<16, 6, 5, 3, 0>, ap_fixed<16, 6, 5, 3, 0>, config2>|  return value|
|ap_return_48  |  out|   16|  ap_ctrl_hs|  dense_latency<ap_fixed<16, 6, 5, 3, 0>, ap_fixed<16, 6, 5, 3, 0>, config2>|  return value|
|ap_return_49  |  out|   16|  ap_ctrl_hs|  dense_latency<ap_fixed<16, 6, 5, 3, 0>, ap_fixed<16, 6, 5, 3, 0>, config2>|  return value|
|ap_return_50  |  out|   16|  ap_ctrl_hs|  dense_latency<ap_fixed<16, 6, 5, 3, 0>, ap_fixed<16, 6, 5, 3, 0>, config2>|  return value|
|ap_return_51  |  out|   16|  ap_ctrl_hs|  dense_latency<ap_fixed<16, 6, 5, 3, 0>, ap_fixed<16, 6, 5, 3, 0>, config2>|  return value|
|ap_return_52  |  out|   16|  ap_ctrl_hs|  dense_latency<ap_fixed<16, 6, 5, 3, 0>, ap_fixed<16, 6, 5, 3, 0>, config2>|  return value|
|ap_return_53  |  out|   16|  ap_ctrl_hs|  dense_latency<ap_fixed<16, 6, 5, 3, 0>, ap_fixed<16, 6, 5, 3, 0>, config2>|  return value|
|ap_return_54  |  out|   16|  ap_ctrl_hs|  dense_latency<ap_fixed<16, 6, 5, 3, 0>, ap_fixed<16, 6, 5, 3, 0>, config2>|  return value|
|ap_return_55  |  out|   16|  ap_ctrl_hs|  dense_latency<ap_fixed<16, 6, 5, 3, 0>, ap_fixed<16, 6, 5, 3, 0>, config2>|  return value|
|ap_return_56  |  out|   16|  ap_ctrl_hs|  dense_latency<ap_fixed<16, 6, 5, 3, 0>, ap_fixed<16, 6, 5, 3, 0>, config2>|  return value|
|ap_return_57  |  out|   16|  ap_ctrl_hs|  dense_latency<ap_fixed<16, 6, 5, 3, 0>, ap_fixed<16, 6, 5, 3, 0>, config2>|  return value|
|ap_return_58  |  out|   16|  ap_ctrl_hs|  dense_latency<ap_fixed<16, 6, 5, 3, 0>, ap_fixed<16, 6, 5, 3, 0>, config2>|  return value|
|ap_return_59  |  out|   16|  ap_ctrl_hs|  dense_latency<ap_fixed<16, 6, 5, 3, 0>, ap_fixed<16, 6, 5, 3, 0>, config2>|  return value|
|ap_return_60  |  out|   16|  ap_ctrl_hs|  dense_latency<ap_fixed<16, 6, 5, 3, 0>, ap_fixed<16, 6, 5, 3, 0>, config2>|  return value|
|empty         |   in|  256|     ap_none|                                                                       empty|        scalar|
+--------------+-----+-----+------------+----------------------------------------------------------------------------+--------------+

