

================================================================
== Vitis HLS Report for 'dense_latency_ap_fixed_16_6_5_3_0_ap_fixed_16_6_5_3_0_config8_s'
================================================================
* Date:           Fri Oct 17 10:56:27 2025

* Version:        2023.2 (Build 4023990 on Oct 11 2023)
* Project:        myproject_prj
* Solution:       solution1 (Vivado IP Flow Target)
* Product family: virtexuplus
* Target device:  xcu250-figd2104-2L-e


================================================================
== Performance Estimates
================================================================
+ Timing: 
    * Summary: 
    +--------+---------+----------+------------+
    |  Clock |  Target | Estimated| Uncertainty|
    +--------+---------+----------+------------+
    |ap_clk  |  5.00 ns|  3.490 ns|     1.35 ns|
    +--------+---------+----------+------------+

+ Latency: 
    * Summary: 
    +---------+---------+----------+----------+-----+-----+---------+
    |  Latency (cycles) |  Latency (absolute) |  Interval | Pipeline|
    |   min   |   max   |    min   |    max   | min | max |   Type  |
    +---------+---------+----------+----------+-----+-----+---------+
    |        1|        1|  5.000 ns|  5.000 ns|    1|    1|      yes|
    +---------+---------+----------+----------+-----+-----+---------+

    + Detail: 
        * Instance: 
        N/A

        * Loop: 
        N/A



================================================================
== Utilization Estimates
================================================================
* Summary: 
+---------------------+---------+-------+---------+---------+------+
|         Name        | BRAM_18K|  DSP  |    FF   |   LUT   | URAM |
+---------------------+---------+-------+---------+---------+------+
|DSP                  |        -|      -|        -|        -|     -|
|Expression           |        -|      -|        0|     4747|     -|
|FIFO                 |        -|      -|        -|        -|     -|
|Instance             |        -|    194|        0|      970|     -|
|Memory               |        -|      -|        -|        -|     -|
|Multiplexer          |        -|      -|        -|      350|     -|
|Register             |        -|      -|     1433|        -|     -|
+---------------------+---------+-------+---------+---------+------+
|Total                |        0|    194|     1433|     6067|     0|
+---------------------+---------+-------+---------+---------+------+
|Available SLR        |     1344|   3072|   864000|   432000|   320|
+---------------------+---------+-------+---------+---------+------+
|Utilization SLR (%)  |        0|      6|       ~0|        1|     0|
+---------------------+---------+-------+---------+---------+------+
|Available            |     5376|  12288|  3456000|  1728000|  1280|
+---------------------+---------+-------+---------+---------+------+
|Utilization (%)      |        0|      1|       ~0|       ~0|     0|
+---------------------+---------+-------+---------+---------+------+

+ Detail: 
    * Instance: 
    +---------------------------+---------------------+---------+----+---+----+-----+
    |          Instance         |        Module       | BRAM_18K| DSP| FF| LUT| URAM|
    +---------------------------+---------------------+---------+----+---+----+-----+
    |mul_16s_10ns_26_1_0_U820   |mul_16s_10ns_26_1_0  |        0|   1|  0|   5|    0|
    |mul_16s_10ns_26_1_0_U823   |mul_16s_10ns_26_1_0  |        0|   1|  0|   5|    0|
    |mul_16s_10ns_26_1_0_U830   |mul_16s_10ns_26_1_0  |        0|   1|  0|   5|    0|
    |mul_16s_10ns_26_1_0_U848   |mul_16s_10ns_26_1_0  |        0|   1|  0|   5|    0|
    |mul_16s_10ns_26_1_0_U852   |mul_16s_10ns_26_1_0  |        0|   1|  0|   5|    0|
    |mul_16s_10ns_26_1_0_U854   |mul_16s_10ns_26_1_0  |        0|   1|  0|   5|    0|
    |mul_16s_10ns_26_1_0_U855   |mul_16s_10ns_26_1_0  |        0|   1|  0|   5|    0|
    |mul_16s_10ns_26_1_0_U856   |mul_16s_10ns_26_1_0  |        0|   1|  0|   5|    0|
    |mul_16s_10ns_26_1_0_U857   |mul_16s_10ns_26_1_0  |        0|   1|  0|   5|    0|
    |mul_16s_10ns_26_1_0_U859   |mul_16s_10ns_26_1_0  |        0|   1|  0|   5|    0|
    |mul_16s_10ns_26_1_0_U861   |mul_16s_10ns_26_1_0  |        0|   1|  0|   5|    0|
    |mul_16s_10ns_26_1_0_U869   |mul_16s_10ns_26_1_0  |        0|   1|  0|   5|    0|
    |mul_16s_10ns_26_1_0_U870   |mul_16s_10ns_26_1_0  |        0|   1|  0|   5|    0|
    |mul_16s_10ns_26_1_0_U872   |mul_16s_10ns_26_1_0  |        0|   1|  0|   5|    0|
    |mul_16s_10ns_26_1_0_U874   |mul_16s_10ns_26_1_0  |        0|   1|  0|   5|    0|
    |mul_16s_10ns_26_1_0_U875   |mul_16s_10ns_26_1_0  |        0|   1|  0|   5|    0|
    |mul_16s_10ns_26_1_0_U880   |mul_16s_10ns_26_1_0  |        0|   1|  0|   5|    0|
    |mul_16s_10ns_26_1_0_U883   |mul_16s_10ns_26_1_0  |        0|   1|  0|   5|    0|
    |mul_16s_10ns_26_1_0_U888   |mul_16s_10ns_26_1_0  |        0|   1|  0|   5|    0|
    |mul_16s_10ns_26_1_0_U890   |mul_16s_10ns_26_1_0  |        0|   1|  0|   5|    0|
    |mul_16s_10ns_26_1_0_U891   |mul_16s_10ns_26_1_0  |        0|   1|  0|   5|    0|
    |mul_16s_10ns_26_1_0_U895   |mul_16s_10ns_26_1_0  |        0|   1|  0|   5|    0|
    |mul_16s_10ns_26_1_0_U896   |mul_16s_10ns_26_1_0  |        0|   1|  0|   5|    0|
    |mul_16s_10ns_26_1_0_U898   |mul_16s_10ns_26_1_0  |        0|   1|  0|   5|    0|
    |mul_16s_10ns_26_1_0_U900   |mul_16s_10ns_26_1_0  |        0|   1|  0|   5|    0|
    |mul_16s_10ns_26_1_0_U901   |mul_16s_10ns_26_1_0  |        0|   1|  0|   5|    0|
    |mul_16s_10ns_26_1_0_U902   |mul_16s_10ns_26_1_0  |        0|   1|  0|   5|    0|
    |mul_16s_10ns_26_1_0_U907   |mul_16s_10ns_26_1_0  |        0|   1|  0|   5|    0|
    |mul_16s_10ns_26_1_0_U912   |mul_16s_10ns_26_1_0  |        0|   1|  0|   5|    0|
    |mul_16s_10ns_26_1_0_U916   |mul_16s_10ns_26_1_0  |        0|   1|  0|   5|    0|
    |mul_16s_10ns_26_1_0_U920   |mul_16s_10ns_26_1_0  |        0|   1|  0|   5|    0|
    |mul_16s_10ns_26_1_0_U921   |mul_16s_10ns_26_1_0  |        0|   1|  0|   5|    0|
    |mul_16s_10ns_26_1_0_U923   |mul_16s_10ns_26_1_0  |        0|   1|  0|   5|    0|
    |mul_16s_10ns_26_1_0_U925   |mul_16s_10ns_26_1_0  |        0|   1|  0|   5|    0|
    |mul_16s_10ns_26_1_0_U929   |mul_16s_10ns_26_1_0  |        0|   1|  0|   5|    0|
    |mul_16s_10ns_26_1_0_U932   |mul_16s_10ns_26_1_0  |        0|   1|  0|   5|    0|
    |mul_16s_10ns_26_1_0_U940   |mul_16s_10ns_26_1_0  |        0|   1|  0|   5|    0|
    |mul_16s_10ns_26_1_0_U945   |mul_16s_10ns_26_1_0  |        0|   1|  0|   5|    0|
    |mul_16s_10ns_26_1_0_U948   |mul_16s_10ns_26_1_0  |        0|   1|  0|   5|    0|
    |mul_16s_10ns_26_1_0_U949   |mul_16s_10ns_26_1_0  |        0|   1|  0|   5|    0|
    |mul_16s_10ns_26_1_0_U950   |mul_16s_10ns_26_1_0  |        0|   1|  0|   5|    0|
    |mul_16s_10ns_26_1_0_U951   |mul_16s_10ns_26_1_0  |        0|   1|  0|   5|    0|
    |mul_16s_10ns_26_1_0_U953   |mul_16s_10ns_26_1_0  |        0|   1|  0|   5|    0|
    |mul_16s_10ns_26_1_0_U954   |mul_16s_10ns_26_1_0  |        0|   1|  0|   5|    0|
    |mul_16s_10ns_26_1_0_U955   |mul_16s_10ns_26_1_0  |        0|   1|  0|   5|    0|
    |mul_16s_10ns_26_1_0_U957   |mul_16s_10ns_26_1_0  |        0|   1|  0|   5|    0|
    |mul_16s_10ns_26_1_0_U958   |mul_16s_10ns_26_1_0  |        0|   1|  0|   5|    0|
    |mul_16s_10ns_26_1_0_U960   |mul_16s_10ns_26_1_0  |        0|   1|  0|   5|    0|
    |mul_16s_10ns_26_1_0_U961   |mul_16s_10ns_26_1_0  |        0|   1|  0|   5|    0|
    |mul_16s_10ns_26_1_0_U970   |mul_16s_10ns_26_1_0  |        0|   1|  0|   5|    0|
    |mul_16s_10ns_26_1_0_U971   |mul_16s_10ns_26_1_0  |        0|   1|  0|   5|    0|
    |mul_16s_10ns_26_1_0_U973   |mul_16s_10ns_26_1_0  |        0|   1|  0|   5|    0|
    |mul_16s_10ns_26_1_0_U994   |mul_16s_10ns_26_1_0  |        0|   1|  0|   5|    0|
    |mul_16s_10ns_26_1_0_U998   |mul_16s_10ns_26_1_0  |        0|   1|  0|   5|    0|
    |mul_16s_10ns_26_1_0_U1000  |mul_16s_10ns_26_1_0  |        0|   1|  0|   5|    0|
    |mul_16s_10s_26_1_0_U827    |mul_16s_10s_26_1_0   |        0|   1|  0|   5|    0|
    |mul_16s_10s_26_1_0_U829    |mul_16s_10s_26_1_0   |        0|   1|  0|   5|    0|
    |mul_16s_10s_26_1_0_U831    |mul_16s_10s_26_1_0   |        0|   1|  0|   5|    0|
    |mul_16s_10s_26_1_0_U832    |mul_16s_10s_26_1_0   |        0|   1|  0|   5|    0|
    |mul_16s_10s_26_1_0_U833    |mul_16s_10s_26_1_0   |        0|   1|  0|   5|    0|
    |mul_16s_10s_26_1_0_U841    |mul_16s_10s_26_1_0   |        0|   1|  0|   5|    0|
    |mul_16s_10s_26_1_0_U842    |mul_16s_10s_26_1_0   |        0|   1|  0|   5|    0|
    |mul_16s_10s_26_1_0_U846    |mul_16s_10s_26_1_0   |        0|   1|  0|   5|    0|
    |mul_16s_10s_26_1_0_U847    |mul_16s_10s_26_1_0   |        0|   1|  0|   5|    0|
    |mul_16s_10s_26_1_0_U849    |mul_16s_10s_26_1_0   |        0|   1|  0|   5|    0|
    |mul_16s_10s_26_1_0_U851    |mul_16s_10s_26_1_0   |        0|   1|  0|   5|    0|
    |mul_16s_10s_26_1_0_U858    |mul_16s_10s_26_1_0   |        0|   1|  0|   5|    0|
    |mul_16s_10s_26_1_0_U860    |mul_16s_10s_26_1_0   |        0|   1|  0|   5|    0|
    |mul_16s_10s_26_1_0_U868    |mul_16s_10s_26_1_0   |        0|   1|  0|   5|    0|
    |mul_16s_10s_26_1_0_U871    |mul_16s_10s_26_1_0   |        0|   1|  0|   5|    0|
    |mul_16s_10s_26_1_0_U873    |mul_16s_10s_26_1_0   |        0|   1|  0|   5|    0|
    |mul_16s_10s_26_1_0_U878    |mul_16s_10s_26_1_0   |        0|   1|  0|   5|    0|
    |mul_16s_10s_26_1_0_U879    |mul_16s_10s_26_1_0   |        0|   1|  0|   5|    0|
    |mul_16s_10s_26_1_0_U882    |mul_16s_10s_26_1_0   |        0|   1|  0|   5|    0|
    |mul_16s_10s_26_1_0_U886    |mul_16s_10s_26_1_0   |        0|   1|  0|   5|    0|
    |mul_16s_10s_26_1_0_U911    |mul_16s_10s_26_1_0   |        0|   1|  0|   5|    0|
    |mul_16s_10s_26_1_0_U922    |mul_16s_10s_26_1_0   |        0|   1|  0|   5|    0|
    |mul_16s_10s_26_1_0_U924    |mul_16s_10s_26_1_0   |        0|   1|  0|   5|    0|
    |mul_16s_10s_26_1_0_U926    |mul_16s_10s_26_1_0   |        0|   1|  0|   5|    0|
    |mul_16s_10s_26_1_0_U928    |mul_16s_10s_26_1_0   |        0|   1|  0|   5|    0|
    |mul_16s_10s_26_1_0_U930    |mul_16s_10s_26_1_0   |        0|   1|  0|   5|    0|
    |mul_16s_10s_26_1_0_U935    |mul_16s_10s_26_1_0   |        0|   1|  0|   5|    0|
    |mul_16s_10s_26_1_0_U981    |mul_16s_10s_26_1_0   |        0|   1|  0|   5|    0|
    |mul_16s_10s_26_1_0_U982    |mul_16s_10s_26_1_0   |        0|   1|  0|   5|    0|
    |mul_16s_10s_26_1_0_U983    |mul_16s_10s_26_1_0   |        0|   1|  0|   5|    0|
    |mul_16s_10s_26_1_0_U985    |mul_16s_10s_26_1_0   |        0|   1|  0|   5|    0|
    |mul_16s_10s_26_1_0_U989    |mul_16s_10s_26_1_0   |        0|   1|  0|   5|    0|
    |mul_16s_10s_26_1_0_U990    |mul_16s_10s_26_1_0   |        0|   1|  0|   5|    0|
    |mul_16s_10s_26_1_0_U995    |mul_16s_10s_26_1_0   |        0|   1|  0|   5|    0|
    |mul_16s_10s_26_1_0_U1003   |mul_16s_10s_26_1_0   |        0|   1|  0|   5|    0|
    |mul_16s_10s_26_1_0_U1008   |mul_16s_10s_26_1_0   |        0|   1|  0|   5|    0|
    |mul_16s_11ns_26_1_0_U828   |mul_16s_11ns_26_1_0  |        0|   1|  0|   5|    0|
    |mul_16s_11ns_26_1_0_U838   |mul_16s_11ns_26_1_0  |        0|   1|  0|   5|    0|
    |mul_16s_11ns_26_1_0_U840   |mul_16s_11ns_26_1_0  |        0|   1|  0|   5|    0|
    |mul_16s_11ns_26_1_0_U843   |mul_16s_11ns_26_1_0  |        0|   1|  0|   5|    0|
    |mul_16s_11ns_26_1_0_U866   |mul_16s_11ns_26_1_0  |        0|   1|  0|   5|    0|
    |mul_16s_11ns_26_1_0_U884   |mul_16s_11ns_26_1_0  |        0|   1|  0|   5|    0|
    |mul_16s_11ns_26_1_0_U889   |mul_16s_11ns_26_1_0  |        0|   1|  0|   5|    0|
    |mul_16s_11ns_26_1_0_U899   |mul_16s_11ns_26_1_0  |        0|   1|  0|   5|    0|
    |mul_16s_11ns_26_1_0_U904   |mul_16s_11ns_26_1_0  |        0|   1|  0|   5|    0|
    |mul_16s_11ns_26_1_0_U906   |mul_16s_11ns_26_1_0  |        0|   1|  0|   5|    0|
    |mul_16s_11ns_26_1_0_U913   |mul_16s_11ns_26_1_0  |        0|   1|  0|   5|    0|
    |mul_16s_11ns_26_1_0_U914   |mul_16s_11ns_26_1_0  |        0|   1|  0|   5|    0|
    |mul_16s_11ns_26_1_0_U936   |mul_16s_11ns_26_1_0  |        0|   1|  0|   5|    0|
    |mul_16s_11ns_26_1_0_U942   |mul_16s_11ns_26_1_0  |        0|   1|  0|   5|    0|
    |mul_16s_11ns_26_1_0_U959   |mul_16s_11ns_26_1_0  |        0|   1|  0|   5|    0|
    |mul_16s_11ns_26_1_0_U974   |mul_16s_11ns_26_1_0  |        0|   1|  0|   5|    0|
    |mul_16s_11ns_26_1_0_U978   |mul_16s_11ns_26_1_0  |        0|   1|  0|   5|    0|
    |mul_16s_11ns_26_1_0_U979   |mul_16s_11ns_26_1_0  |        0|   1|  0|   5|    0|
    |mul_16s_11ns_26_1_0_U986   |mul_16s_11ns_26_1_0  |        0|   1|  0|   5|    0|
    |mul_16s_11ns_26_1_0_U988   |mul_16s_11ns_26_1_0  |        0|   1|  0|   5|    0|
    |mul_16s_11ns_26_1_0_U991   |mul_16s_11ns_26_1_0  |        0|   1|  0|   5|    0|
    |mul_16s_11ns_26_1_0_U992   |mul_16s_11ns_26_1_0  |        0|   1|  0|   5|    0|
    |mul_16s_11ns_26_1_0_U996   |mul_16s_11ns_26_1_0  |        0|   1|  0|   5|    0|
    |mul_16s_11ns_26_1_0_U999   |mul_16s_11ns_26_1_0  |        0|   1|  0|   5|    0|
    |mul_16s_11ns_26_1_0_U1009  |mul_16s_11ns_26_1_0  |        0|   1|  0|   5|    0|
    |mul_16s_11ns_26_1_0_U1010  |mul_16s_11ns_26_1_0  |        0|   1|  0|   5|    0|
    |mul_16s_11s_26_1_0_U817    |mul_16s_11s_26_1_0   |        0|   1|  0|   5|    0|
    |mul_16s_11s_26_1_0_U821    |mul_16s_11s_26_1_0   |        0|   1|  0|   5|    0|
    |mul_16s_11s_26_1_0_U836    |mul_16s_11s_26_1_0   |        0|   1|  0|   5|    0|
    |mul_16s_11s_26_1_0_U837    |mul_16s_11s_26_1_0   |        0|   1|  0|   5|    0|
    |mul_16s_11s_26_1_0_U850    |mul_16s_11s_26_1_0   |        0|   1|  0|   5|    0|
    |mul_16s_11s_26_1_0_U862    |mul_16s_11s_26_1_0   |        0|   1|  0|   5|    0|
    |mul_16s_11s_26_1_0_U876    |mul_16s_11s_26_1_0   |        0|   1|  0|   5|    0|
    |mul_16s_11s_26_1_0_U887    |mul_16s_11s_26_1_0   |        0|   1|  0|   5|    0|
    |mul_16s_11s_26_1_0_U909    |mul_16s_11s_26_1_0   |        0|   1|  0|   5|    0|
    |mul_16s_11s_26_1_0_U915    |mul_16s_11s_26_1_0   |        0|   1|  0|   5|    0|
    |mul_16s_11s_26_1_0_U918    |mul_16s_11s_26_1_0   |        0|   1|  0|   5|    0|
    |mul_16s_11s_26_1_0_U919    |mul_16s_11s_26_1_0   |        0|   1|  0|   5|    0|
    |mul_16s_11s_26_1_0_U934    |mul_16s_11s_26_1_0   |        0|   1|  0|   5|    0|
    |mul_16s_11s_26_1_0_U937    |mul_16s_11s_26_1_0   |        0|   1|  0|   5|    0|
    |mul_16s_11s_26_1_0_U943    |mul_16s_11s_26_1_0   |        0|   1|  0|   5|    0|
    |mul_16s_11s_26_1_0_U947    |mul_16s_11s_26_1_0   |        0|   1|  0|   5|    0|
    |mul_16s_11s_26_1_0_U952    |mul_16s_11s_26_1_0   |        0|   1|  0|   5|    0|
    |mul_16s_11s_26_1_0_U963    |mul_16s_11s_26_1_0   |        0|   1|  0|   5|    0|
    |mul_16s_11s_26_1_0_U965    |mul_16s_11s_26_1_0   |        0|   1|  0|   5|    0|
    |mul_16s_11s_26_1_0_U966    |mul_16s_11s_26_1_0   |        0|   1|  0|   5|    0|
    |mul_16s_11s_26_1_0_U967    |mul_16s_11s_26_1_0   |        0|   1|  0|   5|    0|
    |mul_16s_11s_26_1_0_U972    |mul_16s_11s_26_1_0   |        0|   1|  0|   5|    0|
    |mul_16s_11s_26_1_0_U976    |mul_16s_11s_26_1_0   |        0|   1|  0|   5|    0|
    |mul_16s_11s_26_1_0_U984    |mul_16s_11s_26_1_0   |        0|   1|  0|   5|    0|
    |mul_16s_11s_26_1_0_U1001   |mul_16s_11s_26_1_0   |        0|   1|  0|   5|    0|
    |mul_16s_11s_26_1_0_U1002   |mul_16s_11s_26_1_0   |        0|   1|  0|   5|    0|
    |mul_16s_11s_26_1_0_U1007   |mul_16s_11s_26_1_0   |        0|   1|  0|   5|    0|
    |mul_16s_12s_26_1_0_U822    |mul_16s_12s_26_1_0   |        0|   1|  0|   5|    0|
    |mul_16s_12s_26_1_0_U864    |mul_16s_12s_26_1_0   |        0|   1|  0|   5|    0|
    |mul_16s_12s_26_1_0_U910    |mul_16s_12s_26_1_0   |        0|   1|  0|   5|    0|
    |mul_16s_6ns_22_1_0_U964    |mul_16s_6ns_22_1_0   |        0|   1|  0|   5|    0|
    |mul_16s_6s_22_1_0_U939     |mul_16s_6s_22_1_0    |        0|   1|  0|   5|    0|
    |mul_16s_7ns_23_1_0_U844    |mul_16s_7ns_23_1_0   |        0|   1|  0|   5|    0|
    |mul_16s_7ns_23_1_0_U903    |mul_16s_7ns_23_1_0   |        0|   1|  0|   5|    0|
    |mul_16s_7ns_23_1_0_U980    |mul_16s_7ns_23_1_0   |        0|   1|  0|   5|    0|
    |mul_16s_7s_23_1_0_U835     |mul_16s_7s_23_1_0    |        0|   1|  0|   5|    0|
    |mul_16s_7s_23_1_0_U839     |mul_16s_7s_23_1_0    |        0|   1|  0|   5|    0|
    |mul_16s_8ns_24_1_0_U824    |mul_16s_8ns_24_1_0   |        0|   1|  0|   5|    0|
    |mul_16s_8ns_24_1_0_U825    |mul_16s_8ns_24_1_0   |        0|   1|  0|   5|    0|
    |mul_16s_8ns_24_1_0_U865    |mul_16s_8ns_24_1_0   |        0|   1|  0|   5|    0|
    |mul_16s_8ns_24_1_0_U908    |mul_16s_8ns_24_1_0   |        0|   1|  0|   5|    0|
    |mul_16s_8ns_24_1_0_U944    |mul_16s_8ns_24_1_0   |        0|   1|  0|   5|    0|
    |mul_16s_8s_24_1_0_U893     |mul_16s_8s_24_1_0    |        0|   1|  0|   5|    0|
    |mul_16s_8s_24_1_0_U905     |mul_16s_8s_24_1_0    |        0|   1|  0|   5|    0|
    |mul_16s_8s_24_1_0_U946     |mul_16s_8s_24_1_0    |        0|   1|  0|   5|    0|
    |mul_16s_9ns_25_1_0_U845    |mul_16s_9ns_25_1_0   |        0|   1|  0|   5|    0|
    |mul_16s_9ns_25_1_0_U863    |mul_16s_9ns_25_1_0   |        0|   1|  0|   5|    0|
    |mul_16s_9ns_25_1_0_U867    |mul_16s_9ns_25_1_0   |        0|   1|  0|   5|    0|
    |mul_16s_9ns_25_1_0_U877    |mul_16s_9ns_25_1_0   |        0|   1|  0|   5|    0|
    |mul_16s_9ns_25_1_0_U881    |mul_16s_9ns_25_1_0   |        0|   1|  0|   5|    0|
    |mul_16s_9ns_25_1_0_U885    |mul_16s_9ns_25_1_0   |        0|   1|  0|   5|    0|
    |mul_16s_9ns_25_1_0_U892    |mul_16s_9ns_25_1_0   |        0|   1|  0|   5|    0|
    |mul_16s_9ns_25_1_0_U894    |mul_16s_9ns_25_1_0   |        0|   1|  0|   5|    0|
    |mul_16s_9ns_25_1_0_U931    |mul_16s_9ns_25_1_0   |        0|   1|  0|   5|    0|
    |mul_16s_9ns_25_1_0_U933    |mul_16s_9ns_25_1_0   |        0|   1|  0|   5|    0|
    |mul_16s_9ns_25_1_0_U938    |mul_16s_9ns_25_1_0   |        0|   1|  0|   5|    0|
    |mul_16s_9ns_25_1_0_U941    |mul_16s_9ns_25_1_0   |        0|   1|  0|   5|    0|
    |mul_16s_9ns_25_1_0_U975    |mul_16s_9ns_25_1_0   |        0|   1|  0|   5|    0|
    |mul_16s_9ns_25_1_0_U997    |mul_16s_9ns_25_1_0   |        0|   1|  0|   5|    0|
    |mul_16s_9s_25_1_0_U818     |mul_16s_9s_25_1_0    |        0|   1|  0|   5|    0|
    |mul_16s_9s_25_1_0_U819     |mul_16s_9s_25_1_0    |        0|   1|  0|   5|    0|
    |mul_16s_9s_25_1_0_U826     |mul_16s_9s_25_1_0    |        0|   1|  0|   5|    0|
    |mul_16s_9s_25_1_0_U834     |mul_16s_9s_25_1_0    |        0|   1|  0|   5|    0|
    |mul_16s_9s_25_1_0_U853     |mul_16s_9s_25_1_0    |        0|   1|  0|   5|    0|
    |mul_16s_9s_25_1_0_U897     |mul_16s_9s_25_1_0    |        0|   1|  0|   5|    0|
    |mul_16s_9s_25_1_0_U917     |mul_16s_9s_25_1_0    |        0|   1|  0|   5|    0|
    |mul_16s_9s_25_1_0_U927     |mul_16s_9s_25_1_0    |        0|   1|  0|   5|    0|
    |mul_16s_9s_25_1_0_U956     |mul_16s_9s_25_1_0    |        0|   1|  0|   5|    0|
    |mul_16s_9s_25_1_0_U962     |mul_16s_9s_25_1_0    |        0|   1|  0|   5|    0|
    |mul_16s_9s_25_1_0_U968     |mul_16s_9s_25_1_0    |        0|   1|  0|   5|    0|
    |mul_16s_9s_25_1_0_U969     |mul_16s_9s_25_1_0    |        0|   1|  0|   5|    0|
    |mul_16s_9s_25_1_0_U977     |mul_16s_9s_25_1_0    |        0|   1|  0|   5|    0|
    |mul_16s_9s_25_1_0_U987     |mul_16s_9s_25_1_0    |        0|   1|  0|   5|    0|
    |mul_16s_9s_25_1_0_U993     |mul_16s_9s_25_1_0    |        0|   1|  0|   5|    0|
    |mul_16s_9s_25_1_0_U1004    |mul_16s_9s_25_1_0    |        0|   1|  0|   5|    0|
    |mul_16s_9s_25_1_0_U1005    |mul_16s_9s_25_1_0    |        0|   1|  0|   5|    0|
    |mul_16s_9s_25_1_0_U1006    |mul_16s_9s_25_1_0    |        0|   1|  0|   5|    0|
    +---------------------------+---------------------+---------+----+---+----+-----+
    |Total                      |                     |        0| 194|  0| 970|    0|
    +---------------------------+---------------------+---------+----+---+----+-----+

    * DSP: 
    N/A

    * Memory: 
    N/A

    * FIFO: 
    N/A

    * Expression: 
    +---------------------------+----------+----+---+----+------------+------------+
    |       Variable Name       | Operation| DSP| FF| LUT| Bitwidth P0| Bitwidth P1|
    +---------------------------+----------+----+---+----+------------+------------+
    |add_ln58_100_fu_169915_p2  |         +|   0|  0|  16|          16|          16|
    |add_ln58_101_fu_169921_p2  |         +|   0|  0|  16|          16|          16|
    |add_ln58_102_fu_169927_p2  |         +|   0|  0|  23|          16|           8|
    |add_ln58_103_fu_169932_p2  |         +|   0|  0|  16|          16|          16|
    |add_ln58_104_fu_169938_p2  |         +|   0|  0|  16|          16|          16|
    |add_ln58_105_fu_169944_p2  |         +|   0|  0|  16|          16|          16|
    |add_ln58_106_fu_169950_p2  |         +|   0|  0|  16|          16|          16|
    |add_ln58_107_fu_169956_p2  |         +|   0|  0|  16|          16|          16|
    |add_ln58_108_fu_169962_p2  |         +|   0|  0|  16|          16|          16|
    |add_ln58_109_fu_169968_p2  |         +|   0|  0|  16|          16|          16|
    |add_ln58_10_fu_167616_p2   |         +|   0|  0|  16|          16|           7|
    |add_ln58_110_fu_167940_p2  |         +|   0|  0|  23|          16|          16|
    |add_ln58_111_fu_169974_p2  |         +|   0|  0|  16|          16|          16|
    |add_ln58_112_fu_167946_p2  |         +|   0|  0|  16|          16|          16|
    |add_ln58_113_fu_167952_p2  |         +|   0|  0|  23|          16|           8|
    |add_ln58_114_fu_167958_p2  |         +|   0|  0|  16|          16|          16|
    |add_ln58_115_fu_169979_p2  |         +|   0|  0|  16|          16|          16|
    |add_ln58_116_fu_169984_p2  |         +|   0|  0|  16|          16|          16|
    |add_ln58_117_fu_169990_p2  |         +|   0|  0|  16|          16|          16|
    |add_ln58_118_fu_169996_p2  |         +|   0|  0|  16|          16|          16|
    |add_ln58_119_fu_167964_p2  |         +|   0|  0|  16|          16|          16|
    |add_ln58_11_fu_167622_p2   |         +|   0|  0|  16|          16|          16|
    |add_ln58_120_fu_167970_p2  |         +|   0|  0|  16|          16|          16|
    |add_ln58_121_fu_170002_p2  |         +|   0|  0|  16|          16|          16|
    |add_ln58_122_fu_167976_p2  |         +|   0|  0|  23|          16|          16|
    |add_ln58_123_fu_170007_p2  |         +|   0|  0|  16|          16|          16|
    |add_ln58_124_fu_167982_p2  |         +|   0|  0|  21|          14|           7|
    |add_ln58_125_fu_167992_p2  |         +|   0|  0|  23|          16|          16|
    |add_ln58_126_fu_170011_p2  |         +|   0|  0|  16|          16|          16|
    |add_ln58_127_fu_170016_p2  |         +|   0|  0|  16|          16|          16|
    |add_ln58_128_fu_170022_p2  |         +|   0|  0|  23|          16|          16|
    |add_ln58_129_fu_170028_p2  |         +|   0|  0|  23|          16|          16|
    |add_ln58_12_fu_167628_p2   |         +|   0|  0|  16|          16|          16|
    |add_ln58_130_fu_170034_p2  |         +|   0|  0|  16|          16|          16|
    |add_ln58_131_fu_167998_p2  |         +|   0|  0|  16|          16|          16|
    |add_ln58_132_fu_168004_p2  |         +|   0|  0|  23|          16|           9|
    |add_ln58_133_fu_168010_p2  |         +|   0|  0|  16|          16|          16|
    |add_ln58_134_fu_170040_p2  |         +|   0|  0|  16|          16|          16|
    |add_ln58_135_fu_170045_p2  |         +|   0|  0|  16|          16|          16|
    |add_ln58_136_fu_170051_p2  |         +|   0|  0|  16|          16|          16|
    |add_ln58_137_fu_168016_p2  |         +|   0|  0|  16|          16|          16|
    |add_ln58_138_fu_168022_p2  |         +|   0|  0|  16|          16|          16|
    |add_ln58_139_fu_170057_p2  |         +|   0|  0|  16|          16|          16|
    |add_ln58_13_fu_169694_p2   |         +|   0|  0|  16|          16|          16|
    |add_ln58_140_fu_168028_p2  |         +|   0|  0|  23|          16|          16|
    |add_ln58_141_fu_168034_p2  |         +|   0|  0|  16|          16|          16|
    |add_ln58_142_fu_168040_p2  |         +|   0|  0|  16|          16|           6|
    |add_ln58_143_fu_168046_p2  |         +|   0|  0|  16|          16|          16|
    |add_ln58_144_fu_168052_p2  |         +|   0|  0|  16|          16|          16|
    |add_ln58_145_fu_170062_p2  |         +|   0|  0|  16|          16|          16|
    |add_ln58_146_fu_170067_p2  |         +|   0|  0|  16|          16|          16|
    |add_ln58_147_fu_170073_p2  |         +|   0|  0|  16|          16|          16|
    |add_ln58_148_fu_170079_p2  |         +|   0|  0|  16|          16|          16|
    |add_ln58_149_fu_170085_p2  |         +|   0|  0|  16|          16|          16|
    |add_ln58_14_fu_169699_p2   |         +|   0|  0|  23|          16|          16|
    |add_ln58_150_fu_170090_p2  |         +|   0|  0|  16|          16|          16|
    |add_ln58_151_fu_168058_p2  |         +|   0|  0|  23|          16|          16|
    |add_ln58_152_fu_168064_p2  |         +|   0|  0|  16|          16|          16|
    |add_ln58_153_fu_168070_p2  |         +|   0|  0|  16|          16|           8|
    |add_ln58_154_fu_168076_p2  |         +|   0|  0|  16|          16|          16|
    |add_ln58_155_fu_168082_p2  |         +|   0|  0|  16|          16|          16|
    |add_ln58_156_fu_170096_p2  |         +|   0|  0|  16|          16|          16|
    |add_ln58_157_fu_170101_p2  |         +|   0|  0|  23|          16|          16|
    |add_ln58_158_fu_168088_p2  |         +|   0|  0|  16|          16|          16|
    |add_ln58_159_fu_168094_p2  |         +|   0|  0|  16|          16|          16|
    |add_ln58_15_fu_169705_p2   |         +|   0|  0|  23|          16|          16|
    |add_ln58_160_fu_170107_p2  |         +|   0|  0|  16|          16|          16|
    |add_ln58_161_fu_170112_p2  |         +|   0|  0|  16|          16|          16|
    |add_ln58_162_fu_168100_p2  |         +|   0|  0|  22|          15|           8|
    |add_ln58_163_fu_168110_p2  |         +|   0|  0|  23|          16|          16|
    |add_ln58_164_fu_170117_p2  |         +|   0|  0|  16|          16|          16|
    |add_ln58_165_fu_170122_p2  |         +|   0|  0|  16|          16|          16|
    |add_ln58_166_fu_170128_p2  |         +|   0|  0|  23|          16|          16|
    |add_ln58_167_fu_168116_p2  |         +|   0|  0|  23|          16|          16|
    |add_ln58_168_fu_170134_p2  |         +|   0|  0|  16|          16|          16|
    |add_ln58_169_fu_168122_p2  |         +|   0|  0|  16|          16|          16|
    |add_ln58_16_fu_169711_p2   |         +|   0|  0|  16|          16|          16|
    |add_ln58_170_fu_168128_p2  |         +|   0|  0|  23|          16|           7|
    |add_ln58_171_fu_168134_p2  |         +|   0|  0|  16|          16|          16|
    |add_ln58_172_fu_170139_p2  |         +|   0|  0|  16|          16|          16|
    |add_ln58_173_fu_170144_p2  |         +|   0|  0|  16|          16|          16|
    |add_ln58_174_fu_168140_p2  |         +|   0|  0|  23|          16|          16|
    |add_ln58_175_fu_170150_p2  |         +|   0|  0|  16|          16|          16|
    |add_ln58_176_fu_170155_p2  |         +|   0|  0|  16|          16|          16|
    |add_ln58_177_fu_168146_p2  |         +|   0|  0|  16|          16|          16|
    |add_ln58_178_fu_168152_p2  |         +|   0|  0|  16|          16|          16|
    |add_ln58_179_fu_170161_p2  |         +|   0|  0|  16|          16|          16|
    |add_ln58_17_fu_167634_p2   |         +|   0|  0|  16|          16|          16|
    |add_ln58_180_fu_170166_p2  |         +|   0|  0|  16|          16|          16|
    |add_ln58_181_fu_168158_p2  |         +|   0|  0|  23|          16|          16|
    |add_ln58_182_fu_168164_p2  |         +|   0|  0|  23|          16|          16|
    |add_ln58_183_fu_170172_p2  |         +|   0|  0|  16|          16|          16|
    |add_ln58_184_fu_168170_p2  |         +|   0|  0|  16|          16|          16|
    |add_ln58_185_fu_168176_p2  |         +|   0|  0|  16|          16|           8|
    |add_ln58_186_fu_168182_p2  |         +|   0|  0|  16|          16|          16|
    |add_ln58_187_fu_168188_p2  |         +|   0|  0|  16|          16|          16|
    |add_ln58_188_fu_170176_p2  |         +|   0|  0|  16|          16|          16|
    |add_ln58_189_fu_170181_p2  |         +|   0|  0|  16|          16|          16|
    |add_ln58_18_fu_167640_p2   |         +|   0|  0|  23|          16|           7|
    |add_ln58_190_fu_170187_p2  |         +|   0|  0|  23|          16|           8|
    |add_ln58_191_fu_170192_p2  |         +|   0|  0|  16|          16|          16|
    |add_ln58_192_fu_170198_p2  |         +|   0|  0|  16|          16|          16|
    |add_ln58_193_fu_168194_p2  |         +|   0|  0|  16|          16|          16|
    |add_ln58_194_fu_168200_p2  |         +|   0|  0|  16|          16|          16|
    |add_ln58_195_fu_170204_p2  |         +|   0|  0|  16|          16|          16|
    |add_ln58_196_fu_168206_p2  |         +|   0|  0|  23|          16|          16|
    |add_ln58_197_fu_168212_p2  |         +|   0|  0|  16|          16|          16|
    |add_ln58_198_fu_168218_p2  |         +|   0|  0|  16|          16|           8|
    |add_ln58_199_fu_168224_p2  |         +|   0|  0|  16|          16|          16|
    |add_ln58_19_fu_167646_p2   |         +|   0|  0|  16|          16|          16|
    |add_ln58_1_fu_169652_p2    |         +|   0|  0|  16|          16|           8|
    |add_ln58_200_fu_168230_p2  |         +|   0|  0|  16|          16|          16|
    |add_ln58_201_fu_170209_p2  |         +|   0|  0|  16|          16|          16|
    |add_ln58_202_fu_170214_p2  |         +|   0|  0|  23|          16|          16|
    |add_ln58_203_fu_168236_p2  |         +|   0|  0|  16|          16|          16|
    |add_ln58_204_fu_168242_p2  |         +|   0|  0|  16|          16|          16|
    |add_ln58_205_fu_170220_p2  |         +|   0|  0|  16|          16|          16|
    |add_ln58_206_fu_168248_p2  |         +|   0|  0|  16|          16|          16|
    |add_ln58_207_fu_168254_p2  |         +|   0|  0|  16|          16|           9|
    |add_ln58_208_fu_168260_p2  |         +|   0|  0|  16|          16|          16|
    |add_ln58_209_fu_168266_p2  |         +|   0|  0|  16|          16|          16|
    |add_ln58_20_fu_169717_p2   |         +|   0|  0|  16|          16|          16|
    |add_ln58_210_fu_170225_p2  |         +|   0|  0|  16|          16|          16|
    |add_ln58_211_fu_170230_p2  |         +|   0|  0|  16|          16|          16|
    |add_ln58_212_fu_170236_p2  |         +|   0|  0|  16|          16|          16|
    |add_ln58_213_fu_170242_p2  |         +|   0|  0|  16|          16|          16|
    |add_ln58_214_fu_170248_p2  |         +|   0|  0|  16|          16|          16|
    |add_ln58_215_fu_170254_p2  |         +|   0|  0|  16|          16|          16|
    |add_ln58_216_fu_168272_p2  |         +|   0|  0|  23|          16|          16|
    |add_ln58_217_fu_168278_p2  |         +|   0|  0|  16|          16|          16|
    |add_ln58_218_fu_168284_p2  |         +|   0|  0|  16|          16|           6|
    |add_ln58_219_fu_168290_p2  |         +|   0|  0|  16|          16|          16|
    |add_ln58_21_fu_167652_p2   |         +|   0|  0|  16|          16|          16|
    |add_ln58_220_fu_168296_p2  |         +|   0|  0|  16|          16|          16|
    |add_ln58_221_fu_170260_p2  |         +|   0|  0|  16|          16|          16|
    |add_ln58_22_fu_167658_p2   |         +|   0|  0|  23|          16|           8|
    |add_ln58_23_fu_167664_p2   |         +|   0|  0|  16|          16|          16|
    |add_ln58_24_fu_169722_p2   |         +|   0|  0|  21|          14|          14|
    |add_ln58_25_fu_169732_p2   |         +|   0|  0|  16|          16|          16|
    |add_ln58_26_fu_167670_p2   |         +|   0|  0|  16|          16|          16|
    |add_ln58_27_fu_167676_p2   |         +|   0|  0|  23|          16|           7|
    |add_ln58_28_fu_167682_p2   |         +|   0|  0|  16|          16|          16|
    |add_ln58_29_fu_169738_p2   |         +|   0|  0|  16|          16|          16|
    |add_ln58_2_fu_169658_p2    |         +|   0|  0|  16|          16|          16|
    |add_ln58_30_fu_167688_p2   |         +|   0|  0|  16|          15|          15|
    |add_ln58_31_fu_167694_p2   |         +|   0|  0|  19|          12|          12|
    |add_ln58_32_fu_167704_p2   |         +|   0|  0|  16|          15|          15|
    |add_ln58_33_fu_167714_p2   |         +|   0|  0|  23|          16|          16|
    |add_ln58_34_fu_167720_p2   |         +|   0|  0|  23|          16|          10|
    |add_ln58_35_fu_167726_p2   |         +|   0|  0|  16|          16|          16|
    |add_ln58_36_fu_167732_p2   |         +|   0|  0|  16|          16|          16|
    |add_ln58_37_fu_169743_p2   |         +|   0|  0|  23|          16|          16|
    |add_ln58_38_fu_169749_p2   |         +|   0|  0|  16|          16|          16|
    |add_ln58_39_fu_169755_p2   |         +|   0|  0|  16|          16|          16|
    |add_ln58_3_fu_169664_p2    |         +|   0|  0|  16|          16|          16|
    |add_ln58_40_fu_169761_p2   |         +|   0|  0|  16|          16|          16|
    |add_ln58_41_fu_167738_p2   |         +|   0|  0|  16|          16|          16|
    |add_ln58_42_fu_167744_p2   |         +|   0|  0|  16|          16|           6|
    |add_ln58_43_fu_167750_p2   |         +|   0|  0|  16|          16|          16|
    |add_ln58_44_fu_167756_p2   |         +|   0|  0|  16|          16|          16|
    |add_ln58_45_fu_169767_p2   |         +|   0|  0|  16|          16|          16|
    |add_ln58_46_fu_169772_p2   |         +|   0|  0|  23|          16|          16|
    |add_ln58_47_fu_169778_p2   |         +|   0|  0|  16|          16|          16|
    |add_ln58_48_fu_169784_p2   |         +|   0|  0|  16|          16|          16|
    |add_ln58_49_fu_169790_p2   |         +|   0|  0|  16|          16|          16|
    |add_ln58_4_fu_169670_p2    |         +|   0|  0|  23|          16|          16|
    |add_ln58_50_fu_167762_p2   |         +|   0|  0|  23|          16|          16|
    |add_ln58_51_fu_167768_p2   |         +|   0|  0|  16|          16|          16|
    |add_ln58_52_fu_167774_p2   |         +|   0|  0|  16|          16|           7|
    |add_ln58_53_fu_167780_p2   |         +|   0|  0|  16|          16|          16|
    |add_ln58_54_fu_167786_p2   |         +|   0|  0|  16|          16|          16|
    |add_ln58_55_fu_169796_p2   |         +|   0|  0|  16|          16|          16|
    |add_ln58_56_fu_169801_p2   |         +|   0|  0|  23|          16|          16|
    |add_ln58_57_fu_169807_p2   |         +|   0|  0|  23|          16|          16|
    |add_ln58_58_fu_169813_p2   |         +|   0|  0|  16|          16|          16|
    |add_ln58_59_fu_167792_p2   |         +|   0|  0|  16|          16|          16|
    |add_ln58_5_fu_169676_p2    |         +|   0|  0|  16|          16|          16|
    |add_ln58_60_fu_167798_p2   |         +|   0|  0|  16|          16|           9|
    |add_ln58_61_fu_167804_p2   |         +|   0|  0|  16|          16|          16|
    |add_ln58_62_fu_167810_p2   |         +|   0|  0|  16|          16|          16|
    |add_ln58_63_fu_169819_p2   |         +|   0|  0|  16|          16|          16|
    |add_ln58_64_fu_169824_p2   |         +|   0|  0|  16|          16|          16|
    |add_ln58_65_fu_169830_p2   |         +|   0|  0|  16|          16|          16|
    |add_ln58_66_fu_169836_p2   |         +|   0|  0|  16|          16|          16|
    |add_ln58_67_fu_167816_p2   |         +|   0|  0|  23|          16|          16|
    |add_ln58_68_fu_169842_p2   |         +|   0|  0|  16|          16|          16|
    |add_ln58_69_fu_169847_p2   |         +|   0|  0|  16|          16|          16|
    |add_ln58_6_fu_169682_p2    |         +|   0|  0|  16|          16|          16|
    |add_ln58_70_fu_167822_p2   |         +|   0|  0|  23|          16|          16|
    |add_ln58_71_fu_167828_p2   |         +|   0|  0|  23|          16|          16|
    |add_ln58_72_fu_167834_p2   |         +|   0|  0|  16|          16|          16|
    |add_ln58_73_fu_167840_p2   |         +|   0|  0|  16|          16|          16|
    |add_ln58_74_fu_167846_p2   |         +|   0|  0|  23|          16|           7|
    |add_ln58_75_fu_167852_p2   |         +|   0|  0|  16|          16|          16|
    |add_ln58_76_fu_167858_p2   |         +|   0|  0|  16|          16|          16|
    |add_ln58_77_fu_169853_p2   |         +|   0|  0|  16|          16|          16|
    |add_ln58_78_fu_169858_p2   |         +|   0|  0|  16|          16|          16|
    |add_ln58_79_fu_169864_p2   |         +|   0|  0|  16|          16|          16|
    |add_ln58_7_fu_169688_p2    |         +|   0|  0|  16|          16|          16|
    |add_ln58_80_fu_167864_p2   |         +|   0|  0|  16|          16|          16|
    |add_ln58_81_fu_167870_p2   |         +|   0|  0|  16|          16|          16|
    |add_ln58_82_fu_169870_p2   |         +|   0|  0|  16|          16|          16|
    |add_ln58_83_fu_167876_p2   |         +|   0|  0|  23|          16|          16|
    |add_ln58_84_fu_167882_p2   |         +|   0|  0|  16|          16|          16|
    |add_ln58_85_fu_167888_p2   |         +|   0|  0|  16|          16|          16|
    |add_ln58_86_fu_167894_p2   |         +|   0|  0|  18|          11|           8|
    |add_ln58_87_fu_167904_p2   |         +|   0|  0|  16|          16|          16|
    |add_ln58_88_fu_167910_p2   |         +|   0|  0|  16|          16|          16|
    |add_ln58_89_fu_169875_p2   |         +|   0|  0|  16|          16|          16|
    |add_ln58_8_fu_167604_p2    |         +|   0|  0|  23|          16|          16|
    |add_ln58_90_fu_169880_p2   |         +|   0|  0|  23|          16|          16|
    |add_ln58_91_fu_169886_p2   |         +|   0|  0|  23|          16|          16|
    |add_ln58_92_fu_169892_p2   |         +|   0|  0|  16|          16|          16|
    |add_ln58_93_fu_167916_p2   |         +|   0|  0|  16|          16|          16|
    |add_ln58_94_fu_167922_p2   |         +|   0|  0|  16|          16|           6|
    |add_ln58_95_fu_167928_p2   |         +|   0|  0|  16|          16|          16|
    |add_ln58_96_fu_167934_p2   |         +|   0|  0|  16|          16|          16|
    |add_ln58_97_fu_169898_p2   |         +|   0|  0|  16|          16|          16|
    |add_ln58_98_fu_169903_p2   |         +|   0|  0|  23|          16|          16|
    |add_ln58_99_fu_169909_p2   |         +|   0|  0|  23|          16|          16|
    |add_ln58_9_fu_167610_p2    |         +|   0|  0|  16|          16|          16|
    |add_ln58_fu_169646_p2      |         +|   0|  0|  16|          16|          16|
    |add_ln73_1_fu_168611_p2    |         +|   0|  0|  26|          19|          19|
    |add_ln73_2_fu_169126_p2    |         +|   0|  0|  26|          19|          19|
    |add_ln73_3_fu_169610_p2    |         +|   0|  0|  32|          25|          25|
    |add_ln73_4_fu_167430_p2    |         +|   0|  0|  31|          24|          24|
    |add_ln73_fu_168476_p2      |         +|   0|  0|  31|          24|          24|
    |sub_ln73_10_fu_165937_p2   |         -|   0|  0|  28|          21|          21|
    |sub_ln73_11_fu_166089_p2   |         -|   0|  0|  33|          26|          26|
    |sub_ln73_12_fu_166283_p2   |         -|   0|  0|  22|           1|          22|
    |sub_ln73_13_fu_166301_p2   |         -|   0|  0|  22|          22|          22|
    |sub_ln73_14_fu_166551_p2   |         -|   0|  0|  33|          26|          26|
    |sub_ln73_15_fu_166928_p2   |         -|   0|  0|  27|          20|          20|
    |sub_ln73_16_fu_166984_p2   |         -|   0|  0|  22|           1|          22|
    |sub_ln73_17_fu_166990_p2   |         -|   0|  0|  22|          22|          22|
    |sub_ln73_18_fu_167066_p2   |         -|   0|  0|  26|          19|          19|
    |sub_ln73_19_fu_167108_p2   |         -|   0|  0|  23|           1|          23|
    |sub_ln73_1_fu_168842_p2    |         -|   0|  0|  28|          21|          21|
    |sub_ln73_20_fu_167126_p2   |         -|   0|  0|  23|          23|          23|
    |sub_ln73_21_fu_167556_p2   |         -|   0|  0|  26|           1|          26|
    |sub_ln73_22_fu_167574_p2   |         -|   0|  0|  26|          26|          26|
    |sub_ln73_23_fu_168331_p2   |         -|   0|  0|  29|          22|          22|
    |sub_ln73_24_fu_169514_p2   |         -|   0|  0|  27|          20|          20|
    |sub_ln73_25_fu_166144_p2   |         -|   0|  0|  29|          22|          22|
    |sub_ln73_26_fu_166713_p2   |         -|   0|  0|  30|          23|          23|
    |sub_ln73_2_fu_168996_p2    |         -|   0|  0|  26|           1|          26|
    |sub_ln73_3_fu_169013_p2    |         -|   0|  0|  26|          26|          26|
    |sub_ln73_4_fu_169215_p2    |         -|   0|  0|  21|           1|          21|
    |sub_ln73_5_fu_169221_p2    |         -|   0|  0|  21|          21|          21|
    |sub_ln73_6_fu_165431_p2    |         -|   0|  0|  27|          20|          20|
    |sub_ln73_7_fu_169385_p2    |         -|   0|  0|  33|          26|          26|
    |sub_ln73_8_fu_165590_p2    |         -|   0|  0|  27|           1|          20|
    |sub_ln73_9_fu_165693_p2    |         -|   0|  0|  26|          19|          19|
    |sub_ln73_fu_168730_p2      |         -|   0|  0|  30|           1|          23|
    +---------------------------+----------+----+---+----+------------+------------+
    |Total                      |          |   0|  0|4747|        4080|        4053|
    +---------------------------+----------+----+---+----+------------+------------+

    * Multiplexer: 
    +--------------+----+-----------+-----+-----------+
    |     Name     | LUT| Input Size| Bits| Total Bits|
    +--------------+----+-----------+-----+-----------+
    |ap_return_0   |  14|          3|   16|         48|
    |ap_return_1   |  14|          3|   16|         48|
    |ap_return_10  |  14|          3|   16|         48|
    |ap_return_11  |  14|          3|   16|         48|
    |ap_return_12  |  14|          3|   16|         48|
    |ap_return_13  |  14|          3|   16|         48|
    |ap_return_14  |  14|          3|   16|         48|
    |ap_return_15  |  14|          3|   16|         48|
    |ap_return_16  |  14|          3|   16|         48|
    |ap_return_17  |  14|          3|   16|         48|
    |ap_return_18  |  14|          3|   16|         48|
    |ap_return_19  |  14|          3|   16|         48|
    |ap_return_2   |  14|          3|   16|         48|
    |ap_return_20  |  14|          3|   16|         48|
    |ap_return_21  |  14|          3|   16|         48|
    |ap_return_22  |  14|          3|   16|         48|
    |ap_return_23  |  14|          3|   16|         48|
    |ap_return_24  |  14|          3|   16|         48|
    |ap_return_3   |  14|          3|   16|         48|
    |ap_return_4   |  14|          3|   16|         48|
    |ap_return_5   |  14|          3|   16|         48|
    |ap_return_6   |  14|          3|   16|         48|
    |ap_return_7   |  14|          3|   16|         48|
    |ap_return_8   |  14|          3|   16|         48|
    |ap_return_9   |  14|          3|   16|         48|
    +--------------+----+-----------+-----+-----------+
    |Total         | 350|         75|  400|       1200|
    +--------------+----+-----------+-----+-----------+

    * Register: 
    +-----------------------------+----+----+-----+-----------+
    |             Name            | FF | LUT| Bits| Const Bits|
    +-----------------------------+----+----+-----+-----------+
    |add_ln58_110_reg_170648      |  16|   0|   16|          0|
    |add_ln58_114_reg_170653      |  16|   0|   16|          0|
    |add_ln58_120_reg_170658      |  16|   0|   16|          0|
    |add_ln58_122_reg_170663      |  16|   0|   16|          0|
    |add_ln58_125_reg_170668      |  16|   0|   16|          0|
    |add_ln58_12_reg_170583       |  16|   0|   16|          0|
    |add_ln58_133_reg_170673      |  16|   0|   16|          0|
    |add_ln58_138_reg_170678      |  16|   0|   16|          0|
    |add_ln58_144_reg_170683      |  16|   0|   16|          0|
    |add_ln58_155_reg_170688      |  16|   0|   16|          0|
    |add_ln58_159_reg_170693      |  16|   0|   16|          0|
    |add_ln58_163_reg_170698      |  16|   0|   16|          0|
    |add_ln58_167_reg_170703      |  16|   0|   16|          0|
    |add_ln58_171_reg_170708      |  16|   0|   16|          0|
    |add_ln58_174_reg_170713      |  16|   0|   16|          0|
    |add_ln58_178_reg_170718      |  16|   0|   16|          0|
    |add_ln58_181_reg_170723      |  16|   0|   16|          0|
    |add_ln58_182_reg_170728      |  16|   0|   16|          0|
    |add_ln58_187_reg_170733      |  16|   0|   16|          0|
    |add_ln58_194_reg_170738      |  16|   0|   16|          0|
    |add_ln58_19_reg_170588       |  16|   0|   16|          0|
    |add_ln58_200_reg_170743      |  16|   0|   16|          0|
    |add_ln58_204_reg_170748      |  16|   0|   16|          0|
    |add_ln58_209_reg_170753      |  16|   0|   16|          0|
    |add_ln58_220_reg_170758      |  16|   0|   16|          0|
    |add_ln58_23_reg_170593       |  16|   0|   16|          0|
    |add_ln58_28_reg_170598       |  16|   0|   16|          0|
    |add_ln58_36_reg_170603       |  16|   0|   16|          0|
    |add_ln58_44_reg_170608       |  16|   0|   16|          0|
    |add_ln58_54_reg_170613       |  16|   0|   16|          0|
    |add_ln58_62_reg_170618       |  16|   0|   16|          0|
    |add_ln58_67_reg_170623       |  16|   0|   16|          0|
    |add_ln58_76_reg_170628       |  16|   0|   16|          0|
    |add_ln58_81_reg_170633       |  16|   0|   16|          0|
    |add_ln58_88_reg_170638       |  16|   0|   16|          0|
    |add_ln58_96_reg_170643       |  16|   0|   16|          0|
    |ap_ce_reg                    |   1|   0|    1|          0|
    |ap_return_0_int_reg          |  16|   0|   16|          0|
    |ap_return_10_int_reg         |  16|   0|   16|          0|
    |ap_return_11_int_reg         |  16|   0|   16|          0|
    |ap_return_12_int_reg         |  16|   0|   16|          0|
    |ap_return_13_int_reg         |  16|   0|   16|          0|
    |ap_return_14_int_reg         |  16|   0|   16|          0|
    |ap_return_15_int_reg         |  16|   0|   16|          0|
    |ap_return_16_int_reg         |  16|   0|   16|          0|
    |ap_return_17_int_reg         |  16|   0|   16|          0|
    |ap_return_18_int_reg         |  16|   0|   16|          0|
    |ap_return_19_int_reg         |  16|   0|   16|          0|
    |ap_return_1_int_reg          |  16|   0|   16|          0|
    |ap_return_20_int_reg         |  16|   0|   16|          0|
    |ap_return_21_int_reg         |  16|   0|   16|          0|
    |ap_return_22_int_reg         |  16|   0|   16|          0|
    |ap_return_23_int_reg         |  16|   0|   16|          0|
    |ap_return_24_int_reg         |  16|   0|   16|          0|
    |ap_return_2_int_reg          |  16|   0|   16|          0|
    |ap_return_3_int_reg          |  16|   0|   16|          0|
    |ap_return_4_int_reg          |  16|   0|   16|          0|
    |ap_return_5_int_reg          |  16|   0|   16|          0|
    |ap_return_6_int_reg          |  16|   0|   16|          0|
    |ap_return_7_int_reg          |  16|   0|   16|          0|
    |ap_return_8_int_reg          |  16|   0|   16|          0|
    |ap_return_9_int_reg          |  16|   0|   16|          0|
    |data_0_val_read_reg_170492   |  16|   0|   16|          0|
    |data_12_val_read_reg_170427  |  16|   0|   16|          0|
    |data_14_val_read_reg_170420  |  16|   0|   16|          0|
    |data_16_val_read_reg_170413  |  16|   0|   16|          0|
    |data_1_val_read_reg_170485   |  16|   0|   16|          0|
    |data_2_val_read_reg_170478   |  16|   0|   16|          0|
    |data_3_val_read_reg_170471   |  16|   0|   16|          0|
    |data_4_val_read_reg_170462   |  16|   0|   16|          0|
    |data_6_val_read_reg_170455   |  16|   0|   16|          0|
    |data_7_val_read_reg_170450   |  16|   0|   16|          0|
    |data_8_val_read_reg_170439   |  16|   0|   16|          0|
    |data_9_val_read_reg_170433   |  16|   0|   16|          0|
    |mult_137_reg_170553          |  12|   0|   12|          0|
    |mult_138_reg_170558          |  13|   0|   13|          0|
    |mult_152_reg_170563          |  16|   0|   16|          0|
    |mult_161_reg_170568          |  16|   0|   16|          0|
    |mult_206_reg_170573          |  16|   0|   16|          0|
    |mult_218_reg_170578          |  16|   0|   16|          0|
    |mult_52_reg_170507           |  16|   0|   16|          0|
    |mult_76_reg_170519           |  15|   0|   15|          0|
    |mult_95_reg_170539           |  15|   0|   15|          0|
    |sext_ln42_20_reg_170524      |  26|   0|   26|          0|
    |sext_ln70_19_reg_170512      |  26|   0|   26|          0|
    |sext_ln70_22_reg_170533      |  25|   0|   25|          0|
    |sext_ln70_31_reg_170544      |  26|   0|   26|          0|
    |sext_ln73_7_reg_170500       |  26|   0|   26|          0|
    +-----------------------------+----+----+-----+-----------+
    |Total                        |1433|   0| 1433|          0|
    +-----------------------------+----+----+-----+-----------+



================================================================
== Interface
================================================================
* Summary: 
+--------------+-----+-----+------------+----------------------------------------------------------------------------+--------------+
|   RTL Ports  | Dir | Bits|  Protocol  |                                Source Object                               |    C Type    |
+--------------+-----+-----+------------+----------------------------------------------------------------------------+--------------+
|ap_clk        |   in|    1|  ap_ctrl_hs|  dense_latency<ap_fixed<16, 6, 5, 3, 0>, ap_fixed<16, 6, 5, 3, 0>, config8>|  return value|
|ap_rst        |   in|    1|  ap_ctrl_hs|  dense_latency<ap_fixed<16, 6, 5, 3, 0>, ap_fixed<16, 6, 5, 3, 0>, config8>|  return value|
|ap_return_0   |  out|   16|  ap_ctrl_hs|  dense_latency<ap_fixed<16, 6, 5, 3, 0>, ap_fixed<16, 6, 5, 3, 0>, config8>|  return value|
|ap_return_1   |  out|   16|  ap_ctrl_hs|  dense_latency<ap_fixed<16, 6, 5, 3, 0>, ap_fixed<16, 6, 5, 3, 0>, config8>|  return value|
|ap_return_2   |  out|   16|  ap_ctrl_hs|  dense_latency<ap_fixed<16, 6, 5, 3, 0>, ap_fixed<16, 6, 5, 3, 0>, config8>|  return value|
|ap_return_3   |  out|   16|  ap_ctrl_hs|  dense_latency<ap_fixed<16, 6, 5, 3, 0>, ap_fixed<16, 6, 5, 3, 0>, config8>|  return value|
|ap_return_4   |  out|   16|  ap_ctrl_hs|  dense_latency<ap_fixed<16, 6, 5, 3, 0>, ap_fixed<16, 6, 5, 3, 0>, config8>|  return value|
|ap_return_5   |  out|   16|  ap_ctrl_hs|  dense_latency<ap_fixed<16, 6, 5, 3, 0>, ap_fixed<16, 6, 5, 3, 0>, config8>|  return value|
|ap_return_6   |  out|   16|  ap_ctrl_hs|  dense_latency<ap_fixed<16, 6, 5, 3, 0>, ap_fixed<16, 6, 5, 3, 0>, config8>|  return value|
|ap_return_7   |  out|   16|  ap_ctrl_hs|  dense_latency<ap_fixed<16, 6, 5, 3, 0>, ap_fixed<16, 6, 5, 3, 0>, config8>|  return value|
|ap_return_8   |  out|   16|  ap_ctrl_hs|  dense_latency<ap_fixed<16, 6, 5, 3, 0>, ap_fixed<16, 6, 5, 3, 0>, config8>|  return value|
|ap_return_9   |  out|   16|  ap_ctrl_hs|  dense_latency<ap_fixed<16, 6, 5, 3, 0>, ap_fixed<16, 6, 5, 3, 0>, config8>|  return value|
|ap_return_10  |  out|   16|  ap_ctrl_hs|  dense_latency<ap_fixed<16, 6, 5, 3, 0>, ap_fixed<16, 6, 5, 3, 0>, config8>|  return value|
|ap_return_11  |  out|   16|  ap_ctrl_hs|  dense_latency<ap_fixed<16, 6, 5, 3, 0>, ap_fixed<16, 6, 5, 3, 0>, config8>|  return value|
|ap_return_12  |  out|   16|  ap_ctrl_hs|  dense_latency<ap_fixed<16, 6, 5, 3, 0>, ap_fixed<16, 6, 5, 3, 0>, config8>|  return value|
|ap_return_13  |  out|   16|  ap_ctrl_hs|  dense_latency<ap_fixed<16, 6, 5, 3, 0>, ap_fixed<16, 6, 5, 3, 0>, config8>|  return value|
|ap_return_14  |  out|   16|  ap_ctrl_hs|  dense_latency<ap_fixed<16, 6, 5, 3, 0>, ap_fixed<16, 6, 5, 3, 0>, config8>|  return value|
|ap_return_15  |  out|   16|  ap_ctrl_hs|  dense_latency<ap_fixed<16, 6, 5, 3, 0>, ap_fixed<16, 6, 5, 3, 0>, config8>|  return value|
|ap_return_16  |  out|   16|  ap_ctrl_hs|  dense_latency<ap_fixed<16, 6, 5, 3, 0>, ap_fixed<16, 6, 5, 3, 0>, config8>|  return value|
|ap_return_17  |  out|   16|  ap_ctrl_hs|  dense_latency<ap_fixed<16, 6, 5, 3, 0>, ap_fixed<16, 6, 5, 3, 0>, config8>|  return value|
|ap_return_18  |  out|   16|  ap_ctrl_hs|  dense_latency<ap_fixed<16, 6, 5, 3, 0>, ap_fixed<16, 6, 5, 3, 0>, config8>|  return value|
|ap_return_19  |  out|   16|  ap_ctrl_hs|  dense_latency<ap_fixed<16, 6, 5, 3, 0>, ap_fixed<16, 6, 5, 3, 0>, config8>|  return value|
|ap_return_20  |  out|   16|  ap_ctrl_hs|  dense_latency<ap_fixed<16, 6, 5, 3, 0>, ap_fixed<16, 6, 5, 3, 0>, config8>|  return value|
|ap_return_21  |  out|   16|  ap_ctrl_hs|  dense_latency<ap_fixed<16, 6, 5, 3, 0>, ap_fixed<16, 6, 5, 3, 0>, config8>|  return value|
|ap_return_22  |  out|   16|  ap_ctrl_hs|  dense_latency<ap_fixed<16, 6, 5, 3, 0>, ap_fixed<16, 6, 5, 3, 0>, config8>|  return value|
|ap_return_23  |  out|   16|  ap_ctrl_hs|  dense_latency<ap_fixed<16, 6, 5, 3, 0>, ap_fixed<16, 6, 5, 3, 0>, config8>|  return value|
|ap_return_24  |  out|   16|  ap_ctrl_hs|  dense_latency<ap_fixed<16, 6, 5, 3, 0>, ap_fixed<16, 6, 5, 3, 0>, config8>|  return value|
|ap_ce         |   in|    1|  ap_ctrl_hs|  dense_latency<ap_fixed<16, 6, 5, 3, 0>, ap_fixed<16, 6, 5, 3, 0>, config8>|  return value|
|data_0_val    |   in|   16|     ap_none|                                                                  data_0_val|        scalar|
|data_1_val    |   in|   16|     ap_none|                                                                  data_1_val|        scalar|
|data_2_val    |   in|   16|     ap_none|                                                                  data_2_val|        scalar|
|data_3_val    |   in|   16|     ap_none|                                                                  data_3_val|        scalar|
|data_4_val    |   in|   16|     ap_none|                                                                  data_4_val|        scalar|
|data_5_val    |   in|   16|     ap_none|                                                                  data_5_val|        scalar|
|data_6_val    |   in|   16|     ap_none|                                                                  data_6_val|        scalar|
|data_7_val    |   in|   16|     ap_none|                                                                  data_7_val|        scalar|
|data_8_val    |   in|   16|     ap_none|                                                                  data_8_val|        scalar|
|data_9_val    |   in|   16|     ap_none|                                                                  data_9_val|        scalar|
|data_10_val   |   in|   16|     ap_none|                                                                 data_10_val|        scalar|
|data_11_val   |   in|   16|     ap_none|                                                                 data_11_val|        scalar|
|data_12_val   |   in|   16|     ap_none|                                                                 data_12_val|        scalar|
|data_13_val   |   in|   16|     ap_none|                                                                 data_13_val|        scalar|
|data_14_val   |   in|   16|     ap_none|                                                                 data_14_val|        scalar|
|data_15_val   |   in|   16|     ap_none|                                                                 data_15_val|        scalar|
|data_16_val   |   in|   16|     ap_none|                                                                 data_16_val|        scalar|
|data_17_val   |   in|   16|     ap_none|                                                                 data_17_val|        scalar|
|data_18_val   |   in|   16|     ap_none|                                                                 data_18_val|        scalar|
|data_19_val   |   in|   16|     ap_none|                                                                 data_19_val|        scalar|
|data_20_val   |   in|   16|     ap_none|                                                                 data_20_val|        scalar|
|data_21_val   |   in|   16|     ap_none|                                                                 data_21_val|        scalar|
|data_22_val   |   in|   16|     ap_none|                                                                 data_22_val|        scalar|
|data_23_val   |   in|   16|     ap_none|                                                                 data_23_val|        scalar|
|data_24_val   |   in|   16|     ap_none|                                                                 data_24_val|        scalar|
|data_25_val   |   in|   16|     ap_none|                                                                 data_25_val|        scalar|
|data_26_val   |   in|   16|     ap_none|                                                                 data_26_val|        scalar|
|data_27_val   |   in|   16|     ap_none|                                                                 data_27_val|        scalar|
|data_28_val   |   in|   16|     ap_none|                                                                 data_28_val|        scalar|
|data_29_val   |   in|   16|     ap_none|                                                                 data_29_val|        scalar|
|data_30_val   |   in|   16|     ap_none|                                                                 data_30_val|        scalar|
|data_31_val   |   in|   16|     ap_none|                                                                 data_31_val|        scalar|
+--------------+-----+-----+------------+----------------------------------------------------------------------------+--------------+

