

================================================================
== Vitis HLS Report for 'relu_ap_fixed_16_6_5_3_0_ap_fixed_16_6_5_3_0_relu_config10_s'
================================================================
* Date:           Fri Oct 17 10:56:27 2025

* Version:        2023.2 (Build 4023990 on Oct 11 2023)
* Project:        myproject_prj
* Solution:       solution1 (Vivado IP Flow Target)
* Product family: virtexuplus
* Target device:  xcu250-figd2104-2L-e


================================================================
== Performance Estimates
================================================================
+ Timing: 
    * Summary: 
    +--------+---------+----------+------------+
    |  Clock |  Target | Estimated| Uncertainty|
    +--------+---------+----------+------------+
    |ap_clk  |  5.00 ns|  1.078 ns|     1.35 ns|
    +--------+---------+----------+------------+

+ Latency: 
    * Summary: 
    +---------+---------+----------+----------+-----+-----+---------+
    |  Latency (cycles) |  Latency (absolute) |  Interval | Pipeline|
    |   min   |   max   |    min   |    max   | min | max |   Type  |
    +---------+---------+----------+----------+-----+-----+---------+
    |        0|        0|      0 ns|      0 ns|    1|    1|      yes|
    +---------+---------+----------+----------+-----+-----+---------+

    + Detail: 
        * Instance: 
        N/A

        * Loop: 
        N/A



================================================================
== Utilization Estimates
================================================================
* Summary: 
+---------------------+---------+-------+---------+---------+------+
|         Name        | BRAM_18K|  DSP  |    FF   |   LUT   | URAM |
+---------------------+---------+-------+---------+---------+------+
|DSP                  |        -|      -|        -|        -|     -|
|Expression           |        -|      -|        0|      950|     -|
|FIFO                 |        -|      -|        -|        -|     -|
|Instance             |        -|      -|        -|        -|     -|
|Memory               |        -|      -|        -|        -|     -|
|Multiplexer          |        -|      -|        -|        -|     -|
|Register             |        -|      -|        -|        -|     -|
+---------------------+---------+-------+---------+---------+------+
|Total                |        0|      0|        0|      950|     0|
+---------------------+---------+-------+---------+---------+------+
|Available SLR        |     1344|   3072|   864000|   432000|   320|
+---------------------+---------+-------+---------+---------+------+
|Utilization SLR (%)  |        0|      0|        0|       ~0|     0|
+---------------------+---------+-------+---------+---------+------+
|Available            |     5376|  12288|  3456000|  1728000|  1280|
+---------------------+---------+-------+---------+---------+------+
|Utilization (%)      |        0|      0|        0|       ~0|     0|
+---------------------+---------+-------+---------+---------+------+

+ Detail: 
    * Instance: 
    N/A

    * DSP: 
    N/A

    * Memory: 
    N/A

    * FIFO: 
    N/A

    * Expression: 
    +-------------------------+----------+----+---+----+------------+------------+
    |      Variable Name      | Operation| DSP| FF| LUT| Bitwidth P0| Bitwidth P1|
    +-------------------------+----------+----+---+----+------------+------------+
    |icmp_ln45_100_fu_478_p2  |      icmp|   0|  0|  23|          16|           1|
    |icmp_ln45_101_fu_496_p2  |      icmp|   0|  0|  23|          16|           1|
    |icmp_ln45_102_fu_514_p2  |      icmp|   0|  0|  23|          16|           1|
    |icmp_ln45_103_fu_532_p2  |      icmp|   0|  0|  23|          16|           1|
    |icmp_ln45_104_fu_550_p2  |      icmp|   0|  0|  23|          16|           1|
    |icmp_ln45_105_fu_568_p2  |      icmp|   0|  0|  23|          16|           1|
    |icmp_ln45_106_fu_586_p2  |      icmp|   0|  0|  23|          16|           1|
    |icmp_ln45_107_fu_604_p2  |      icmp|   0|  0|  23|          16|           1|
    |icmp_ln45_108_fu_622_p2  |      icmp|   0|  0|  23|          16|           1|
    |icmp_ln45_109_fu_640_p2  |      icmp|   0|  0|  23|          16|           1|
    |icmp_ln45_110_fu_658_p2  |      icmp|   0|  0|  23|          16|           1|
    |icmp_ln45_111_fu_676_p2  |      icmp|   0|  0|  23|          16|           1|
    |icmp_ln45_112_fu_694_p2  |      icmp|   0|  0|  23|          16|           1|
    |icmp_ln45_113_fu_712_p2  |      icmp|   0|  0|  23|          16|           1|
    |icmp_ln45_114_fu_730_p2  |      icmp|   0|  0|  23|          16|           1|
    |icmp_ln45_115_fu_748_p2  |      icmp|   0|  0|  23|          16|           1|
    |icmp_ln45_92_fu_334_p2   |      icmp|   0|  0|  23|          16|           1|
    |icmp_ln45_93_fu_352_p2   |      icmp|   0|  0|  23|          16|           1|
    |icmp_ln45_94_fu_370_p2   |      icmp|   0|  0|  23|          16|           1|
    |icmp_ln45_95_fu_388_p2   |      icmp|   0|  0|  23|          16|           1|
    |icmp_ln45_96_fu_406_p2   |      icmp|   0|  0|  23|          16|           1|
    |icmp_ln45_97_fu_424_p2   |      icmp|   0|  0|  23|          16|           1|
    |icmp_ln45_98_fu_442_p2   |      icmp|   0|  0|  23|          16|           1|
    |icmp_ln45_99_fu_460_p2   |      icmp|   0|  0|  23|          16|           1|
    |icmp_ln45_fu_316_p2      |      icmp|   0|  0|  23|          16|           1|
    |datareg_100_fu_484_p3    |    select|   0|  0|  15|           1|          15|
    |datareg_101_fu_502_p3    |    select|   0|  0|  15|           1|          15|
    |datareg_102_fu_520_p3    |    select|   0|  0|  15|           1|          15|
    |datareg_103_fu_538_p3    |    select|   0|  0|  15|           1|          15|
    |datareg_104_fu_556_p3    |    select|   0|  0|  15|           1|          15|
    |datareg_105_fu_574_p3    |    select|   0|  0|  15|           1|          15|
    |datareg_106_fu_592_p3    |    select|   0|  0|  15|           1|          15|
    |datareg_107_fu_610_p3    |    select|   0|  0|  15|           1|          15|
    |datareg_108_fu_628_p3    |    select|   0|  0|  15|           1|          15|
    |datareg_109_fu_646_p3    |    select|   0|  0|  15|           1|          15|
    |datareg_110_fu_664_p3    |    select|   0|  0|  15|           1|          15|
    |datareg_111_fu_682_p3    |    select|   0|  0|  15|           1|          15|
    |datareg_112_fu_700_p3    |    select|   0|  0|  15|           1|          15|
    |datareg_113_fu_718_p3    |    select|   0|  0|  15|           1|          15|
    |datareg_114_fu_736_p3    |    select|   0|  0|  15|           1|          15|
    |datareg_115_fu_754_p3    |    select|   0|  0|  15|           1|          15|
    |datareg_92_fu_340_p3     |    select|   0|  0|  15|           1|          15|
    |datareg_93_fu_358_p3     |    select|   0|  0|  15|           1|          15|
    |datareg_94_fu_376_p3     |    select|   0|  0|  15|           1|          15|
    |datareg_95_fu_394_p3     |    select|   0|  0|  15|           1|          15|
    |datareg_96_fu_412_p3     |    select|   0|  0|  15|           1|          15|
    |datareg_97_fu_430_p3     |    select|   0|  0|  15|           1|          15|
    |datareg_98_fu_448_p3     |    select|   0|  0|  15|           1|          15|
    |datareg_99_fu_466_p3     |    select|   0|  0|  15|           1|          15|
    |datareg_fu_322_p3        |    select|   0|  0|  15|           1|          15|
    +-------------------------+----------+----+---+----+------------+------------+
    |Total                    |          |   0|  0| 950|         425|         400|
    +-------------------------+----------+----+---+----+------------+------------+

    * Multiplexer: 
    N/A

    * Register: 
    N/A



================================================================
== Interface
================================================================
* Summary: 
+--------------+-----+-----+------------+-------------------------------------------------------------------------+--------------+
|   RTL Ports  | Dir | Bits|  Protocol  |                              Source Object                              |    C Type    |
+--------------+-----+-----+------------+-------------------------------------------------------------------------+--------------+
|ap_ready      |  out|    1|  ap_ctrl_hs|  relu<ap_fixed<16, 6, 5, 3, 0>, ap_fixed<16, 6, 5, 3, 0>, relu_config10>|  return value|
|ap_return_0   |  out|   16|  ap_ctrl_hs|  relu<ap_fixed<16, 6, 5, 3, 0>, ap_fixed<16, 6, 5, 3, 0>, relu_config10>|  return value|
|ap_return_1   |  out|   16|  ap_ctrl_hs|  relu<ap_fixed<16, 6, 5, 3, 0>, ap_fixed<16, 6, 5, 3, 0>, relu_config10>|  return value|
|ap_return_2   |  out|   16|  ap_ctrl_hs|  relu<ap_fixed<16, 6, 5, 3, 0>, ap_fixed<16, 6, 5, 3, 0>, relu_config10>|  return value|
|ap_return_3   |  out|   16|  ap_ctrl_hs|  relu<ap_fixed<16, 6, 5, 3, 0>, ap_fixed<16, 6, 5, 3, 0>, relu_config10>|  return value|
|ap_return_4   |  out|   16|  ap_ctrl_hs|  relu<ap_fixed<16, 6, 5, 3, 0>, ap_fixed<16, 6, 5, 3, 0>, relu_config10>|  return value|
|ap_return_5   |  out|   16|  ap_ctrl_hs|  relu<ap_fixed<16, 6, 5, 3, 0>, ap_fixed<16, 6, 5, 3, 0>, relu_config10>|  return value|
|ap_return_6   |  out|   16|  ap_ctrl_hs|  relu<ap_fixed<16, 6, 5, 3, 0>, ap_fixed<16, 6, 5, 3, 0>, relu_config10>|  return value|
|ap_return_7   |  out|   16|  ap_ctrl_hs|  relu<ap_fixed<16, 6, 5, 3, 0>, ap_fixed<16, 6, 5, 3, 0>, relu_config10>|  return value|
|ap_return_8   |  out|   16|  ap_ctrl_hs|  relu<ap_fixed<16, 6, 5, 3, 0>, ap_fixed<16, 6, 5, 3, 0>, relu_config10>|  return value|
|ap_return_9   |  out|   16|  ap_ctrl_hs|  relu<ap_fixed<16, 6, 5, 3, 0>, ap_fixed<16, 6, 5, 3, 0>, relu_config10>|  return value|
|ap_return_10  |  out|   16|  ap_ctrl_hs|  relu<ap_fixed<16, 6, 5, 3, 0>, ap_fixed<16, 6, 5, 3, 0>, relu_config10>|  return value|
|ap_return_11  |  out|   16|  ap_ctrl_hs|  relu<ap_fixed<16, 6, 5, 3, 0>, ap_fixed<16, 6, 5, 3, 0>, relu_config10>|  return value|
|ap_return_12  |  out|   16|  ap_ctrl_hs|  relu<ap_fixed<16, 6, 5, 3, 0>, ap_fixed<16, 6, 5, 3, 0>, relu_config10>|  return value|
|ap_return_13  |  out|   16|  ap_ctrl_hs|  relu<ap_fixed<16, 6, 5, 3, 0>, ap_fixed<16, 6, 5, 3, 0>, relu_config10>|  return value|
|ap_return_14  |  out|   16|  ap_ctrl_hs|  relu<ap_fixed<16, 6, 5, 3, 0>, ap_fixed<16, 6, 5, 3, 0>, relu_config10>|  return value|
|ap_return_15  |  out|   16|  ap_ctrl_hs|  relu<ap_fixed<16, 6, 5, 3, 0>, ap_fixed<16, 6, 5, 3, 0>, relu_config10>|  return value|
|ap_return_16  |  out|   16|  ap_ctrl_hs|  relu<ap_fixed<16, 6, 5, 3, 0>, ap_fixed<16, 6, 5, 3, 0>, relu_config10>|  return value|
|ap_return_17  |  out|   16|  ap_ctrl_hs|  relu<ap_fixed<16, 6, 5, 3, 0>, ap_fixed<16, 6, 5, 3, 0>, relu_config10>|  return value|
|ap_return_18  |  out|   16|  ap_ctrl_hs|  relu<ap_fixed<16, 6, 5, 3, 0>, ap_fixed<16, 6, 5, 3, 0>, relu_config10>|  return value|
|ap_return_19  |  out|   16|  ap_ctrl_hs|  relu<ap_fixed<16, 6, 5, 3, 0>, ap_fixed<16, 6, 5, 3, 0>, relu_config10>|  return value|
|ap_return_20  |  out|   16|  ap_ctrl_hs|  relu<ap_fixed<16, 6, 5, 3, 0>, ap_fixed<16, 6, 5, 3, 0>, relu_config10>|  return value|
|ap_return_21  |  out|   16|  ap_ctrl_hs|  relu<ap_fixed<16, 6, 5, 3, 0>, ap_fixed<16, 6, 5, 3, 0>, relu_config10>|  return value|
|ap_return_22  |  out|   16|  ap_ctrl_hs|  relu<ap_fixed<16, 6, 5, 3, 0>, ap_fixed<16, 6, 5, 3, 0>, relu_config10>|  return value|
|ap_return_23  |  out|   16|  ap_ctrl_hs|  relu<ap_fixed<16, 6, 5, 3, 0>, ap_fixed<16, 6, 5, 3, 0>, relu_config10>|  return value|
|ap_return_24  |  out|   16|  ap_ctrl_hs|  relu<ap_fixed<16, 6, 5, 3, 0>, ap_fixed<16, 6, 5, 3, 0>, relu_config10>|  return value|
|data_1_val    |   in|   16|     ap_none|                                                               data_1_val|        scalar|
|data_2_val    |   in|   16|     ap_none|                                                               data_2_val|        scalar|
|data_4_val    |   in|   16|     ap_none|                                                               data_4_val|        scalar|
|data_5_val    |   in|   16|     ap_none|                                                               data_5_val|        scalar|
|data_6_val    |   in|   16|     ap_none|                                                               data_6_val|        scalar|
|data_7_val    |   in|   16|     ap_none|                                                               data_7_val|        scalar|
|data_8_val    |   in|   16|     ap_none|                                                               data_8_val|        scalar|
|data_9_val    |   in|   16|     ap_none|                                                               data_9_val|        scalar|
|data_10_val   |   in|   16|     ap_none|                                                              data_10_val|        scalar|
|data_11_val   |   in|   16|     ap_none|                                                              data_11_val|        scalar|
|data_12_val   |   in|   16|     ap_none|                                                              data_12_val|        scalar|
|data_13_val   |   in|   16|     ap_none|                                                              data_13_val|        scalar|
|data_14_val   |   in|   16|     ap_none|                                                              data_14_val|        scalar|
|data_17_val   |   in|   16|     ap_none|                                                              data_17_val|        scalar|
|data_18_val   |   in|   16|     ap_none|                                                              data_18_val|        scalar|
|data_19_val   |   in|   16|     ap_none|                                                              data_19_val|        scalar|
|data_20_val   |   in|   16|     ap_none|                                                              data_20_val|        scalar|
|data_23_val   |   in|   16|     ap_none|                                                              data_23_val|        scalar|
|data_24_val   |   in|   16|     ap_none|                                                              data_24_val|        scalar|
|data_25_val   |   in|   16|     ap_none|                                                              data_25_val|        scalar|
|data_26_val   |   in|   16|     ap_none|                                                              data_26_val|        scalar|
|data_28_val   |   in|   16|     ap_none|                                                              data_28_val|        scalar|
|data_29_val   |   in|   16|     ap_none|                                                              data_29_val|        scalar|
|data_30_val   |   in|   16|     ap_none|                                                              data_30_val|        scalar|
|data_31_val   |   in|   16|     ap_none|                                                              data_31_val|        scalar|
+--------------+-----+-----+------------+-------------------------------------------------------------------------+--------------+

